loopwarm2: readback from /dev/pps0 (pps@1b)
loopwarm: lead=150us margin=30us, GPIO17 -> jumper -> GPIO27
1788752959.999853591,4870
1788752960.999853211,3148
1788752961.999853257,3037
1788752962.999856544,6296
1788752963.999855424,4370
1788752964.999854877,3759
1788752965.999853571,3241
1788752966.999853747,2982
1788752967.999855423,3426
1788752968.999853524,3723
1788752969.999852887,2870
1788752970.999852955,3166
1788752971.999853356,2722
1788752972.999852701,2760
1788752973.999852916,2796
1788752974.999852799,2685
1788752975.999852755,2574
1788752976.999853027,2741
1788752977.999853090,2759
1788752978.999852821,2722
1788752979.999852926,2852
1788752980.999852735,2888
1788752981.999852710,2555
1788752982.999852852,2574
1788752983.999852716,2481
1788752984.999852839,2519
1788752985.999852722,2574
1788752986.999852753,2629
1788752987.999852876,2944
1788752988.999853222,3592
1788752989.999853473,2815
1788752990.999852890,2592
1788752991.999853028,2667
1788752992.999853093,2926
1788752993.999852920,2667
1788752994.999853117,2519
1788752995.999853056,2648
1788752996.999852846,2722
1788752997.999852747,2537
1788752998.999852685,2537
1788752999.999853179,2667
1788753000.999852858,2815
1788753001.999852759,2963
1788753002.999852771,2519
1788753003.999852765,3000
1788753004.999852796,2592
1788753005.999852808,2500
1788753006.999852894,2426
1788753007.999852907,2555
1788753008.999852845,2574
1788753009.999852968,2630
1788753010.999853018,2629
1788753011.999852974,3037
1788753012.999852820,2704
1788753013.999852905,2778
1788753014.999852784,2741
1788753015.999852738,2759
1788753016.999852750,2575
1788753017.999852965,2556
1788753018.999853030,2666
1788753019.999852891,2648
1788753020.999852881,2704
1788753021.999853095,2778
1788753022.999852867,2778
1788753023.999852935,2870
1788753024.999852891,2760
1788753025.999852885,2685
1788753026.999852860,2760
1788753027.999852687,2741
1788753028.999852811,2592
1788753029.999852694,2518
1788753030.999853206,2537
1788753031.999852811,2592
1788753032.999852786,2593
1788753033.999852835,2685
1788753034.999852829,2611
1788753035.999852767,2556
1788753036.999852872,2593
1788753037.999852898,2963
1788753038.999853012,2982
1788753039.999852913,2722
1788753040.999852759,2592
1788753041.999853918,2759
1788753042.999852741,2667
1788753043.999853102,2908
1788753044.999853241,3019
1788753045.999852900,2722
1788753046.999853097,2648
1788753047.999853128,2870
1788753048.999852788,2686
1788753049.999852801,2611
1788753050.999852832,2611
1788753051.999852770,2574
1788753052.999852708,2555
1788753053.999852813,2778
1788753054.999852788,2593
1788753055.999852708,2537
1788753056.999852942,2945
1788753057.999853343,3112
1788753058.999853059,2871
1788753059.999853072,3277
1788753060.999852788,2759
1788753061.999853244,3074
1788753062.999852831,2574
1788753063.999853065,2593
1788753064.999852726,2537
1788753065.999852775,2556
1788753066.999853028,2611
1788753067.999852837,2703
1788753068.999852830,2574
1788753069.999852861,2778
1788753070.999852725,2667
1788753071.999852849,2555
1788753072.999852602,2777
1788753073.999852853,2556
1788753074.999852751,2611
1788753075.999852742,2666
1788753076.999852714,2555
1788753077.999853372,2741
1788753078.999852866,2630
1788753079.999853008,2815
1788753080.999853020,2630
1788753081.999853014,2741
1788753082.999852989,2667
1788753083.999853502,2907
1788753084.999853403,2815
1788753085.999853062,2722
1788753086.999852756,2593
1788753087.999853487,2963
1788753088.999852793,2851
1788753089.999852951,2871
1788753090.999852760,2648
1788753091.999853105,2667
1788753092.999852970,2777
1788753093.999852945,2759
1788753094.999852994,2815
1788753095.999853081,2629
1788753096.999853111,2630
1788753097.999852790,2556
1788753098.999852821,2611
1788753099.999852778,2796
1788753100.999852827,2611
1788753101.999852728,2704
1788753102.999852741,2481
1788753103.999852845,2537
1788753104.999852784,2703
1788753105.999852740,2593
1788753106.999852864,2611
1788753107.999852783,2556
1788753108.999853111,2500
1788753109.999852862,2556
1788753110.999852741,2741
1788753111.999852769,2611
1788753112.999852963,2926
1788753113.999852900,2703
1788753114.999852782,2574
1788753115.999853054,2593
1788753116.999852900,2759
1788753117.999853301,2815
1788753118.999853054,2629
1788753119.999852881,2685
1788753120.999852986,2666
1788753121.999852868,2852
1788753122.999852936,2685
1788753123.999852967,2667
1788753124.999852646,2556
1788753125.999852843,2463
1788753126.999852782,2574
1788753127.999853257,2759
1788753128.999852769,2611
1788753129.999852763,2741
1788753130.999852664,2482
1788753131.999852862,2703
1788753132.999852726,2629
1788753133.999852719,2519
1788753134.999852843,2537
1788753135.999852818,2796
1788753136.999852664,2555
1788753137.999852767,2574
1788753138.999854035,3482
1788753139.999853452,3592
1788753140.999853313,2889
1788753141.999853101,2889
1788753142.999852947,2740
1788753143.999853385,2741
1788753144.999852934,2648
1788753145.999852761,2704
1788753146.999852922,2685
1788753147.999853286,3259
1788753148.999853261,2852
1788753149.999852681,2981
1788753150.999852897,2889
1788753151.999854483,2833
1788753152.999853014,2537
1788753153.999853136,2759
1788753154.999852830,2759
1788753155.999853284,2648
1788753156.999852922,2593
1788753157.999852874,2685
1788753158.999853065,2667
1788753159.999853056,2538
1788753160.999852958,2685
1788753161.999853544,2593
1788753162.999852908,2648
1788753163.999852902,2685
1788753164.999853025,2611
1788753165.999853073,2963
1788753166.999852841,2537
1788753167.999852851,2555
1788753168.999853026,2519
1788753169.999852740,2593
1788753170.999852697,2445
1788753171.999852876,2926
1788753172.999852833,2870
1788753173.999853012,2741
1788753174.999853006,2648
1788753175.999852888,2722
1788753176.999852752,2649
1788753177.999852822,2666
1788753178.999852763,2519
1788753179.999852720,2611
1788753180.999853140,2722
1788753181.999853282,2630
1788753182.999853794,2537
1788753183.999852881,2759
1788753184.999852967,2741
1788753185.999852905,2815
1788753186.999852806,2574
1788753187.999852930,2666
1788753188.999852812,2667
1788753189.999853158,2741
1788753190.999852818,2797
1788753191.999853183,2759
1788753192.999852658,2703
1788753193.999852854,2629
1788753194.999852770,2630
1788753195.999852668,2463
1788753196.999852696,2463
1788753197.999852928,2500
1788753198.999852756,2500
1788753199.999852805,2500
1788753200.999852762,2574
1788753201.999852829,2630
1788753202.999852786,2574
1788753203.999852873,2555
1788753204.999852977,2760
1788753205.999853138,2833
1788753206.999853650,2741
1788753207.999853551,3019
1788753208.999853304,2797
1788753209.999853280,2740
1788753210.999853644,2740
1788753211.999853415,2537
1788753212.999852835,2518
1788753213.999852920,2592
1788753214.999853077,2907
1788753215.999852827,2741
1788753216.999852688,2592
1788753217.999852791,2537
1788753218.999852711,2518
1788753219.999852816,2611
1788753220.999852939,2685
1788753221.999853396,2833
1788753222.999852852,2556
1788753223.999852939,2629
1788753224.999852840,2630
1788753225.999852852,2648
1788753226.999852698,2666
1788753227.999852969,2556
1788753228.999852759,2704
1788753229.999852772,2555
1788753230.999852802,2575
1788753231.999854389,3815
1788753232.999853253,3556
1788753233.999852784,3185
1788753234.999852778,2888
1788753235.999852864,2815
1788753236.999852747,2814
1788753237.999852685,2611
1788753238.999852790,2463
1788753239.999852820,2871
1788753240.999852981,2778
1788753241.999853141,2574
1788753242.999852857,2574
1788753243.999853036,2630
1788753244.999853085,2556
1788753245.999853004,2592
1788753246.999852809,2556
1788753247.999852818,2611
1788753248.999852848,2537
1788753249.999852857,2630
1788753250.999852865,2500
1788753251.999852821,2519
1788753252.999852834,2592
1788753253.999852861,2519
1788753254.999852756,2519
1788753255.999853060,2704
1788753256.999853795,2722
1788753257.999853844,2833
1788753258.999852690,2759
1788753259.999853295,2944
1788753260.999852807,2704
1788753261.999852967,2704
1788753262.999852906,2629
1788753263.999852918,2537
1788753264.999852708,2611
1788753265.999852811,2648
1788753266.999853098,2982
1788753267.999853052,2926
1788753268.999852838,2741
1788753269.999853034,2741
1788753270.999852824,2630
1788753271.999852818,2648
1788753272.999853034,2648
1788753273.999852824,2648
1788753274.999852892,2518
1788753275.999853237,2575
1788753276.999852898,3055
1788753277.999853003,2500
1788753278.999852867,2630
1788753279.999853101,2741
1788753280.999852873,2630
1788753281.999853163,3259
1788753282.999852972,2740
1788753283.999852836,2574
1788753284.999852829,2537
1788753285.999852749,2519
1788753286.999852743,2704
1788753287.999852866,2593
1788753288.999852619,2482
1788753289.999854058,2537
1788753290.999852755,2463
1788753291.999853008,2870
1788753292.999852817,2759
1788753293.999852957,2796
1788753294.999853207,2629
1788753295.999853216,2889
1788753296.999853040,2555
1788753297.999853106,2685
1788753298.999852803,2537
1788753299.999852779,2648
1788753300.999852995,2592
1788753301.999852933,2666
1788753302.999852760,2555
1788753303.999852902,2722
1788753304.999852858,2686
1788753305.999852834,2555
1788753306.999852790,2537
1788753307.999852766,2537
1788753308.999852815,2685
1788753309.999852883,2759
1788753310.999853543,2648
1788753311.999853000,2796
1788753312.999852827,2778
1788753313.999852987,2871
1788753314.999852833,2500
1788753315.999852956,2575
1788753316.999852728,2537
1788753317.999852998,2537
1788753318.999852618,2537
1788753319.999854646,4000
1788753320.999853470,3240
1788753321.999853110,2667
1788753322.999852826,2796
1788753323.999852986,2852
1788753324.999852943,3019
1788753325.999852770,2685
1788753326.999852856,2815
1788753327.999854443,3203
1788753328.999853992,3519
1788753329.999853614,3352
1788753330.999853642,3351
1788753331.999853503,3203
1788753332.999852975,2722
1788753333.999852892,2704
1788753334.999852960,2760
1788753335.999852917,2778
1788753336.999852707,2537
1788753337.999852682,2778
1788753338.999852843,2555
1788753339.999852929,2667
1788753340.999852830,2685
1788753341.999852917,2851
1788753342.999852836,2760
1788753343.999852997,2537
1788753344.999853046,2778
1788753345.999852873,2630
1788753346.999852793,2555
1788753347.999852713,2481
1788753348.999852910,2648
1788753349.999852885,2574
1788753350.999852675,2537
1788753351.999852725,2555
1788753352.999852774,2611
1788753353.999852860,2593
1788753354.999852798,2630
1788753355.999852903,2815
1788753356.999852971,2630
1788753357.999852946,2593
1788753358.999853144,2574
1788753359.999852989,2649
1788753360.999854094,2797
1788753361.999852790,2704
1788753362.999853114,2834
1788753363.999853105,2889
1788753364.999853058,2723
1788753365.999852902,2704
1788753366.999853026,2685
1788753367.999852816,2814
1788753368.999853272,2667
1788753369.999852822,2574
1788753370.999852889,2575
1788753371.999852846,2574
1788753372.999852803,2500
1788753373.999852851,2611
1788753374.999852952,2760
1788753375.999852999,2796
1788753376.999852767,2648
1788753377.999853888,2556
1788753378.999853012,2648
1788753379.999853024,2908
1788753380.999853185,2611
1788753381.999852938,2518
1788753382.999853783,2556
1788753383.999852851,2611
1788753384.999852900,2611
1788753385.999852820,2648
1788753386.999852795,2537
1788753387.999852789,2648
1788753388.999852838,2500
1788753389.999852906,2630
1788753390.999852863,2963
1788753391.999852727,2704
1788753392.999852795,2574
1788753393.999852898,2611
1788753394.999852926,2648
1788753395.999852916,2649
1788753396.999852814,2574
1788753397.999852806,2574
1788753398.999853430,2778
1788753399.999853349,2778
1788753400.999853251,2777
1788753401.999853022,2796
1788753402.999853386,3093
1788753403.999852954,2759
1788753404.999853189,2888
1788753405.999853145,2611
1788753406.999852935,2686
1788753407.999853170,2833
1788753408.999852904,2611
1788753409.999852972,2593
1788753410.999852873,2686
1788753411.999852645,2537
1788753412.999852972,2741
1788753413.999852744,2685
1788753414.999853182,2703
1788753415.999852935,2611
1788753416.999853003,2592
1788753417.999852941,2833
1788753418.999853194,2518
1788753419.999852873,2666
1788753420.999852996,2852
1788753421.999853155,2704
1788753422.999853090,2556
1788753423.999853155,2648
1788753424.999853127,2666
1788753425.999852858,2778
1788753426.999853015,2648
1788753427.999852858,2629
1788753428.999852941,2648
1788753429.999852950,2796
1788753430.999852885,2722
1788753431.999852783,2629
1788753432.999852773,2500
1788753433.999852950,2760
1788753434.999853074,2944
1788753435.999852957,2907
1788753436.999852802,2778
1788753437.999853166,2871
1788753438.999852901,2703
1788753439.999853154,2778
1788753440.999852925,2611
1788753441.999852882,2630
1788753442.999852691,2518
1788753443.999853166,3037
1788753444.999852937,2741
1788753445.999853487,2926
1788753446.999853092,2722
1788753447.999853696,3297
1788753448.999853227,2852
1788753449.999852980,2834
1788753450.999853011,2926
1788753451.999852986,2760
1788753452.999853017,2759
1788753453.999852900,2703
1788753454.999852819,2612
1788753455.999853091,2741
1788753456.999852770,2722
1788753457.999852801,2648
1788753458.999852869,2648
1788753459.999852881,2759
1788753460.999852689,2908
1788753461.999853165,2685
1788753462.999853010,2741
1788753463.999853078,2741
1788753464.999852924,2518
1788753465.999853066,2666
1788753466.999852689,2704
1788753467.999852998,2703
1788753468.999852936,2889
1788753469.999852911,2796
1788753470.999852960,2741
1788753471.999852954,2778
1788753472.999853003,2741
1788753473.999852905,2685
1788753474.999852898,2686
1788753475.999852911,2611
1788753476.999852830,2630
1788753477.999852843,2574
1788753478.999852836,2556
1788753479.999853126,2612
1788753480.999853176,2833
1788753481.999853130,2722
1788753482.999852895,2629
1788753483.999852979,2741
1788753484.999853047,2611
1788753485.999852985,2649
1788753486.999852868,2593
1788753487.999853047,2778
1788753488.999852856,2611
1788753489.999853404,2648
1788753490.999853005,2704
1788753491.999853607,2759
1788753492.999853171,2667
1788753493.999852940,2648
1788753494.999852856,2648
1788753495.999852958,2963
1788753496.999852930,2778
1788753497.999852977,2871
1788753498.999852712,2870
1788753499.999854817,3444
1788753500.999853588,3111
1788753501.999853766,2815
1788753502.999853071,2945
1788753503.999853340,2777
1788753504.999853071,2815
1788753505.999853267,3018
1788753506.999853390,2796
1788753507.999853143,2852
1788753508.999853026,2666
1788753509.999853816,3203
1788753510.999853291,3074
1788753511.999853692,2963
1788753512.999852962,2963
1788753513.999853234,2852
1788753514.999852864,2611
1788753515.999852878,2611
1788753516.999852890,2648
1788753517.999852847,2629
1788753518.999853007,2593
1788753519.999853130,2630
1788753520.999853032,2648
1788753521.999852971,2482
1788753522.999853172,2574
1788753523.999852872,2500
1788753524.999852717,2593
1788753525.999852896,2574
1788753526.999852834,2500
1788753527.999853217,3019
1788753528.999852840,2945
1788753529.999853370,2648
1788753530.999852953,2537
1788753531.999854018,2592
1788753532.999852972,2611
1788753533.999853131,3056
1788753534.999852955,2852
1788753535.999853112,3019
1788753536.999852918,3185
1788753537.999852780,2648
1788753538.999852922,2611
1788753539.999852767,2649
1788753540.999852946,2649
1788753541.999852903,2630
1788753542.999853267,2630
1788753543.999852946,2648
1788753544.999854051,2796
1788753545.999852989,2778
1788753546.999853057,2926
1788753547.999852847,2852
1788753548.999852859,2760
1788753549.999852964,2760
1788753550.999852828,2704
1788753551.999852822,2741
1788753552.999852834,2667
1788753553.999852828,2630
1788753554.999852933,2648
1788753555.999853038,2574
1788753556.999852810,2537
1788753557.999853063,2703
1788753558.999852853,2629
loopwarm: fires=600 skips=0 lat_max=6507ns
loopwarm2: loop latency n=600 mean=2732 min=2426 max=6296 miss=0 hist<1000:0 <1500:0 <2000:0 <2500:13 <3000:541 <4000:42 <8000:4 >=8000:0
1788753559.999852846,2519
1788753560.999853025,2630
1788753561.999852834,2667
1788753562.999858142,6704
1788753563.999857044,7963
1788753564.999857223,7740
1788753565.999857340,7704
1788753566.999857877,7240
1788753567.999857582,7240
1788753568.999858557,8370
1788753569.999857917,7259
1788753570.999857012,6592
1788753571.999858663,7277
1788753572.999856501,7185
1788753573.999857473,8704
1788753574.999857016,6259
1788753575.999857429,7056
1788753576.999857046,6667
1788753577.999856607,6593
1788753578.999856128,6556
1788753579.999858872,8333
1788753580.999856948,7797
1788753581.999857661,6834
1788753582.999857121,7796
1788753583.999857692,8204
1788753584.999856485,6852
1788753585.999856776,7648
1788753586.999856933,7296
1788753587.999857479,7204
1788753588.999859433,7463
1788753589.999858074,8000
1788753590.999856423,7445
1788753591.999856735,7296
1788753592.999856584,6889
1788753593.999856661,7018
1788753594.999857059,6778
1788753595.999857973,7130
1788753596.999857800,7982
1788753597.999857461,8796
1788753598.999856991,7704
1788753599.999857707,7574
1788753600.999856942,6741
1788753601.999857306,9222
1788753602.999857781,6574
1788753603.999857034,5908
1788753604.999856898,7241
1788753605.999858355,8537
1788753606.999857256,7908
1788753607.999857713,7574
1788753608.999856596,7889
1788753609.999856977,7852
1788753610.999857653,6926
1788753611.999856791,6778
1788753612.999857189,7834
1788753613.999856940,7315
1788753614.999857231,6444
1788753615.999857058,6722
1788753616.999857107,6537
1788753617.999857841,6612
1788753618.999856502,7055
1788753619.999857070,6481
1788753620.999856100,6556
1788753621.999857334,7481
1788753622.999859491,8518
1788753623.999858185,8685
1788753624.999857731,7333
1788753625.999858038,7926
1788753626.999856272,6389
1788753627.999856285,6314
1788753628.999856130,5723
1788753629.999858346,7630
1788753630.999858284,7778
1788753631.999858075,7037
1788753632.999856439,7333
1788753633.999856061,7259
1788753634.999859125,7204
1788753635.999856542,6185
1788753636.999857736,7370
1788753637.999857524,8204
1788753638.999857499,7834
1788753639.999857715,6593
1788753640.999857339,7370
1788753641.999856759,7111
1788753642.999856549,7277
1788753643.999857450,7166
1788753644.999858351,7148
1788753645.999856899,6574
1788753646.999857704,6333
1788753647.999859454,8481
1788753648.999858259,7982
1788753649.999857066,6241
1788753650.999857375,8555
1788753651.999856480,7055
1788753652.999857807,8463
1788753653.999858578,8074
1788753654.999859016,7019
1788753655.999856584,6759
1788753656.999856708,7611
1788753657.999858146,8444
1788753658.999856325,6555
1788753659.999857300,8056
1788753660.999858794,8537
1788753661.999856862,8814
1788753662.999857096,7000
1788753663.999856682,6334
1788753664.999857917,8148
1788753665.999858281,8278
1788753666.999858849,9759
1788753667.999858806,9074
1788753668.999857799,8223
1788753669.999857366,8944
1788753670.999858042,8092
1788753671.999856569,7056
1788753672.999856356,6167
1788753673.999856626,6722
1788753674.999856860,6778
1788753675.999857891,7833
1788753676.999857737,7481
1788753677.999856341,7908
1788753678.999857483,8686
1788753679.999857051,7037
1788753680.999856971,6759
1788753681.999857020,8426
1788753682.999858699,8352
1788753683.999856952,7222
1788753684.999857668,8000
1788753685.999856917,6444
1788753686.999857253,8259
1788753687.999857959,8167
1788753688.999856651,6129
1788753689.999858630,7945
1788753690.999857481,6667
1788753691.999856794,7463
1788753692.999858265,6963
1788753693.999857610,7649
1788753694.999856456,6241
1788753695.999856542,5686
1788753696.999858147,6593
1788753697.999856979,7611
1788753698.999856704,5908
1788753699.999856837,6852
1788753700.999856915,6185
1788753701.999857276,7259
1788753702.999856699,6389
1788753703.999858012,6500
1788753704.999856987,6574
1788753705.999857395,7260
1788753706.999857479,7000
1788753707.999856600,6445
1788753708.999856915,6333
1788753709.999856796,7834
1788753710.999856713,8000
1788753711.999858148,6666
1788753712.999856657,6074
1788753713.999857841,7908
1788753714.999857812,7167
1788753715.999857158,7963
1788753716.999856948,7000
1788753717.999857610,8055
1788753718.999858107,7777
1788753719.999856270,7352
1788753720.999857027,6481
1788753721.999856504,7055
1788753722.999856831,7389
1788753723.999858806,8352
1788753724.999856763,7203
1788753725.999857905,7703
1788753726.999857547,8259
1788753727.999857022,7666
1788753728.999856960,8333
1788753729.999856361,9222
1788753730.999857910,9463
1788753731.999857108,7037
1788753732.999859454,6944
1788753733.999856669,7389
1788753734.999857608,7685
1788753735.999857324,7148
1788753736.999857243,6797
1788753737.999857033,6297
1788753738.999856490,6204
1788753739.999857632,7593
1788753740.999859292,7908
1788753741.999857379,7685
1788753742.999856447,6389
1788753743.999857070,6759
1788753744.999857249,7926
1788753745.999857039,7426
1788753746.999856403,5759
1788753747.999857286,6241
1788753748.999856743,6925
1788753749.999856959,8314
1788753750.999857323,7833
1788753751.999856557,7000
1788753752.999856866,7240
1788753753.999857045,6333
1788753754.999857650,7240
1788753755.999857088,7259
1788753756.999857822,8648
1788753757.999856927,7833
1788753758.999856884,6500
1788753759.999857026,6185
1788753760.999856390,6907
1788753761.999857321,7074
1788753762.999857002,9149
1788753763.999856180,7185
1788753764.999856692,7149
1788753765.999858850,7833
1788753766.999857467,8907
1788753767.999857917,7389
1788753768.999857849,7296
1788753769.999857026,8759
1788753770.999857816,7777
1788753771.999856717,6241
1788753772.999856840,7963
1788753773.999857634,7963
1788753774.999857786,7056
1788753775.999856399,6796
1788753776.999857297,7055
1788753777.999857075,7426
1788753778.999856621,6889
1788753779.999856777,6833
1788753780.999857980,8167
1788753781.999857692,8166
1788753782.999856364,7167
1788753783.999858889,6796
1788753784.999857783,7537
1788753785.999856550,7074
1788753786.999856374,6611
1788753787.999858401,7241
1788753788.999857873,8389
1788753789.999856352,6815
1788753790.999858803,8408
1788753791.999858292,9296
1788753792.999857187,10037
1788753793.999857094,8426
1788753794.999857656,8222
1788753795.999856070,6926
1788753796.999858817,8334
1788753797.999857943,7686
1788753798.999856340,6870
1788753799.999856812,6852
1788753800.999857572,7778
1788753801.999856957,8222
1788753802.999857132,7500
1788753803.999857327,7629
1788753804.999858391,8019
1788753805.999857962,7018
1788753806.999857718,8555
1788753807.999859215,8778
1788753808.999856619,7815
1788753809.999857181,7648
1788753810.999856396,7203
1788753811.999857241,8629
1788753812.999857179,6556
1788753813.999857990,8315
1788753814.999856687,7260
1788753815.999856959,6815
1788753816.999855916,6666
1788753817.999856546,7241
1788753818.999857144,6722
1788753819.999859096,7259
1788753820.999856719,7797
1788753821.999857156,7148
1788753822.999857961,9149
1788753823.999856989,8278
1788753824.999858776,8444
1788753825.999857342,7574
1788753826.999857817,6408
1788753827.999856274,6852
1788753828.999857286,7185
1788753829.999857041,6148
1788753830.999857075,8277
1788753831.999857775,6593
1788753832.999857050,9389
1788753833.999859140,9148
1788753834.999857099,5945
1788753835.999856763,8130
1788753836.999857075,6667
1788753837.999857293,7759
1788753838.999858342,7833
1788753839.999857928,7500
1788753840.999855904,6352
1788753841.999857416,7685
1788753842.999856799,7240
1788753843.999856163,6629
1788753844.999857527,8537
1788753845.999856760,7074
1788753846.999857973,7796
1788753847.999856982,7444
1788753848.999859028,9259
1788753849.999857890,7482
1788753850.999857514,8703
1788753851.999857118,6334
1788753852.999857223,7167
1788753853.999856569,8815
1788753854.999855952,6222
1788753855.999857964,9926
1788753856.999856865,6907
1788753857.999856951,8074
1788753858.999858019,8574
1788753859.999857328,9648
1788753860.999857618,8963
1788753861.999857723,7963
1788753862.999857531,6648
1788753863.999855821,6871
1788753864.999856630,7148
1788753865.999857309,8815
1788753866.999857247,7593
1788753867.999856593,6426
1788753868.999857105,6815
1788753869.999856784,6185
1788753870.999858518,7019
1788753871.999856734,6463
1788753872.999857543,6074
1788753873.999857295,7870
1788753874.999856952,5833
1788753875.999856498,6833
1788753876.999857007,5648
1788753877.999857777,7296
1788753878.999856307,6982
1788753879.999856672,7111
1788753880.999856536,6870
1788753881.999857141,7740
1788753882.999857153,8204
1788753883.999856554,6889
1788753884.999856714,7167
1788753885.999857060,7630
1788753886.999857295,7148
1788753887.999856492,6167
1788753888.999857652,7760
1788753889.999856591,6740
1788753890.999857029,7741
1788753891.999857226,7445
1788753892.999857220,7093
1788753893.999856843,7852
1788753894.999856874,6797
1788753895.999857461,8555
1788753896.999857214,6722
1788753897.999856856,6722
1788753898.999857386,7926
1788753899.999858065,7889
1788753900.999856448,7870
1788753901.999857127,6204
1788753902.999857195,8037
1788753903.999856855,6945
1788753904.999857404,7056
1788753905.999856954,7241
1788753906.999857966,6537
1788753907.999857386,6963
1788753908.999857417,8148
1788753909.999856318,7370
1788753910.999858089,7500
1788753911.999858490,7223
1788753912.999858058,7408
1788753913.999857791,7537
1788753914.999858060,8444
1788753915.999857272,7612
1788753916.999856522,8185
1788753917.999857605,7241
1788753918.999856726,6500
1788753919.999856975,6574
1788753920.999858003,7204
1788753921.999857180,7130
1788753922.999856489,5648
1788753923.999856482,5945
1788753924.999854402,4296
1788753925.999854025,3371
1788753926.999853297,3259
1788753927.999853420,3630
1788753928.999853192,3093
1788753929.999853482,2926
1788753930.999853346,2611
1788753931.999853099,2741
1788753932.999853111,2704
1788753933.999853327,2667
1788753934.999853025,2648
1788753935.999852926,2685
1788753936.999852827,2685
1788753937.999852895,2704
1788753938.999852907,2630
1788753939.999853068,2629
1788753940.999852673,2926
1788753941.999852981,2685
1788753942.999852975,2685
1788753943.999853191,2722
1788753944.999853370,2741
1788753945.999852901,2648
1788753946.999852783,2611
1788753947.999852907,2629
1788753948.999853437,2593
1788753949.999853024,2648
1788753950.999852740,2852
1788753951.999852882,2648
1788753952.999852764,2612
1788753953.999852943,2760
1788753954.999853030,2666
1788753955.999853153,2945
1788753956.999852943,2722
1788753957.999853381,2760
1788753958.999853283,2611
1788753959.999853036,2592
1788753960.999852974,2666
1788753961.999853043,2667
1788753962.999852984,2630
1788753963.999852815,2555
1788753964.999852886,2574
1788753965.999852899,2611
1788753966.999852985,2667
1788753967.999853238,3000
1788753968.999852899,2722
1788753969.999852874,2741
1788753970.999852830,2556
1788753971.999852843,2648
1788753972.999853059,2592
1788753973.999852960,2759
1788753974.999853009,2537
1788753975.999852836,2537
1788753976.999852904,2593
1788753977.999853287,2815
1788753978.999852706,2889
1788753979.999852848,2630
1788753980.999852675,2612
1788753981.999852836,2648
1788753982.999853182,2759
1788753983.999854101,2722
1788753984.999853002,2686
1788753985.999852904,2666
1788753986.999852823,2519
1788753987.999852817,2648
1788753988.999853014,2575
1788753989.999852897,2815
1788753990.999852798,2760
1788753991.999852718,2667
1788753992.999852675,2592
1788753993.999852978,2759
1788753994.999852909,2648
1788753995.999852847,2685
1788753996.999852841,2518
1788753997.999853112,2593
1788753998.999853124,2611
1788753999.999853266,3111
1788754000.999852927,2703
1788754001.999853143,2666
1788754002.999853136,2778
1788754003.999853075,2611
1788754004.999853161,2685
1788754005.999852968,2630
1788754006.999853218,2667
1788754007.999853079,2796
1788754008.999853051,2852
1788754009.999852877,2667
1788754010.999853075,2629
1788754011.999854772,2574
1788754012.999852840,2666
1788754013.999852685,2667
1788754014.999854124,2666
1788754015.999853062,2611
1788754016.999852852,2630
1788754017.999857975,5963
1788754018.999855765,4519
1788754019.999855111,4093
1788754020.999853938,3111
1788754021.999854338,3296
1788754022.999854902,3223
1788754023.999853523,3333
1788754024.999853570,2926
1788754025.999853323,2852
1788754026.999853483,2741
1788754027.999856088,5759
1788754028.999855545,3926
1788754029.999854074,3611
1788754030.999853361,2926
1788754031.999853166,2797
1788754032.999853138,2686
1788754033.999852797,2556
1788754034.999852957,2630
1788754035.999853210,2649
1788754036.999852889,2537
1788754037.999852791,2685
1788754038.999852858,2908
1788754039.999852797,2685
1788754040.999853716,3574
1788754041.999853117,3056
1788754042.999852815,2778
