518861 1789006586000000852 1789006586000065574 64722
518862 1789006587000000850 1789006587000031443 30593
518863 1789006588000000850 1789006588000030035 29185
518864 1789006589000000850 1789006589000027721 26871
518865 1789006590000000850 1789006590000026628 25778
518866 1789006591000000832 1789006591000027980 27148
518867 1789006592000000851 1789006592000030480 29629
518868 1789006593000000851 1789006593000028554 27703
518869 1789006594000000851 1789006594000029555 28704
518870 1789006595000000851 1789006595000036351 35500
518871 1789006596000000851 1789006596000043481 42630
518872 1789006597000000852 1789006597000024074 23222
518873 1789006598000000833 1789006598000025870 25037
518874 1789006599000000852 1789006599000026000 25148
518875 1789006600000000852 1789006600000025000 24148
518876 1789006601000000833 1789006601000024185 23352
518877 1789006602000000852 1789006602000026889 26037
518878 1789006603000000853 1789006603000025316 24463
518879 1789006604000000853 1789006604000026687 25834
518880 1789006605000000854 1789006605000026669 25815
518881 1789006606000000854 1789006606000025725 24871
518882 1789006607000000854 1789006607000025632 24778
518883 1789006608000000854 1789006608000027095 26241
518884 1789006609000000854 1789006609000025780 24926
518885 1789006610000000836 1789006610000025021 24185
518886 1789006611000000854 1789006611000025558 24704
518887 1789006612000000854 1789006612000025965 25111
518888 1789006613000000854 1789006613000025132 24278
518889 1789006614000000854 1789006614000026965 26111
518890 1789006615000000854 1789006615000023150 22296
518891 1789006616000000854 1789006616000025521 24667
518892 1789006617000000854 1789006617000024317 23463
518893 1789006618000000854 1789006618000026706 25852
518894 1789006619000000835 1789006619000024317 23482
518895 1789006620000000854 1789006620000025428 24574
518896 1789006621000000835 1789006621000025280 24445
518897 1789006622000000835 1789006622000025594 24759
518898 1789006623000000835 1789006623000035113 34278
518899 1789006624000000854 1789006624000027058 26204
518900 1789006625000000854 1789006625000025928 25074
518901 1789006626000000855 1789006626000026577 25722
518902 1789006627000000855 1789006627000025373 24518
518903 1789006628000000855 1789006628000027189 26334
518904 1789006629000000856 1789006629000025152 24296
518905 1789006630000000837 1789006630000024393 23556
518906 1789006631000000856 1789006631000025411 24555
518907 1789006632000000856 1789006632000027115 26259
518908 1789006633000000838 1789006633000025245 24407
518909 1789006634000000838 1789006634000027097 26259
518910 1789006635000000838 1789006635000026393 25555
518911 1789006636000000856 1789006636000025264 24408
518912 1789006637000000838 1789006637000071245 70407
518913 1789006638000000838 1789006638000028542 27704
518914 1789006639000000839 1789006639000027635 26796
518915 1789006640000000858 1789006640000028951 28093
518916 1789006641000000840 1789006641000028433 27593
518917 1789006642000000859 1789006642000065081 64222
518918 1789006643000000841 1789006643000027822 26981
518919 1789006644000000841 1789006644000031175 30334
518920 1789006645000000842 1789006645000026490 25648
518921 1789006646000000842 1789006646000029713 28871
518922 1789006647000000843 1789006647000026158 25315
518923 1789006648000000825 1789006648000030232 29407
518924 1789006649000000844 1789006649000029622 28778
518925 1789006650000000845 1789006650000038419 37574
518926 1789006651000000847 1789006651000028032 27185
518927 1789006652000000848 1789006652000029404 28556
518928 1789006653000000849 1789006653000025941 25092
518929 1789006654000000849 1789006654000031682 30833
518930 1789006655000000849 1789006655000026738 25889
518931 1789006656000000831 1789006656000032702 31871
518932 1789006657000000850 1789006657000028609 27759
518933 1789006658000000851 1789006658000030684 29833
518934 1789006659000000852 1789006659000065277 64425
518935 1789006660000000852 1789006660000028130 27278
518936 1789006661000000853 1789006661000027557 26704
518937 1789006662000000853 1789006662000031501 30648
518938 1789006663000000853 1789006663000028853 28000
518939 1789006664000000853 1789006664000030187 29334
518940 1789006665000000835 1789006665000027724 26889
518941 1789006666000000853 1789006666000031205 30352
518942 1789006667000000852 1789006667000036333 35481
518943 1789006668000000852 1789006668000030815 29963
518944 1789006669000000852 1789006669000028852 28000
518945 1789006670000000852 1789006670000027555 26703
518946 1789006671000000851 1789006671000028555 27704
518947 1789006672000000851 1789006672000029369 28518
518948 1789006673000000850 1789006673000027739 26889
518949 1789006674000000850 1789006674000031110 30260
518950 1789006675000000850 1789006675000028461 27611
518951 1789006676000000850 1789006676000030313 29463
518952 1789006677000000850 1789006677000029554 28704
518953 1789006678000000850 1789006678000029054 28204
518954 1789006679000000850 1789006679000028943 28093
518955 1789006680000000831 1789006680000029183 28352
518956 1789006681000000850 1789006681000030572 29722
518957 1789006682000000831 1789006682000026035 25204
518958 1789006683000000850 1789006683000028591 27741
518959 1789006684000000850 1789006684000030535 29685
518960 1789006685000000850 1789006685000028905 28055
518961 1789006686000000850 1789006686000031165 30315
518962 1789006687000000851 1789006687000029277 28426
518963 1789006688000000833 1789006688000031481 30648
518964 1789006689000000833 1789006689000026870 26037
518965 1789006690000000836 1789006690000026039 25203
518966 1789006691000000857 1789006691000026783 25926
518967 1789006692000000857 1789006692000028561 27704
518968 1789006693000000839 1789006693000030320 29481
518969 1789006694000000840 1789006694000031507 30667
518970 1789006695000000842 1789006695000028971 28129
518971 1789006696000000861 1789006696000029102 28241
518972 1789006697000000862 1789006697000028973 28111
518973 1789006698000000844 1789006698000028159 27315
518974 1789006699000000844 1789006699000030881 30037
518975 1789006700000000863 1789006700000029104 28241
518976 1789006701000000864 1789006701000029771 28907
518977 1789006702000000864 1789006702000025586 24722
518978 1789006703000000846 1789006703000028531 27685
518979 1789006704000000865 1789006704000026494 25629
518980 1789006705000000846 1789006705000029309 28463
518981 1789006706000000864 1789006706000035549 34685
518982 1789006707000000845 1789006707000029160 28315
518983 1789006708000000844 1789006708000030474 29630
518984 1789006709000000862 1789006709000028714 27852
518985 1789006710000000843 1789006710000026454 25611
518986 1789006711000000841 1789006711000030415 29574
518987 1789006712000000841 1789006712000030137 29296
518988 1789006713000000860 1789006713000029230 28370
518989 1789006714000000842 1789006714000029565 28723
518990 1789006715000000844 1789006715000029307 28463
518991 1789006716000000846 1789006716000030086 29240
518992 1789006717000000846 1789006717000029087 28241
518993 1789006718000000847 1789006718000030977 30130
518994 1789006719000000867 1789006719000029330 28463
518995 1789006720000000850 1789006720000025535 24685
518996 1789006721000000851 1789006721000030203 29352
518997 1789006722000000852 1789006722000028963 28111
518998 1789006723000000853 1789006723000026612 25759
518999 1789006724000000854 1789006724000027909 27055
519000 1789006725000000855 1789006725000029299 28444
519001 1789006726000000855 1789006726000027689 26834
519002 1789006727000000874 1789006727000029430 28556
519003 1789006728000000856 1789006728000028448 27592
519004 1789006729000000856 1789006729000030282 29426
519005 1789006730000000855 1789006730000026318 25463
519006 1789006731000000854 1789006731000029225 28371
519007 1789006732000000853 1789006732000027576 26723
519008 1789006733000000872 1789006733000031501 30629
519009 1789006734000000851 1789006734000029610 28759
519010 1789006735000000867 1789006735000031682 30815
519011 1789006736000000849 1789006736000028886 28037
519012 1789006737000000867 1789006737000028608 27741
519013 1789006738000000829 1789006738000027977 27148
519014 1789006739000000865 1789006739000029828 28963
519015 1789006740000000826 1789006740000026789 25963
519016 1789006741000000844 1789006741000027715 26871
519017 1789006742000000846 1789006742000027586 26740
519018 1789006743000000847 1789006743000028459 27612
519019 1789006744000000849 1789006744000028275 27426
519020 1789006745000000851 1789006745000028666 27815
519021 1789006746000000851 1789006746000025537 24686
519022 1789006747000000852 1789006747000028148 27296
519023 1789006748000000852 1789006748000026166 25314
519024 1789006749000000870 1789006749000029148 28278
519025 1789006750000000852 1789006750000025426 24574
519026 1789006751000000871 1789006751000030778 29907
519027 1789006752000000852 1789006752000028500 27648
519028 1789006753000000853 1789006753000028612 27759
519029 1789006754000000853 1789006754000028853 28000
519030 1789006755000000871 1789006755000030964 30093
519031 1789006756000000853 1789006756000026816 25963
519032 1789006757000000872 1789006757000025335 24463
519033 1789006758000000852 1789006758000025537 24685
519034 1789006759000000850 1789006759000026962 26112
519035 1789006760000000849 1789006760000028089 27240
519036 1789006761000000829 1789006761000027051 26222
519037 1789006762000000846 1789006762000027198 26352
519038 1789006763000000845 1789006763000031030 30185
519039 1789006764000000844 1789006764000026381 25537
519040 1789006765000000843 1789006765000031380 30537
519041 1789006766000000844 1789006766000027177 26333
519042 1789006767000000827 1789006767000031716 30889
519043 1789006768000000847 1789006768000027735 26888
519044 1789006769000000848 1789006769000030366 29518
519045 1789006770000000847 1789006770000025384 24537
519046 1789006771000000847 1789006771000027144 26297
519047 1789006772000000847 1789006772000028625 27778
519048 1789006773000000847 1789006773000026421 25574
519049 1789006774000000847 1789006774000029144 28297
519050 1789006775000000848 1789006775000031033 30185
519051 1789006776000000848 1789006776000029292 28444
519052 1789006777000000848 1789006777000030089 29241
519053 1789006778000000849 1789006778000029404 28555
519054 1789006779000000849 1789006779000031978 31129
519055 1789006780000000849 1789006780000027164 26315
519056 1789006781000000831 1789006781000032701 31870
519057 1789006782000000831 1789006782000028739 27908
519058 1789006783000000850 1789006783000028980 28130
519059 1789006784000000850 1789006784000026165 25315
519060 1789006785000000850 1789006785000030536 29686
519061 1789006786000000850 1789006786000027573 26723
519062 1789006787000000851 1789006787000029462 28611
519063 1789006788000000851 1789006788000028795 27944
519064 1789006789000000851 1789006789000032258 31407
519065 1789006790000000851 1789006790000026221 25370
519066 1789006791000000851 1789006791000028240 27389
519067 1789006792000000851 1789006792000026073 25222
519068 1789006793000000851 1789006793000029129 28278
519069 1789006794000000851 1789006794000026722 25871
519070 1789006795000000833 1789006795000028444 27611
519071 1789006796000000851 1789006796000025055 24204
519072 1789006797000000851 1789006797000026907 26056
519073 1789006798000000851 1789006798000028648 27797
519074 1789006799000000851 1789006799000031055 30204
519075 1789006800000000833 1789006800000025777 24944
519076 1789006801000000852 1789006801000066815 65963
519077 1789006802000000833 1789006802000031796 30963
519078 1789006803000000852 1789006803000030352 29500
519079 1789006804000000852 1789006804000028167 27315
519080 1789006805000000833 1789006805000028222 27389
519081 1789006806000000852 1789006806000026945 26093
519082 1789006807000000835 1789006807000026779 25944
519083 1789006808000000835 1789006808000027817 26982
519084 1789006809000000855 1789006809000024780 23925
519085 1789006810000000855 1789006810000026133 25278
519086 1789006811000000855 1789006811000029040 28185
519087 1789006812000000837 1789006812000028689 27852
519088 1789006813000000856 1789006813000028467 27611
519089 1789006814000000837 1789006814000028930 28093
519090 1789006815000000837 1789006815000028819 27982
519091 1789006816000000856 1789006816000029430 28574
519092 1789006817000000838 1789006817000028838 28000
519093 1789006818000000857 1789006818000030486 29629
519094 1789006819000000857 1789006819000078005 77148
519095 1789006820000000839 1789006820000023932 23093
519096 1789006821000000840 1789006821000025247 24407
519097 1789006822000000840 1789006822000026303 25463
519098 1789006823000000840 1789006823000026155 25315
519099 1789006824000000841 1789006824000025563 24722
519100 1789006825000000859 1789006825000023767 22908
519101 1789006826000000843 1789006826000025639 24796
519102 1789006827000000864 1789006827000024827 23963
519103 1789006828000000847 1789006828000025569 24722
519104 1789006829000000866 1789006829000023996 23130
519105 1789006830000000848 1789006830000024977 24129
519106 1789006831000000866 1789006831000023329 22463
519107 1789006832000000848 1789006832000027589 26741
519108 1789006833000000848 1789006833000025645 24797
519109 1789006834000000849 1789006834000025312 24463
519110 1789006835000000849 1789006835000025053 24204
519111 1789006836000000849 1789006836000025016 24167
519112 1789006837000000850 1789006837000023535 22685
519113 1789006838000000850 1789006838000027443 26593
519114 1789006839000000850 1789006839000025295 24445
519115 1789006840000000851 1789006840000026240 25389
519116 1789006841000000851 1789006841000026296 25445
519117 1789006842000000852 1789006842000026740 25888
519118 1789006843000000852 1789006843000023685 22833
519119 1789006844000000852 1789006844000026500 25648
519120 1789006845000000853 1789006845000024464 23611
519121 1789006846000000853 1789006846000025242 24389
519122 1789006847000000853 1789006847000025501 24648
519123 1789006848000000854 1789006848000035872 35018
519124 1789006849000000854 1789006849000024206 23352
519125 1789006850000000854 1789006850000028521 27667
519126 1789006851000000854 1789006851000026354 25500
519127 1789006852000000855 1789006852000025929 25074
519128 1789006853000000836 1789006853000024022 23186
519129 1789006854000000855 1789006854000026818 25963
519130 1789006855000000855 1789006855000024189 23334
519131 1789006856000000856 1789006856000023837 22981
519132 1789006857000000856 1789006857000023856 23000
519133 1789006858000000874 1789006858000025041 24167
519134 1789006859000000856 1789006859000025485 24629
519135 1789006860000000837 1789006860000025578 24741
519136 1789006861000000856 1789006861000025578 24722
519137 1789006862000000856 1789006862000024596 23740
519138 1789006863000000856 1789006863000024652 23796
519139 1789006864000000856 1789006864000037671 36815
519140 1789006865000000856 1789006865000025523 24667
519141 1789006866000000856 1789006866000028171 27315
519142 1789006867000000856 1789006867000022763 21907
519143 1789006868000000856 1789006868000024263 23407
519144 1789006869000000837 1789006869000025356 24519
519145 1789006870000000856 1789006870000026985 26129
519146 1789006871000000856 1789006871000023819 22963
519147 1789006872000000837 1789006872000025411 24574
519148 1789006873000000856 1789006873000025874 25018
519149 1789006874000000853 1789006874000025983 25130
519150 1789006875000000833 1789006875000023185 22352
519151 1789006876000000852 1789006876000025833 24981
519152 1789006877000000852 1789006877000025093 24241
519153 1789006878000000852 1789006878000025444 24592
519154 1789006879000000852 1789006879000025537 24685
519155 1789006880000000852 1789006880000024704 23852
519156 1789006881000000852 1789006881000025871 25019
519157 1789006882000000834 1789006882000024056 23222
519158 1789006883000000852 1789006883000024482 23630
519159 1789006884000000852 1789006884000025908 25056
519160 1789006885000000834 1789006885000025408 24574
519161 1789006886000000853 1789006886000037224 36371
519162 1789006887000000855 1789006887000022781 21926
519163 1789006888000000857 1789006888000025875 25018
519164 1789006889000000857 1789006889000025394 24537
519165 1789006890000000857 1789006890000023968 23111
519166 1789006891000000857 1789006891000067246 66389
519167 1789006892000000838 1789006892000029931 29093
519168 1789006893000000857 1789006893000028357 27500
519169 1789006894000000838 1789006894000030745 29907
519170 1789006895000000838 1789006895000028282 27444
519171 1789006896000000837 1789006896000027745 26908
519172 1789006897000000837 1789006897000026467 25630
519173 1789006898000000838 1789006898000028838 28000
519174 1789006899000000841 1789006899000026692 25851
519175 1789006900000000861 1789006900000030065 29204
519176 1789006901000000863 1789006901000027530 26667
519177 1789006902000000864 1789006902000028882 28018
519178 1789006903000000845 1789006903000028586 27741
519179 1789006904000000864 1789006904000028549 27685
519180 1789006905000000846 1789006905000030124 29278
519181 1789006906000000864 1789006906000028938 28074
519182 1789006907000000846 1789006907000030439 29593
519183 1789006908000000846 1789006908000030587 29741
519184 1789006909000000846 1789006909000028920 28074
519185 1789006910000000865 1789006910000029402 28537
519186 1789006911000000847 1789006911000030903 30056
519187 1789006912000000866 1789006912000026440 25574
519188 1789006913000000848 1789006913000029440 28592
519189 1789006914000000867 1789006914000028607 27740
519190 1789006915000000848 1789006915000033589 32741
519191 1789006916000000849 1789006916000029923 29074
519192 1789006917000000849 1789006917000028460 27611
519193 1789006918000000849 1789006918000028294 27445
519194 1789006919000000850 1789006919000029757 28907
519195 1789006920000000869 1789006920000029776 28907
519196 1789006921000000850 1789006921000027906 27056
519197 1789006922000000869 1789006922000031110 30241
519198 1789006923000000851 1789006923000026796 25945
519199 1789006924000000851 1789006924000029555 28704
519200 1789006925000000852 1789006925000026296 25444
519201 1789006926000000871 1789006926000030019 29148
519202 1789006927000000852 1789006927000029537 28685
519203 1789006928000000852 1789006928000029297 28445
519204 1789006929000000853 1789006929000028612 27759
519205 1789006930000000853 1789006930000029760 28907
519206 1789006931000000853 1789006931000029667 28814
519207 1789006932000000853 1789006932000030390 29537
519208 1789006933000000853 1789006933000029890 29037
519209 1789006934000000853 1789006934000036427 35574
519210 1789006935000000853 1789006935000028390 27537
519211 1789006936000000853 1789006936000030335 29482
519212 1789006937000000854 1789006937000028409 27555
519213 1789006938000000854 1789006938000026465 25611
519214 1789006939000000854 1789006939000027632 26778
519215 1789006940000000854 1789006940000027262 26408
519216 1789006941000000855 1789006941000027521 26666
519217 1789006942000000855 1789006942000029762 28907
519218 1789006943000000855 1789006943000027596 26741
519219 1789006944000000836 1789006944000028188 27352
519220 1789006945000000855 1789006945000028151 27296
519221 1789006946000000855 1789006946000026040 25185
519222 1789006947000000855 1789006947000029411 28556
519223 1789006948000000855 1789006948000029096 28241
519224 1789006949000000855 1789006949000027614 26759
519225 1789006950000000855 1789006950000032244 31389
519226 1789006951000000855 1789006951000028355 27500
519227 1789006952000000855 1789006952000028762 27907
519228 1789006953000000855 1789006953000027651 26796
519229 1789006954000000855 1789006954000028633 27778
519230 1789006955000000855 1789006955000027318 26463
519231 1789006956000000856 1789006956000028448 27592
519232 1789006957000000856 1789006957000030134 29278
519233 1789006958000000856 1789006958000030911 30055
519234 1789006959000000856 1789006959000028800 27944
519235 1789006960000000856 1789006960000027504 26648
519236 1789006961000000856 1789006961000028818 27962
519237 1789006962000000855 1789006962000027596 26741
519238 1789006963000000855 1789006963000027318 26463
519239 1789006964000000855 1789006964000028151 27296
519240 1789006965000000854 1789006965000026799 25945
519241 1789006966000000853 1789006966000025872 25019
519242 1789006967000000852 1789006967000029944 29092
519243 1789006968000000851 1789006968000029814 28963
519244 1789006969000000852 1789006969000030129 29277
519245 1789006970000000833 1789006970000031426 30593
519246 1789006971000000852 1789006971000026592 25740
519247 1789006972000000833 1789006972000066963 66130
519248 1789006973000000833 1789006973000029370 28537
519249 1789006974000000853 1789006974000029982 29129
519250 1789006975000000836 1789006975000029725 28889
519251 1789006976000000856 1789006976000030819 29963
519252 1789006977000000856 1789006977000028727 27871
519253 1789006978000000838 1789006978000030560 29722
519254 1789006979000000857 1789006979000028560 27703
519255 1789006980000000838 1789006980000030505 29667
519256 1789006981000000838 1789006981000028561 27723
519257 1789006982000000857 1789006982000029135 28278
519258 1789006983000000839 1789006983000028006 27167
519259 1789006984000000858 1789006984000028988 28130
519260 1789006985000000840 1789006985000027062 26222
519261 1789006986000000859 1789006986000030118 29259
519262 1789006987000000859 1789006987000028322 27463
519263 1789006988000000841 1789006988000029692 28851
519264 1789006989000000859 1789006989000028785 27926
519265 1789006990000000841 1789006990000029841 29000
519266 1789006991000000860 1789006991000028767 27907
519267 1789006992000000860 1789006992000028897 28037
519268 1789006993000000860 1789006993000028619 27759
519269 1789006994000000860 1789006994000029064 28204
519270 1789006995000000860 1789006995000079193 78333
519271 1789006996000000841 1789006996000030064 29223
519272 1789006997000000860 1789006997000029434 28574
519273 1789006998000000841 1789006998000025378 24537
519274 1789006999000000859 1789006999000028693 27834
519275 1789007000000000859 1789007000000030007 29148
519276 1789007001000000859 1789007001000029673 28814
519277 1789007002000000840 1789007002000029895 29055
519278 1789007003000000840 1789007003000028414 27574
519279 1789007004000000840 1789007004000027951 27111
519280 1789007005000000840 1789007005000028247 27407
519281 1789007006000000840 1789007006000026599 25759
519282 1789007007000000840 1789007007000027284 26444
519283 1789007008000000858 1789007008000030136 29278
519284 1789007009000000858 1789007009000029636 28778
519285 1789007010000000840 1789007010000028729 27889
519286 1789007011000000859 1789007011000030229 29370
519287 1789007012000000841 1789007012000030785 29944
519288 1789007013000000841 1789007013000029230 28389
519289 1789007014000000841 1789007014000029841 29000
519290 1789007015000000842 1789007015000030508 29666
519291 1789007016000000842 1789007016000026694 25852
519292 1789007017000000842 1789007017000031120 30278
519293 1789007018000000843 1789007018000027287 26444
519294 1789007019000000843 1789007019000030843 30000
519295 1789007020000000844 1789007020000028770 27926
519296 1789007021000000844 1789007021000031807 30963
519297 1789007022000000845 1789007022000030049 29204
519298 1789007023000000845 1789007023000031364 30519
519299 1789007024000000846 1789007024000027364 26518
519300 1789007025000000846 1789007025000030272 29426
519301 1789007026000000847 1789007026000026662 25815
519302 1789007027000000847 1789007027000027940 27093
519303 1789007028000000847 1789007028000028366 27519
519304 1789007029000000848 1789007029000031255 30407
519305 1789007030000000848 1789007030000028644 27796
519306 1789007031000000848 1789007031000030793 29945
519307 1789007032000000849 1789007032000028052 27203
519308 1789007033000000849 1789007033000030090 29241
519309 1789007034000000849 1789007034000027294 26445
519310 1789007035000000850 1789007035000031016 30166
519311 1789007036000000850 1789007036000028109 27259
519312 1789007037000000850 1789007037000029591 28741
519313 1789007038000000850 1789007038000028239 27389
519314 1789007039000000850 1789007039000031054 30204
519315 1789007040000000851 1789007040000028869 28018
519316 1789007041000000851 1789007041000027943 27092
519317 1789007042000000851 1789007042000029481 28630
519318 1789007043000000851 1789007043000032629 31778
519319 1789007044000000833 1789007044000028777 27944
519320 1789007045000000852 1789007045000028944 28092
519321 1789007046000000852 1789007046000027852 27000
519322 1789007047000000852 1789007047000030297 29445
519323 1789007048000000852 1789007048000026908 26056
519324 1789007049000000834 1789007049000030334 29500
519325 1789007050000000853 1789007050000028168 27315
519326 1789007051000000853 1789007051000030760 29907
519327 1789007052000000853 1789007052000027853 27000
519328 1789007053000000853 1789007053000026724 25871
519329 1789007054000000854 1789007054000026613 25759
519330 1789007055000000854 1789007055000030798 29944
519331 1789007056000000854 1789007056000028965 28111
519332 1789007057000000854 1789007057000030150 29296
519333 1789007058000000854 1789007058000027132 26278
519334 1789007059000000854 1789007059000030854 30000
519335 1789007060000000855 1789007060000027206 26351
519336 1789007061000000855 1789007061000030855 30000
519337 1789007062000000855 1789007062000028484 27629
519338 1789007063000000855 1789007063000030707 29852
519339 1789007064000000855 1789007064000028688 27833
519340 1789007065000000855 1789007065000032651 31796
519341 1789007066000000855 1789007066000028373 27518
519342 1789007067000000855 1789007067000029911 29056
519343 1789007068000000855 1789007068000027522 26667
519344 1789007069000000855 1789007069000030615 29760
519345 1789007070000000855 1789007070000027911 27056
519346 1789007071000000856 1789007071000028930 28074
519347 1789007072000000856 1789007072000026948 26092
519348 1789007073000000838 1789007073000036393 35555
519349 1789007074000000855 1789007074000029114 28259
519350 1789007075000000835 1789007075000027946 27111
519351 1789007076000000853 1789007076000027297 26444
519352 1789007077000000834 1789007077000028983 28149
519353 1789007078000000853 1789007078000029779 28926
519354 1789007079000000835 1789007079000028279 27444
519355 1789007080000000853 1789007080000028872 28019
519356 1789007081000000853 1789007081000030464 29611
519357 1789007082000000853 1789007082000028279 27426
519358 1789007083000000853 1789007083000030279 29426
519359 1789007084000000853 1789007084000028909 28056
519360 1789007085000000853 1789007085000030409 29556
519361 1789007086000000853 1789007086000028631 27778
519362 1789007087000000854 1789007087000033372 32518
519363 1789007088000000854 1789007088000028280 27426
519364 1789007089000000854 1789007089000029965 29111
519365 1789007090000000854 1789007090000037983 37129
519366 1789007091000000835 1789007091000023280 22445
519367 1789007092000000835 1789007092000023613 22778
519368 1789007093000000854 1789007093000024354 23500
519369 1789007094000000835 1789007094000024187 23352
519370 1789007095000000854 1789007095000025780 24926
519371 1789007096000000835 1789007096000025669 24834
519372 1789007097000000854 1789007097000025465 24611
519373 1789007098000000835 1789007098000024743 23908
519374 1789007099000000836 1789007099000025095 24259
519375 1789007100000000854 1789007100000028169 27315
519376 1789007101000000836 1789007101000024095 23259
519377 1789007102000000836 1789007102000027059 26223
519378 1789007103000000837 1789007103000025226 24389
519379 1789007104000000839 1789007104000027746 26907
519380 1789007105000000839 1789007105000025728 24889
519381 1789007106000000839 1789007106000025117 24278
519382 1789007107000000858 1789007107000023858 23000
519383 1789007108000000859 1789007108000024155 23296
519384 1789007109000000841 1789007109000027044 26203
519385 1789007110000000841 1789007110000024544 23703
519386 1789007111000000841 1789007111000024026 23185
519387 1789007112000000841 1789007112000024822 23981
519388 1789007113000000841 1789007113000024137 23296
519389 1789007114000000841 1789007114000025341 24500
519390 1789007115000000860 1789007115000023860 23000
519391 1789007116000000842 1789007116000022990 22148
519392 1789007117000000843 1789007117000024491 23648
519393 1789007118000000843 1789007118000025880 25037
519394 1789007119000000844 1789007119000026658 25814
519395 1789007120000000844 1789007120000026622 25778
519396 1789007121000000844 1789007121000022807 21963
519397 1789007122000000863 1789007122000024752 23889
519398 1789007123000000864 1789007123000025586 24722
519399 1789007124000000846 1789007124000025013 24167
519400 1789007125000000847 1789007125000022051 21204
519401 1789007126000000848 1789007126000026255 25407
519402 1789007127000000848 1789007127000024070 23222
519403 1789007128000000848 1789007128000026015 25167
519404 1789007129000000848 1789007129000024922 24074
519405 1789007130000000848 1789007130000025163 24315
519406 1789007131000000849 1789007131000025478 24629
519407 1789007132000000849 1789007132000025775 24926
519408 1789007133000000849 1789007133000025330 24481
519409 1789007134000000849 1789007134000024201 23352
519410 1789007135000000849 1789007135000025146 24297
519411 1789007136000000868 1789007136000024812 23944
519412 1789007137000000850 1789007137000022979 22129
519413 1789007138000000851 1789007138000024610 23759
519414 1789007139000000852 1789007139000023741 22889
519415 1789007140000000872 1789007140000025335 24463
519416 1789007141000000855 1789007141000024336 23481
519417 1789007142000000855 1789007142000026003 25148
519418 1789007143000000855 1789007143000022874 22019
519419 1789007144000000855 1789007144000025633 24778
519420 1789007145000000856 1789007145000024744 23888
519421 1789007146000000855 1789007146000027837 26982
519422 1789007147000000855 1789007147000022874 22019
519423 1789007148000000855 1789007148000026744 25889
519424 1789007149000000855 1789007149000024392 23537
519425 1789007150000000835 1789007150000025669 24834
519426 1789007151000000852 1789007151000025093 24241
519427 1789007152000000851 1789007152000026147 25296
519428 1789007153000000850 1789007153000023721 22871
519429 1789007154000000850 1789007154000025424 24574
519430 1789007155000000850 1789007155000024721 23871
519431 1789007156000000850 1789007156000026202 25352
519432 1789007157000000832 1789007157000032869 32037
519433 1789007158000000832 1789007158000023628 22796
519434 1789007159000000832 1789007159000024110 23278
519435 1789007160000000850 1789007160000027369 26519
519436 1789007161000000850 1789007161000023184 22334
519437 1789007162000000851 1789007162000026999 26148
519438 1789007163000000851 1789007163000023240 22389
519439 1789007164000000852 1789007164000026407 25555
519440 1789007165000000852 1789007165000023797 22945
519441 1789007166000000834 1789007166000025575 24741
519442 1789007167000000852 1789007167000025334 24482
519443 1789007168000000853 1789007168000026297 25444
519444 1789007169000000853 1789007169000025612 24759
519445 1789007170000000853 1789007170000027056 26203
519446 1789007171000000853 1789007171000024519 23666
519447 1789007172000000852 1789007172000025482 24630
519448 1789007173000000852 1789007173000024463 23611
519449 1789007174000000852 1789007174000026223 25371
519450 1789007175000000834 1789007175000025093 24259
519451 1789007176000000852 1789007176000026407 25555
519452 1789007177000000833 1789007177000024056 23223
519453 1789007178000000852 1789007178000026148 25296
519454 1789007179000000834 1789007179000023297 22463
519455 1789007180000000834 1789007180000023223 22389
519456 1789007181000000853 1789007181000025242 24389
519457 1789007182000000853 1789007182000024557 23704
519458 1789007183000000853 1789007183000022353 21500
519459 1789007184000000835 1789007184000024039 23204
519460 1789007185000000854 1789007185000025947 25093
519461 1789007186000000855 1789007186000025206 24351
