504266 1788991991000000856 1788991991000066208 65352
504267 1788991992000000856 1788991992000023560 22704
504268 1788991993000000857 1788991993000023764 22907
504269 1788991994000000838 1788991994000025727 24889
504270 1788991995000000839 1788991995000025450 24611
504271 1788991996000000857 1788991996000023468 22611
504272 1788991997000000857 1788991997000023172 22315
504273 1788991998000000858 1788991998000023728 22870
504274 1788991999000000858 1788991999000023784 22926
504275 1788992000000000858 1788992000000026803 25945
504276 1788992001000000858 1788992001000025895 25037
504277 1788992002000000859 1788992002000025748 24889
504278 1788992003000000840 1788992003000025655 24815
504279 1788992004000000859 1788992004000026581 25722
504280 1788992005000000859 1788992005000024507 23648
504281 1788992006000000859 1788992006000025192 24333
504282 1788992007000000840 1788992007000024211 23371
504283 1788992008000000841 1788992008000027174 26333
504284 1788992009000000841 1788992009000024452 23611
504285 1788992010000000841 1788992010000023119 22278
504286 1788992011000000860 1788992011000025304 24444
504287 1788992012000000860 1788992012000026342 25482
504288 1788992013000000860 1788992013000025009 24149
504289 1788992014000000842 1788992014000024527 23685
504290 1788992015000000842 1788992015000024694 23852
504291 1788992016000000843 1788992016000025454 24611
504292 1788992017000000861 1788992017000025269 24408
504293 1788992018000000843 1788992018000026250 25407
504294 1788992019000000843 1788992019000023399 22556
504295 1788992020000000843 1788992020000023973 23130
504296 1788992021000000862 1788992021000024696 23834
504297 1788992022000000825 1788992022000024344 23519
504298 1788992023000000844 1788992023000025511 24667
504299 1788992024000000844 1788992024000024863 24019
504300 1788992025000000845 1788992025000023048 22203
504301 1788992026000000826 1788992026000024215 23389
504302 1788992027000000845 1788992027000022123 21278
504303 1788992028000000845 1788992028000024068 23223
504304 1788992029000000846 1788992029000023383 22537
504305 1788992030000000846 1788992030000024827 23981
504306 1788992031000000846 1788992031000024142 23296
504307 1788992032000000846 1788992032000025957 25111
504308 1788992033000000846 1788992033000022958 22112
504309 1788992034000000847 1788992034000025624 24777
504310 1788992035000000847 1788992035000024532 23685
504311 1788992036000000847 1788992036000026310 25463
504312 1788992037000000848 1788992037000024218 23370
504313 1788992038000000848 1788992038000023904 23056
504314 1788992039000000848 1788992039000023497 22649
504315 1788992040000000849 1788992040000025960 25111
504316 1788992041000000849 1788992041000023127 22278
504317 1788992042000000849 1788992042000023682 22833
504318 1788992043000000849 1788992043000026090 25241
504319 1788992044000000850 1788992044000027201 26351
504320 1788992045000000850 1788992045000025702 24852
504321 1788992046000000850 1788992046000025961 25111
504322 1788992047000000850 1788992047000026424 25574
504323 1788992048000000850 1788992048000027462 26612
504324 1788992049000000851 1788992049000024203 23352
504325 1788992050000000851 1788992050000026092 25241
504326 1788992051000000851 1788992051000025777 24926
504327 1788992052000000851 1788992052000025814 24963
504328 1788992053000000852 1788992053000027278 26426
504329 1788992054000000852 1788992054000025481 24629
504330 1788992055000000852 1788992055000024037 23185
504331 1788992056000000852 1788992056000025686 24834
504332 1788992057000000853 1788992057000024149 23296
504333 1788992058000000834 1788992058000025945 25111
504334 1788992059000000853 1788992059000023075 22222
504335 1788992060000000835 1788992060000025705 24870
504336 1788992061000000853 1788992061000026335 25482
504337 1788992062000000854 1788992062000025928 25074
504338 1788992063000000854 1788992063000024076 23222
504339 1788992064000000854 1788992064000025576 24722
504340 1788992065000000836 1788992065000022447 21611
504341 1788992066000000855 1788992066000026040 25185
504342 1788992067000000836 1788992067000024725 23889
504343 1788992068000000855 1788992068000025059 24204
504344 1788992069000000855 1788992069000024263 23408
504345 1788992070000000855 1788992070000024930 24075
504346 1788992071000000763 1788992071000026745 25982
504347 1788992072000000856 1788992072000023930 23074
504348 1788992073000000856 1788992073000025782 24926
504349 1788992074000000838 1788992074000024930 24092
504350 1788992075000000838 1788992075000024968 24130
504351 1788992076000000838 1788992076000021486 20648
504352 1788992077000000839 1788992077000026783 25944
504353 1788992078000000857 1788992078000023320 22463
504354 1788992079000000839 1788992079000026765 25926
504355 1788992080000000839 1788992080000023006 22167
504356 1788992081000000839 1788992081000026117 25278
504357 1788992082000000840 1788992082000024451 23611
504358 1788992083000000840 1788992083000026321 25481
504359 1788992084000000859 1788992084000025155 24296
504360 1788992085000000841 1788992085000023286 22445
504361 1788992086000000842 1788992086000025120 24278
504362 1788992087000000861 1788992087000027176 26315
504363 1788992088000000861 1788992088000024528 23667
504364 1788992089000000843 1788992089000026158 25315
504365 1788992090000000843 1788992090000022954 22111
504366 1788992091000000843 1788992091000027065 26222
504367 1788992092000000843 1788992092000024399 23556
504368 1788992093000000844 1788992093000026621 25777
504369 1788992094000000844 1788992094000022381 21537
504370 1788992095000000844 1788992095000026900 26056
504371 1788992096000000844 1788992096000023770 22926
504372 1788992097000000845 1788992097000024493 23648
504373 1788992098000000845 1788992098000023012 22167
504374 1788992099000000864 1788992099000025864 25000
504375 1788992100000000845 1788992100000025753 24908
504376 1788992101000000846 1788992101000025790 24944
504377 1788992102000000846 1788992102000023679 22833
504378 1788992103000000847 1788992103000023347 22500
504379 1788992104000000868 1788992104000026572 25704
504380 1788992105000000853 1788992105000024334 23481
504381 1788992106000000854 1788992106000025946 25092
504382 1788992107000000854 1788992107000023484 22630
504383 1788992108000000854 1788992108000026391 25537
504384 1788992109000000855 1788992109000025151 24296
504385 1788992110000000855 1788992110000023707 22852
504386 1788992111000000855 1788992111000024911 24056
504387 1788992112000000855 1788992112000025707 24852
504388 1788992113000000855 1788992113000024633 23778
504389 1788992114000000855 1788992114000026448 25593
504390 1788992115000000855 1788992115000025429 24574
504391 1788992116000000853 1788992116000026075 25222
504392 1788992117000000850 1788992117000025906 25056
504393 1788992118000000850 1788992118000024443 23593
504394 1788992119000000850 1788992119000025684 24834
504395 1788992120000000850 1788992120000026110 25260
504396 1788992121000000851 1788992121000024073 23222
504397 1788992122000000851 1788992122000027703 26852
504398 1788992123000000851 1788992123000024647 23796
504399 1788992124000000851 1788992124000024684 23833
504400 1788992125000000832 1788992125000069666 68834
504401 1788992126000000851 1788992126000026499 25648
504402 1788992127000000851 1788992127000026370 25519
504403 1788992128000000852 1788992128000028592 27740
504404 1788992129000000852 1788992129000025630 24778
504405 1788992130000000853 1788992130000028075 27222
504406 1788992131000000853 1788992131000026575 25722
504407 1788992132000000853 1788992132000026724 25871
504408 1788992133000000853 1788992133000029612 28759
504409 1788992134000000853 1788992134000074094 73241
504410 1788992135000000835 1788992135000022779 21944
504411 1788992136000000853 1788992136000023557 22704
504412 1788992137000000853 1788992137000025168 24315
504413 1788992138000000853 1788992138000026131 25278
504414 1788992139000000853 1788992139000025872 25019
504415 1788992140000000853 1788992140000024779 23926
504416 1788992141000000835 1788992141000023613 22778
504417 1788992142000000853 1788992142000025279 24426
504418 1788992143000000853 1788992143000023668 22815
504419 1788992144000000853 1788992144000025261 24408
504420 1788992145000000853 1788992145000024724 23871
504421 1788992146000000853 1788992146000034742 33889
504422 1788992147000000853 1788992147000026631 25778
504423 1788992148000000854 1788992148000024705 23851
504424 1788992149000000835 1788992149000023983 23148
504425 1788992150000000854 1788992150000026094 25240
504426 1788992151000000835 1788992151000025409 24574
504427 1788992152000000854 1788992152000023021 22167
504428 1788992153000000835 1788992153000023447 22612
504429 1788992154000000836 1788992154000026224 25388
504430 1788992155000000836 1788992155000024632 23796
504431 1788992156000000839 1788992156000025561 24722
504432 1788992157000000841 1788992157000022934 22093
504433 1788992158000000844 1788992158000024825 23981
504434 1788992159000000863 1788992159000024177 23314
504435 1788992160000000846 1788992160000026013 25167
504436 1788992161000000848 1788992161000023830 22982
504437 1788992162000000851 1788992162000025073 24222
504438 1788992163000000851 1788992163000025944 25093
504439 1788992164000000851 1788992164000026851 26000
504440 1788992165000000870 1788992165000026259 25389
504441 1788992166000000852 1788992166000025130 24278
504442 1788992167000000853 1788992167000025223 24370
504443 1788992168000000853 1788992168000025557 24704
504444 1788992169000000854 1788992169000022799 21945
504445 1788992170000000855 1788992170000024281 23426
504446 1788992171000000855 1788992171000024744 23889
504447 1788992172000000874 1788992172000025929 25055
504448 1788992173000000856 1788992173000026707 25851
504449 1788992174000000856 1788992174000025411 24555
504450 1788992175000000855 1788992175000025429 24574
504451 1788992176000000849 1788992176000025960 25111
504452 1788992177000000849 1788992177000024200 23351
504453 1788992178000000849 1788992178000025941 25092
504454 1788992179000000849 1788992179000025478 24629
504455 1788992180000000848 1788992180000025034 24186
504456 1788992181000000848 1788992181000022126 21278
504457 1788992182000000848 1788992182000027126 26278
504458 1788992183000000848 1788992183000025589 24741
504459 1788992184000000849 1788992184000024404 23555
504460 1788992185000000867 1788992185000024627 23760
504461 1788992186000000849 1788992186000026164 25315
504462 1788992187000000849 1788992187000023442 22593
504463 1788992188000000831 1788992188000024331 23500
504464 1788992189000000849 1788992189000023979 23130
504465 1788992190000000849 1788992190000026016 25167
504466 1788992191000000849 1788992191000023220 22371
504467 1788992192000000831 1788992192000046738 45907
504468 1788992193000000849 1788992193000026849 26000
504469 1788992194000000849 1788992194000023646 22797
504470 1788992195000000849 1788992195000027053 26204
504471 1788992196000000850 1788992196000023646 22796
504472 1788992197000000851 1788992197000025980 25129
504473 1788992198000000851 1788992198000023740 22889
504474 1788992199000000851 1788992199000026555 25704
504475 1788992200000000851 1788992200000022740 21889
504476 1788992201000000833 1788992201000024926 24093
504477 1788992202000000833 1788992202000023740 22907
504478 1788992203000000852 1788992203000024648 23796
504479 1788992204000000852 1788992204000024167 23315
504480 1788992205000000853 1788992205000025946 25093
504481 1788992206000000854 1788992206000024650 23796
504482 1788992207000000854 1788992207000025836 24982
504483 1788992208000000854 1788992208000024651 23797
504484 1788992209000000854 1788992209000026521 25667
504485 1788992210000000854 1788992210000025910 25056
504486 1788992211000000854 1788992211000025299 24445
504487 1788992212000000836 1788992212000023984 23148
504488 1788992213000000854 1788992213000025317 24463
504489 1788992214000000855 1788992214000027799 26944
504490 1788992215000000836 1788992215000026577 25741
504491 1788992216000000854 1788992216000024428 23574
504492 1788992217000000854 1788992217000027187 26333
504493 1788992218000000854 1788992218000022520 21666
504494 1788992219000000854 1788992219000024816 23962
504495 1788992220000000854 1788992220000023205 22351
504496 1788992221000000835 1788992221000026687 25852
504497 1788992222000000835 1788992222000023187 22352
504498 1788992223000000854 1788992223000027094 26240
504499 1788992224000000854 1788992224000023298 22444
504500 1788992225000000854 1788992225000025465 24611
504501 1788992226000000854 1788992226000024095 23241
504502 1788992227000000854 1788992227000026002 25148
504503 1788992228000000854 1788992228000024428 23574
504504 1788992229000000854 1788992229000025410 24556
504505 1788992230000000854 1788992230000024743 23889
504506 1788992231000000854 1788992231000024521 23667
504507 1788992232000000854 1788992232000023114 22260
504508 1788992233000000854 1788992233000025040 24186
504509 1788992234000000855 1788992234000022688 21833
504510 1788992235000000836 1788992235000026040 25204
504511 1788992236000000854 1788992236000026466 25612
504512 1788992237000000854 1788992237000026114 25260
504513 1788992238000000854 1788992238000025391 24537
504514 1788992239000000854 1788992239000026409 25555
504515 1788992240000000854 1788992240000025298 24444
504516 1788992241000000854 1788992241000056484 55630
504517 1788992242000000854 1788992242000023095 22241
504518 1788992243000000836 1788992243000026854 26018
504519 1788992244000000854 1788992244000023595 22741
504520 1788992245000000854 1788992245000026335 25481
504521 1788992246000000835 1788992246000024872 24037
504522 1788992247000000853 1788992247000025390 24537
504523 1788992248000000835 1788992248000022742 21907
504524 1788992249000000835 1788992249000022946 22111
504525 1788992250000000835 1788992250000021964 21129
504526 1788992251000000835 1788992251000025668 24833
504527 1788992252000000836 1788992252000023632 22796
504528 1788992253000000855 1788992253000024392 23537
504529 1788992254000000838 1788992254000024208 23370
504530 1788992255000000838 1788992255000025653 24815
504531 1788992256000000839 1788992256000025153 24314
504532 1788992257000000858 1788992257000025135 24277
504533 1788992258000000858 1788992258000022599 21741
504534 1788992259000000859 1788992259000026507 25648
504535 1788992260000000859 1788992260000025581 24722
504536 1788992261000000840 1788992261000023766 22926
504537 1788992262000000840 1788992262000023489 22649
504538 1788992263000000840 1788992263000025711 24871
504539 1788992264000000859 1788992264000024970 24111
504540 1788992265000000841 1788992265000025396 24555
504541 1788992266000000841 1788992266000024211 23370
504542 1788992267000000841 1788992267000026156 25315
504543 1788992268000000841 1788992268000025786 24945
504544 1788992269000000842 1788992269000022657 21815
504545 1788992270000000824 1788992270000026102 25278
504546 1788992271000000843 1788992271000026324 25481
504547 1788992272000000843 1788992272000024584 23741
504548 1788992273000000843 1788992273000026417 25574
504549 1788992274000000844 1788992274000024047 23203
504550 1788992275000000845 1788992275000026030 25185
504551 1788992276000000850 1788992276000026479 25629
504552 1788992277000000854 1788992277000026113 25259
504553 1788992278000000854 1788992278000023706 22852
504554 1788992279000000854 1788992279000024669 23815
504555 1788992280000000853 1788992280000024465 23612
504556 1788992281000000853 1788992281000025408 24555
504557 1788992282000000852 1788992282000022945 22093
504558 1788992283000000852 1788992283000024555 23703
504559 1788992284000000852 1788992284000024204 23352
504560 1788992285000000852 1788992285000026963 26111
504561 1788992286000000852 1788992286000022667 21815
504562 1788992287000000852 1788992287000027797 26945
504563 1788992288000000853 1788992288000025241 24388
504564 1788992289000000853 1788992289000024667 23814
504565 1788992290000000853 1788992290000023908 23055
504566 1788992291000000853 1788992291000022982 22129
504567 1788992292000000835 1788992292000024668 23833
504568 1788992293000000835 1788992293000026335 25500
504569 1788992294000000854 1788992294000024520 23666
504570 1788992295000000854 1788992295000027261 26407
504571 1788992296000000855 1788992296000024262 23407
504572 1788992297000000855 1788992297000024818 23963
504573 1788992298000000837 1788992298000025948 25111
504574 1788992299000000838 1788992299000024819 23981
504575 1788992300000000857 1788992300000024579 23722
504576 1788992301000000857 1788992301000026209 25352
504577 1788992302000000857 1788992302000025394 24537
504578 1788992303000000857 1788992303000026690 25833
504579 1788992304000000839 1788992304000025450 24611
504580 1788992305000000857 1788992305000024376 23519
504581 1788992306000000857 1788992306000025061 24204
504582 1788992307000000839 1788992307000025802 24963
504583 1788992308000000838 1788992308000023412 22574
504584 1788992309000000857 1788992309000024708 23851
504585 1788992310000000856 1788992310000024375 23519
504586 1788992311000000856 1788992311000024208 23352
504587 1788992312000000838 1788992312000024504 23666
504588 1788992313000000838 1788992313000039042 38204
504589 1788992314000000857 1788992314000024264 23407
504590 1788992315000000857 1788992315000023801 22944
504591 1788992316000000839 1788992316000024542 23703
504592 1788992317000000858 1788992317000025469 24611
504593 1788992318000000858 1788992318000023506 22648
504594 1788992319000000840 1788992319000023932 23092
504595 1788992320000000840 1788992320000024321 23481
504596 1788992321000000840 1788992321000024507 23667
504597 1788992322000000840 1788992322000024674 23834
504598 1788992323000000841 1788992323000025026 24185
504599 1788992324000000841 1788992324000025378 24537
504600 1788992325000000860 1788992325000024712 23852
504601 1788992326000000842 1788992326000024138 23296
504602 1788992327000000842 1788992327000025620 24778
504603 1788992328000000843 1788992328000021972 21129
504604 1788992329000000843 1788992329000024806 23963
504605 1788992330000000844 1788992330000022622 21778
504606 1788992331000000844 1788992331000025974 25130
504607 1788992332000000845 1788992332000023641 22796
504608 1788992333000000845 1788992333000023827 22982
504609 1788992334000000827 1788992334000024012 23185
504610 1788992335000000846 1788992335000026550 25704
504611 1788992336000000847 1788992336000023551 22704
504612 1788992337000000848 1788992337000027459 26611
504613 1788992338000000867 1788992338000025126 24259
504614 1788992339000000849 1788992339000025646 24797
504615 1788992340000000850 1788992340000024257 23407
504616 1788992341000000850 1788992341000028924 28074
504617 1788992342000000850 1788992342000023591 22741
504618 1788992343000000851 1788992343000027425 26574
504619 1788992344000000851 1788992344000025925 25074
504620 1788992345000000870 1788992345000024574 23704
504621 1788992346000000852 1788992346000026315 25463
504622 1788992347000000834 1788992347000025000 24166
504623 1788992348000000852 1788992348000026538 25686
504624 1788992349000000853 1788992349000024501 23648
504625 1788992350000000853 1788992350000023908 23055
504626 1788992351000000853 1788992351000024835 23982
504627 1788992352000000854 1788992352000024724 23870
504628 1788992353000000854 1788992353000023650 22796
504629 1788992354000000854 1788992354000027650 26796
504630 1788992355000000854 1788992355000024762 23908
504631 1788992356000000855 1788992356000023725 22870
504632 1788992357000000836 1788992357000024670 23834
504633 1788992358000000836 1788992358000025503 24667
504634 1788992359000000837 1788992359000026503 25666
504635 1788992360000000856 1788992360000025170 24314
504636 1788992361000000856 1788992361000024374 23518
504637 1788992362000000856 1788992362000025189 24333
504638 1788992363000000856 1788992363000026208 25352
504639 1788992364000000857 1788992364000024820 23963
504640 1788992365000000857 1788992365000024579 23722
504641 1788992366000000857 1788992366000024561 23704
504642 1788992367000000858 1788992367000026043 25185
504643 1788992368000000857 1788992368000023376 22519
504644 1788992369000000857 1788992369000022598 21741
504645 1788992370000000857 1788992370000024857 24000
504646 1788992371000000857 1788992371000024320 23463
504647 1788992372000000839 1788992372000023876 23037
504648 1788992373000000839 1788992373000022857 22018
504649 1788992374000000858 1788992374000023469 22611
504650 1788992375000000858 1788992375000024450 23592
504651 1788992376000000858 1788992376000026154 25296
504652 1788992377000000840 1788992377000024451 23611
504653 1788992378000000840 1788992378000025896 25056
504654 1788992379000000859 1788992379000024507 23648
504655 1788992380000000841 1788992380000025804 24963
504656 1788992381000000841 1788992381000024563 23722
504657 1788992382000000860 1788992382000022952 22092
504658 1788992383000000860 1788992383000024823 23963
504659 1788992384000000860 1788992384000025212 24352
504660 1788992385000000860 1788992385000024360 23500
504661 1788992386000000861 1788992386000024064 23203
504662 1788992387000000842 1788992387000026231 25389
504663 1788992388000000843 1788992388000025120 24277
504664 1788992389000000843 1788992389000024546 23703
504665 1788992390000000843 1788992390000027065 26222
504666 1788992391000000843 1788992391000025306 24463
504667 1788992392000000843 1788992392000026473 25630
504668 1788992393000000844 1788992393000023214 22370
504669 1788992394000000844 1788992394000025270 24426
504670 1788992395000000844 1788992395000027085 26241
504671 1788992396000000845 1788992396000025808 24963
504672 1788992397000000845 1788992397000025752 24907
504673 1788992398000000864 1788992398000023753 22889
504674 1788992399000000865 1788992399000071587 70722
504675 1788992400000000846 1788992400000025402 24556
504676 1788992401000000847 1788992401000024198 23351
504677 1788992402000000847 1788992402000025365 24518
504678 1788992403000000847 1788992403000025903 25056
504679 1788992404000000847 1788992404000025384 24537
504680 1788992405000000848 1788992405000025959 25111
504681 1788992406000000848 1788992406000025478 24630
504682 1788992407000000848 1788992407000025719 24871
504683 1788992408000000849 1788992408000025867 25018
504684 1788992409000000849 1788992409000023905 23056
504685 1788992410000000850 1788992410000025813 24963
504686 1788992411000000832 1788992411000023184 22352
504687 1788992412000000851 1788992412000026666 25815
504688 1788992413000000851 1788992413000024147 23296
504689 1788992414000000870 1788992414000026463 25593
504690 1788992415000000871 1788992415000035426 34555
504691 1788992416000000852 1788992416000025223 24371
504692 1788992417000000834 1788992417000021760 20926
504693 1788992418000000853 1788992418000026019 25166
504694 1788992419000000853 1788992419000033890 33037
504695 1788992420000000835 1788992420000029798 28963
504696 1788992421000000853 1788992421000029465 28612
504697 1788992422000000854 1788992422000030465 29611
504698 1788992423000000854 1788992423000026335 25481
504699 1788992424000000854 1788992424000071836 70982
504700 1788992425000000854 1788992425000029706 28852
504701 1788992426000000855 1788992426000029836 28981
504702 1788992427000000855 1788992427000029318 28463
504703 1788992428000000836 1788992428000027022 26186
504704 1788992429000000855 1788992429000026651 25796
504705 1788992430000000855 1788992430000026578 25723
504706 1788992431000000856 1788992431000026448 25592
504707 1788992432000000856 1788992432000027485 26629
504708 1788992433000000838 1788992433000026189 25351
504709 1788992434000000838 1788992434000028042 27204
504710 1788992435000000857 1788992435000027838 26981
504711 1788992436000000838 1788992436000028838 28000
504712 1788992437000000839 1788992437000026505 25666
504713 1788992438000000857 1788992438000028376 27519
504714 1788992439000000858 1788992439000027154 26296
504715 1788992440000000858 1788992440000028728 27870
504716 1788992441000000840 1788992441000025969 25129
504717 1788992442000000858 1788992442000027414 26556
504718 1788992443000000840 1788992443000028692 27852
504719 1788992444000000840 1788992444000028896 28056
504720 1788992445000000841 1788992445000027952 27111
504721 1788992446000000841 1788992446000030452 29611
504722 1788992447000000841 1788992447000027119 26278
504723 1788992448000000842 1788992448000027471 26629
504724 1788992449000000860 1788992449000025620 24760
504725 1788992450000000842 1788992450000030694 29852
504726 1788992451000000861 1788992451000027324 26463
504727 1788992452000000843 1788992452000028140 27297
504728 1788992453000000863 1788992453000026196 25333
504729 1788992454000000863 1788992454000027678 26815
504730 1788992455000000864 1788992455000026901 26037
504731 1788992456000000846 1788992456000029160 28314
504732 1788992457000000845 1788992457000025957 25112
504733 1788992458000000845 1788992458000027531 26686
504734 1788992459000000845 1788992459000025901 25056
504735 1788992460000000845 1788992460000026420 25575
504736 1788992461000000864 1788992461000066235 65371
504737 1788992462000000846 1788992462000025365 24519
504738 1788992463000000846 1788992463000022754 21908
504739 1788992464000000865 1788992464000064921 64056
504740 1788992465000000847 1788992465000028347 27500
504741 1788992466000000847 1788992466000028218 27371
504742 1788992467000000866 1788992467000028940 28074
504743 1788992468000000848 1788992468000028996 28148
504744 1788992469000000848 1788992469000027571 26723
504745 1788992470000000849 1788992470000026460 25611
504746 1788992471000000849 1788992471000027793 26944
504747 1788992472000000849 1788992472000027794 26945
504748 1788992473000000849 1788992473000027720 26871
504749 1788992474000000850 1788992474000028387 27537
504750 1788992475000000850 1788992475000028183 27333
504751 1788992476000000850 1788992476000027609 26759
504752 1788992477000000850 1788992477000027906 27056
504753 1788992478000000851 1788992478000028943 28092
504754 1788992479000000851 1788992479000029906 29055
504755 1788992480000000851 1788992480000028814 27963
504756 1788992481000000851 1788992481000026407 25556
504757 1788992482000000852 1788992482000030000 29148
504758 1788992483000000852 1788992483000028537 27685
504759 1788992484000000852 1788992484000030778 29926
504760 1788992485000000852 1788992485000028982 28130
504761 1788992486000000853 1788992486000027593 26740
504762 1788992487000000853 1788992487000029538 28685
504763 1788992488000000853 1788992488000027372 26519
504764 1788992489000000872 1788992489000026613 25741
504765 1788992490000000854 1788992490000024317 23463
504766 1788992491000000854 1788992491000028317 27463
504767 1788992492000000854 1788992492000025484 24630
504768 1788992493000000836 1788992493000030206 29370
504769 1788992494000000854 1788992494000035058 34204
504770 1788992495000000855 1788992495000029614 28759
504771 1788992496000000836 1788992496000027929 27093
504772 1788992497000000855 1788992497000027929 27074
504773 1788992498000000855 1788992498000026040 25185
504774 1788992499000000856 1788992499000026948 26092
504775 1788992500000000856 1788992500000029430 28574
504776 1788992501000000856 1788992501000027782 26926
504777 1788992502000000856 1788992502000025264 24408
504778 1788992503000000856 1788992503000026801 25945
504779 1788992504000000838 1788992504000025709 24871
504780 1788992505000000857 1788992505000026783 25926
504781 1788992506000000857 1788992506000045672 44815
504782 1788992507000000857 1788992507000029617 28760
504783 1788992508000000839 1788992508000026524 25685
504784 1788992509000000858 1788992509000027895 27037
504785 1788992510000000839 1788992510000026654 25815
504786 1788992511000000839 1788992511000028506 27667
504787 1788992512000000840 1788992512000028655 27815
504788 1788992513000000859 1788992513000029266 28407
504789 1788992514000000859 1788992514000028303 27444
504790 1788992515000000840 1788992515000029026 28186
504791 1788992516000000841 1788992516000026433 25592
504792 1788992517000000859 1788992517000027230 26371
504793 1788992518000000860 1788992518000028230 27370
504794 1788992519000000841 1788992519000030101 29260
504795 1788992520000000860 1788992520000027564 26704
504796 1788992521000000860 1788992521000027546 26686
504797 1788992522000000861 1788992522000042027 41166
504798 1788992523000000861 1788992523000028916 28055
504799 1788992524000000842 1788992524000027842 27000
504800 1788992525000000842 1788992525000026509 25667
504801 1788992526000000842 1788992526000029027 28185
504802 1788992527000000841 1788992527000029249 28408
504803 1788992528000000860 1788992528000029767 28907
504804 1788992529000000842 1788992529000028897 28055
504805 1788992530000000842 1788992530000026805 25963
504806 1788992531000000842 1788992531000029287 28445
504807 1788992532000000843 1788992532000030083 29240
504808 1788992533000000862 1788992533000027973 27111
504809 1788992534000000862 1788992534000060844 59982
504810 1788992535000000844 1788992535000028529 27685
504811 1788992536000000844 1788992536000027881 27037
504812 1788992537000000845 1788992537000028752 27907
504813 1788992538000000863 1788992538000028808 27945
504814 1788992539000000845 1788992539000029753 28908
504815 1788992540000000845 1788992540000026864 26019
504816 1788992541000000846 1788992541000026531 25685
504817 1788992542000000846 1788992542000026253 25407
504818 1788992543000000865 1788992543000029272 28407
504819 1788992544000000847 1788992544000025735 24888
504820 1788992545000000847 1788992545000026791 25944
504821 1788992546000000847 1788992546000025718 24871
504822 1788992547000000866 1788992547000028533 27667
504823 1788992548000000848 1788992548000026700 25852
504824 1788992549000000849 1788992549000027904 27055
504825 1788992550000000849 1788992550000028701 27852
504826 1788992551000000849 1788992551000027146 26297
504827 1788992552000000850 1788992552000028794 27944
504828 1788992553000000850 1788992553000027591 26741
504829 1788992554000000850 1788992554000028332 27482
504830 1788992555000000850 1788992555000028850 28000
504831 1788992556000000851 1788992556000027517 26666
504832 1788992557000000851 1788992557000025314 24463
504833 1788992558000000851 1788992558000027055 26204
504834 1788992559000000851 1788992559000028351 27500
504835 1788992560000000852 1788992560000027592 26740
504836 1788992561000000852 1788992561000028741 27889
504837 1788992562000000852 1788992562000030500 29648
504838 1788992563000000852 1788992563000028056 27204
504839 1788992564000000853 1788992564000028816 27963
504840 1788992565000000853 1788992565000028705 27852
504841 1788992566000000853 1788992566000028927 28074
504842 1788992567000000853 1788992567000030131 29278
504843 1788992568000000854 1788992568000029224 28370
504844 1788992569000000835 1788992569000028595 27760
504845 1788992570000000854 1788992570000028447 27593
504846 1788992571000000854 1788992571000029632 28778
504847 1788992572000000855 1788992572000028114 27259
504848 1788992573000000855 1788992573000028503 27648
504849 1788992574000000855 1788992574000030799 29944
504850 1788992575000000837 1788992575000029170 28333
504851 1788992576000000855 1788992576000029115 28260
504852 1788992577000000856 1788992577000028800 27944
504853 1788992578000000837 1788992578000028911 28074
504854 1788992579000000856 1788992579000027764 26908
504855 1788992580000000838 1788992580000028856 28018
504856 1788992581000000857 1788992581000027171 26314
504857 1788992582000000857 1788992582000028190 27333
504858 1788992583000000857 1788992583000029450 28593
504859 1788992584000000839 1788992584000028765 27926
504860 1788992585000000839 1788992585000045691 44852
504861 1788992586000000858 1788992586000029302 28444
504862 1788992587000000858 1788992587000026988 26130
504863 1788992588000000858 1788992588000030692 29834
504864 1788992589000000858 1788992589000027896 27038
504865 1788992590000000840 1788992590000031599 30759
504866 1788992591000000859 1788992591000028340 27481
504867 1788992592000000841 1788992592000028304 27463
504868 1788992593000000859 1788992593000026878 26019
504869 1788992594000000841 1788992594000030100 29259
504870 1788992595000000841 1788992595000030415 29574
504871 1788992596000000842 1788992596000028434 27592
504872 1788992597000000842 1788992597000027916 27074
504873 1788992598000000842 1788992598000029286 28444
504874 1788992599000000842 1788992599000027583 26741
504875 1788992600000000842 1788992600000029028 28186
504876 1788992601000000843 1788992601000029417 28574
504877 1788992602000000843 1788992602000029528 28685
504878 1788992603000000843 1788992603000027917 27074
504879 1788992604000000843 1788992604000030232 29389
504880 1788992605000000844 1788992605000026881 26037
504881 1788992606000000862 1788992606000028622 27760
504882 1788992607000000844 1788992607000028233 27389
504883 1788992608000000845 1788992608000030141 29296
504884 1788992609000000845 1788992609000026919 26074
504885 1788992610000000845 1788992610000029549 28704
504886 1788992611000000864 1788992611000027901 27037
504887 1788992612000000846 1788992612000029883 29037
504888 1788992613000000846 1788992613000026124 25278
504889 1788992614000000847 1788992614000029550 28703
504890 1788992615000000828 1788992615000027421 26593
504891 1788992616000000866 1788992616000036866 36000
504892 1788992617000000848 1788992617000027625 26777
504893 1788992618000000848 1788992618000032978 32130
504894 1788992619000000848 1788992619000028904 28056
504895 1788992620000000830 1788992620000031293 30463
504896 1788992621000000849 1788992621000037460 36611
504897 1788992622000000849 1788992622000024868 24019
504898 1788992623000000849 1788992623000025609 24760
504899 1788992624000000831 1788992624000024609 23778
504900 1788992625000000831 1788992625000025202 24371
504901 1788992626000000850 1788992626000024498 23648
504902 1788992627000000850 1788992627000024924 24074
504903 1788992628000000851 1788992628000025017 24166
504904 1788992629000000851 1788992629000023277 22426
504905 1788992630000000852 1788992630000026111 25259
504906 1788992631000000852 1788992631000025074 24222
504907 1788992632000000852 1788992632000024538 23686
504908 1788992633000000853 1788992633000025334 24481
504909 1788992634000000853 1788992634000025260 24407
504910 1788992635000000853 1788992635000025742 24889
504911 1788992636000000853 1788992636000025335 24482
504912 1788992637000000854 1788992637000023705 22851
504913 1788992638000000854 1788992638000024446 23592
504914 1788992639000000854 1788992639000023743 22889
504915 1788992640000000854 1788992640000024225 23371
504916 1788992641000000836 1788992641000024040 23204
504917 1788992642000000836 1788992642000023244 22408
504918 1788992643000000837 1788992643000022763 21926
504919 1788992644000000856 1788992644000022856 22000
504920 1788992645000000838 1788992645000023486 22648
504921 1788992646000000857 1788992646000023560 22703
504922 1788992647000000857 1788992647000024487 23630
504923 1788992648000000858 1788992648000025487 24629
504924 1788992649000000858 1788992649000024858 24000
504925 1788992650000000858 1788992650000024284 23426
504926 1788992651000000858 1788992651000024377 23519
504927 1788992652000000859 1788992652000026655 25796
504928 1788992653000000840 1788992653000022192 21352
504929 1788992654000000859 1788992654000026304 25445
504930 1788992655000000841 1788992655000023582 22741
504931 1788992656000000860 1788992656000023397 22537
504932 1788992657000000841 1788992657000024916 24075
504933 1788992658000000842 1788992658000024916 24074
504934 1788992659000000860 1788992659000023620 22760
504935 1788992660000000842 1788992660000027509 26667
504936 1788992661000000842 1788992661000022713 21871
504937 1788992662000000861 1788992662000026158 25297
504938 1788992663000000843 1788992663000024713 23870
504939 1788992664000000843 1788992664000023899 23056
504940 1788992665000000862 1788992665000022418 21556
504941 1788992666000000862 1788992666000025047 24185
504942 1788992667000000863 1788992667000024585 23722
504943 1788992668000000826 1788992668000024511 23685
504944 1788992669000000863 1788992669000024696 23833
504945 1788992670000000863 1788992670000023086 22223
504946 1788992671000000864 1788992671000023919 23055
504947 1788992672000000845 1788992672000024808 23963
504948 1788992673000000845 1788992673000022493 21648
504949 1788992674000000845 1788992674000023697 22852
504950 1788992675000000845 1788992675000024253 23408
504951 1788992676000000846 1788992676000024068 23222
504952 1788992677000000846 1788992677000023587 22741
504953 1788992678000000846 1788992678000024327 23481
504954 1788992679000000865 1788992679000024476 23611
504955 1788992680000000847 1788992680000025328 24481
504956 1788992681000000828 1788992681000023699 22871
504957 1788992682000000847 1788992682000026143 25296
504958 1788992683000000847 1788992683000024218 23371
504959 1788992684000000848 1788992684000024625 23777
504960 1788992685000000866 1788992685000022996 22130
504961 1788992686000000848 1788992686000023774 22926
504962 1788992687000000848 1788992687000025645 24797
504963 1788992688000000849 1788992688000025534 24685
504964 1788992689000000849 1788992689000022312 21463
504965 1788992690000000849 1788992690000024238 23389
504966 1788992691000000850 1788992691000024461 23611
504967 1788992692000000850 1788992692000024776 23926
504968 1788992693000000850 1788992693000021647 20797
504969 1788992694000000851 1788992694000024517 23666
504970 1788992695000000832 1788992695000024981 24149
504971 1788992696000000870 1788992696000024110 23240
504972 1788992697000000851 1788992697000024333 23482
504973 1788992698000000852 1788992698000025148 24296
504974 1788992699000000852 1788992699000023907 23055
504975 1788992700000000852 1788992700000068482 67630
504976 1788992701000000852 1788992701000024427 23575
504977 1788992702000000853 1788992702000025168 24315
504978 1788992703000000853 1788992703000026483 25630
504979 1788992704000000853 1788992704000026446 25593
504980 1788992705000000854 1788992705000024335 23481
504981 1788992706000000854 1788992706000067298 66444
504982 1788992707000000854 1788992707000023984 23130
504983 1788992708000000854 1788992708000023651 22797
504984 1788992709000000855 1788992709000024521 23666
504985 1788992710000000855 1788992710000026040 25185
504986 1788992711000000837 1788992711000024114 23277
