1788991991000072017 1788991991000001832 70185
1788991992000028251 1788991992000001807 26444
1788991993000028059 1788991993000001800 26259
1788991994000029922 1788991994000001793 28129
1788991995000030101 1788991995000001786 28315
1788991996000027631 1788991996000001798 25833
1788991997000027402 1788991997000001809 25593
1788991998000028006 1788991998000001784 26222
1788991999000028092 1788991999000001777 26315
1788992000000031919 1788992000000001789 30130
1788992001000030671 1788992001000001782 28889
1788992002000030553 1788992002000001794 28759
1788992003000029861 1788992003000001787 28074
1788992004000031058 1788992004000001799 29259
1788992005000029329 1788992005000001792 27537
1788992006000029730 1788992006000001786 27944
1788992007000028538 1788992007000001779 26759
1788992008000031717 1788992008000001809 29908
1788992009000028932 1788992009000001821 27111
1788992010000027426 1788992010000001796 25630
1788992011000029530 1788992011000001808 27722
1788992012000031782 1788992012000001782 30000
1788992013000030109 1788992013000001794 28315
1788992014000029158 1788992014000001787 27371
1788992015000029262 1788992015000001780 27482
1788992016000029626 1788992016000001774 27852
1788992017000029341 1788992017000001804 27537
1788992018000030408 1788992018000001797 28611
1788992019000027513 1788992019000001791 25722
1788992020000028117 1788992020000001784 26333
1788992021000028981 1788992021000001778 27203
1788992022000029549 1788992022000001790 27759
1788992023000030135 1788992023000001783 28352
1788992024000029184 1788992024000001776 27408
1788992025000027251 1788992025000001788 25463
1788992026000028411 1788992026000001800 26611
1788992027000026367 1788992027000001793 24574
1788992028000028842 1788992028000001787 27055
1788992029000027632 1788992029000001873 25759
1788992030000028996 1788992030000001811 27185
1788992031000028248 1788992031000001785 26463
1788992032000031649 1788992032000001797 29852
1788992033000027031 1788992033000001809 25222
1788992034000029820 1788992034000001783 28037
1788992035000028610 1788992035000001795 26815
1788992036000030937 1788992036000001807 29130
1788992037000028504 1788992037000001800 26704
1788992038000028256 1788992038000001793 26463
1788992039000027694 1788992039000001805 25889
1788992040000030669 1788992040000001798 28871
1788992041000028366 1788992041000001829 26537
1788992042000028137 1788992042000001804 26333
1788992043000030334 1788992043000001797 28537
1788992044000031253 1788992044000001790 29463
1788992045000029839 1788992045000001820 28019
1788992046000030073 1788992046000001795 28278
1788992047000030881 1788992047000001807 29074
1788992048000032040 1788992048000001781 30259
1788992049000028460 1788992049000001793 26667
1788992050000030268 1788992050000001805 28463
1788992051000030039 1788992051000001798 28241
1788992052000030680 1788992052000001810 28870
1788992053000031488 1788992053000001803 29685
1788992054000029685 1788992054000001777 27908
1788992055000028752 1788992055000001789 26963
1788992056000030042 1788992056000001801 28241
1788992057000028424 1788992057000001813 26611
1788992058000030565 1788992058000001787 28778
1788992059000027262 1788992059000001781 25481
1788992060000030589 1788992060000001792 28797
1788992061000030452 1788992061000001804 28648
1788992062000030001 1788992062000001834 28167
1788992063000028420 1788992063000001827 26593
1788992064000029802 1788992064000001802 28000
1788992065000026666 1788992065000001796 24870
1788992066000030715 1788992066000001789 28926
1788992067000028801 1788992067000001801 27000
1788992068000029146 1788992068000001794 27352
1788992069000028343 1788992069000001787 26556
1788992070000029002 1788992070000001799 27203
1788992071000032051 1788992071000001792 30259
1788992072000028211 1788992072000001804 26407
1788992073000030038 1788992073000001797 28241
1788992074000029253 1788992074000001790 27463
1788992075000029246 1788992075000001839 27407
1788992076000025647 1788992076000001795 23852
1788992077000031233 1788992077000001788 29445
1788992078000027596 1788992078000001781 25815
1788992079000031240 1788992079000001795 29445
1788992080000027236 1788992080000001810 25426
1788992081000030377 1788992081000001803 28574
1788992082000028704 1788992082000001815 26889
1788992083000032290 1788992083000001790 30500
1788992084000029505 1788992084000001802 27703
1788992085000027350 1788992085000001813 25537
1788992086000029232 1788992086000001788 27444
1788992087000031300 1788992087000001800 29500
1788992088000028756 1788992088000001793 26963
1788992089000030323 1788992089000001805 28518
1788992090000027002 1788992090000001798 25204
1788992091000031328 1788992091000001810 29518
1788992092000028618 1788992092000001822 26796
1788992093000030963 1788992093000001815 29148
1788992094000026456 1788992094000001808 24648
1788992095000031486 1788992095000001801 29685
1788992096000028016 1788992096000001794 26222
1788992097000028787 1788992097000001787 27000
1788992098000027280 1788992098000001798 25482
1788992099000030181 1788992099000001792 28389
1788992100000030340 1788992100000001803 28537
1788992101000030889 1788992101000001815 29074
1788992102000028364 1788992102000001827 26537
1788992103000027783 1788992103000001820 25963
1788992104000031258 1788992104000001813 29445
1788992105000028584 1788992105000001807 26777
1788992106000030170 1788992106000001800 28370
1788992107000027608 1788992107000001793 25815
1788992108000030916 1788992108000001823 29093
1788992109000029279 1788992109000001816 27463
1788992110000027864 1788992110000001809 26055
1788992111000029672 1788992111000001802 27870
1788992112000030350 1788992112000001795 28555
1788992113000028750 1788992113000001806 26944
1788992114000030651 1788992114000001799 28852
1788992115000029773 1788992115000001810 27963
1788992116000030785 1788992116000001804 28981
1788992117000030149 1788992117000001797 28352
1788992118000028697 1788992118000001790 26907
1788992119000030431 1788992119000001802 28629
1788992120000030628 1788992120000001795 28833
1788992121000028399 1788992121000001807 26592
1788992122000032781 1788992122000001818 30963
1788992123000029089 1788992123000001812 27277
1788992124000028897 1788992124000001823 27074
1788992125000074353 1788992125000001816 72537
1788992126000031050 1788992126000001810 29240
1788992127000030543 1788992127000001803 28740
1788992128000033314 1788992128000001795 31519
1788992129000029899 1788992129000001807 28092
1788992130000032985 1788992130000001818 31167
1788992131000030959 1788992131000001811 29148
1788992132000031823 1788992132000001804 30019
1788992133000033983 1788992133000001797 32186
1788992134000079587 1788992134000001809 77778
1788992135000027154 1788992135000001821 25333
1788992136000027906 1788992136000001814 26092
1788992137000029566 1788992137000001807 27759
1788992138000030744 1788992138000001800 28944
1788992139000030367 1788992139000001793 28574
1788992140000029119 1788992140000001804 27315
1788992141000028019 1788992141000001797 26222
1788992142000030309 1788992142000001790 28519
1788992143000027783 1788992143000001802 25981
1788992144000029665 1788992144000001795 27870
1788992145000028955 1788992145000001788 27167
1788992146000039041 1788992146000001800 37241
1788992147000031071 1788992147000001793 29278
1788992148000029045 1788992148000001805 27240
1788992149000028113 1788992149000001816 26297
1788992150000030291 1788992150000001810 28481
1788992151000029525 1788992151000001803 27722
1788992152000027166 1788992152000001796 25370
1788992153000027622 1788992153000001808 25814
1788992154000030986 1788992154000001801 29185
1788992155000028942 1788992155000001812 27130
1788992156000030269 1788992156000001787 28482
1788992157000027373 1788992157000001817 25556
1788992158000029459 1788992158000001810 27649
1788992159000028859 1788992159000001804 27055
1788992160000030389 1788992160000001797 28592
1788992161000028864 1788992161000001827 27037
1788992162000029764 1788992162000001801 27963
1788992163000030534 1788992163000001793 28741
1788992164000032396 1788992164000001803 30593
1788992165000030610 1788992165000001795 28815
1788992166000029436 1788992166000001788 27648
1788992167000029540 1788992167000001800 27740
1788992168000029996 1788992168000001793 28203
1788992169000027138 1788992169000001786 25352
1788992170000028612 1788992170000001798 26814
1788992171000029068 1788992171000001809 27259
1788992172000030117 1788992172000001784 28333
1788992173000031555 1788992173000001795 29760
1788992174000030326 1788992174000001807 28519
1788992175000029985 1788992175000001800 28185
1788992176000030701 1788992176000001793 28908
1788992177000029009 1788992177000001786 27223
1788992178000030705 1788992178000001779 28926
1788992179000029810 1788992179000001810 28000
1788992180000029748 1788992180000001822 27926
1788992181000026445 1788992181000001815 24630
1788992182000032420 1788992182000001808 30612
1788992183000029820 1788992183000001783 28037
1788992184000028739 1788992184000001795 26944
1788992185000029066 1788992185000001788 27278
1788992186000030596 1788992186000001799 28797
1788992187000028237 1788992187000001793 26444
1788992188000028693 1788992188000001786 26907
1788992189000028557 1788992189000001797 26760
1788992190000030827 1788992190000001809 29018
1788992191000027487 1788992191000001784 25703
1788992192000051592 1788992192000001795 49797
1788992193000031103 1788992193000001789 29314
1788992194000028374 1788992194000001800 26574
1788992195000031886 1788992195000001794 30092
1788992196000027880 1788992196000001806 26074
1788992197000030614 1788992197000001799 28815
1788992198000028996 1788992198000001792 27204
1788992199000031378 1788992199000001804 29574
1788992200000027056 1788992200000001797 25259
1788992201000029272 1788992201000001790 27482
1788992202000029302 1788992202000001802 27500
1788992203000029202 1788992203000001795 27407
1788992204000028418 1788992204000001788 26630
1788992205000031596 1788992205000001800 29796
1788992206000029682 1788992206000001793 27889
1788992207000030471 1788992207000001786 28685
1788992208000029335 1788992208000001798 27537
1788992209000031680 1788992209000001810 29870
1788992210000030248 1788992210000001785 28463
1788992211000029722 1788992211000001796 27926
1788992212000028456 1788992212000001808 26648
1788992213000029839 1788992213000001802 28037
1788992214000033647 1788992214000001795 31852
1788992215000031140 1788992215000001788 29352
1788992216000028596 1788992216000001800 26796
1788992217000032552 1788992217000001793 30759
1788992218000026786 1788992218000001805 24981
1788992219000029224 1788992219000001798 27426
1788992220000027550 1788992220000001791 25759
1788992221000031784 1788992221000001858 29926
1788992222000028370 1788992222000001815 26555
1788992223000031938 1788992223000001826 30112
1788992224000028245 1788992224000001820 26425
1788992225000030442 1788992225000001794 28648
1788992226000028843 1788992226000001824 27019
1788992227000030502 1788992227000001780 28722
1788992228000028662 1788992228000001791 26871
1788992229000029525 1788992229000001803 27722
1788992230000029388 1788992230000001796 27592
1788992231000028659 1788992231000001807 26852
1788992232000027319 1788992232000001837 25482
1788992233000029997 1788992233000001812 28185
1788992234000027009 1788992234000001787 25222
1788992235000030298 1788992235000001817 28481
1788992236000031402 1788992236000001791 29611
1788992237000030322 1788992237000001803 28519
1788992238000030148 1788992238000001796 28352
1788992239000031141 1788992239000001808 29333
1788992240000029542 1788992240000001782 27760
1788992241000061238 1788992241000001794 59444
1788992242000027250 1788992242000001787 25463
1788992243000032225 1788992243000001799 30426
1788992244000028088 1788992244000001810 26278
1788992245000030878 1788992245000001804 29074
1788992246000029111 1788992246000001797 27314
1788992247000029827 1788992247000001790 28037
1788992248000026968 1788992248000001801 25167
1788992249000027165 1788992249000001795 25370
1788992250000026232 1788992250000001806 24426
1788992251000030059 1788992251000001799 28260
1788992252000028237 1788992252000001792 26445
1788992253000028841 1788992253000001804 27037
1788992254000028612 1788992254000001816 26796
1788992255000029976 1788992255000001790 28186
1788992256000029302 1788992256000001802 27500
1788992257000029832 1788992257000001814 28018
1788992258000027066 1788992258000001807 25259
1788992259000030818 1788992259000001800 29018
1788992260000029997 1788992260000001812 28185
1788992261000028434 1788992261000001823 26611
1788992262000027853 1788992262000001798 26055
1788992263000030550 1788992263000001791 28759
1788992264000029321 1788992264000001803 27518
1788992265000029888 1788992265000001814 28074
1788992266000028826 1788992266000001807 27019
1788992267000030986 1788992267000001800 29186
1788992268000030405 1788992268000001812 28593
1788992269000026768 1788992269000001787 24981
1788992270000030798 1788992270000001798 29000
1788992271000030828 1788992271000001810 29018
1788992272000029673 1788992272000001803 27870
1788992273000030778 1788992273000001796 28982
1788992274000028308 1788992274000001808 26500
1788992275000030301 1788992275000001801 28500
1788992276000030998 1788992276000001794 29204
1788992277000031158 1788992277000001787 29371
1788992278000027854 1788992278000001780 26074
1788992279000028866 1788992279000001792 27074
1788992280000028730 1788992280000001804 26926
1788992281000030575 1788992281000001852 28723
1788992282000027697 1788992282000001808 25889
1788992283000029061 1788992283000001783 27278
1788992284000029609 1788992284000001813 27796
1788992285000032195 1788992285000001825 30370
1788992286000026910 1788992286000001799 25111
1788992287000033181 1788992287000001793 31388
1788992288000029767 1788992288000001804 27963
1788992289000029334 1788992289000001779 27555
1788992290000028624 1788992290000001790 26834
1788992291000027450 1788992291000001821 25629
1788992292000029332 1788992292000001777 27555
1788992293000030844 1788992293000001807 29037
1788992294000028985 1788992294000001800 27185
1788992295000031663 1788992295000001812 29851
1788992296000028712 1788992296000001805 26907
1788992297000029316 1788992297000001798 27518
1788992298000030513 1788992298000001791 28722
1788992299000029191 1788992299000001803 27388
1788992300000029462 1788992300000001796 27666
1788992301000030733 1788992301000001789 28944
1788992302000029782 1788992302000001800 27982
1788992303000031071 1788992303000001812 29259
1788992304000029694 1788992304000001787 27907
1788992305000028521 1788992305000001835 26686
1788992306000029569 1788992306000001791 27778
1788992307000030433 1788992307000001803 28630
1788992308000027815 1788992308000001833 25982
1788992309000028863 1788992309000001826 27037
1788992310000028542 1788992310000001801 26741
1788992311000028516 1788992311000001813 26703
1788992312000029084 1788992312000001806 27278
1788992313000044503 1788992313000001854 42649
1788992314000028829 1788992314000001773 27056
1788992315000028266 1788992315000001803 26463
1788992316000029389 1788992316000001796 27593
1788992317000030530 1788992317000001789 28741
1788992318000028264 1788992318000001782 26482
1788992319000028553 1788992319000001794 26759
1788992320000028491 1788992320000001787 26704
1788992321000028817 1788992321000001799 27018
1788992322000029366 1788992322000001829 27537
1788992323000030340 1788992323000001803 28537
1788992324000029963 1788992324000001797 28166
1788992325000029216 1788992325000001808 27408
1788992326000028746 1788992326000001801 26945
1788992327000030165 1788992327000001794 28371
1788992328000026102 1788992328000001806 24296
1788992329000029392 1788992329000001799 27593
1788992330000027200 1788992330000001792 25408
1788992331000030434 1788992331000001841 28593
1788992332000028427 1788992332000001797 26630
1788992333000028161 1788992333000001809 26352
1788992334000028450 1788992334000001802 26648
1788992335000031295 1788992335000001795 29500
1788992336000028010 1788992336000001788 26222
1788992337000032670 1788992337000001800 30870
1788992338000029960 1788992338000001811 28149
1788992339000030360 1788992339000001805 28555
1788992340000028779 1788992340000001798 26981
1788992341000033920 1788992341000001846 32074
1788992342000027932 1788992342000001802 26130
1788992343000031703 1788992343000001833 29870
1788992344000030159 1788992344000001789 28370
1788992345000028708 1788992345000001782 26926
1788992346000030553 1788992346000001812 28741
1788992347000029212 1788992347000001787 27425
1788992348000030687 1788992348000001798 28889
1788992349000028754 1788992349000001810 26944
1788992350000028025 1788992350000001803 26222
1788992351000028963 1788992351000001796 27167
1788992352000028956 1788992352000001808 27148
1788992353000027838 1788992353000001819 26019
1788992354000031998 1788992354000001794 30204
1788992355000028991 1788992355000001806 27185
1788992356000027873 1788992356000001836 26037
1788992357000029847 1788992357000001810 28037
1788992358000029841 1788992358000001804 28037
1788992359000030686 1788992359000001797 28889
1788992360000029345 1788992360000001790 27555
1788992361000028690 1788992361000001801 26889
1788992362000029424 1788992362000001813 27611
1788992363000030843 1788992363000001806 29037
1788992364000029355 1788992364000001781 27574
1788992365000028644 1788992365000001792 26852
1788992366000028563 1788992366000001786 26777
1788992367000030316 1788992367000001797 28519
1788992368000027475 1788992368000001809 25666
1788992369000026709 1788992369000001802 24907
1788992370000028980 1788992370000001795 27185
1788992371000028899 1788992371000001807 27092
1788992372000027966 1788992372000001818 26148
1788992373000027034 1788992373000001793 25241
1788992374000027693 1788992374000001823 25870
1788992375000028779 1788992375000001798 26981
1788992376000031587 1788992376000001791 29796
1788992377000029136 1788992377000001784 27352
1788992378000030592 1788992378000001796 28796
1788992379000028511 1788992379000001789 26722
1788992380000029893 1788992380000001800 28093
1788992381000028682 1788992381000001793 26889
1788992382000027231 1788992382000001824 25407
1788992383000028928 1788992383000001798 27130
1788992384000029310 1788992384000001791 27519
1788992385000028581 1788992385000001803 26778
1788992386000028296 1788992386000001796 26500
1788992387000030900 1788992387000001789 29111
1788992388000029319 1788992388000001801 27518
1788992389000028664 1788992389000001794 26870
1788992390000032009 1788992390000001806 30203
1788992391000029595 1788992391000001799 27796
1788992392000030662 1788992392000001792 28870
1788992393000027359 1788992393000001804 25555
1788992394000029556 1788992394000001797 27759
1788992395000031123 1788992395000001808 29315
1788992396000030357 1788992396000001801 28556
1788992397000030072 1788992397000001794 28278
1788992398000027991 1788992398000001806 26185
1788992399000076392 1788992399000001799 74593
1788992400000029570 1788992400000001792 27778
1788992401000028971 1788992401000001804 27167
1788992402000030075 1788992402000001797 28278
1788992403000030864 1788992403000001772 29092
1788992404000029987 1788992404000001802 28185
1788992405000030628 1788992405000001795 28833
1788992406000030010 1788992406000001807 28203
1788992407000030466 1788992407000001818 28648
1788992408000030052 1788992408000001811 28241
1788992409000028360 1788992409000001804 26556
1788992410000030001 1788992410000001779 28222
1788992411000027420 1788992411000001791 25629
1788992412000031913 1788992412000001784 30129
1788992413000028610 1788992413000001795 26815
1788992414000030881 1788992414000001807 29074
1788992415000039726 1788992415000001800 37926
1788992416000029441 1788992416000001793 27648
1788992417000026027 1788992417000001805 24222
1788992418000030242 1788992418000001798 28444
1788992419000038773 1788992419000001791 36982
1788992420000035877 1788992420000001803 34074
1788992421000033944 1788992421000001814 32130
1788992422000034974 1788992422000001789 33185
1788992423000030523 1788992423000001801 28722
1788992424000076294 1788992424000001794 74500
1788992425000034120 1788992425000001787 32333
1788992426000034021 1788992426000001780 32241
1788992427000033403 1788992427000001773 31630
1788992428000031396 1788992428000001785 29611
1788992429000030796 1788992429000001796 29000
1788992430000030956 1788992430000001808 29148
1788992431000030727 1788992431000001820 28907
1788992432000032924 1788992432000001795 31129
1788992433000030584 1788992433000001806 28778
1788992434000032596 1788992434000001818 30778
1788992435000032311 1788992435000001793 30518
1788992436000033823 1788992436000001804 32019
1788992437000030835 1788992437000001798 29037
1788992438000033309 1788992438000001791 31518
1788992439000031913 1788992439000001784 30129
1788992440000033462 1788992440000001814 31648
1788992441000030326 1788992441000001789 28537
1788992442000031800 1788992442000001782 30018
1788992443000033312 1788992443000001793 31519
1788992444000033472 1788992444000001786 31686
1788992445000032113 1788992445000001798 30315
1788992446000034643 1788992446000001810 32833
1788992447000031414 1788992447000001821 29593
1788992448000031685 1788992448000001815 29870
1788992449000030160 1788992449000001808 28352
1788992450000035135 1788992450000001783 33352
1788992451000031998 1788992451000001794 30204
1788992452000032602 1788992452000001806 30796
1788992453000030836 1788992453000001799 29037
1788992454000032181 1788992454000001792 30389
1788992455000031582 1788992455000001804 29778
1788992456000033334 1788992456000001797 31537
1788992457000029975 1788992457000001790 28185
1788992458000032191 1788992458000001783 30408
1788992459000030350 1788992459000001795 28555
1788992460000030825 1788992460000001788 29037
1788992461000071374 1788992461000001818 69556
1788992462000030015 1788992462000001793 28222
1788992463000027305 1788992463000001805 25500
1788992464000070465 1788992464000001816 68649
1788992465000033125 1788992465000001791 31334
1788992466000033155 1788992466000001785 31370
1788992467000033648 1788992467000001778 31870
1788992468000033956 1788992468000001789 32167
1788992469000032264 1788992469000001783 30481
1788992470000031276 1788992470000001776 29500
1788992471000032566 1788992471000001806 30760
1788992472000032615 1788992472000001800 30815
1788992473000031886 1788992473000001812 30074
1788992474000033417 1788992474000001806 31611
1788992475000032984 1788992475000001817 31167
1788992476000032644 1788992476000001810 30834
1788992477000032730 1788992477000001785 30945
1788992478000033445 1788992478000001797 31648
1788992479000034457 1788992479000001808 32649
1788992480000033302 1788992480000001802 31500
1788992481000031054 1788992481000001795 29259
1788992482000034843 1788992482000001788 33055
1788992483000034225 1788992483000001818 32407
1788992484000036293 1788992484000001811 34482
1788992485000033434 1788992485000001823 31611
1788992486000032316 1788992486000001797 30519
1788992487000034124 1788992487000001790 32334
1788992488000032487 1788992488000001802 30685
1788992489000031591 1788992489000001814 29777
1788992490000028603 1788992490000001807 26796
1788992491000033318 1788992491000001800 31518
1788992492000030311 1788992492000001811 28500
1788992493000034971 1788992493000001804 33167
1788992494000039927 1788992494000001779 38148
1788992495000034383 1788992495000001809 32574
1788992496000032950 1788992496000001802 31148
1788992497000033332 1788992497000001814 31518
1788992498000030344 1788992498000001807 28537
1788992499000032115 1788992499000001800 30315
1788992500000033848 1788992500000001793 32055
1788992501000032564 1788992501000001823 30741
1788992502000029835 1788992502000001798 28037
1788992503000031920 1788992503000001809 30111
1788992504000030117 1788992504000001821 28296
1788992505000030888 1788992505000001796 29092
1788992506000050529 1788992506000001789 48740
1788992507000034689 1788992507000001800 32889
1788992508000030979 1788992508000001812 29167
1788992509000032713 1788992509000001787 30926
1788992510000031650 1788992510000001798 29852
1788992511000033643 1788992511000001791 31852
1788992512000033562 1788992512000001803 31759
1788992513000033907 1788992513000001796 32111
1788992514000033345 1788992514000001789 31556
1788992515000033782 1788992515000001801 31981
1788992516000030850 1788992516000001794 29056
1788992517000031898 1788992517000001787 30111
1788992518000033169 1788992518000001799 31370
1788992519000034903 1788992519000001792 33111
1788992520000032211 1788992520000001785 30426
1788992521000032852 1788992521000001834 31018
1788992522000047197 1788992522000001846 45351
1788992523000033635 1788992523000001839 31796
1788992524000032628 1788992524000001813 30815
1788992525000030788 1788992525000001788 29000
1788992526000033688 1788992526000001818 31870
1788992527000033885 1788992527000001774 32111
1788992528000034378 1788992528000001785 32593
1788992529000033482 1788992529000001797 31685
1788992530000031753 1788992530000001790 29963
1788992531000033820 1788992531000001802 32018
1788992532000035739 1788992532000001795 33944
1788992533000032399 1788992533000001843 30556
1788992534000065503 1788992534000001799 63704
1788992535000033515 1788992535000001848 31667
1788992536000032175 1788992536000001804 30371
1788992537000033242 1788992537000001779 31463
1788992538000033309 1788992538000001790 31519
1788992539000035432 1788992539000001784 33648
1788992540000031369 1788992540000001795 29574
1788992541000031122 1788992541000001807 29315
1788992542000030893 1788992542000001800 29093
1788992543000033923 1788992543000001812 32111
1788992544000029897 1788992544000001823 28074
1788992545000031594 1788992545000001798 29796
1788992546000030532 1788992546000001791 28741
1788992547000033099 1788992547000001784 31315
1788992548000030907 1788992548000001796 29111
1788992549000032659 1788992549000001807 30852
1788992550000032912 1788992550000001801 31111
1788992551000031609 1788992551000001794 29815
1788992552000033602 1788992552000001787 31815
1788992553000031873 1788992553000001780 30093
1788992554000032958 1788992554000001792 31166
1788992555000033841 1788992555000001803 32038
1788992556000032334 1788992556000001797 30537
1788992557000029957 1788992557000001790 28167
1788992558000031765 1788992558000001802 29963
1788992559000032906 1788992559000001795 31111
1788992560000032103 1788992560000001807 30296
1788992561000033374 1788992561000001818 31556
1788992562000035052 1788992562000001793 33259
1788992563000032212 1788992563000001805 30407
1788992564000033742 1788992564000001798 31944
1788992565000033717 1788992565000001809 31908
1788992566000033506 1788992566000001803 31703
1788992567000034796 1788992567000001796 33000
1788992568000033993 1788992568000001807 32186
1788992569000033504 1788992569000001800 31704
1788992570000033164 1788992570000001794 31370
1788992571000034916 1788992571000001787 33129
1788992572000033187 1788992572000001798 31389
1788992573000032921 1788992573000001810 31111
1788992574000035396 1788992574000001822 33574
1788992575000033926 1788992575000001796 32130
1788992576000033567 1788992576000001826 31741
1788992577000034338 1788992577000001801 32537
1788992578000033535 1788992578000001794 31741
1788992579000032398 1788992579000001787 30611
1788992580000033355 1788992580000001780 31575
1788992581000032107 1788992581000001829 30278
1788992582000032582 1788992582000001804 30778
1788992583000034260 1788992583000001815 32445
1788992584000033531 1788992584000001809 31722
1788992585000050320 1788992585000001802 48518
1788992586000033962 1788992586000001795 32167
1788992587000031584 1788992587000001807 29777
1788992588000035503 1788992588000001800 33703
1788992589000032385 1788992589000001793 30592
1788992590000036156 1788992590000001786 34370
1788992591000032446 1788992591000001798 30648
1788992592000032902 1788992592000001809 31093
1788992593000031358 1788992593000001802 29556
1788992594000035314 1788992594000001796 33518
1788992595000034715 1788992595000001826 32889
1788992596000033948 1788992596000001819 32129
1788992597000032756 1788992597000001793 30963
1788992598000033916 1788992598000001787 32129
1788992599000032169 1788992599000001817 30352
1788992600000033421 1788992600000001810 31611
1788992601000033747 1788992601000001803 31944
1788992602000034315 1788992602000001796 32519
1788992603000032697 1788992603000001789 30908
1788992604000034894 1788992604000001801 33093
1788992605000031479 1788992605000001794 29685
1788992606000033120 1788992606000001806 31314
1788992607000032725 1788992607000001799 30926
1788992608000034681 1788992608000001792 32889
1788992609000031804 1788992609000001804 30000
1788992610000034649 1788992610000001797 32852
1788992611000032845 1788992611000001790 31055
1788992612000034690 1788992612000001801 32889
1788992613000030924 1788992613000001795 29129
1788992614000034065 1788992614000001788 32277
1788992615000032096 1788992615000001799 30297
1788992616000041626 1788992616000001792 39834
1788992617000032193 1788992617000001804 30389
1788992618000037686 1788992618000001779 35907
1788992619000033568 1788992619000001790 31778
1788992620000035950 1788992620000001783 34167
1788992621000042425 1788992621000001795 40630
1788992622000029399 1788992622000001788 27611
1788992623000030170 1788992623000001781 28389
1788992624000029090 1788992624000001793 27297
1788992625000030305 1788992625000001787 28518
1788992626000029039 1788992626000001798 27241
1788992627000029680 1788992627000001792 27888
1788992628000030081 1788992628000001803 28278
1788992629000027519 1788992629000001797 25722
1788992630000030753 1788992630000001790 28963
1788992631000029283 1788992631000001802 27481
1788992632000028739 1788992632000001795 26944
1788992633000030306 1788992633000001806 28500
1788992634000029892 1788992634000001818 28074
1788992635000030311 1788992635000001793 28518
1788992636000029934 1788992636000001823 28111
1788992637000028501 1788992637000001797 26704
1788992638000028939 1788992638000001791 27148
1788992639000027987 1788992639000001784 26203
1788992640000028499 1788992640000001795 26704
1788992641000028955 1788992641000001844 27111
1788992642000027541 1788992642000001819 25722
1788992643000027034 1788992643000001830 25204
1788992644000027027 1788992644000001805 25222
1788992645000027687 1788992645000001798 25889
1788992646000027773 1788992646000001810 25963
1788992647000028692 1788992647000001803 26889
1788992648000029815 1788992648000001796 28019
1788992649000029178 1788992649000001789 27389
1788992650000028579 1788992650000001801 26778
1788992651000028961 1788992651000001794 27167
1788992652000031194 1788992652000001806 29388
1788992653000026484 1788992653000001799 24685
1788992654000030310 1788992654000001773 28537
1788992655000027692 1788992655000001822 25870
1788992656000027482 1788992656000001797 25685
1788992657000029068 1788992657000001808 27260
1788992658000029116 1788992658000001801 27315
1788992659000028258 1788992659000001795 26463
1788992660000032121 1788992660000001788 30333
1788992661000026762 1788992661000001799 24963
1788992662000030181 1788992662000001793 28388
1788992663000029008 1788992663000001786 27222
1788992664000028427 1788992664000001797 26630
1788992665000026531 1788992665000001809 24722
1788992666000029672 1788992666000001802 27870
1788992667000028999 1788992667000001795 27204
1788992668000028751 1788992668000001807 26944
1788992669000028985 1788992669000001800 27185
1788992670000027460 1788992670000001812 25648
1788992671000028342 1788992671000001805 26537
1788992672000029224 1788992672000001779 27445
1788992673000026791 1788992673000001791 25000
1788992674000028451 1788992674000001803 26648
1788992675000028963 1788992675000001796 27167
1788992676000028326 1788992676000001808 26518
1788992677000028041 1788992677000001801 26240
1788992678000028553 1788992678000001812 26741
1788992679000029102 1788992679000001805 27297
1788992680000029799 1788992680000001817 27982
1788992681000027829 1788992681000001792 26037
1788992682000031211 1788992682000001803 29408
1788992683000028426 1788992683000001815 26611
1788992684000029456 1788992684000001808 27648
1788992685000027227 1788992685000001801 25426
1788992686000027887 1788992686000001794 26093
1788992687000029954 1788992687000001806 28148
1788992688000029855 1788992688000001818 28037
1788992689000026496 1788992689000001811 24685
1788992690000028471 1788992690000001804 26667
1788992691000028779 1788992691000001797 26982
1788992692000029012 1788992692000001790 27222
1788992693000025839 1788992693000001783 24056
1788992694000029221 1788992694000001795 27426
1788992695000029528 1788992695000001788 27740
1788992696000028244 1788992696000001799 26445
1788992697000028922 1788992697000001793 27129
1788992698000029600 1788992698000001804 27796
1788992699000028520 1788992699000001797 26723
1788992700000073957 1788992700000001790 72167
1788992701000029635 1788992701000001802 27833
1788992702000029814 1788992702000001777 28037
1788992703000030955 1788992703000001825 29130
1788992704000030652 1788992704000001819 28833
1788992705000028590 1788992705000001793 26797
1788992706000071564 1788992706000001787 69777
1788992707000028150 1788992707000001798 26352
1788992708000027773 1788992708000001810 25963
1788992709000029118 1788992709000001785 27333
1788992710000030148 1788992710000001815 28333
1788992711000028178 1788992711000001808 26370
