1789010120500000000 1789010120500020246 1789010120500020320 20246
1789010121500000000 1789010121500015598 1789010121500015654 15598
1789010122500000000 1789010122500014080 1789010122500014172 14080
1789010123500000000 1789010123500013839 1789010123500013932 13839
1789010124500000000 1789010124500013803 1789010124500013877 13803
1789010125500000000 1789010125500014599 1789010125500014692 14599
1789010126500000000 1789010126500015877 1789010126500015970 15877
1789010127500000000 1789010127500015100 1789010127500015174 15100
1789010128500000000 1789010128500015822 1789010128500015915 15822
1789010129500000000 1789010129500015323 1789010129500015378 15323
1789010130500000000 1789010130500015471 1789010130500015545 15471
1789010131500000000 1789010131500014193 1789010131500014286 14193
1789010132500000000 1789010132500014453 1789010132500014527 14453
1789010133500000000 1789010133500014657 1789010133500014749 14657
1789010134500000000 1789010134500015564 1789010134500015638 15564
1789010135500000000 1789010135500016213 1789010135500016287 16213
1789010136500000000 1789010136500013917 1789010136500013972 13917
1789010137500000000 1789010137500015676 1789010137500015769 15676
1789010138500000000 1789010138500014343 1789010138500014398 14343
1789010139500000000 1789010139500014936 1789010139500015010 14936
1789010140500000000 1789010140500015473 1789010140500015547 15473
1789010141500000000 1789010141500014640 1789010141500014732 14640
1789010142500000000 1789010142500016418 1789010142500016492 16418
1789010143500000000 1789010143500013640 1789010143500013696 13640
1789010144500000000 1789010144500013400 1789010144500013474 13400
1789010145500000000 1789010145500014122 1789010145500014196 14122
1789010146500000000 1789010146500014956 1789010146500015030 14956
1789010147500000000 1789010147500015659 1789010147500015734 15659
1789010148500000000 1789010148500015530 1789010148500015604 15530
1789010149500000000 1789010149500015289 1789010149500015364 15289
1789010150500000000 1789010150500015234 1789010150500015308 15234
1789010151500000000 1789010151500014457 1789010151500014531 14457
1789010152500000000 1789010152500015290 1789010152500015364 15290
1789010153500000000 1789010153500014364 1789010153500014457 14364
1789010154500000000 1789010154500014253 1789010154500014309 14253
1789010155500000000 1789010155500015198 1789010155500015272 15198
1789010156500000000 1789010156500014717 1789010156500014791 14717
1789010157500000000 1789010157500013569 1789010157500013643 13569
1789010158500000000 1789010158500013884 1789010158500013958 13884
1789010159500000000 1789010159500015384 1789010159500015477 15384
1789010160500000000 1789010160500014588 1789010160500014662 14588
1789010161500000000 1789010161500013959 1789010161500014051 13959
1789010162500000000 1789010162500016181 1789010162500016255 16181
1789010163500000000 1789010163500015052 1789010163500015144 15052
1789010164500000000 1789010164500015311 1789010164500015385 15311
1789010165500000000 1789010165500014756 1789010165500014830 14756
1789010166500000000 1789010166500014848 1789010166500014922 14848
1789010167500000000 1789010167500016497 1789010167500016589 16497
1789010168500000000 1789010168500015071 1789010168500015164 15071
1789010169500000000 1789010169500014756 1789010169500014830 14756
1789010170500000000 1789010170500014794 1789010170500014868 14794
1789010171500000000 1789010171500015979 1789010171500016072 15979
1789010172500000000 1789010172500013979 1789010172500014072 13979
1789010173500000000 1789010173500015368 1789010173500015461 15368
1789010174500000000 1789010174500014721 1789010174500014795 14721
1789010175500000000 1789010175500014962 1789010175500015054 14962
1789010176500000000 1789010176500014610 1789010176500014703 14610
1789010177500000000 1789010177500014741 1789010177500014833 14741
1789010178500000000 1789010178500014426 1789010178500014500 14426
1789010179500000000 1789010179500014667 1789010179500014760 14667
1789010180500000000 1789010180500015223 1789010180500015297 15223
1789010181500000000 1789010181500014334 1789010181500014408 14334
1789010182500000000 1789010182500014705 1789010182500014797 14705
1789010183500000000 1789010183500014076 1789010183500014168 14076
1789010184500000000 1789010184500015039 1789010184500015095 15039
1789010185500000000 1789010185500015317 1789010185500015392 15317
1789010186500000000 1789010186500014429 1789010186500014503 14429
1789010187500000000 1789010187500016077 1789010187500016170 16077
1789010188500000000 1789010188500015652 1789010188500015726 15652
1789010189500000000 1789010189500014911 1789010189500014985 14911
1789010190500000000 1789010190500015763 1789010190500015819 15763
1789010191500000000 1789010191500016504 1789010191500016597 16504
1789010192500000000 1789010192500016301 1789010192500016375 16301
1789010193500000000 1789010193500013819 1789010193500013893 13819
1789010194500000000 1789010194500014949 1789010194500015023 14949
1789010195500000000 1789010195500015727 1789010195500015801 15727
1789010196500000000 1789010196500015191 1789010196500015283 15191
1789010197500000000 1789010197500015876 1789010197500015950 15876
1789010198500000000 1789010198500015543 1789010198500015617 15543
1789010199500000000 1789010199500015840 1789010199500015914 15840
1789010200500000000 1789010200500015266 1789010200500015321 15266
1789010201500000000 1789010201500014914 1789010201500014988 14914
1789010202500000000 1789010202500015303 1789010202500015377 15303
1789010203500000000 1789010203500013137 1789010203500013230 13137
1789010204500000000 1789010204500014656 1789010204500014730 14656
1789010205500000000 1789010205500015360 1789010205500015434 15360
1789010206500000000 1789010206500015656 1789010206500015749 15656
1789010207500000000 1789010207500015434 1789010207500015508 15434
1789010208500000000 1789010208500015712 1789010208500015768 15712
1789010209500000000 1789010209500014435 1789010209500014509 14435
1789010210500000000 1789010210500014694 1789010210500014787 14694
1789010211500000000 1789010211500014824 1789010211500014916 14824
1789010212500000000 1789010212500022583 1789010212500022657 22583
1789010213500000000 1789010213500014398 1789010213500014491 14398
1789010214500000000 1789010214500015639 1789010214500015713 15639
1789010215500000000 1789010215500015436 1789010215500015528 15436
1789010216500000000 1789010216500014843 1789010216500014917 14843
1789010217500000000 1789010217500014677 1789010217500014751 14677
1789010218500000000 1789010218500014233 1789010218500014307 14233
1789010219500000000 1789010219500015826 1789010219500015900 15826
1789010220500000000 1789010220500015400 1789010220500015492 15400
1789010221500000000 1789010221500014363 1789010221500014456 14363
1789010222500000000 1789010222500015067 1789010222500015122 15067
1789010223500000000 1789010223500014160 1789010223500014252 14160
1789010224500000000 1789010224500014382 1789010224500014438 14382
1789010225500000000 1789010225500015086 1789010225500015160 15086
1789010226500000000 1789010226500015753 1789010226500015809 15753
1789010227500000000 1789010227500013994 1789010227500014087 13994
1789010228500000000 1789010228500014421 1789010228500014495 14421
1789010229500000000 1789010229500014607 1789010229500014681 14607
1789010230500000000 1789010230500014440 1789010230500014514 14440
1789010231500000000 1789010231500013737 1789010231500013829 13737
1789010232500000000 1789010232500013959 1789010232500014052 13959
1789010233500000000 1789010233500014737 1789010233500014811 14737
1789010234500000000 1789010234500014293 1789010234500014367 14293
1789010235500000000 1789010235500015367 1789010235500015460 15367
1789010236500000000 1789010236500014942 1789010236500015016 14942
1789010237500000000 1789010237500014257 1789010237500014349 14257
1789010238500000000 1789010238500015386 1789010238500015479 15386
1789010239500000000 1789010239500015331 1789010239500015405 15331
1789010240500000000 1789010240500015202 1789010240500015276 15202
1789010241500000000 1789010241500014294 1789010241500014387 14294
1789010242500000000 1789010242500014869 1789010242500014943 14869
1789010243500000000 1789010243500013850 1789010243500013943 13850
1789010244500000000 1789010244500015332 1789010244500015425 15332
1789010245500000000 1789010245500014851 1789010245500014925 14851
1789010246500000000 1789010246500014721 1789010246500014796 14721
1789010247500000000 1789010247500014481 1789010247500014574 14481
1789010248500000000 1789010248500014055 1789010248500014111 14055
1789010249500000000 1789010249500014444 1789010249500014537 14444
1789010250500000000 1789010250500013796 1789010250500013889 13796
1789010251500000000 1789010251500016445 1789010251500016537 16445
1789010252500000000 1789010252500016093 1789010252500016167 16093
1789010253500000000 1789010253500013130 1789010253500013186 13130
1789010254500000000 1789010254500015094 1789010254500015168 15094
1789010255500000000 1789010255500015020 1789010255500015094 15020
1789010256500000000 1789010256500014187 1789010256500014242 14187
1789010257500000000 1789010257500015761 1789010257500015835 15761
1789010258500000000 1789010258500014595 1789010258500014687 14595
1789010259500000000 1789010259500014447 1789010259500014521 14447
1789010260500000000 1789010260500014225 1789010260500014299 14225
1789010261500000000 1789010261500015243 1789010261500015317 15243
1789010262500000000 1789010262500015929 1789010262500016003 15929
1789010263500000000 1789010263500014262 1789010263500014355 14262
1789010264500000000 1789010264500016096 1789010264500016151 16096
1789010265500000000 1789010265500014652 1789010265500014744 14652
1789010266500000000 1789010266500015485 1789010266500015578 15485
1789010267500000000 1789010267500014134 1789010267500014226 14134
1789010268500000000 1789010268500014615 1789010268500014689 14615
1789010269500000000 1789010269500014727 1789010269500014819 14727
1789010270500000000 1789010270500015116 1789010270500015190 15116
1789010271500000000 1789010271500015265 1789010271500015357 15265
1789010272500000000 1789010272500013802 1789010272500013876 13802
1789010273500000000 1789010273500013969 1789010273500014043 13969
1789010274500000000 1789010274500015155 1789010274500015229 15155
1789010275500000000 1789010275500015618 1789010275500015692 15618
1789010276500000000 1789010276500015563 1789010276500015637 15563
1789010277500000000 1789010277500014674 1789010277500014767 14674
1789010278500000000 1789010278500014174 1789010278500014248 14174
1789010279500000000 1789010279500015841 1789010279500015934 15841
1789010280500000000 1789010280500015564 1789010280500015656 15564
1789010281500000000 1789010281500014193 1789010281500014286 14193
1789010282500000000 1789010282500015916 1789010282500015990 15916
1789010283500000000 1789010283500013306 1789010283500013380 13306
1789010284500000000 1789010284500015973 1789010284500016047 15973
1789010285500000000 1789010285500013807 1789010285500013900 13807
1789010286500000000 1789010286500015586 1789010286500015660 15586
1789010287500000000 1789010287500016141 1789010287500016215 16141
1789010288500000000 1789010288500015531 1789010288500015605 15531
1789010289500000000 1789010289500014938 1789010289500015012 14938
1789010290500000000 1789010290500016383 1789010290500016475 16383
1789010291500000000 1789010291500015087 1789010291500015161 15087
1789010292500000000 1789010292500015494 1789010292500015587 15494
1789010293500000000 1789010293500014217 1789010293500014310 14217
1789010294500000000 1789010294500013754 1789010294500013847 13754
1789010295500000000 1789010295500015088 1789010295500015162 15088
1789010296500000000 1789010296500014662 1789010296500014755 14662
1789010297500000000 1789010297500012940 1789010297500013014 12940
1789010298500000000 1789010298500014848 1789010298500014940 14848
1789010299500000000 1789010299500013848 1789010299500013904 13848
1789010300500000000 1789010300500014089 1789010300500014163 14089
1789010301500000000 1789010301500013793 1789010301500013867 13793
1789010302500000000 1789010302500015015 1789010302500015108 15015
1789010303500000000 1789010303500013404 1789010303500013478 13404
1789010304500000000 1789010304500016552 1789010304500016645 16552
1789010305500000000 1789010305500015145 1789010305500015201 15145
1789010306500000000 1789010306500016515 1789010306500016590 16515
1789010307500000000 1789010307500015071 1789010307500015145 15071
1789010308500000000 1789010308500015960 1789010308500016053 15960
1789010309500000000 1789010309500014035 1789010309500014109 14035
1789010310500000000 1789010310500014220 1789010310500014313 14220
1789010311500000000 1789010311500015757 1789010311500015831 15757
1789010312500000000 1789010312500014091 1789010312500014183 14091
1789010313500000000 1789010313500013739 1789010313500013831 13739
1789010314500000000 1789010314500013906 1789010314500013998 13906
1789010315500000000 1789010315500015054 1789010315500015128 15054
1789010316500000000 1789010316500015573 1789010316500015665 15573
1789010317500000000 1789010317500014443 1789010317500014517 14443
1789010318500000000 1789010318500013369 1789010318500013462 13369
1789010319500000000 1789010319500013295 1789010319500013388 13295
1789010320500000000 1789010320500015629 1789010320500015703 15629
1789010321500000000 1789010321500014388 1789010321500014481 14388
1789010322500000000 1789010322500016481 1789010322500016555 16481
1789010323500000000 1789010323500014259 1789010323500014333 14259
1789010324500000000 1789010324500014444 1789010324500014518 14444
1789010325500000000 1789010325500014870 1789010325500014963 14870
1789010326500000000 1789010326500014982 1789010326500015056 14982
1789010327500000000 1789010327500015556 1789010327500015630 15556
1789010328500000000 1789010328500013112 1789010328500013186 13112
1789010329500000000 1789010329500014075 1789010329500014167 14075
1789010330500000000 1789010330500014168 1789010330500014242 14168
1789010331500000000 1789010331500015760 1789010331500015834 15760
1789010332500000000 1789010332500015908 1789010332500015964 15908
1789010333500000000 1789010333500014427 1789010333500014519 14427
1789010334500000000 1789010334500014019 1789010334500014075 14019
1789010335500000000 1789010335500015871 1789010335500015964 15871
1789010336500000000 1789010336500014983 1789010336500015057 14983
1789010337500000000 1789010337500014612 1789010337500014705 14612
1789010338500000000 1789010338500013613 1789010338500013668 13613
1789010339500000000 1789010339500015705 1789010339500015798 15705
1789010340500000000 1789010340500015187 1789010340500015261 15187
1789010341500000000 1789010341500014817 1789010341500014891 14817
1789010342500000000 1789010342500015780 1789010342500015854 15780
1789010343500000000 1789010343500015206 1789010343500015280 15206
1789010344500000000 1789010344500014854 1789010344500014928 14854
1789010345500000000 1789010345500015261 1789010345500015335 15261
1789010346500000000 1789010346500016127 1789010346500016182 16127
1789010347500000000 1789010347500015975 1789010347500016049 15975
1789010348500000000 1789010348500016531 1789010348500016605 16531
1789010349500000000 1789010349500014809 1789010349500014865 14809
1789010350500000000 1789010350500014106 1789010350500014180 14106
1789010351500000000 1789010351500015347 1789010351500015403 15347
1789010352500000000 1789010352500015477 1789010352500015551 15477
1789010353500000000 1789010353500014089 1789010353500014163 14089
1789010354500000000 1789010354500013682 1789010354500013756 13682
1789010355500000000 1789010355500015590 1789010355500015664 15590
1789010356500000000 1789010356500015850 1789010356500015942 15850
1789010357500000000 1789010357500013869 1789010357500013961 13869
1789010358500000000 1789010358500015369 1789010358500015443 15369
1789010359500000000 1789010359500014369 1789010359500014462 14369
1789010360500000000 1789010360500014758 1789010360500014832 14758
1789010361500000000 1789010361500015240 1789010361500015333 15240
1789010362500000000 1789010362500014870 1789010362500014944 14870
1789010363500000000 1789010363500014907 1789010363500014999 14907
1789010364500000000 1789010364500014963 1789010364500015018 14963
1789010365500000000 1789010365500015370 1789010365500015463 15370
1789010366500000000 1789010366500013944 1789010366500014018 13944
1789010367500000000 1789010367500015722 1789010367500015796 15722
1789010368500000000 1789010368500015334 1789010368500015389 15334
1789010369500000000 1789010369500014982 1789010369500015075 14982
1789010370500000000 1789010370500014501 1789010370500014575 14501
1789010371500000000 1789010371500014298 1789010371500014372 14298
1789010372500000000 1789010372500015539 1789010372500015613 15539
1789010373500000000 1789010373500015243 1789010373500015298 15243
1789010374500000000 1789010374500014947 1789010374500015021 14947
1789010375500000000 1789010375500015799 1789010375500015873 15799
1789010376500000000 1789010376500015651 1789010376500015744 15651
1789010377500000000 1789010377500015226 1789010377500015318 15226
1789010378500000000 1789010378500016300 1789010378500016392 16300
1789010379500000000 1789010379500016133 1789010379500016207 16133
1789010380500000000 1789010380500013282 1789010380500013374 13282
1789010381500000000 1789010381500023652 1789010381500023726 23652
1789010382500000000 1789010382500015689 1789010382500015763 15689
1789010383500000000 1789010383500015504 1789010383500015578 15504
1789010384500000000 1789010384500016153 1789010384500016227 16153
1789010385500000000 1789010385500014745 1789010385500014820 14745
1789010386500000000 1789010386500015542 1789010386500015616 15542
1789010387500000000 1789010387500015487 1789010387500015561 15487
1789010388500000000 1789010388500014209 1789010388500014283 14209
1789010389500000000 1789010389500015932 1789010389500016006 15932
1789010390500000000 1789010390500013062 1789010390500013117 13062
1789010391500000000 1789010391500015228 1789010391500015302 15228
1789010392500000000 1789010392500014432 1789010392500014506 14432
1789010393500000000 1789010393500015747 1789010393500015821 15747
1789010394500000000 1789010394500014636 1789010394500014710 14636
1789010395500000000 1789010395500014248 1789010395500014322 14248
1789010396500000000 1789010396500014248 1789010396500014322 14248
1789010397500000000 1789010397500014692 1789010397500014785 14692
1789010398500000000 1789010398500014433 1789010398500014507 14433
1789010399500000000 1789010399500015100 1789010399500015174 15100
1789010400500000000 1789010400500014137 1789010400500014211 14137
1789010401500000000 1789010401500014434 1789010401500014508 14434
1789010402500000000 1789010402500015027 1789010402500015101 15027
1789010403500000000 1789010403500016953 1789010403500017027 16953
1789010404500000000 1789010404500015842 1789010404500015916 15842
1789010405500000000 1789010405500014676 1789010405500014750 14676
1789010406500000000 1789010406500014898 1789010406500014972 14898
1789010407500000000 1789010407500016565 1789010407500016658 16565
1789010408500000000 1789010408500013899 1789010408500013973 13899
1789010409500000000 1789010409500013602 1789010409500013695 13602
1789010410500000000 1789010410500016047 1789010410500016121 16047
1789010411500000000 1789010411500014992 1789010411500015066 14992
1789010412500000000 1789010412500015510 1789010412500015584 15510
1789010413500000000 1789010413500015362 1789010413500015455 15362
1789010414500000000 1789010414500015622 1789010414500015714 15622
1789010415500000000 1789010415500015085 1789010415500015159 15085
1789010416500000000 1789010416500016437 1789010416500016511 16437
1789010417500000000 1789010417500014808 1789010417500014900 14808
1789010418500000000 1789010418500016493 1789010418500016548 16493
1789010419500000000 1789010419500013586 1789010419500013660 13586
