1789010119500000000 1789010119500006521 1789010119500006577 6521
1789010120500000000 1789010120500004438 1789010120500004475 4438
1789010121500000000 1789010121500003780 1789010121500003817 3780
1789010122500000000 1789010122500003622 1789010122500003659 3622
1789010123500000000 1789010123500003261 1789010123500003317 3261
1789010124500000000 1789010124500003106 1789010124500003143 3106
1789010125500000000 1789010125500003507 1789010125500003544 3507
1789010126500000000 1789010126500003297 1789010126500003334 3297
1789010127500000000 1789010127500002883 1789010127500002920 2883
1789010128500000000 1789010128500006655 1789010128500006692 6655
1789010129500000000 1789010129500003186 1789010129500003241 3186
1789010130500000000 1789010130500003309 1789010130500003346 3309
1789010131500000000 1789010131500003025 1789010131500003081 3025
1789010132500000000 1789010132500003186 1789010132500003241 3186
1789010133500000000 1789010133500003087 1789010133500003124 3087
1789010134500000000 1789010134500003247 1789010134500003303 3247
1789010135500000000 1789010135500002908 1789010135500002945 2908
1789010136500000000 1789010136500003105 1789010136500003142 3105
1789010137500000000 1789010137500003247 1789010137500003284 3247
1789010138500000000 1789010138500002981 1789010138500003037 2981
1789010139500000000 1789010139500003031 1789010139500003086 3031
1789010140500000000 1789010140500003525 1789010140500003562 3525
1789010141500000000 1789010141500007389 1789010141500007426 7389
1789010142500000000 1789010142500005734 1789010142500005771 5734
1789010143500000000 1789010143500004487 1789010143500004524 4487
1789010144500000000 1789010144500004203 1789010144500004240 4203
1789010145500000000 1789010145500003734 1789010145500003790 3734
1789010146500000000 1789010146500003394 1789010146500003432 3394
1789010147500000000 1789010147500003722 1789010147500003777 3722
1789010148500000000 1789010148500006808 1789010148500006845 6808
1789010149500000000 1789010149500005265 1789010149500005302 5265
1789010150500000000 1789010150500003907 1789010150500003962 3907
1789010151500000000 1789010151500003734 1789010151500003771 3734
1789010152500000000 1789010152500003968 1789010152500004005 3968
1789010153500000000 1789010153500003851 1789010153500003888 3851
1789010154500000000 1789010154500003622 1789010154500003678 3622
1789010155500000000 1789010155500003801 1789010155500003838 3801
1789010156500000000 1789010156500003573 1789010156500003610 3573
1789010157500000000 1789010157500003622 1789010157500003659 3622
1789010158500000000 1789010158500003968 1789010158500004005 3968
1789010159500000000 1789010159500003313 1789010159500003350 3313
1789010160500000000 1789010160500003807 1789010160500003863 3807
1789010161500000000 1789010161500006616 1789010161500006653 6616
1789010162500000000 1789010162500005924 1789010162500005961 5924
1789010163500000000 1789010163500005214 1789010163500005251 5214
1789010164500000000 1789010164500004087 1789010164500004124 4087
1789010165500000000 1789010165500004019 1789010165500004056 4019
1789010166500000000 1789010166500003714 1789010166500003751 3714
1789010167500000000 1789010167500003612 1789010167500003667 3612
1789010168500000000 1789010168500007028 1789010168500007065 7028
1789010169500000000 1789010169500004907 1789010169500004963 4907
1789010170500000000 1789010170500003657 1789010170500003694 3657
1789010171500000000 1789010171500008889 1789010171500008926 8889
1789010172500000000 1789010172500006604 1789010172500006659 6604
1789010173500000000 1789010173500005172 1789010173500005209 5172
1789010174500000000 1789010174500004536 1789010174500004573 4536
1789010175500000000 1789010175500004251 1789010175500004288 4251
1789010176500000000 1789010176500003578 1789010176500003615 3578
1789010177500000000 1789010177500003794 1789010177500003831 3794
1789010178500000000 1789010178500003454 1789010178500003491 3454
1789010179500000000 1789010179500003169 1789010179500003207 3169
1789010180500000000 1789010180500003329 1789010180500003366 3329
1789010181500000000 1789010181500002934 1789010181500002971 2934
1789010182500000000 1789010182500002946 1789010182500003002 2946
1789010183500000000 1789010183500002940 1789010183500002977 2940
1789010184500000000 1789010184500003082 1789010184500003119 3082
1789010185500000000 1789010185500003890 1789010185500003928 3890
1789010186500000000 1789010186500003699 1789010186500003755 3699
1789010187500000000 1789010187500003452 1789010187500003508 3452
1789010188500000000 1789010188500007409 1789010188500007464 7409
1789010189500000000 1789010189500004421 1789010189500004458 4421
1789010190500000000 1789010190500004100 1789010190500004156 4100
1789010191500000000 1789010191500003594 1789010191500003631 3594
1789010192500000000 1789010192500003402 1789010192500003439 3402
1789010193500000000 1789010193500003433 1789010193500003489 3433
1789010194500000000 1789010194500003668 1789010194500003723 3668
1789010195500000000 1789010195500003143 1789010195500003180 3143
1789010196500000000 1789010196500003229 1789010196500003266 3229
1789010197500000000 1789010197500003186 1789010197500003223 3186
1789010198500000000 1789010198500002698 1789010198500002735 2698
1789010199500000000 1789010199500002970 1789010199500003025 2970
1789010200500000000 1789010200500002778 1789010200500002815 2778
1789010201500000000 1789010201500003013 1789010201500003050 3013
1789010202500000000 1789010202500006970 1789010202500007007 6970
1789010203500000000 1789010203500004519 1789010203500004556 4519
1789010204500000000 1789010204500003161 1789010204500003198 3161
1789010205500000000 1789010205500003247 1789010205500003284 3247
1789010206500000000 1789010206500003074 1789010206500003130 3074
1789010207500000000 1789010207500003401 1789010207500003457 3401
1789010208500000000 1789010208500008284 1789010208500008321 8284
1789010209500000000 1789010209500007000 1789010209500007037 7000
1789010210500000000 1789010210500005086 1789010210500005142 5086
1789010211500000000 1789010211500004895 1789010211500004932 4895
1789010212500000000 1789010212500004683 1789010212500004720 4683
1789010213500000000 1789010213500004543 1789010213500004599 4543
1789010214500000000 1789010214500003978 1789010214500004015 3978
1789010215500000000 1789010215500003971 1789010215500004008 3971
1789010216500000000 1789010216500003854 1789010216500003909 3854
1789010217500000000 1789010217500003551 1789010217500003588 3551
1789010218500000000 1789010218500003286 1789010218500003323 3286
1789010219500000000 1789010219500003224 1789010219500003261 3224
1789010220500000000 1789010220500003512 1789010220500003549 3512
1789010221500000000 1789010221500007484 1789010221500007539 7484
1789010222500000000 1789010222500005141 1789010222500005178 5141
1789010223500000000 1789010223500005356 1789010223500005393 5356
1789010224500000000 1789010224500004128 1789010224500004165 4128
1789010225500000000 1789010225500003788 1789010225500003825 3788
1789010226500000000 1789010226500003652 1789010226500003689 3652
1789010227500000000 1789010227500003461 1789010227500003498 3461
1789010228500000000 1789010228500004140 1789010228500004177 4140
1789010229500000000 1789010229500006374 1789010229500006430 6374
1789010230500000000 1789010230500005275 1789010230500005331 5275
1789010231500000000 1789010231500004732 1789010231500004769 4732
1789010232500000000 1789010232500006541 1789010232500006596 6541
1789010233500000000 1789010233500005460 1789010233500005497 5460
1789010234500000000 1789010234500003973 1789010234500004028 3973
1789010235500000000 1789010235500003670 1789010235500003726 3670
1789010236500000000 1789010236500004034 1789010236500004071 4034
1789010237500000000 1789010237500003565 1789010237500003621 3565
1789010238500000000 1789010238500002818 1789010238500002874 2818
1789010239500000000 1789010239500003201 1789010239500003238 3201
1789010240500000000 1789010240500002933 1789010240500002970 2933
1789010241500000000 1789010241500003294 1789010241500003331 3294
1789010242500000000 1789010242500003213 1789010242500003250 3213
1789010243500000000 1789010243500003448 1789010243500003485 3448
1789010244500000000 1789010244500002958 1789010244500003013 2958
1789010245500000000 1789010245500002930 1789010245500002967 2930
1789010246500000000 1789010246500003087 1789010246500003124 3087
1789010247500000000 1789010247500003411 1789010247500003448 3411
1789010248500000000 1789010248500003775 1789010248500003831 3775
1789010249500000000 1789010249500006714 1789010249500006751 6714
1789010250500000000 1789010250500005263 1789010250500005319 5263
1789010251500000000 1789010251500004238 1789010251500004294 4238
1789010252500000000 1789010252500004248 1789010252500004285 4248
1789010253500000000 1789010253500005720 1789010253500005776 5720
1789010254500000000 1789010254500004137 1789010254500004192 4137
1789010255500000000 1789010255500003979 1789010255500004016 3979
1789010256500000000 1789010256500003916 1789010256500003953 3916
1789010257500000000 1789010257500003892 1789010257500003929 3892
1789010258500000000 1789010258500004237 1789010258500004293 4237
1789010259500000000 1789010259500004083 1789010259500004120 4083
1789010260500000000 1789010260500003280 1789010260500003317 3280
1789010261500000000 1789010261500003441 1789010261500003496 3441
1789010262500000000 1789010262500007138 1789010262500007175 7138
1789010263500000000 1789010263500004836 1789010263500004891 4836
1789010264500000000 1789010264500004385 1789010264500004422 4385
1789010265500000000 1789010265500003749 1789010265500003786 3749
1789010266500000000 1789010266500003317 1789010266500003372 3317
1789010267500000000 1789010267500003848 1789010267500003885 3848
1789010268500000000 1789010268500003490 1789010268500003545 3490
1789010269500000000 1789010269500007224 1789010269500007280 7224
1789010270500000000 1789010270500005033 1789010270500005070 5033
1789010271500000000 1789010271500004915 1789010271500004952 4915
1789010272500000000 1789010272500004796 1789010272500004833 4796
1789010273500000000 1789010273500004323 1789010273500004360 4323
1789010274500000000 1789010274500004425 1789010274500004462 4425
1789010275500000000 1789010275500003730 1789010275500003786 3730
1789010276500000000 1789010276500003742 1789010276500003797 3742
1789010277500000000 1789010277500003735 1789010277500003772 3735
1789010278500000000 1789010278500003396 1789010278500003433 3396
1789010279500000000 1789010279500003204 1789010279500003241 3204
1789010280500000000 1789010280500003143 1789010280500003180 3143
1789010281500000000 1789010281500005859 1789010281500005896 5859
1789010282500000000 1789010282500005612 1789010282500005649 5612
1789010283500000000 1789010283500004976 1789010283500005031 4976
1789010284500000000 1789010284500003988 1789010284500004025 3988
1789010285500000000 1789010285500003982 1789010285500004037 3982
1789010286500000000 1789010286500003939 1789010286500003994 3939
1789010287500000000 1789010287500003617 1789010287500003655 3617
1789010288500000000 1789010288500003519 1789010288500003574 3519
1789010289500000000 1789010289500007401 1789010289500007438 7401
1789010290500000000 1789010290500005710 1789010290500005747 5710
1789010291500000000 1789010291500005148 1789010291500005204 5148
1789010292500000000 1789010292500006290 1789010292500006346 6290
1789010293500000000 1789010293500006210 1789010293500006265 6210
1789010294500000000 1789010294500005055 1789010294500005111 5055
1789010295500000000 1789010295500004549 1789010295500004586 4549
1789010296500000000 1789010296500004191 1789010296500004228 4191
1789010297500000000 1789010297500003962 1789010297500004018 3962
1789010298500000000 1789010298500003919 1789010298500003956 3919
1789010299500000000 1789010299500003857 1789010299500003894 3857
1789010300500000000 1789010300500003608 1789010300500003664 3608
1789010301500000000 1789010301500004062 1789010301500004099 4062
1789010302500000000 1789010302500004737 1789010302500004774 4737
1789010303500000000 1789010303500004376 1789010303500004413 4376
1789010304500000000 1789010304500003679 1789010304500003734 3679
1789010305500000000 1789010305500003129 1789010305500003166 3129
1789010306500000000 1789010306500003287 1789010306500003324 3287
1789010307500000000 1789010307500003095 1789010307500003132 3095
1789010308500000000 1789010308500003015 1789010308500003052 3015
1789010309500000000 1789010309500006879 1789010309500006916 6879
1789010310500000000 1789010310500005299 1789010310500005336 5299
1789010311500000000 1789010311500004385 1789010311500004422 4385
1789010312500000000 1789010312500004082 1789010312500004119 4082
1789010313500000000 1789010313500003854 1789010313500003910 3854
1789010314500000000 1789010314500003977 1789010314500004014 3977
1789010315500000000 1789010315500003545 1789010315500003582 3545
1789010316500000000 1789010316500003317 1789010316500003354 3317
1789010317500000000 1789010317500003773 1789010317500003810 3773
1789010318500000000 1789010318500003619 1789010318500003656 3619
1789010319500000000 1789010319500003557 1789010319500003594 3557
1789010320500000000 1789010320500003123 1789010320500003160 3123
1789010321500000000 1789010321500003317 1789010321500003354 3317
1789010322500000000 1789010322500007307 1789010322500007345 7307
1789010323500000000 1789010323500006372 1789010323500006428 6372
1789010324500000000 1789010324500005291 1789010324500005328 5291
1789010325500000000 1789010325500005025 1789010325500005063 5025
1789010326500000000 1789010326500004482 1789010326500004519 4482
1789010327500000000 1789010327500003920 1789010327500003957 3920
1789010328500000000 1789010328500005136 1789010328500005192 5136
1789010329500000000 1789010329500007760 1789010329500007797 7760
1789010330500000000 1789010330500005883 1789010330500005920 5883
1789010331500000000 1789010331500005136 1789010331500005173 5136
1789010332500000000 1789010332500005130 1789010332500005185 5130
1789010333500000000 1789010333500004457 1789010333500004513 4457
1789010334500000000 1789010334500005358 1789010334500005395 5358
1789010335500000000 1789010335500004278 1789010335500004315 4278
1789010336500000000 1789010336500004642 1789010336500004698 4642
1789010337500000000 1789010337500004358 1789010337500004414 4358
1789010338500000000 1789010338500004111 1789010338500004148 4111
1789010339500000000 1789010339500003938 1789010339500003994 3938
1789010340500000000 1789010340500003636 1789010340500003673 3636
1789010341500000000 1789010341500006777 1789010341500006833 6777
1789010342500000000 1789010342500006142 1789010342500006197 6142
1789010343500000000 1789010343500004598 1789010343500004654 4598
1789010344500000000 1789010344500005312 1789010344500005349 5312
1789010345500000000 1789010345500004654 1789010345500004691 4654
1789010346500000000 1789010346500004719 1789010346500004756 4719
1789010347500000000 1789010347500004580 1789010347500004635 4580
1789010348500000000 1789010348500003867 1789010348500003904 3867
1789010349500000000 1789010349500008542 1789010349500008579 8542
1789010350500000000 1789010350500006774 1789010350500006811 6774
1789010351500000000 1789010351500005264 1789010351500005301 5264
1789010352500000000 1789010352500012183 1789010352500012220 12183
1789010353500000000 1789010353500007029 1789010353500007084 7029
1789010354500000000 1789010354500004911 1789010354500004948 4911
1789010355500000000 1789010355500003868 1789010355500003905 3868
1789010356500000000 1789010356500004066 1789010356500004121 4066
1789010357500000000 1789010357500004226 1789010357500004263 4226
1789010358500000000 1789010358500004035 1789010358500004072 4035
1789010359500000000 1789010359500004010 1789010359500004065 4010
1789010360500000000 1789010360500003781 1789010360500003818 3781
1789010361500000000 1789010361500003905 1789010361500003942 3905
1789010362500000000 1789010362500003732 1789010362500003769 3732
1789010363500000000 1789010363500003133 1789010363500003170 3133
1789010364500000000 1789010364500003018 1789010364500003074 3018
1789010365500000000 1789010365500003663 1789010365500003700 3663
1789010366500000000 1789010366500004085 1789010366500004141 4085
1789010367500000000 1789010367500004264 1789010367500004320 4264
1789010368500000000 1789010368500003941 1789010368500003996 3941
1789010369500000000 1789010369500004357 1789010369500004394 4357
1789010370500000000 1789010370500006811 1789010370500006848 6811
1789010371500000000 1789010371500005486 1789010371500005523 5486
1789010372500000000 1789010372500005183 1789010372500005238 5183
1789010373500000000 1789010373500004529 1789010373500004584 4529
1789010374500000000 1789010374500004467 1789010374500004504 4467
1789010375500000000 1789010375500004072 1789010375500004109 4072
1789010376500000000 1789010376500003491 1789010376500003528 3491
1789010377500000000 1789010377500003689 1789010377500003726 3689
1789010378500000000 1789010378500003090 1789010378500003145 3090
1789010379500000000 1789010379500003139 1789010379500003195 3139
1789010380500000000 1789010380500003466 1789010380500003503 3466
1789010381500000000 1789010381500004238 1789010381500004293 4238
1789010382500000000 1789010382500003898 1789010382500003935 3898
1789010383500000000 1789010383500006633 1789010383500006688 6633
1789010384500000000 1789010384500005865 1789010384500005902 5865
1789010385500000000 1789010385500005281 1789010385500005337 5281
1789010386500000000 1789010386500004550 1789010386500004587 4550
1789010387500000000 1789010387500004244 1789010387500004299 4244
1789010388500000000 1789010388500003663 1789010388500003718 3663
1789010389500000000 1789010389500003805 1789010389500003842 3805
1789010390500000000 1789010390500006521 1789010390500006558 6521
1789010391500000000 1789010391500004811 1789010391500004866 4811
1789010392500000000 1789010392500004156 1789010392500004193 4156
1789010393500000000 1789010393500005409 1789010393500005446 5409
1789010394500000000 1789010394500004514 1789010394500004570 4514
1789010395500000000 1789010395500003971 1789010395500004008 3971
1789010396500000000 1789010396500003613 1789010396500003650 3613
1789010397500000000 1789010397500003199 1789010397500003236 3199
1789010398500000000 1789010398500003211 1789010398500003267 3211
1789010399500000000 1789010399500003020 1789010399500003057 3020
1789010400500000000 1789010400500003363 1789010400500003419 3363
1789010401500000000 1789010401500006483 1789010401500006539 6483
1789010402500000000 1789010402500005474 1789010402500005530 5474
1789010403500000000 1789010403500004761 1789010403500004798 4761
1789010404500000000 1789010404500004254 1789010404500004309 4254
1789010405500000000 1789010405500003581 1789010405500003636 3581
1789010406500000000 1789010406500004315 1789010406500004371 4315
1789010407500000000 1789010407500004068 1789010407500004105 4068
1789010408500000000 1789010408500003375 1789010408500003430 3375
1789010409500000000 1789010409500003347 1789010409500003384 3347
1789010410500000000 1789010410500006467 1789010410500006522 6467
1789010411500000000 1789010411500005105 1789010411500005142 5105
1789010412500000000 1789010412500005191 1789010412500005228 5191
1789010413500000000 1789010413500006888 1789010413500006944 6888
1789010414500000000 1789010414500005438 1789010414500005475 5438
1789010415500000000 1789010415500004524 1789010415500004561 4524
1789010416500000000 1789010416500004314 1789010416500004351 4314
1789010417500000000 1789010417500004419 1789010417500004475 4419
1789010418500000000 1789010418500003839 1789010418500003876 3839
