trying PPS source "/dev/pps0"
found PPS source "/dev/pps0"
ok, found 1 source(s), now start fetching data...
source 0 - assert 1788041845.000000051, sequence: 9112 - clear  0.000000000, sequence: 0
source 0 - assert 1788041845.999999641, sequence: 9113 - clear  0.000000000, sequence: 0
source 0 - assert 1788041846.999999807, sequence: 9114 - clear  0.000000000, sequence: 0
source 0 - assert 1788041847.999999437, sequence: 9115 - clear  0.000000000, sequence: 0
source 0 - assert 1788041848.999999807, sequence: 9116 - clear  0.000000000, sequence: 0
source 0 - assert 1788041850.000000033, sequence: 9117 - clear  0.000000000, sequence: 0
source 0 - assert 1788041850.999999557, sequence: 9118 - clear  0.000000000, sequence: 0
source 0 - assert 1788041851.999999841, sequence: 9119 - clear  0.000000000, sequence: 0
source 0 - assert 1788041852.999999643, sequence: 9120 - clear  0.000000000, sequence: 0
source 0 - assert 1788041853.999999357, sequence: 9121 - clear  0.000000000, sequence: 0
source 0 - assert 1788041855.000000463, sequence: 9122 - clear  0.000000000, sequence: 0
source 0 - assert 1788041856.000000044, sequence: 9123 - clear  0.000000000, sequence: 0
source 0 - assert 1788041857.000000145, sequence: 9124 - clear  0.000000000, sequence: 0
source 0 - assert 1788041858.000000396, sequence: 9125 - clear  0.000000000, sequence: 0
source 0 - assert 1788041859.000000316, sequence: 9126 - clear  0.000000000, sequence: 0
source 0 - assert 1788041860.000000458, sequence: 9127 - clear  0.000000000, sequence: 0
source 0 - assert 1788041861.000000841, sequence: 9128 - clear  0.000000000, sequence: 0
source 0 - assert 1788041862.000000265, sequence: 9129 - clear  0.000000000, sequence: 0
source 0 - assert 1788041863.000000215, sequence: 9130 - clear  0.000000000, sequence: 0
source 0 - assert 1788041864.000000424, sequence: 9131 - clear  0.000000000, sequence: 0
source 0 - assert 1788041865.000000603, sequence: 9132 - clear  0.000000000, sequence: 0
source 0 - assert 1788041866.000000507, sequence: 9133 - clear  0.000000000, sequence: 0
source 0 - assert 1788041867.000000214, sequence: 9134 - clear  0.000000000, sequence: 0
source 0 - assert 1788041868.000000440, sequence: 9135 - clear  0.000000000, sequence: 0
source 0 - assert 1788041869.000000239, sequence: 9136 - clear  0.000000000, sequence: 0
source 0 - assert 1788041870.000000086, sequence: 9137 - clear  0.000000000, sequence: 0
source 0 - assert 1788041871.000000111, sequence: 9138 - clear  0.000000000, sequence: 0
source 0 - assert 1788041872.000000470, sequence: 9139 - clear  0.000000000, sequence: 0
source 0 - assert 1788041872.999999902, sequence: 9140 - clear  0.000000000, sequence: 0
source 0 - assert 1788041873.999999831, sequence: 9141 - clear  0.000000000, sequence: 0
source 0 - assert 1788041874.999999997, sequence: 9142 - clear  0.000000000, sequence: 0
source 0 - assert 1788041875.999999959, sequence: 9143 - clear  0.000000000, sequence: 0
source 0 - assert 1788041877.000001107, sequence: 9144 - clear  0.000000000, sequence: 0
source 0 - assert 1788041877.999999977, sequence: 9145 - clear  0.000000000, sequence: 0
source 0 - assert 1788041879.000000347, sequence: 9146 - clear  0.000000000, sequence: 0
source 0 - assert 1788041879.999999884, sequence: 9147 - clear  0.000000000, sequence: 0
source 0 - assert 1788041880.999999921, sequence: 9148 - clear  0.000000000, sequence: 0
source 0 - assert 1788041882.000000420, sequence: 9149 - clear  0.000000000, sequence: 0
source 0 - assert 1788041882.999999771, sequence: 9150 - clear  0.000000000, sequence: 0
source 0 - assert 1788041883.999999770, sequence: 9151 - clear  0.000000000, sequence: 0
source 0 - assert 1788041884.999999695, sequence: 9152 - clear  0.000000000, sequence: 0
source 0 - assert 1788041886.000000405, sequence: 9153 - clear  0.000000000, sequence: 0
source 0 - assert 1788041886.999999989, sequence: 9154 - clear  0.000000000, sequence: 0
source 0 - assert 1788041888.000000028, sequence: 9155 - clear  0.000000000, sequence: 0
source 0 - assert 1788041889.000000573, sequence: 9156 - clear  0.000000000, sequence: 0
source 0 - assert 1788041890.000000085, sequence: 9157 - clear  0.000000000, sequence: 0
source 0 - assert 1788041890.999999785, sequence: 9158 - clear  0.000000000, sequence: 0
source 0 - assert 1788041892.000000171, sequence: 9159 - clear  0.000000000, sequence: 0
source 0 - assert 1788041893.000000446, sequence: 9160 - clear  0.000000000, sequence: 0
source 0 - assert 1788041894.000000341, sequence: 9161 - clear  0.000000000, sequence: 0
source 0 - assert 1788041895.000000136, sequence: 9162 - clear  0.000000000, sequence: 0
source 0 - assert 1788041896.000001302, sequence: 9163 - clear  0.000000000, sequence: 0
source 0 - assert 1788041897.000000171, sequence: 9164 - clear  0.000000000, sequence: 0
source 0 - assert 1788041897.999999914, sequence: 9165 - clear  0.000000000, sequence: 0
source 0 - assert 1788041898.999999791, sequence: 9166 - clear  0.000000000, sequence: 0
source 0 - assert 1788041900.000000057, sequence: 9167 - clear  0.000000000, sequence: 0
source 0 - assert 1788041900.999999816, sequence: 9168 - clear  0.000000000, sequence: 0
source 0 - assert 1788041902.000000234, sequence: 9169 - clear  0.000000000, sequence: 0
source 0 - assert 1788041903.000000227, sequence: 9170 - clear  0.000000000, sequence: 0
source 0 - assert 1788041904.000000165, sequence: 9171 - clear  0.000000000, sequence: 0
source 0 - assert 1788041905.000000140, sequence: 9172 - clear  0.000000000, sequence: 0
source 0 - assert 1788041906.000000361, sequence: 9173 - clear  0.000000000, sequence: 0
source 0 - assert 1788041907.000000276, sequence: 9174 - clear  0.000000000, sequence: 0
source 0 - assert 1788041907.999999968, sequence: 9175 - clear  0.000000000, sequence: 0
source 0 - assert 1788041909.000000345, sequence: 9176 - clear  0.000000000, sequence: 0
source 0 - assert 1788041910.000000261, sequence: 9177 - clear  0.000000000, sequence: 0
source 0 - assert 1788041911.000000180, sequence: 9178 - clear  0.000000000, sequence: 0
source 0 - assert 1788041911.999999859, sequence: 9179 - clear  0.000000000, sequence: 0
source 0 - assert 1788041912.999999833, sequence: 9180 - clear  0.000000000, sequence: 0
source 0 - assert 1788041914.000000177, sequence: 9181 - clear  0.000000000, sequence: 0
source 0 - assert 1788041914.999999489, sequence: 9182 - clear  0.000000000, sequence: 0
source 0 - assert 1788041915.999999727, sequence: 9183 - clear  0.000000000, sequence: 0
source 0 - assert 1788041917.000000928, sequence: 9184 - clear  0.000000000, sequence: 0
source 0 - assert 1788041917.999999814, sequence: 9185 - clear  0.000000000, sequence: 0
source 0 - assert 1788041919.000000089, sequence: 9186 - clear  0.000000000, sequence: 0
source 0 - assert 1788041920.000000142, sequence: 9187 - clear  0.000000000, sequence: 0
source 0 - assert 1788041921.000000269, sequence: 9188 - clear  0.000000000, sequence: 0
source 0 - assert 1788041921.999999559, sequence: 9189 - clear  0.000000000, sequence: 0
source 0 - assert 1788041922.999999884, sequence: 9190 - clear  0.000000000, sequence: 0
source 0 - assert 1788041923.999999708, sequence: 9191 - clear  0.000000000, sequence: 0
source 0 - assert 1788041925.000000014, sequence: 9192 - clear  0.000000000, sequence: 0
source 0 - assert 1788041925.999999864, sequence: 9193 - clear  0.000000000, sequence: 0
source 0 - assert 1788041926.999999629, sequence: 9194 - clear  0.000000000, sequence: 0
source 0 - assert 1788041928.000000097, sequence: 9195 - clear  0.000000000, sequence: 0
source 0 - assert 1788041928.999999898, sequence: 9196 - clear  0.000000000, sequence: 0
source 0 - assert 1788041929.999999700, sequence: 9197 - clear  0.000000000, sequence: 0
source 0 - assert 1788041930.999999761, sequence: 9198 - clear  0.000000000, sequence: 0
source 0 - assert 1788041931.999999970, sequence: 9199 - clear  0.000000000, sequence: 0
source 0 - assert 1788041932.999999846, sequence: 9200 - clear  0.000000000, sequence: 0
source 0 - assert 1788041933.999999540, sequence: 9201 - clear  0.000000000, sequence: 0
source 0 - assert 1788041935.000000072, sequence: 9202 - clear  0.000000000, sequence: 0
source 0 - assert 1788041935.999999807, sequence: 9203 - clear  0.000000000, sequence: 0
source 0 - assert 1788041936.999999950, sequence: 9204 - clear  0.000000000, sequence: 0
source 0 - assert 1788041937.999999737, sequence: 9205 - clear  0.000000000, sequence: 0
source 0 - assert 1788041939.000000298, sequence: 9206 - clear  0.000000000, sequence: 0
source 0 - assert 1788041939.999999674, sequence: 9207 - clear  0.000000000, sequence: 0
source 0 - assert 1788041940.999999476, sequence: 9208 - clear  0.000000000, sequence: 0
source 0 - assert 1788041941.999999971, sequence: 9209 - clear  0.000000000, sequence: 0
source 0 - assert 1788041942.999999770, sequence: 9210 - clear  0.000000000, sequence: 0
source 0 - assert 1788041944.000000013, sequence: 9211 - clear  0.000000000, sequence: 0
source 0 - assert 1788041944.999999868, sequence: 9212 - clear  0.000000000, sequence: 0
source 0 - assert 1788041946.000000491, sequence: 9213 - clear  0.000000000, sequence: 0
source 0 - assert 1788041947.000000031, sequence: 9214 - clear  0.000000000, sequence: 0
source 0 - assert 1788041948.000000108, sequence: 9215 - clear  0.000000000, sequence: 0
source 0 - assert 1788041949.000000018, sequence: 9216 - clear  0.000000000, sequence: 0
source 0 - assert 1788041950.000000557, sequence: 9217 - clear  0.000000000, sequence: 0
source 0 - assert 1788041951.000000225, sequence: 9218 - clear  0.000000000, sequence: 0
source 0 - assert 1788041952.000000338, sequence: 9219 - clear  0.000000000, sequence: 0
source 0 - assert 1788041953.000000636, sequence: 9220 - clear  0.000000000, sequence: 0
source 0 - assert 1788041953.999999978, sequence: 9221 - clear  0.000000000, sequence: 0
source 0 - assert 1788041954.999999900, sequence: 9222 - clear  0.000000000, sequence: 0
source 0 - assert 1788041956.000000156, sequence: 9223 - clear  0.000000000, sequence: 0
source 0 - assert 1788041957.000000209, sequence: 9224 - clear  0.000000000, sequence: 0
source 0 - assert 1788041958.000000031, sequence: 9225 - clear  0.000000000, sequence: 0
source 0 - assert 1788041958.999999753, sequence: 9226 - clear  0.000000000, sequence: 0
source 0 - assert 1788041960.000000437, sequence: 9227 - clear  0.000000000, sequence: 0
source 0 - assert 1788041961.000000011, sequence: 9228 - clear  0.000000000, sequence: 0
source 0 - assert 1788041961.999999936, sequence: 9229 - clear  0.000000000, sequence: 0
source 0 - assert 1788041962.999999879, sequence: 9230 - clear  0.000000000, sequence: 0
source 0 - assert 1788041964.000000322, sequence: 9231 - clear  0.000000000, sequence: 0
source 0 - assert 1788041964.999999839, sequence: 9232 - clear  0.000000000, sequence: 0
source 0 - assert 1788041965.999999709, sequence: 9233 - clear  0.000000000, sequence: 0
source 0 - assert 1788041967.000000338, sequence: 9234 - clear  0.000000000, sequence: 0
source 0 - assert 1788041967.999999912, sequence: 9235 - clear  0.000000000, sequence: 0
source 0 - assert 1788041969.000000004, sequence: 9236 - clear  0.000000000, sequence: 0
source 0 - assert 1788041969.999999708, sequence: 9237 - clear  0.000000000, sequence: 0
source 0 - assert 1788041971.000000393, sequence: 9238 - clear  0.000000000, sequence: 0
source 0 - assert 1788041971.999999986, sequence: 9239 - clear  0.000000000, sequence: 0
source 0 - assert 1788041972.999999820, sequence: 9240 - clear  0.000000000, sequence: 0
source 0 - assert 1788041973.999999802, sequence: 9241 - clear  0.000000000, sequence: 0
source 0 - assert 1788041974.999999786, sequence: 9242 - clear  0.000000000, sequence: 0
source 0 - assert 1788041975.999999880, sequence: 9243 - clear  0.000000000, sequence: 0
source 0 - assert 1788041976.999999827, sequence: 9244 - clear  0.000000000, sequence: 0
source 0 - assert 1788041977.999999960, sequence: 9245 - clear  0.000000000, sequence: 0
source 0 - assert 1788041978.999999652, sequence: 9246 - clear  0.000000000, sequence: 0
source 0 - assert 1788041979.999999825, sequence: 9247 - clear  0.000000000, sequence: 0
source 0 - assert 1788041981.000000350, sequence: 9248 - clear  0.000000000, sequence: 0
source 0 - assert 1788041981.999999893, sequence: 9249 - clear  0.000000000, sequence: 0
source 0 - assert 1788041983.000000008, sequence: 9250 - clear  0.000000000, sequence: 0
source 0 - assert 1788041983.999999827, sequence: 9251 - clear  0.000000000, sequence: 0
source 0 - assert 1788041985.000000738, sequence: 9252 - clear  0.000000000, sequence: 0
source 0 - assert 1788041986.000000204, sequence: 9253 - clear  0.000000000, sequence: 0
source 0 - assert 1788041987.000001114, sequence: 9254 - clear  0.000000000, sequence: 0
source 0 - assert 1788041988.000000154, sequence: 9255 - clear  0.000000000, sequence: 0
source 0 - assert 1788041989.000000471, sequence: 9256 - clear  0.000000000, sequence: 0
source 0 - assert 1788041989.999999970, sequence: 9257 - clear  0.000000000, sequence: 0
source 0 - assert 1788041990.999999985, sequence: 9258 - clear  0.000000000, sequence: 0
source 0 - assert 1788041992.000000130, sequence: 9259 - clear  0.000000000, sequence: 0
source 0 - assert 1788041992.999999904, sequence: 9260 - clear  0.000000000, sequence: 0
source 0 - assert 1788041994.000000013, sequence: 9261 - clear  0.000000000, sequence: 0
source 0 - assert 1788041995.000000049, sequence: 9262 - clear  0.000000000, sequence: 0
source 0 - assert 1788041996.000000364, sequence: 9263 - clear  0.000000000, sequence: 0
source 0 - assert 1788041996.999999900, sequence: 9264 - clear  0.000000000, sequence: 0
source 0 - assert 1788041998.000000826, sequence: 9265 - clear  0.000000000, sequence: 0
source 0 - assert 1788041999.000000233, sequence: 9266 - clear  0.000000000, sequence: 0
source 0 - assert 1788041999.999999917, sequence: 9267 - clear  0.000000000, sequence: 0
source 0 - assert 1788042000.999999806, sequence: 9268 - clear  0.000000000, sequence: 0
source 0 - assert 1788042001.999999953, sequence: 9269 - clear  0.000000000, sequence: 0
source 0 - assert 1788042003.000000342, sequence: 9270 - clear  0.000000000, sequence: 0
source 0 - assert 1788042004.000000045, sequence: 9271 - clear  0.000000000, sequence: 0
source 0 - assert 1788042004.999999878, sequence: 9272 - clear  0.000000000, sequence: 0
source 0 - assert 1788042006.000000285, sequence: 9273 - clear  0.000000000, sequence: 0
source 0 - assert 1788042007.000000044, sequence: 9274 - clear  0.000000000, sequence: 0
source 0 - assert 1788042007.999999766, sequence: 9275 - clear  0.000000000, sequence: 0
source 0 - assert 1788042009.000000025, sequence: 9276 - clear  0.000000000, sequence: 0
source 0 - assert 1788042009.999999692, sequence: 9277 - clear  0.000000000, sequence: 0
source 0 - assert 1788042010.999999969, sequence: 9278 - clear  0.000000000, sequence: 0
source 0 - assert 1788042011.999999932, sequence: 9279 - clear  0.000000000, sequence: 0
source 0 - assert 1788042013.000000376, sequence: 9280 - clear  0.000000000, sequence: 0
source 0 - assert 1788042013.999999727, sequence: 9281 - clear  0.000000000, sequence: 0
source 0 - assert 1788042014.999999987, sequence: 9282 - clear  0.000000000, sequence: 0
source 0 - assert 1788042015.999999765, sequence: 9283 - clear  0.000000000, sequence: 0
source 0 - assert 1788042016.999999987, sequence: 9284 - clear  0.000000000, sequence: 0
source 0 - assert 1788042017.999999839, sequence: 9285 - clear  0.000000000, sequence: 0
source 0 - assert 1788042018.999999618, sequence: 9286 - clear  0.000000000, sequence: 0
source 0 - assert 1788042020.000000304, sequence: 9287 - clear  0.000000000, sequence: 0
source 0 - assert 1788042020.999999953, sequence: 9288 - clear  0.000000000, sequence: 0
source 0 - assert 1788042021.999999788, sequence: 9289 - clear  0.000000000, sequence: 0
source 0 - assert 1788042022.999999753, sequence: 9290 - clear  0.000000000, sequence: 0
source 0 - assert 1788042023.999999885, sequence: 9291 - clear  0.000000000, sequence: 0
source 0 - assert 1788042024.999999628, sequence: 9292 - clear  0.000000000, sequence: 0
source 0 - assert 1788042025.999999596, sequence: 9293 - clear  0.000000000, sequence: 0
source 0 - assert 1788042026.999999954, sequence: 9294 - clear  0.000000000, sequence: 0
source 0 - assert 1788042027.999999627, sequence: 9295 - clear  0.000000000, sequence: 0
source 0 - assert 1788042029.000001078, sequence: 9296 - clear  0.000000000, sequence: 0
source 0 - assert 1788042029.999999971, sequence: 9297 - clear  0.000000000, sequence: 0
source 0 - assert 1788042031.000000177, sequence: 9298 - clear  0.000000000, sequence: 0
source 0 - assert 1788042031.999999994, sequence: 9299 - clear  0.000000000, sequence: 0
source 0 - assert 1788042032.999999867, sequence: 9300 - clear  0.000000000, sequence: 0
source 0 - assert 1788042033.999999999, sequence: 9301 - clear  0.000000000, sequence: 0
source 0 - assert 1788042035.000000649, sequence: 9302 - clear  0.000000000, sequence: 0
source 0 - assert 1788042036.000000076, sequence: 9303 - clear  0.000000000, sequence: 0
source 0 - assert 1788042036.999999874, sequence: 9304 - clear  0.000000000, sequence: 0
source 0 - assert 1788042038.000000375, sequence: 9305 - clear  0.000000000, sequence: 0
source 0 - assert 1788042039.000000098, sequence: 9306 - clear  0.000000000, sequence: 0
source 0 - assert 1788042040.000000099, sequence: 9307 - clear  0.000000000, sequence: 0
source 0 - assert 1788042040.999999878, sequence: 9308 - clear  0.000000000, sequence: 0
source 0 - assert 1788042042.000000564, sequence: 9309 - clear  0.000000000, sequence: 0
source 0 - assert 1788042042.999999879, sequence: 9310 - clear  0.000000000, sequence: 0
source 0 - assert 1788042043.999999842, sequence: 9311 - clear  0.000000000, sequence: 0
source 0 - assert 1788042045.000000917, sequence: 9312 - clear  0.000000000, sequence: 0
source 0 - assert 1788042045.999999881, sequence: 9313 - clear  0.000000000, sequence: 0
source 0 - assert 1788042047.000000066, sequence: 9314 - clear  0.000000000, sequence: 0
source 0 - assert 1788042047.999999993, sequence: 9315 - clear  0.000000000, sequence: 0
source 0 - assert 1788042049.000000215, sequence: 9316 - clear  0.000000000, sequence: 0
source 0 - assert 1788042049.999999993, sequence: 9317 - clear  0.000000000, sequence: 0
source 0 - assert 1788042051.000000031, sequence: 9318 - clear  0.000000000, sequence: 0
source 0 - assert 1788042052.000000383, sequence: 9319 - clear  0.000000000, sequence: 0
source 0 - assert 1788042053.000000013, sequence: 9320 - clear  0.000000000, sequence: 0
source 0 - assert 1788042053.999999865, sequence: 9321 - clear  0.000000000, sequence: 0
source 0 - assert 1788042055.000000125, sequence: 9322 - clear  0.000000000, sequence: 0
source 0 - assert 1788042056.000000329, sequence: 9323 - clear  0.000000000, sequence: 0
source 0 - assert 1788042056.999999977, sequence: 9324 - clear  0.000000000, sequence: 0
source 0 - assert 1788042057.999999622, sequence: 9325 - clear  0.000000000, sequence: 0
source 0 - assert 1788042059.000000115, sequence: 9326 - clear  0.000000000, sequence: 0
source 0 - assert 1788042059.999999886, sequence: 9327 - clear  0.000000000, sequence: 0
source 0 - assert 1788042060.999999767, sequence: 9328 - clear  0.000000000, sequence: 0
source 0 - assert 1788042061.999999696, sequence: 9329 - clear  0.000000000, sequence: 0
source 0 - assert 1788042062.999999490, sequence: 9330 - clear  0.000000000, sequence: 0
source 0 - assert 1788042063.999999828, sequence: 9331 - clear  0.000000000, sequence: 0
source 0 - assert 1788042065.000000199, sequence: 9332 - clear  0.000000000, sequence: 0
source 0 - assert 1788042065.999999945, sequence: 9333 - clear  0.000000000, sequence: 0
source 0 - assert 1788042066.999999811, sequence: 9334 - clear  0.000000000, sequence: 0
source 0 - assert 1788042067.999999751, sequence: 9335 - clear  0.000000000, sequence: 0
source 0 - assert 1788042068.999999647, sequence: 9336 - clear  0.000000000, sequence: 0
source 0 - assert 1788042069.999999765, sequence: 9337 - clear  0.000000000, sequence: 0
source 0 - assert 1788042070.999999910, sequence: 9338 - clear  0.000000000, sequence: 0
source 0 - assert 1788042072.000000289, sequence: 9339 - clear  0.000000000, sequence: 0
source 0 - assert 1788042073.000000648, sequence: 9340 - clear  0.000000000, sequence: 0
source 0 - assert 1788042074.000000365, sequence: 9341 - clear  0.000000000, sequence: 0
source 0 - assert 1788042075.000000088, sequence: 9342 - clear  0.000000000, sequence: 0
source 0 - assert 1788042076.000000256, sequence: 9343 - clear  0.000000000, sequence: 0
source 0 - assert 1788042077.000000924, sequence: 9344 - clear  0.000000000, sequence: 0
source 0 - assert 1788042078.000000142, sequence: 9345 - clear  0.000000000, sequence: 0
source 0 - assert 1788042079.000000277, sequence: 9346 - clear  0.000000000, sequence: 0
source 0 - assert 1788042080.000000765, sequence: 9347 - clear  0.000000000, sequence: 0
source 0 - assert 1788042081.000001346, sequence: 9348 - clear  0.000000000, sequence: 0
source 0 - assert 1788042082.000000211, sequence: 9349 - clear  0.000000000, sequence: 0
source 0 - assert 1788042083.000000519, sequence: 9350 - clear  0.000000000, sequence: 0
source 0 - assert 1788042084.000000883, sequence: 9351 - clear  0.000000000, sequence: 0
source 0 - assert 1788042085.000000432, sequence: 9352 - clear  0.000000000, sequence: 0
source 0 - assert 1788042086.000000336, sequence: 9353 - clear  0.000000000, sequence: 0
source 0 - assert 1788042086.999999729, sequence: 9354 - clear  0.000000000, sequence: 0
source 0 - assert 1788042088.000000242, sequence: 9355 - clear  0.000000000, sequence: 0
source 0 - assert 1788042088.999999903, sequence: 9356 - clear  0.000000000, sequence: 0
source 0 - assert 1788042090.000000028, sequence: 9357 - clear  0.000000000, sequence: 0
source 0 - assert 1788042091.000000336, sequence: 9358 - clear  0.000000000, sequence: 0
source 0 - assert 1788042091.999999662, sequence: 9359 - clear  0.000000000, sequence: 0
source 0 - assert 1788042092.999999812, sequence: 9360 - clear  0.000000000, sequence: 0
source 0 - assert 1788042093.999999700, sequence: 9361 - clear  0.000000000, sequence: 0
source 0 - assert 1788042094.999999947, sequence: 9362 - clear  0.000000000, sequence: 0
source 0 - assert 1788042095.999999404, sequence: 9363 - clear  0.000000000, sequence: 0
source 0 - assert 1788042096.999999665, sequence: 9364 - clear  0.000000000, sequence: 0
source 0 - assert 1788042097.999999688, sequence: 9365 - clear  0.000000000, sequence: 0
source 0 - assert 1788042098.999999628, sequence: 9366 - clear  0.000000000, sequence: 0
source 0 - assert 1788042099.999999591, sequence: 9367 - clear  0.000000000, sequence: 0
source 0 - assert 1788042100.999999951, sequence: 9368 - clear  0.000000000, sequence: 0
source 0 - assert 1788042101.999999893, sequence: 9369 - clear  0.000000000, sequence: 0
source 0 - assert 1788042103.000000050, sequence: 9370 - clear  0.000000000, sequence: 0
source 0 - assert 1788042103.999999614, sequence: 9371 - clear  0.000000000, sequence: 0
source 0 - assert 1788042105.000000091, sequence: 9372 - clear  0.000000000, sequence: 0
source 0 - assert 1788042106.000000061, sequence: 9373 - clear  0.000000000, sequence: 0
source 0 - assert 1788042106.999999668, sequence: 9374 - clear  0.000000000, sequence: 0
source 0 - assert 1788042107.999999794, sequence: 9375 - clear  0.000000000, sequence: 0
source 0 - assert 1788042109.000000328, sequence: 9376 - clear  0.000000000, sequence: 0
source 0 - assert 1788042110.000000102, sequence: 9377 - clear  0.000000000, sequence: 0
source 0 - assert 1788042110.999999730, sequence: 9378 - clear  0.000000000, sequence: 0
source 0 - assert 1788042112.000000079, sequence: 9379 - clear  0.000000000, sequence: 0
source 0 - assert 1788042112.999999892, sequence: 9380 - clear  0.000000000, sequence: 0
source 0 - assert 1788042113.999999998, sequence: 9381 - clear  0.000000000, sequence: 0
source 0 - assert 1788042115.000000138, sequence: 9382 - clear  0.000000000, sequence: 0
source 0 - assert 1788042116.000000537, sequence: 9383 - clear  0.000000000, sequence: 0
source 0 - assert 1788042117.000000010, sequence: 9384 - clear  0.000000000, sequence: 0
source 0 - assert 1788042118.000000185, sequence: 9385 - clear  0.000000000, sequence: 0
source 0 - assert 1788042119.000000488, sequence: 9386 - clear  0.000000000, sequence: 0
source 0 - assert 1788042120.000000660, sequence: 9387 - clear  0.000000000, sequence: 0
source 0 - assert 1788042121.000000370, sequence: 9388 - clear  0.000000000, sequence: 0
source 0 - assert 1788042122.000000294, sequence: 9389 - clear  0.000000000, sequence: 0
source 0 - assert 1788042123.000000407, sequence: 9390 - clear  0.000000000, sequence: 0
source 0 - assert 1788042124.000000149, sequence: 9391 - clear  0.000000000, sequence: 0
source 0 - assert 1788042125.000000036, sequence: 9392 - clear  0.000000000, sequence: 0
source 0 - assert 1788042126.000000233, sequence: 9393 - clear  0.000000000, sequence: 0
source 0 - assert 1788042126.999999993, sequence: 9394 - clear  0.000000000, sequence: 0
source 0 - assert 1788042128.000000011, sequence: 9395 - clear  0.000000000, sequence: 0
source 0 - assert 1788042129.000000030, sequence: 9396 - clear  0.000000000, sequence: 0
source 0 - assert 1788042130.000000333, sequence: 9397 - clear  0.000000000, sequence: 0
source 0 - assert 1788042130.999999868, sequence: 9398 - clear  0.000000000, sequence: 0
source 0 - assert 1788042132.000000680, sequence: 9399 - clear  0.000000000, sequence: 0
source 0 - assert 1788042132.999999714, sequence: 9400 - clear  0.000000000, sequence: 0
source 0 - assert 1788042134.000000174, sequence: 9401 - clear  0.000000000, sequence: 0
source 0 - assert 1788042134.999999986, sequence: 9402 - clear  0.000000000, sequence: 0
source 0 - assert 1788042135.999999872, sequence: 9403 - clear  0.000000000, sequence: 0
source 0 - assert 1788042137.000000202, sequence: 9404 - clear  0.000000000, sequence: 0
source 0 - assert 1788042137.999999901, sequence: 9405 - clear  0.000000000, sequence: 0
source 0 - assert 1788042138.999999654, sequence: 9406 - clear  0.000000000, sequence: 0
source 0 - assert 1788042139.999999796, sequence: 9407 - clear  0.000000000, sequence: 0
source 0 - assert 1788042141.000000271, sequence: 9408 - clear  0.000000000, sequence: 0
source 0 - assert 1788042141.999999655, sequence: 9409 - clear  0.000000000, sequence: 0
source 0 - assert 1788042142.999999671, sequence: 9410 - clear  0.000000000, sequence: 0
source 0 - assert 1788042144.000000001, sequence: 9411 - clear  0.000000000, sequence: 0
source 0 - assert 1788042144.999999647, sequence: 9412 - clear  0.000000000, sequence: 0
source 0 - assert 1788042145.999999850, sequence: 9413 - clear  0.000000000, sequence: 0
source 0 - assert 1788042146.999999961, sequence: 9414 - clear  0.000000000, sequence: 0
source 0 - assert 1788042148.000000349, sequence: 9415 - clear  0.000000000, sequence: 0
source 0 - assert 1788042148.999999886, sequence: 9416 - clear  0.000000000, sequence: 0
source 0 - assert 1788042150.000000394, sequence: 9417 - clear  0.000000000, sequence: 0
source 0 - assert 1788042151.000000282, sequence: 9418 - clear  0.000000000, sequence: 0
source 0 - assert 1788042151.999999947, sequence: 9419 - clear  0.000000000, sequence: 0
source 0 - assert 1788042152.999999946, sequence: 9420 - clear  0.000000000, sequence: 0
source 0 - assert 1788042153.999999999, sequence: 9421 - clear  0.000000000, sequence: 0
source 0 - assert 1788042155.000000143, sequence: 9422 - clear  0.000000000, sequence: 0
source 0 - assert 1788042155.999999953, sequence: 9423 - clear  0.000000000, sequence: 0
source 0 - assert 1788042157.000000337, sequence: 9424 - clear  0.000000000, sequence: 0
source 0 - assert 1788042158.000000589, sequence: 9425 - clear  0.000000000, sequence: 0
source 0 - assert 1788042159.000000136, sequence: 9426 - clear  0.000000000, sequence: 0
source 0 - assert 1788042160.000000293, sequence: 9427 - clear  0.000000000, sequence: 0
source 0 - assert 1788042161.000000173, sequence: 9428 - clear  0.000000000, sequence: 0
source 0 - assert 1788042162.000000537, sequence: 9429 - clear  0.000000000, sequence: 0
source 0 - assert 1788042163.000000196, sequence: 9430 - clear  0.000000000, sequence: 0
source 0 - assert 1788042164.000000484, sequence: 9431 - clear  0.000000000, sequence: 0
source 0 - assert 1788042165.000000317, sequence: 9432 - clear  0.000000000, sequence: 0
source 0 - assert 1788042166.000001393, sequence: 9433 - clear  0.000000000, sequence: 0
source 0 - assert 1788042166.999999923, sequence: 9434 - clear  0.000000000, sequence: 0
source 0 - assert 1788042167.999999981, sequence: 9435 - clear  0.000000000, sequence: 0
source 0 - assert 1788042169.000000298, sequence: 9436 - clear  0.000000000, sequence: 0
source 0 - assert 1788042169.999999981, sequence: 9437 - clear  0.000000000, sequence: 0
source 0 - assert 1788042170.999999912, sequence: 9438 - clear  0.000000000, sequence: 0
source 0 - assert 1788042171.999999454, sequence: 9439 - clear  0.000000000, sequence: 0
source 0 - assert 1788042173.000001102, sequence: 9440 - clear  0.000000000, sequence: 0
source 0 - assert 1788042173.999999590, sequence: 9441 - clear  0.000000000, sequence: 0
source 0 - assert 1788042174.999999742, sequence: 9442 - clear  0.000000000, sequence: 0
source 0 - assert 1788042176.000000264, sequence: 9443 - clear  0.000000000, sequence: 0
source 0 - assert 1788042176.999999305, sequence: 9444 - clear  0.000000000, sequence: 0
source 0 - assert 1788042177.999999449, sequence: 9445 - clear  0.000000000, sequence: 0
source 0 - assert 1788042178.999999648, sequence: 9446 - clear  0.000000000, sequence: 0
source 0 - assert 1788042180.000000050, sequence: 9447 - clear  0.000000000, sequence: 0
source 0 - assert 1788042180.999999672, sequence: 9448 - clear  0.000000000, sequence: 0
source 0 - assert 1788042181.999999950, sequence: 9449 - clear  0.000000000, sequence: 0
source 0 - assert 1788042183.000001158, sequence: 9450 - clear  0.000000000, sequence: 0
source 0 - assert 1788042183.999999625, sequence: 9451 - clear  0.000000000, sequence: 0
source 0 - assert 1788042184.999999872, sequence: 9452 - clear  0.000000000, sequence: 0
source 0 - assert 1788042186.000000167, sequence: 9453 - clear  0.000000000, sequence: 0
source 0 - assert 1788042186.999999777, sequence: 9454 - clear  0.000000000, sequence: 0
source 0 - assert 1788042188.000000776, sequence: 9455 - clear  0.000000000, sequence: 0
source 0 - assert 1788042188.999999998, sequence: 9456 - clear  0.000000000, sequence: 0
source 0 - assert 1788042190.000000466, sequence: 9457 - clear  0.000000000, sequence: 0
source 0 - assert 1788042191.000000085, sequence: 9458 - clear  0.000000000, sequence: 0
source 0 - assert 1788042191.999999944, sequence: 9459 - clear  0.000000000, sequence: 0
source 0 - assert 1788042192.999999822, sequence: 9460 - clear  0.000000000, sequence: 0
source 0 - assert 1788042193.999999778, sequence: 9461 - clear  0.000000000, sequence: 0
source 0 - assert 1788042194.999999922, sequence: 9462 - clear  0.000000000, sequence: 0
source 0 - assert 1788042195.999999955, sequence: 9463 - clear  0.000000000, sequence: 0
source 0 - assert 1788042197.000001266, sequence: 9464 - clear  0.000000000, sequence: 0
source 0 - assert 1788042198.000001299, sequence: 9465 - clear  0.000000000, sequence: 0
source 0 - assert 1788042198.999999978, sequence: 9466 - clear  0.000000000, sequence: 0
source 0 - assert 1788042200.000000212, sequence: 9467 - clear  0.000000000, sequence: 0
source 0 - assert 1788042201.000000484, sequence: 9468 - clear  0.000000000, sequence: 0
source 0 - assert 1788042202.000001391, sequence: 9469 - clear  0.000000000, sequence: 0
source 0 - assert 1788042203.000000127, sequence: 9470 - clear  0.000000000, sequence: 0
source 0 - assert 1788042204.000000345, sequence: 9471 - clear  0.000000000, sequence: 0
source 0 - assert 1788042205.000000104, sequence: 9472 - clear  0.000000000, sequence: 0
source 0 - assert 1788042206.000000192, sequence: 9473 - clear  0.000000000, sequence: 0
source 0 - assert 1788042207.000000450, sequence: 9474 - clear  0.000000000, sequence: 0
source 0 - assert 1788042208.000000672, sequence: 9475 - clear  0.000000000, sequence: 0
source 0 - assert 1788042208.999999967, sequence: 9476 - clear  0.000000000, sequence: 0
source 0 - assert 1788042210.000000123, sequence: 9477 - clear  0.000000000, sequence: 0
source 0 - assert 1788042211.000000076, sequence: 9478 - clear  0.000000000, sequence: 0
source 0 - assert 1788042212.000000195, sequence: 9479 - clear  0.000000000, sequence: 0
source 0 - assert 1788042213.000000016, sequence: 9480 - clear  0.000000000, sequence: 0
source 0 - assert 1788042213.999999850, sequence: 9481 - clear  0.000000000, sequence: 0
source 0 - assert 1788042214.999999999, sequence: 9482 - clear  0.000000000, sequence: 0
source 0 - assert 1788042215.999999685, sequence: 9483 - clear  0.000000000, sequence: 0
source 0 - assert 1788042217.000000001, sequence: 9484 - clear  0.000000000, sequence: 0
source 0 - assert 1788042217.999999584, sequence: 9485 - clear  0.000000000, sequence: 0
source 0 - assert 1788042219.000000122, sequence: 9486 - clear  0.000000000, sequence: 0
source 0 - assert 1788042219.999999290, sequence: 9487 - clear  0.000000000, sequence: 0
source 0 - assert 1788042220.999999569, sequence: 9488 - clear  0.000000000, sequence: 0
source 0 - assert 1788042222.000000846, sequence: 9489 - clear  0.000000000, sequence: 0
source 0 - assert 1788042223.000000025, sequence: 9490 - clear  0.000000000, sequence: 0
source 0 - assert 1788042223.999999858, sequence: 9491 - clear  0.000000000, sequence: 0
source 0 - assert 1788042224.999999729, sequence: 9492 - clear  0.000000000, sequence: 0
source 0 - assert 1788042225.999999704, sequence: 9493 - clear  0.000000000, sequence: 0
source 0 - assert 1788042226.999999787, sequence: 9494 - clear  0.000000000, sequence: 0
source 0 - assert 1788042227.999999777, sequence: 9495 - clear  0.000000000, sequence: 0
source 0 - assert 1788042229.000000230, sequence: 9496 - clear  0.000000000, sequence: 0
source 0 - assert 1788042229.999999968, sequence: 9497 - clear  0.000000000, sequence: 0
source 0 - assert 1788042230.999999604, sequence: 9498 - clear  0.000000000, sequence: 0
source 0 - assert 1788042232.000000109, sequence: 9499 - clear  0.000000000, sequence: 0
source 0 - assert 1788042233.000000597, sequence: 9500 - clear  0.000000000, sequence: 0
source 0 - assert 1788042233.999999837, sequence: 9501 - clear  0.000000000, sequence: 0
source 0 - assert 1788042235.000000159, sequence: 9502 - clear  0.000000000, sequence: 0
source 0 - assert 1788042236.000000166, sequence: 9503 - clear  0.000000000, sequence: 0
source 0 - assert 1788042237.000000285, sequence: 9504 - clear  0.000000000, sequence: 0
source 0 - assert 1788042238.000000138, sequence: 9505 - clear  0.000000000, sequence: 0
source 0 - assert 1788042239.000000021, sequence: 9506 - clear  0.000000000, sequence: 0
source 0 - assert 1788042240.000000348, sequence: 9507 - clear  0.000000000, sequence: 0
source 0 - assert 1788042241.000000935, sequence: 9508 - clear  0.000000000, sequence: 0
source 0 - assert 1788042242.000000257, sequence: 9509 - clear  0.000000000, sequence: 0
source 0 - assert 1788042243.000000554, sequence: 9510 - clear  0.000000000, sequence: 0
source 0 - assert 1788042244.000000202, sequence: 9511 - clear  0.000000000, sequence: 0
source 0 - assert 1788042245.000000091, sequence: 9512 - clear  0.000000000, sequence: 0
source 0 - assert 1788042246.000000242, sequence: 9513 - clear  0.000000000, sequence: 0
source 0 - assert 1788042247.000000450, sequence: 9514 - clear  0.000000000, sequence: 0
source 0 - assert 1788042248.000000418, sequence: 9515 - clear  0.000000000, sequence: 0
source 0 - assert 1788042249.000000164, sequence: 9516 - clear  0.000000000, sequence: 0
source 0 - assert 1788042250.000000991, sequence: 9517 - clear  0.000000000, sequence: 0
source 0 - assert 1788042250.999999786, sequence: 9518 - clear  0.000000000, sequence: 0
source 0 - assert 1788042251.999999859, sequence: 9519 - clear  0.000000000, sequence: 0
source 0 - assert 1788042252.999999858, sequence: 9520 - clear  0.000000000, sequence: 0
source 0 - assert 1788042254.000000206, sequence: 9521 - clear  0.000000000, sequence: 0
source 0 - assert 1788042254.999999917, sequence: 9522 - clear  0.000000000, sequence: 0
source 0 - assert 1788042255.999999721, sequence: 9523 - clear  0.000000000, sequence: 0
source 0 - assert 1788042257.000000025, sequence: 9524 - clear  0.000000000, sequence: 0
source 0 - assert 1788042258.000000530, sequence: 9525 - clear  0.000000000, sequence: 0
source 0 - assert 1788042259.000000884, sequence: 9526 - clear  0.000000000, sequence: 0
source 0 - assert 1788042260.000000978, sequence: 9527 - clear  0.000000000, sequence: 0
source 0 - assert 1788042261.000000331, sequence: 9528 - clear  0.000000000, sequence: 0
source 0 - assert 1788042262.000001219, sequence: 9529 - clear  0.000000000, sequence: 0
source 0 - assert 1788042262.999999808, sequence: 9530 - clear  0.000000000, sequence: 0
source 0 - assert 1788042264.000000100, sequence: 9531 - clear  0.000000000, sequence: 0
source 0 - assert 1788042264.999999651, sequence: 9532 - clear  0.000000000, sequence: 0
source 0 - assert 1788042265.999999759, sequence: 9533 - clear  0.000000000, sequence: 0
source 0 - assert 1788042266.999999684, sequence: 9534 - clear  0.000000000, sequence: 0
source 0 - assert 1788042268.000000183, sequence: 9535 - clear  0.000000000, sequence: 0
source 0 - assert 1788042268.999999904, sequence: 9536 - clear  0.000000000, sequence: 0
source 0 - assert 1788042269.999999702, sequence: 9537 - clear  0.000000000, sequence: 0
source 0 - assert 1788042270.999999966, sequence: 9538 - clear  0.000000000, sequence: 0
source 0 - assert 1788042272.000000138, sequence: 9539 - clear  0.000000000, sequence: 0
source 0 - assert 1788042272.999999829, sequence: 9540 - clear  0.000000000, sequence: 0
source 0 - assert 1788042273.999999945, sequence: 9541 - clear  0.000000000, sequence: 0
source 0 - assert 1788042275.000000118, sequence: 9542 - clear  0.000000000, sequence: 0
source 0 - assert 1788042275.999999697, sequence: 9543 - clear  0.000000000, sequence: 0
source 0 - assert 1788042276.999999796, sequence: 9544 - clear  0.000000000, sequence: 0
source 0 - assert 1788042277.999999633, sequence: 9545 - clear  0.000000000, sequence: 0
source 0 - assert 1788042279.000000210, sequence: 9546 - clear  0.000000000, sequence: 0
source 0 - assert 1788042279.999999731, sequence: 9547 - clear  0.000000000, sequence: 0
source 0 - assert 1788042280.999999900, sequence: 9548 - clear  0.000000000, sequence: 0
source 0 - assert 1788042282.000000166, sequence: 9549 - clear  0.000000000, sequence: 0
source 0 - assert 1788042282.999999745, sequence: 9550 - clear  0.000000000, sequence: 0
source 0 - assert 1788042283.999999841, sequence: 9551 - clear  0.000000000, sequence: 0
source 0 - assert 1788042285.000000108, sequence: 9552 - clear  0.000000000, sequence: 0
source 0 - assert 1788042286.000000594, sequence: 9553 - clear  0.000000000, sequence: 0
source 0 - assert 1788042287.000001176, sequence: 9554 - clear  0.000000000, sequence: 0
source 0 - assert 1788042288.000000147, sequence: 9555 - clear  0.000000000, sequence: 0
source 0 - assert 1788042289.000000470, sequence: 9556 - clear  0.000000000, sequence: 0
source 0 - assert 1788042290.000000626, sequence: 9557 - clear  0.000000000, sequence: 0
source 0 - assert 1788042291.000000017, sequence: 9558 - clear  0.000000000, sequence: 0
source 0 - assert 1788042292.000000110, sequence: 9559 - clear  0.000000000, sequence: 0
source 0 - assert 1788042293.000000537, sequence: 9560 - clear  0.000000000, sequence: 0
source 0 - assert 1788042294.000000122, sequence: 9561 - clear  0.000000000, sequence: 0
source 0 - assert 1788042295.000000026, sequence: 9562 - clear  0.000000000, sequence: 0
source 0 - assert 1788042296.000000079, sequence: 9563 - clear  0.000000000, sequence: 0
source 0 - assert 1788042296.999999947, sequence: 9564 - clear  0.000000000, sequence: 0
source 0 - assert 1788042297.999999854, sequence: 9565 - clear  0.000000000, sequence: 0
source 0 - assert 1788042298.999999735, sequence: 9566 - clear  0.000000000, sequence: 0
source 0 - assert 1788042300.000000097, sequence: 9567 - clear  0.000000000, sequence: 0
source 0 - assert 1788042300.999999626, sequence: 9568 - clear  0.000000000, sequence: 0
source 0 - assert 1788042301.999999769, sequence: 9569 - clear  0.000000000, sequence: 0
source 0 - assert 1788042303.000000008, sequence: 9570 - clear  0.000000000, sequence: 0
source 0 - assert 1788042303.999999692, sequence: 9571 - clear  0.000000000, sequence: 0
source 0 - assert 1788042304.999999969, sequence: 9572 - clear  0.000000000, sequence: 0
source 0 - assert 1788042305.999999513, sequence: 9573 - clear  0.000000000, sequence: 0
source 0 - assert 1788042307.000000255, sequence: 9574 - clear  0.000000000, sequence: 0
source 0 - assert 1788042307.999999683, sequence: 9575 - clear  0.000000000, sequence: 0
source 0 - assert 1788042308.999999832, sequence: 9576 - clear  0.000000000, sequence: 0
source 0 - assert 1788042309.999999912, sequence: 9577 - clear  0.000000000, sequence: 0
source 0 - assert 1788042311.000000222, sequence: 9578 - clear  0.000000000, sequence: 0
source 0 - assert 1788042311.999999735, sequence: 9579 - clear  0.000000000, sequence: 0
source 0 - assert 1788042312.999999951, sequence: 9580 - clear  0.000000000, sequence: 0
source 0 - assert 1788042313.999999879, sequence: 9581 - clear  0.000000000, sequence: 0
source 0 - assert 1788042314.999999699, sequence: 9582 - clear  0.000000000, sequence: 0
source 0 - assert 1788042315.999999796, sequence: 9583 - clear  0.000000000, sequence: 0
source 0 - assert 1788042316.999999782, sequence: 9584 - clear  0.000000000, sequence: 0
source 0 - assert 1788042318.000000164, sequence: 9585 - clear  0.000000000, sequence: 0
source 0 - assert 1788042318.999999928, sequence: 9586 - clear  0.000000000, sequence: 0
source 0 - assert 1788042319.999999747, sequence: 9587 - clear  0.000000000, sequence: 0
source 0 - assert 1788042321.000000196, sequence: 9588 - clear  0.000000000, sequence: 0
source 0 - assert 1788042321.999999582, sequence: 9589 - clear  0.000000000, sequence: 0
source 0 - assert 1788042322.999999772, sequence: 9590 - clear  0.000000000, sequence: 0
source 0 - assert 1788042323.999999777, sequence: 9591 - clear  0.000000000, sequence: 0
source 0 - assert 1788042325.000000116, sequence: 9592 - clear  0.000000000, sequence: 0
source 0 - assert 1788042325.999999589, sequence: 9593 - clear  0.000000000, sequence: 0
source 0 - assert 1788042326.999999864, sequence: 9594 - clear  0.000000000, sequence: 0
source 0 - assert 1788042328.000000399, sequence: 9595 - clear  0.000000000, sequence: 0
source 0 - assert 1788042329.000000120, sequence: 9596 - clear  0.000000000, sequence: 0
source 0 - assert 1788042330.000000207, sequence: 9597 - clear  0.000000000, sequence: 0
source 0 - assert 1788042331.000000234, sequence: 9598 - clear  0.000000000, sequence: 0
source 0 - assert 1788042332.000000409, sequence: 9599 - clear  0.000000000, sequence: 0
source 0 - assert 1788042333.000000102, sequence: 9600 - clear  0.000000000, sequence: 0
source 0 - assert 1788042334.000000089, sequence: 9601 - clear  0.000000000, sequence: 0
source 0 - assert 1788042335.000000256, sequence: 9602 - clear  0.000000000, sequence: 0
source 0 - assert 1788042336.000000609, sequence: 9603 - clear  0.000000000, sequence: 0
source 0 - assert 1788042337.000000017, sequence: 9604 - clear  0.000000000, sequence: 0
source 0 - assert 1788042338.000000274, sequence: 9605 - clear  0.000000000, sequence: 0
source 0 - assert 1788042339.000000511, sequence: 9606 - clear  0.000000000, sequence: 0
source 0 - assert 1788042340.000000228, sequence: 9607 - clear  0.000000000, sequence: 0
source 0 - assert 1788042341.000001057, sequence: 9608 - clear  0.000000000, sequence: 0
source 0 - assert 1788042342.000000063, sequence: 9609 - clear  0.000000000, sequence: 0
source 0 - assert 1788042343.000000131, sequence: 9610 - clear  0.000000000, sequence: 0
source 0 - assert 1788042343.999999866, sequence: 9611 - clear  0.000000000, sequence: 0
source 0 - assert 1788042345.000000212, sequence: 9612 - clear  0.000000000, sequence: 0
source 0 - assert 1788042346.000000439, sequence: 9613 - clear  0.000000000, sequence: 0
source 0 - assert 1788042346.999999997, sequence: 9614 - clear  0.000000000, sequence: 0
source 0 - assert 1788042348.000000222, sequence: 9615 - clear  0.000000000, sequence: 0
source 0 - assert 1788042349.000000798, sequence: 9616 - clear  0.000000000, sequence: 0
source 0 - assert 1788042350.000000905, sequence: 9617 - clear  0.000000000, sequence: 0
source 0 - assert 1788042351.000000002, sequence: 9618 - clear  0.000000000, sequence: 0
source 0 - assert 1788042351.999999933, sequence: 9619 - clear  0.000000000, sequence: 0
source 0 - assert 1788042353.000000141, sequence: 9620 - clear  0.000000000, sequence: 0
source 0 - assert 1788042353.999999817, sequence: 9621 - clear  0.000000000, sequence: 0
source 0 - assert 1788042354.999999945, sequence: 9622 - clear  0.000000000, sequence: 0
source 0 - assert 1788042356.000000055, sequence: 9623 - clear  0.000000000, sequence: 0
source 0 - assert 1788042356.999999572, sequence: 9624 - clear  0.000000000, sequence: 0
source 0 - assert 1788042357.999999923, sequence: 9625 - clear  0.000000000, sequence: 0
source 0 - assert 1788042358.999999998, sequence: 9626 - clear  0.000000000, sequence: 0
source 0 - assert 1788042359.999999944, sequence: 9627 - clear  0.000000000, sequence: 0
source 0 - assert 1788042360.999999704, sequence: 9628 - clear  0.000000000, sequence: 0
source 0 - assert 1788042362.000000039, sequence: 9629 - clear  0.000000000, sequence: 0
source 0 - assert 1788042363.000000801, sequence: 9630 - clear  0.000000000, sequence: 0
source 0 - assert 1788042363.999999581, sequence: 9631 - clear  0.000000000, sequence: 0
source 0 - assert 1788042364.999999564, sequence: 9632 - clear  0.000000000, sequence: 0
source 0 - assert 1788042365.999999604, sequence: 9633 - clear  0.000000000, sequence: 0
source 0 - assert 1788042367.000000180, sequence: 9634 - clear  0.000000000, sequence: 0
source 0 - assert 1788042367.999999849, sequence: 9635 - clear  0.000000000, sequence: 0
source 0 - assert 1788042368.999999647, sequence: 9636 - clear  0.000000000, sequence: 0
source 0 - assert 1788042370.000000005, sequence: 9637 - clear  0.000000000, sequence: 0
source 0 - assert 1788042371.000000369, sequence: 9638 - clear  0.000000000, sequence: 0
source 0 - assert 1788042371.999999992, sequence: 9639 - clear  0.000000000, sequence: 0
source 0 - assert 1788042372.999999875, sequence: 9640 - clear  0.000000000, sequence: 0
source 0 - assert 1788042374.000000346, sequence: 9641 - clear  0.000000000, sequence: 0
source 0 - assert 1788042375.000001275, sequence: 9642 - clear  0.000000000, sequence: 0
source 0 - assert 1788042375.999999741, sequence: 9643 - clear  0.000000000, sequence: 0
source 0 - assert 1788042377.000000559, sequence: 9644 - clear  0.000000000, sequence: 0
source 0 - assert 1788042378.000000408, sequence: 9645 - clear  0.000000000, sequence: 0
source 0 - assert 1788042378.999999824, sequence: 9646 - clear  0.000000000, sequence: 0
source 0 - assert 1788042380.000001017, sequence: 9647 - clear  0.000000000, sequence: 0
source 0 - assert 1788042381.000000229, sequence: 9648 - clear  0.000000000, sequence: 0
source 0 - assert 1788042381.999999607, sequence: 9649 - clear  0.000000000, sequence: 0
source 0 - assert 1788042382.999999909, sequence: 9650 - clear  0.000000000, sequence: 0
source 0 - assert 1788042383.999999805, sequence: 9651 - clear  0.000000000, sequence: 0
source 0 - assert 1788042385.000000163, sequence: 9652 - clear  0.000000000, sequence: 0
source 0 - assert 1788042386.000001656, sequence: 9653 - clear  0.000000000, sequence: 0
source 0 - assert 1788042387.000000842, sequence: 9654 - clear  0.000000000, sequence: 0
source 0 - assert 1788042388.000000083, sequence: 9655 - clear  0.000000000, sequence: 0
source 0 - assert 1788042389.000000121, sequence: 9656 - clear  0.000000000, sequence: 0
source 0 - assert 1788042390.000001399, sequence: 9657 - clear  0.000000000, sequence: 0
source 0 - assert 1788042390.999999659, sequence: 9658 - clear  0.000000000, sequence: 0
source 0 - assert 1788042392.000000012, sequence: 9659 - clear  0.000000000, sequence: 0
source 0 - assert 1788042392.999999697, sequence: 9660 - clear  0.000000000, sequence: 0
source 0 - assert 1788042393.999999421, sequence: 9661 - clear  0.000000000, sequence: 0
source 0 - assert 1788042394.999999590, sequence: 9662 - clear  0.000000000, sequence: 0
source 0 - assert 1788042395.999999389, sequence: 9663 - clear  0.000000000, sequence: 0
source 0 - assert 1788042397.000000003, sequence: 9664 - clear  0.000000000, sequence: 0
source 0 - assert 1788042397.999999735, sequence: 9665 - clear  0.000000000, sequence: 0
source 0 - assert 1788042399.000000202, sequence: 9666 - clear  0.000000000, sequence: 0
source 0 - assert 1788042399.999999835, sequence: 9667 - clear  0.000000000, sequence: 0
source 0 - assert 1788042400.999999783, sequence: 9668 - clear  0.000000000, sequence: 0
source 0 - assert 1788042401.999999317, sequence: 9669 - clear  0.000000000, sequence: 0
source 0 - assert 1788042403.000000229, sequence: 9670 - clear  0.000000000, sequence: 0
source 0 - assert 1788042404.000001272, sequence: 9671 - clear  0.000000000, sequence: 0
source 0 - assert 1788042404.999999721, sequence: 9672 - clear  0.000000000, sequence: 0
source 0 - assert 1788042406.000000170, sequence: 9673 - clear  0.000000000, sequence: 0
source 0 - assert 1788042406.999999785, sequence: 9674 - clear  0.000000000, sequence: 0
source 0 - assert 1788042407.999999529, sequence: 9675 - clear  0.000000000, sequence: 0
source 0 - assert 1788042408.999999625, sequence: 9676 - clear  0.000000000, sequence: 0
source 0 - assert 1788042410.000000076, sequence: 9677 - clear  0.000000000, sequence: 0
source 0 - assert 1788042411.000001531, sequence: 9678 - clear  0.000000000, sequence: 0
source 0 - assert 1788042411.999999728, sequence: 9679 - clear  0.000000000, sequence: 0
source 0 - assert 1788042413.000000406, sequence: 9680 - clear  0.000000000, sequence: 0
source 0 - assert 1788042413.999999913, sequence: 9681 - clear  0.000000000, sequence: 0
source 0 - assert 1788042415.000000100, sequence: 9682 - clear  0.000000000, sequence: 0
source 0 - assert 1788042416.000000065, sequence: 9683 - clear  0.000000000, sequence: 0
source 0 - assert 1788042417.000000455, sequence: 9684 - clear  0.000000000, sequence: 0
source 0 - assert 1788042418.000000142, sequence: 9685 - clear  0.000000000, sequence: 0
source 0 - assert 1788042418.999999791, sequence: 9686 - clear  0.000000000, sequence: 0
source 0 - assert 1788042420.000000218, sequence: 9687 - clear  0.000000000, sequence: 0
source 0 - assert 1788042421.000000441, sequence: 9688 - clear  0.000000000, sequence: 0
source 0 - assert 1788042422.000000163, sequence: 9689 - clear  0.000000000, sequence: 0
source 0 - assert 1788042423.000000069, sequence: 9690 - clear  0.000000000, sequence: 0
source 0 - assert 1788042424.000000363, sequence: 9691 - clear  0.000000000, sequence: 0
source 0 - assert 1788042425.000000102, sequence: 9692 - clear  0.000000000, sequence: 0
source 0 - assert 1788042425.999999822, sequence: 9693 - clear  0.000000000, sequence: 0
source 0 - assert 1788042427.000000228, sequence: 9694 - clear  0.000000000, sequence: 0
source 0 - assert 1788042428.000000671, sequence: 9695 - clear  0.000000000, sequence: 0
source 0 - assert 1788042428.999999965, sequence: 9696 - clear  0.000000000, sequence: 0
source 0 - assert 1788042430.000001056, sequence: 9697 - clear  0.000000000, sequence: 0
source 0 - assert 1788042431.000000704, sequence: 9698 - clear  0.000000000, sequence: 0
source 0 - assert 1788042431.999999851, sequence: 9699 - clear  0.000000000, sequence: 0
source 0 - assert 1788042432.999999942, sequence: 9700 - clear  0.000000000, sequence: 0
source 0 - assert 1788042434.000000257, sequence: 9701 - clear  0.000000000, sequence: 0
source 0 - assert 1788042435.000000387, sequence: 9702 - clear  0.000000000, sequence: 0
source 0 - assert 1788042435.999999739, sequence: 9703 - clear  0.000000000, sequence: 0
source 0 - assert 1788042436.999999999, sequence: 9704 - clear  0.000000000, sequence: 0
source 0 - assert 1788042438.000000684, sequence: 9705 - clear  0.000000000, sequence: 0
source 0 - assert 1788042438.999999905, sequence: 9706 - clear  0.000000000, sequence: 0
source 0 - assert 1788042439.999999904, sequence: 9707 - clear  0.000000000, sequence: 0
source 0 - assert 1788042440.999999792, sequence: 9708 - clear  0.000000000, sequence: 0
source 0 - assert 1788042442.000000236, sequence: 9709 - clear  0.000000000, sequence: 0
source 0 - assert 1788042442.999999793, sequence: 9710 - clear  0.000000000, sequence: 0
source 0 - assert 1788042443.999999850, sequence: 9711 - clear  0.000000000, sequence: 0
source 0 - assert 1788042445.000000092, sequence: 9712 - clear  0.000000000, sequence: 0
source 0 - assert 1788042445.999999872, sequence: 9713 - clear  0.000000000, sequence: 0
source 0 - assert 1788042446.999999780, sequence: 9714 - clear  0.000000000, sequence: 0
source 0 - assert 1788042447.999999727, sequence: 9715 - clear  0.000000000, sequence: 0
source 0 - assert 1788042448.999999802, sequence: 9716 - clear  0.000000000, sequence: 0
source 0 - assert 1788042449.999999619, sequence: 9717 - clear  0.000000000, sequence: 0
source 0 - assert 1788042450.999999733, sequence: 9718 - clear  0.000000000, sequence: 0
source 0 - assert 1788042452.000000070, sequence: 9719 - clear  0.000000000, sequence: 0
source 0 - assert 1788042452.999999739, sequence: 9720 - clear  0.000000000, sequence: 0
source 0 - assert 1788042453.999999614, sequence: 9721 - clear  0.000000000, sequence: 0
source 0 - assert 1788042454.999999473, sequence: 9722 - clear  0.000000000, sequence: 0
source 0 - assert 1788042456.000000388, sequence: 9723 - clear  0.000000000, sequence: 0
source 0 - assert 1788042456.999999895, sequence: 9724 - clear  0.000000000, sequence: 0
source 0 - assert 1788042457.999999865, sequence: 9725 - clear  0.000000000, sequence: 0
source 0 - assert 1788042459.000000373, sequence: 9726 - clear  0.000000000, sequence: 0
source 0 - assert 1788042459.999999954, sequence: 9727 - clear  0.000000000, sequence: 0
source 0 - assert 1788042460.999999962, sequence: 9728 - clear  0.000000000, sequence: 0
source 0 - assert 1788042461.999999913, sequence: 9729 - clear  0.000000000, sequence: 0
source 0 - assert 1788042463.000000120, sequence: 9730 - clear  0.000000000, sequence: 0
source 0 - assert 1788042463.999999902, sequence: 9731 - clear  0.000000000, sequence: 0
source 0 - assert 1788042465.000000109, sequence: 9732 - clear  0.000000000, sequence: 0
source 0 - assert 1788042466.000000076, sequence: 9733 - clear  0.000000000, sequence: 0
source 0 - assert 1788042467.000000597, sequence: 9734 - clear  0.000000000, sequence: 0
source 0 - assert 1788042468.000000192, sequence: 9735 - clear  0.000000000, sequence: 0
source 0 - assert 1788042468.999999936, sequence: 9736 - clear  0.000000000, sequence: 0
source 0 - assert 1788042470.000000290, sequence: 9737 - clear  0.000000000, sequence: 0
source 0 - assert 1788042470.999999792, sequence: 9738 - clear  0.000000000, sequence: 0
source 0 - assert 1788042471.999999961, sequence: 9739 - clear  0.000000000, sequence: 0
source 0 - assert 1788042473.000000241, sequence: 9740 - clear  0.000000000, sequence: 0
source 0 - assert 1788042474.000000465, sequence: 9741 - clear  0.000000000, sequence: 0
source 0 - assert 1788042475.000000096, sequence: 9742 - clear  0.000000000, sequence: 0
source 0 - assert 1788042475.999999783, sequence: 9743 - clear  0.000000000, sequence: 0
source 0 - assert 1788042477.000000248, sequence: 9744 - clear  0.000000000, sequence: 0
source 0 - assert 1788042478.000000045, sequence: 9745 - clear  0.000000000, sequence: 0
source 0 - assert 1788042478.999999953, sequence: 9746 - clear  0.000000000, sequence: 0
source 0 - assert 1788042480.000000027, sequence: 9747 - clear  0.000000000, sequence: 0
source 0 - assert 1788042480.999999749, sequence: 9748 - clear  0.000000000, sequence: 0
source 0 - assert 1788042482.000000027, sequence: 9749 - clear  0.000000000, sequence: 0
source 0 - assert 1788042482.999999992, sequence: 9750 - clear  0.000000000, sequence: 0
source 0 - assert 1788042484.000000363, sequence: 9751 - clear  0.000000000, sequence: 0
source 0 - assert 1788042485.000000013, sequence: 9752 - clear  0.000000000, sequence: 0
source 0 - assert 1788042486.000000255, sequence: 9753 - clear  0.000000000, sequence: 0
source 0 - assert 1788042487.000000071, sequence: 9754 - clear  0.000000000, sequence: 0
source 0 - assert 1788042488.000000165, sequence: 9755 - clear  0.000000000, sequence: 0
source 0 - assert 1788042488.999999981, sequence: 9756 - clear  0.000000000, sequence: 0
source 0 - assert 1788042489.999999853, sequence: 9757 - clear  0.000000000, sequence: 0
source 0 - assert 1788042491.000000131, sequence: 9758 - clear  0.000000000, sequence: 0
source 0 - assert 1788042491.999999854, sequence: 9759 - clear  0.000000000, sequence: 0
source 0 - assert 1788042492.999999781, sequence: 9760 - clear  0.000000000, sequence: 0
source 0 - assert 1788042493.999999745, sequence: 9761 - clear  0.000000000, sequence: 0
source 0 - assert 1788042495.000000080, sequence: 9762 - clear  0.000000000, sequence: 0
source 0 - assert 1788042495.999999656, sequence: 9763 - clear  0.000000000, sequence: 0
source 0 - assert 1788042496.999999862, sequence: 9764 - clear  0.000000000, sequence: 0
source 0 - assert 1788042498.000000309, sequence: 9765 - clear  0.000000000, sequence: 0
source 0 - assert 1788042498.999999997, sequence: 9766 - clear  0.000000000, sequence: 0
source 0 - assert 1788042499.999999944, sequence: 9767 - clear  0.000000000, sequence: 0
source 0 - assert 1788042500.999999947, sequence: 9768 - clear  0.000000000, sequence: 0
source 0 - assert 1788042502.000000412, sequence: 9769 - clear  0.000000000, sequence: 0
source 0 - assert 1788042502.999999915, sequence: 9770 - clear  0.000000000, sequence: 0
source 0 - assert 1788042504.000000140, sequence: 9771 - clear  0.000000000, sequence: 0
source 0 - assert 1788042505.000000124, sequence: 9772 - clear  0.000000000, sequence: 0
source 0 - assert 1788042506.000000108, sequence: 9773 - clear  0.000000000, sequence: 0
source 0 - assert 1788042507.000000073, sequence: 9774 - clear  0.000000000, sequence: 0
source 0 - assert 1788042508.000000093, sequence: 9775 - clear  0.000000000, sequence: 0
source 0 - assert 1788042509.000000355, sequence: 9776 - clear  0.000000000, sequence: 0
source 0 - assert 1788042510.000000005, sequence: 9777 - clear  0.000000000, sequence: 0
source 0 - assert 1788042510.999999877, sequence: 9778 - clear  0.000000000, sequence: 0
source 0 - assert 1788042512.000000008, sequence: 9779 - clear  0.000000000, sequence: 0
source 0 - assert 1788042513.000000436, sequence: 9780 - clear  0.000000000, sequence: 0
source 0 - assert 1788042514.000000123, sequence: 9781 - clear  0.000000000, sequence: 0
source 0 - assert 1788042515.000000106, sequence: 9782 - clear  0.000000000, sequence: 0
source 0 - assert 1788042516.000000256, sequence: 9783 - clear  0.000000000, sequence: 0
source 0 - assert 1788042517.000000073, sequence: 9784 - clear  0.000000000, sequence: 0
source 0 - assert 1788042517.999999889, sequence: 9785 - clear  0.000000000, sequence: 0
source 0 - assert 1788042519.000000020, sequence: 9786 - clear  0.000000000, sequence: 0
source 0 - assert 1788042520.000000299, sequence: 9787 - clear  0.000000000, sequence: 0
source 0 - assert 1788042520.999999911, sequence: 9788 - clear  0.000000000, sequence: 0
source 0 - assert 1788042522.000000246, sequence: 9789 - clear  0.000000000, sequence: 0
source 0 - assert 1788042523.000000211, sequence: 9790 - clear  0.000000000, sequence: 0
source 0 - assert 1788042523.999999971, sequence: 9791 - clear  0.000000000, sequence: 0
source 0 - assert 1788042525.000000103, sequence: 9792 - clear  0.000000000, sequence: 0
source 0 - assert 1788042525.999999826, sequence: 9793 - clear  0.000000000, sequence: 0
source 0 - assert 1788042526.999999790, sequence: 9794 - clear  0.000000000, sequence: 0
source 0 - assert 1788042527.999999921, sequence: 9795 - clear  0.000000000, sequence: 0
source 0 - assert 1788042528.999999755, sequence: 9796 - clear  0.000000000, sequence: 0
source 0 - assert 1788042530.000000182, sequence: 9797 - clear  0.000000000, sequence: 0
source 0 - assert 1788042530.999999684, sequence: 9798 - clear  0.000000000, sequence: 0
source 0 - assert 1788042532.000000815, sequence: 9799 - clear  0.000000000, sequence: 0
source 0 - assert 1788042532.999999688, sequence: 9800 - clear  0.000000000, sequence: 0
source 0 - assert 1788042534.000000338, sequence: 9801 - clear  0.000000000, sequence: 0
source 0 - assert 1788042534.999999895, sequence: 9802 - clear  0.000000000, sequence: 0
source 0 - assert 1788042536.000000804, sequence: 9803 - clear  0.000000000, sequence: 0
source 0 - assert 1788042537.000000862, sequence: 9804 - clear  0.000000000, sequence: 0
source 0 - assert 1788042537.999999919, sequence: 9805 - clear  0.000000000, sequence: 0
source 0 - assert 1788042538.999999847, sequence: 9806 - clear  0.000000000, sequence: 0
source 0 - assert 1788042539.999999849, sequence: 9807 - clear  0.000000000, sequence: 0
source 0 - assert 1788042541.000000370, sequence: 9808 - clear  0.000000000, sequence: 0
source 0 - assert 1788042542.000000057, sequence: 9809 - clear  0.000000000, sequence: 0
source 0 - assert 1788042543.000000097, sequence: 9810 - clear  0.000000000, sequence: 0
source 0 - assert 1788042544.000000304, sequence: 9811 - clear  0.000000000, sequence: 0
source 0 - assert 1788042545.000000103, sequence: 9812 - clear  0.000000000, sequence: 0
source 0 - assert 1788042546.000000105, sequence: 9813 - clear  0.000000000, sequence: 0
source 0 - assert 1788042547.000000292, sequence: 9814 - clear  0.000000000, sequence: 0
source 0 - assert 1788042548.000001424, sequence: 9815 - clear  0.000000000, sequence: 0
source 0 - assert 1788042549.000000074, sequence: 9816 - clear  0.000000000, sequence: 0
source 0 - assert 1788042550.000000223, sequence: 9817 - clear  0.000000000, sequence: 0
source 0 - assert 1788042551.000000408, sequence: 9818 - clear  0.000000000, sequence: 0
source 0 - assert 1788042552.000000519, sequence: 9819 - clear  0.000000000, sequence: 0
source 0 - assert 1788042552.999999946, sequence: 9820 - clear  0.000000000, sequence: 0
source 0 - assert 1788042553.999999981, sequence: 9821 - clear  0.000000000, sequence: 0
source 0 - assert 1788042555.000000570, sequence: 9822 - clear  0.000000000, sequence: 0
source 0 - assert 1788042555.999999845, sequence: 9823 - clear  0.000000000, sequence: 0
source 0 - assert 1788042557.000000063, sequence: 9824 - clear  0.000000000, sequence: 0
source 0 - assert 1788042558.000000283, sequence: 9825 - clear  0.000000000, sequence: 0
source 0 - assert 1788042559.000000340, sequence: 9826 - clear  0.000000000, sequence: 0
source 0 - assert 1788042560.000000081, sequence: 9827 - clear  0.000000000, sequence: 0
source 0 - assert 1788042560.999999953, sequence: 9828 - clear  0.000000000, sequence: 0
source 0 - assert 1788042562.000000453, sequence: 9829 - clear  0.000000000, sequence: 0
source 0 - assert 1788042562.999999785, sequence: 9830 - clear  0.000000000, sequence: 0
source 0 - assert 1788042564.000000025, sequence: 9831 - clear  0.000000000, sequence: 0
source 0 - assert 1788042564.999999950, sequence: 9832 - clear  0.000000000, sequence: 0
source 0 - assert 1788042566.000000227, sequence: 9833 - clear  0.000000000, sequence: 0
source 0 - assert 1788042567.000001414, sequence: 9834 - clear  0.000000000, sequence: 0
source 0 - assert 1788042568.000000100, sequence: 9835 - clear  0.000000000, sequence: 0
source 0 - assert 1788042569.000000212, sequence: 9836 - clear  0.000000000, sequence: 0
source 0 - assert 1788042570.000000175, sequence: 9837 - clear  0.000000000, sequence: 0
source 0 - assert 1788042571.000000101, sequence: 9838 - clear  0.000000000, sequence: 0
source 0 - assert 1788042571.999999822, sequence: 9839 - clear  0.000000000, sequence: 0
source 0 - assert 1788042572.999999691, sequence: 9840 - clear  0.000000000, sequence: 0
source 0 - assert 1788042573.999999691, sequence: 9841 - clear  0.000000000, sequence: 0
source 0 - assert 1788042574.999999860, sequence: 9842 - clear  0.000000000, sequence: 0
source 0 - assert 1788042576.000000231, sequence: 9843 - clear  0.000000000, sequence: 0
source 0 - assert 1788042577.000000011, sequence: 9844 - clear  0.000000000, sequence: 0
source 0 - assert 1788042577.999999716, sequence: 9845 - clear  0.000000000, sequence: 0
source 0 - assert 1788042578.999999736, sequence: 9846 - clear  0.000000000, sequence: 0
source 0 - assert 1788042579.999999738, sequence: 9847 - clear  0.000000000, sequence: 0
source 0 - assert 1788042580.999999702, sequence: 9848 - clear  0.000000000, sequence: 0
source 0 - assert 1788042581.999999686, sequence: 9849 - clear  0.000000000, sequence: 0
source 0 - assert 1788042583.000000191, sequence: 9850 - clear  0.000000000, sequence: 0
source 0 - assert 1788042583.999999973, sequence: 9851 - clear  0.000000000, sequence: 0
source 0 - assert 1788042584.999999941, sequence: 9852 - clear  0.000000000, sequence: 0
source 0 - assert 1788042586.000000149, sequence: 9853 - clear  0.000000000, sequence: 0
source 0 - assert 1788042587.000000281, sequence: 9854 - clear  0.000000000, sequence: 0
source 0 - assert 1788042588.000000228, sequence: 9855 - clear  0.000000000, sequence: 0
source 0 - assert 1788042589.000001545, sequence: 9856 - clear  0.000000000, sequence: 0
source 0 - assert 1788042590.000000343, sequence: 9857 - clear  0.000000000, sequence: 0
source 0 - assert 1788042591.000000086, sequence: 9858 - clear  0.000000000, sequence: 0
source 0 - assert 1788042592.000001809, sequence: 9859 - clear  0.000000000, sequence: 0
source 0 - assert 1788042593.000000070, sequence: 9860 - clear  0.000000000, sequence: 0
source 0 - assert 1788042594.000000590, sequence: 9861 - clear  0.000000000, sequence: 0
source 0 - assert 1788042595.000000015, sequence: 9862 - clear  0.000000000, sequence: 0
source 0 - assert 1788042595.999999997, sequence: 9863 - clear  0.000000000, sequence: 0
source 0 - assert 1788042597.000000237, sequence: 9864 - clear  0.000000000, sequence: 0
source 0 - assert 1788042597.999999774, sequence: 9865 - clear  0.000000000, sequence: 0
source 0 - assert 1788042598.999999941, sequence: 9866 - clear  0.000000000, sequence: 0
source 0 - assert 1788042600.000000015, sequence: 9867 - clear  0.000000000, sequence: 0
source 0 - assert 1788042601.000000477, sequence: 9868 - clear  0.000000000, sequence: 0
source 0 - assert 1788042602.000000496, sequence: 9869 - clear  0.000000000, sequence: 0
source 0 - assert 1788042603.000007256, sequence: 9870 - clear  0.000000000, sequence: 0
source 0 - assert 1788042604.000004406, sequence: 9871 - clear  0.000000000, sequence: 0
source 0 - assert 1788042604.999999962, sequence: 9872 - clear  0.000000000, sequence: 0
source 0 - assert 1788042606.000002833, sequence: 9873 - clear  0.000000000, sequence: 0
source 0 - assert 1788042607.000000166, sequence: 9874 - clear  0.000000000, sequence: 0
source 0 - assert 1788042608.000010481, sequence: 9875 - clear  0.000000000, sequence: 0
source 0 - assert 1788042609.000000166, sequence: 9876 - clear  0.000000000, sequence: 0
source 0 - assert 1788042609.999999740, sequence: 9877 - clear  0.000000000, sequence: 0
source 0 - assert 1788042611.000000999, sequence: 9878 - clear  0.000000000, sequence: 0
source 0 - assert 1788042612.000002277, sequence: 9879 - clear  0.000000000, sequence: 0
source 0 - assert 1788042613.000000555, sequence: 9880 - clear  0.000000000, sequence: 0
source 0 - assert 1788042614.000002296, sequence: 9881 - clear  0.000000000, sequence: 0
source 0 - assert 1788042615.000009167, sequence: 9882 - clear  0.000000000, sequence: 0
source 0 - assert 1788042616.000005242, sequence: 9883 - clear  0.000000000, sequence: 0
source 0 - assert 1788042617.000001262, sequence: 9884 - clear  0.000000000, sequence: 0
source 0 - assert 1788042618.000001263, sequence: 9885 - clear  0.000000000, sequence: 0
source 0 - assert 1788042619.000001412, sequence: 9886 - clear  0.000000000, sequence: 0
source 0 - assert 1788042620.000001265, sequence: 9887 - clear  0.000000000, sequence: 0
source 0 - assert 1788042621.000000951, sequence: 9888 - clear  0.000000000, sequence: 0
source 0 - assert 1788042622.000000063, sequence: 9889 - clear  0.000000000, sequence: 0
source 0 - assert 1788042623.000000064, sequence: 9890 - clear  0.000000000, sequence: 0
source 0 - assert 1788042623.999999750, sequence: 9891 - clear  0.000000000, sequence: 0
source 0 - assert 1788042624.999999733, sequence: 9892 - clear  0.000000000, sequence: 0
source 0 - assert 1788042626.000000251, sequence: 9893 - clear  0.000000000, sequence: 0
source 0 - assert 1788042626.999999935, sequence: 9894 - clear  0.000000000, sequence: 0
source 0 - assert 1788042628.000000045, sequence: 9895 - clear  0.000000000, sequence: 0
source 0 - assert 1788042629.000000359, sequence: 9896 - clear  0.000000000, sequence: 0
source 0 - assert 1788042629.999999858, sequence: 9897 - clear  0.000000000, sequence: 0
source 0 - assert 1788042630.999999840, sequence: 9898 - clear  0.000000000, sequence: 0
source 0 - assert 1788042632.000000173, sequence: 9899 - clear  0.000000000, sequence: 0
source 0 - assert 1788042633.000000489, sequence: 9900 - clear  0.000000000, sequence: 0
source 0 - assert 1788042634.000000193, sequence: 9901 - clear  0.000000000, sequence: 0
source 0 - assert 1788042635.000000101, sequence: 9902 - clear  0.000000000, sequence: 0
source 0 - assert 1788042636.000000138, sequence: 9903 - clear  0.000000000, sequence: 0
source 0 - assert 1788042636.999999861, sequence: 9904 - clear  0.000000000, sequence: 0
source 0 - assert 1788042638.000000176, sequence: 9905 - clear  0.000000000, sequence: 0
source 0 - assert 1788042639.000000154, sequence: 9906 - clear  0.000000000, sequence: 0
source 0 - assert 1788042640.000000243, sequence: 9907 - clear  0.000000000, sequence: 0
source 0 - assert 1788042640.999999999, sequence: 9908 - clear  0.000000000, sequence: 0
source 0 - assert 1788042641.999999867, sequence: 9909 - clear  0.000000000, sequence: 0
source 0 - assert 1788042643.000000218, sequence: 9910 - clear  0.000000000, sequence: 0
source 0 - assert 1788042644.000000403, sequence: 9911 - clear  0.000000000, sequence: 0
source 0 - assert 1788042644.999999847, sequence: 9912 - clear  0.000000000, sequence: 0
source 0 - assert 1788042645.999999885, sequence: 9913 - clear  0.000000000, sequence: 0
source 0 - assert 1788042647.000000293, sequence: 9914 - clear  0.000000000, sequence: 0
source 0 - assert 1788042648.000000091, sequence: 9915 - clear  0.000000000, sequence: 0
source 0 - assert 1788042649.000000777, sequence: 9916 - clear  0.000000000, sequence: 0
source 0 - assert 1788042649.999999908, sequence: 9917 - clear  0.000000000, sequence: 0
source 0 - assert 1788042651.000000483, sequence: 9918 - clear  0.000000000, sequence: 0
source 0 - assert 1788042651.999999781, sequence: 9919 - clear  0.000000000, sequence: 0
source 0 - assert 1788042653.000000004, sequence: 9920 - clear  0.000000000, sequence: 0
source 0 - assert 1788042654.000000098, sequence: 9921 - clear  0.000000000, sequence: 0
source 0 - assert 1788042654.999999822, sequence: 9922 - clear  0.000000000, sequence: 0
source 0 - assert 1788042656.000000841, sequence: 9923 - clear  0.000000000, sequence: 0
source 0 - assert 1788042656.999999750, sequence: 9924 - clear  0.000000000, sequence: 0
source 0 - assert 1788042657.999999696, sequence: 9925 - clear  0.000000000, sequence: 0
source 0 - assert 1788042658.999999586, sequence: 9926 - clear  0.000000000, sequence: 0
source 0 - assert 1788042659.999999958, sequence: 9927 - clear  0.000000000, sequence: 0
source 0 - assert 1788042661.000000219, sequence: 9928 - clear  0.000000000, sequence: 0
source 0 - assert 1788042661.999999851, sequence: 9929 - clear  0.000000000, sequence: 0
source 0 - assert 1788042662.999999871, sequence: 9930 - clear  0.000000000, sequence: 0
source 0 - assert 1788042663.999999835, sequence: 9931 - clear  0.000000000, sequence: 0
source 0 - assert 1788042665.000000022, sequence: 9932 - clear  0.000000000, sequence: 0
source 0 - assert 1788042665.999999580, sequence: 9933 - clear  0.000000000, sequence: 0
source 0 - assert 1788042666.999999807, sequence: 9934 - clear  0.000000000, sequence: 0
source 0 - assert 1788042667.999999996, sequence: 9935 - clear  0.000000000, sequence: 0
source 0 - assert 1788042669.000001316, sequence: 9936 - clear  0.000000000, sequence: 0
source 0 - assert 1788042669.999999912, sequence: 9937 - clear  0.000000000, sequence: 0
source 0 - assert 1788042671.000001172, sequence: 9938 - clear  0.000000000, sequence: 0
source 0 - assert 1788042672.000000155, sequence: 9939 - clear  0.000000000, sequence: 0
source 0 - assert 1788042672.999999860, sequence: 9940 - clear  0.000000000, sequence: 0
source 0 - assert 1788042673.999999917, sequence: 9941 - clear  0.000000000, sequence: 0
source 0 - assert 1788042675.000000270, sequence: 9942 - clear  0.000000000, sequence: 0
source 0 - assert 1788042675.999999696, sequence: 9943 - clear  0.000000000, sequence: 0
source 0 - assert 1788042676.999999864, sequence: 9944 - clear  0.000000000, sequence: 0
source 0 - assert 1788042678.000000179, sequence: 9945 - clear  0.000000000, sequence: 0
source 0 - assert 1788042679.000000382, sequence: 9946 - clear  0.000000000, sequence: 0
source 0 - assert 1788042680.000000104, sequence: 9947 - clear  0.000000000, sequence: 0
source 0 - assert 1788042680.999999899, sequence: 9948 - clear  0.000000000, sequence: 0
source 0 - assert 1788042682.000000250, sequence: 9949 - clear  0.000000000, sequence: 0
source 0 - assert 1788042683.000000343, sequence: 9950 - clear  0.000000000, sequence: 0
source 0 - assert 1788042684.000000120, sequence: 9951 - clear  0.000000000, sequence: 0
source 0 - assert 1788042685.000000157, sequence: 9952 - clear  0.000000000, sequence: 0
source 0 - assert 1788042686.000000842, sequence: 9953 - clear  0.000000000, sequence: 0
source 0 - assert 1788042686.999999991, sequence: 9954 - clear  0.000000000, sequence: 0
source 0 - assert 1788042687.999999861, sequence: 9955 - clear  0.000000000, sequence: 0
source 0 - assert 1788042689.000000269, sequence: 9956 - clear  0.000000000, sequence: 0
source 0 - assert 1788042690.000000398, sequence: 9957 - clear  0.000000000, sequence: 0
source 0 - assert 1788042690.999999899, sequence: 9958 - clear  0.000000000, sequence: 0
source 0 - assert 1788042691.999999862, sequence: 9959 - clear  0.000000000, sequence: 0
source 0 - assert 1788042693.000000177, sequence: 9960 - clear  0.000000000, sequence: 0
source 0 - assert 1788042693.999999993, sequence: 9961 - clear  0.000000000, sequence: 0
source 0 - assert 1788042694.999999789, sequence: 9962 - clear  0.000000000, sequence: 0
source 0 - assert 1788042696.000000160, sequence: 9963 - clear  0.000000000, sequence: 0
source 0 - assert 1788042697.000000217, sequence: 9964 - clear  0.000000000, sequence: 0
source 0 - assert 1788042697.999999938, sequence: 9965 - clear  0.000000000, sequence: 0
source 0 - assert 1788042698.999999696, sequence: 9966 - clear  0.000000000, sequence: 0
source 0 - assert 1788042700.000000046, sequence: 9967 - clear  0.000000000, sequence: 0
source 0 - assert 1788042700.999999711, sequence: 9968 - clear  0.000000000, sequence: 0
source 0 - assert 1788042701.999999912, sequence: 9969 - clear  0.000000000, sequence: 0
source 0 - assert 1788042702.999999854, sequence: 9970 - clear  0.000000000, sequence: 0
source 0 - assert 1788042704.000000092, sequence: 9971 - clear  0.000000000, sequence: 0
source 0 - assert 1788042704.999999719, sequence: 9972 - clear  0.000000000, sequence: 0
source 0 - assert 1788042705.999999976, sequence: 9973 - clear  0.000000000, sequence: 0
source 0 - assert 1788042706.999999939, sequence: 9974 - clear  0.000000000, sequence: 0
source 0 - assert 1788042707.999999699, sequence: 9975 - clear  0.000000000, sequence: 0
source 0 - assert 1788042708.999999791, sequence: 9976 - clear  0.000000000, sequence: 0
source 0 - assert 1788042709.999999514, sequence: 9977 - clear  0.000000000, sequence: 0
source 0 - assert 1788042710.999999626, sequence: 9978 - clear  0.000000000, sequence: 0
source 0 - assert 1788042711.999999960, sequence: 9979 - clear  0.000000000, sequence: 0
source 0 - assert 1788042712.999999775, sequence: 9980 - clear  0.000000000, sequence: 0
source 0 - assert 1788042714.000000276, sequence: 9981 - clear  0.000000000, sequence: 0
source 0 - assert 1788042714.999999851, sequence: 9982 - clear  0.000000000, sequence: 0
source 0 - assert 1788042715.999999741, sequence: 9983 - clear  0.000000000, sequence: 0
source 0 - assert 1788042716.999999743, sequence: 9984 - clear  0.000000000, sequence: 0
source 0 - assert 1788042718.000000263, sequence: 9985 - clear  0.000000000, sequence: 0
source 0 - assert 1788042718.999999968, sequence: 9986 - clear  0.000000000, sequence: 0
source 0 - assert 1788042719.999999767, sequence: 9987 - clear  0.000000000, sequence: 0
source 0 - assert 1788042721.000000213, sequence: 9988 - clear  0.000000000, sequence: 0
source 0 - assert 1788042721.999999678, sequence: 9989 - clear  0.000000000, sequence: 0
source 0 - assert 1788042722.999999790, sequence: 9990 - clear  0.000000000, sequence: 0
source 0 - assert 1788042723.999999995, sequence: 9991 - clear  0.000000000, sequence: 0
source 0 - assert 1788042725.000000182, sequence: 9992 - clear  0.000000000, sequence: 0
source 0 - assert 1788042725.999999924, sequence: 9993 - clear  0.000000000, sequence: 0
source 0 - assert 1788042726.999999648, sequence: 9994 - clear  0.000000000, sequence: 0
source 0 - assert 1788042728.000000149, sequence: 9995 - clear  0.000000000, sequence: 0
source 0 - assert 1788042728.999999892, sequence: 9996 - clear  0.000000000, sequence: 0
source 0 - assert 1788042729.999999838, sequence: 9997 - clear  0.000000000, sequence: 0
source 0 - assert 1788042731.000000025, sequence: 9998 - clear  0.000000000, sequence: 0
source 0 - assert 1788042732.000000731, sequence: 9999 - clear  0.000000000, sequence: 0
source 0 - assert 1788042732.999999825, sequence: 10000 - clear  0.000000000, sequence: 0
source 0 - assert 1788042733.999999845, sequence: 10001 - clear  0.000000000, sequence: 0
source 0 - assert 1788042735.000000866, sequence: 10002 - clear  0.000000000, sequence: 0
source 0 - assert 1788042735.999999627, sequence: 10003 - clear  0.000000000, sequence: 0
source 0 - assert 1788042736.999999888, sequence: 10004 - clear  0.000000000, sequence: 0
source 0 - assert 1788042738.000001205, sequence: 10005 - clear  0.000000000, sequence: 0
source 0 - assert 1788042738.999999967, sequence: 10006 - clear  0.000000000, sequence: 0
source 0 - assert 1788042740.000001377, sequence: 10007 - clear  0.000000000, sequence: 0
source 0 - assert 1788042740.999999861, sequence: 10008 - clear  0.000000000, sequence: 0
source 0 - assert 1788042741.999999844, sequence: 10009 - clear  0.000000000, sequence: 0
source 0 - assert 1788042743.000000142, sequence: 10010 - clear  0.000000000, sequence: 0
source 0 - assert 1788042744.000001773, sequence: 10011 - clear  0.000000000, sequence: 0
source 0 - assert 1788042744.999999737, sequence: 10012 - clear  0.000000000, sequence: 0
source 0 - assert 1788042746.000000202, sequence: 10013 - clear  0.000000000, sequence: 0
source 0 - assert 1788042746.999999833, sequence: 10014 - clear  0.000000000, sequence: 0
source 0 - assert 1788042747.999999778, sequence: 10015 - clear  0.000000000, sequence: 0
source 0 - assert 1788042748.999999558, sequence: 10016 - clear  0.000000000, sequence: 0
source 0 - assert 1788042749.999999596, sequence: 10017 - clear  0.000000000, sequence: 0
source 0 - assert 1788042750.999999691, sequence: 10018 - clear  0.000000000, sequence: 0
source 0 - assert 1788042751.999999619, sequence: 10019 - clear  0.000000000, sequence: 0
source 0 - assert 1788042752.999999991, sequence: 10020 - clear  0.000000000, sequence: 0
source 0 - assert 1788042753.999999975, sequence: 10021 - clear  0.000000000, sequence: 0
source 0 - assert 1788042754.999999942, sequence: 10022 - clear  0.000000000, sequence: 0
source 0 - assert 1788042755.999999686, sequence: 10023 - clear  0.000000000, sequence: 0
source 0 - assert 1788042757.000000153, sequence: 10024 - clear  0.000000000, sequence: 0
source 0 - assert 1788042757.999999841, sequence: 10025 - clear  0.000000000, sequence: 0
source 0 - assert 1788042759.000000066, sequence: 10026 - clear  0.000000000, sequence: 0
source 0 - assert 1788042760.000000198, sequence: 10027 - clear  0.000000000, sequence: 0
source 0 - assert 1788042761.000000034, sequence: 10028 - clear  0.000000000, sequence: 0
source 0 - assert 1788042762.000000722, sequence: 10029 - clear  0.000000000, sequence: 0
source 0 - assert 1788042763.000001020, sequence: 10030 - clear  0.000000000, sequence: 0
source 0 - assert 1788042764.000000262, sequence: 10031 - clear  0.000000000, sequence: 0
source 0 - assert 1788042764.999999968, sequence: 10032 - clear  0.000000000, sequence: 0
source 0 - assert 1788042766.000000099, sequence: 10033 - clear  0.000000000, sequence: 0
source 0 - assert 1788042767.000000025, sequence: 10034 - clear  0.000000000, sequence: 0
source 0 - assert 1788042767.999999729, sequence: 10035 - clear  0.000000000, sequence: 0
source 0 - assert 1788042768.999999988, sequence: 10036 - clear  0.000000000, sequence: 0
source 0 - assert 1788042770.000000007, sequence: 10037 - clear  0.000000000, sequence: 0
source 0 - assert 1788042771.000000489, sequence: 10038 - clear  0.000000000, sequence: 0
source 0 - assert 1788042772.000000082, sequence: 10039 - clear  0.000000000, sequence: 0
source 0 - assert 1788042772.999999972, sequence: 10040 - clear  0.000000000, sequence: 0
source 0 - assert 1788042774.000000009, sequence: 10041 - clear  0.000000000, sequence: 0
source 0 - assert 1788042775.000001103, sequence: 10042 - clear  0.000000000, sequence: 0
source 0 - assert 1788042775.999999788, sequence: 10043 - clear  0.000000000, sequence: 0
source 0 - assert 1788042776.999999974, sequence: 10044 - clear  0.000000000, sequence: 0
source 0 - assert 1788042777.999999901, sequence: 10045 - clear  0.000000000, sequence: 0
source 0 - assert 1788042778.999999976, sequence: 10046 - clear  0.000000000, sequence: 0
source 0 - assert 1788042779.999999755, sequence: 10047 - clear  0.000000000, sequence: 0
source 0 - assert 1788042780.999999960, sequence: 10048 - clear  0.000000000, sequence: 0
source 0 - assert 1788042782.000000165, sequence: 10049 - clear  0.000000000, sequence: 0
source 0 - assert 1788042782.999999980, sequence: 10050 - clear  0.000000000, sequence: 0
source 0 - assert 1788042783.999999630, sequence: 10051 - clear  0.000000000, sequence: 0
source 0 - assert 1788042785.000000149, sequence: 10052 - clear  0.000000000, sequence: 0
source 0 - assert 1788042785.999999818, sequence: 10053 - clear  0.000000000, sequence: 0
source 0 - assert 1788042786.999999932, sequence: 10054 - clear  0.000000000, sequence: 0
source 0 - assert 1788042787.999999786, sequence: 10055 - clear  0.000000000, sequence: 0
source 0 - assert 1788042789.000000308, sequence: 10056 - clear  0.000000000, sequence: 0
