trying PPS source "/dev/pps0"
found PPS source "/dev/pps0"
ok, found 1 source(s), now start fetching data...
source 0 - assert 1788043711.000000104, sequence: 226 - clear  0.000000000, sequence: 0
source 0 - assert 1788043711.999999883, sequence: 227 - clear  0.000000000, sequence: 0
source 0 - assert 1788043713.000000145, sequence: 228 - clear  0.000000000, sequence: 0
source 0 - assert 1788043713.999999888, sequence: 229 - clear  0.000000000, sequence: 0
source 0 - assert 1788043715.000000131, sequence: 230 - clear  0.000000000, sequence: 0
source 0 - assert 1788043715.999999893, sequence: 231 - clear  0.000000000, sequence: 0
source 0 - assert 1788043717.000000006, sequence: 232 - clear  0.000000000, sequence: 0
source 0 - assert 1788043717.999999878, sequence: 233 - clear  0.000000000, sequence: 0
source 0 - assert 1788043719.000000084, sequence: 234 - clear  0.000000000, sequence: 0
source 0 - assert 1788043719.999999918, sequence: 235 - clear  0.000000000, sequence: 0
source 0 - assert 1788043721.000000254, sequence: 236 - clear  0.000000000, sequence: 0
source 0 - assert 1788043721.999999904, sequence: 237 - clear  0.000000000, sequence: 0
source 0 - assert 1788043723.000000035, sequence: 238 - clear  0.000000000, sequence: 0
source 0 - assert 1788043723.999999870, sequence: 239 - clear  0.000000000, sequence: 0
source 0 - assert 1788043725.000000002, sequence: 240 - clear  0.000000000, sequence: 0
source 0 - assert 1788043725.999999893, sequence: 241 - clear  0.000000000, sequence: 0
source 0 - assert 1788043727.000000247, sequence: 242 - clear  0.000000000, sequence: 0
source 0 - assert 1788043727.999999897, sequence: 243 - clear  0.000000000, sequence: 0
source 0 - assert 1788043729.000000047, sequence: 244 - clear  0.000000000, sequence: 0
source 0 - assert 1788043729.999999902, sequence: 245 - clear  0.000000000, sequence: 0
source 0 - assert 1788043731.000000182, sequence: 246 - clear  0.000000000, sequence: 0
source 0 - assert 1788043731.999999888, sequence: 247 - clear  0.000000000, sequence: 0
source 0 - assert 1788043733.000000020, sequence: 248 - clear  0.000000000, sequence: 0
source 0 - assert 1788043733.999999911, sequence: 249 - clear  0.000000000, sequence: 0
source 0 - assert 1788043734.999999987, sequence: 250 - clear  0.000000000, sequence: 0
source 0 - assert 1788043735.999999841, sequence: 251 - clear  0.000000000, sequence: 0
source 0 - assert 1788043737.000000103, sequence: 252 - clear  0.000000000, sequence: 0
source 0 - assert 1788043737.999999883, sequence: 253 - clear  0.000000000, sequence: 0
source 0 - assert 1788043739.000000478, sequence: 254 - clear  0.000000000, sequence: 0
source 0 - assert 1788043739.999999870, sequence: 255 - clear  0.000000000, sequence: 0
source 0 - assert 1788043741.000000020, sequence: 256 - clear  0.000000000, sequence: 0
source 0 - assert 1788043741.999999985, sequence: 257 - clear  0.000000000, sequence: 0
source 0 - assert 1788043743.000000024, sequence: 258 - clear  0.000000000, sequence: 0
source 0 - assert 1788043743.999999877, sequence: 259 - clear  0.000000000, sequence: 0
source 0 - assert 1788043745.000000046, sequence: 260 - clear  0.000000000, sequence: 0
source 0 - assert 1788043745.999999918, sequence: 261 - clear  0.000000000, sequence: 0
source 0 - assert 1788043747.000000068, sequence: 262 - clear  0.000000000, sequence: 0
source 0 - assert 1788043747.999999884, sequence: 263 - clear  0.000000000, sequence: 0
source 0 - assert 1788043749.000000182, sequence: 264 - clear  0.000000000, sequence: 0
source 0 - assert 1788043749.999999851, sequence: 265 - clear  0.000000000, sequence: 0
source 0 - assert 1788043751.000000075, sequence: 266 - clear  0.000000000, sequence: 0
source 0 - assert 1788043751.999999854, sequence: 267 - clear  0.000000000, sequence: 0
source 0 - assert 1788043753.000000430, sequence: 268 - clear  0.000000000, sequence: 0
source 0 - assert 1788043753.999999876, sequence: 269 - clear  0.000000000, sequence: 0
source 0 - assert 1788043755.000000082, sequence: 270 - clear  0.000000000, sequence: 0
source 0 - assert 1788043755.999999843, sequence: 271 - clear  0.000000000, sequence: 0
source 0 - assert 1788043757.000000105, sequence: 272 - clear  0.000000000, sequence: 0
source 0 - assert 1788043757.999999903, sequence: 273 - clear  0.000000000, sequence: 0
source 0 - assert 1788043759.000000072, sequence: 274 - clear  0.000000000, sequence: 0
source 0 - assert 1788043759.999999888, sequence: 275 - clear  0.000000000, sequence: 0
source 0 - assert 1788043761.000000038, sequence: 276 - clear  0.000000000, sequence: 0
source 0 - assert 1788043761.999999855, sequence: 277 - clear  0.000000000, sequence: 0
source 0 - assert 1788043763.000000061, sequence: 278 - clear  0.000000000, sequence: 0
source 0 - assert 1788043763.999999914, sequence: 279 - clear  0.000000000, sequence: 0
source 0 - assert 1788043765.000000176, sequence: 280 - clear  0.000000000, sequence: 0
source 0 - assert 1788043765.999999900, sequence: 281 - clear  0.000000000, sequence: 0
source 0 - assert 1788043767.000000142, sequence: 282 - clear  0.000000000, sequence: 0
source 0 - assert 1788043767.999999941, sequence: 283 - clear  0.000000000, sequence: 0
source 0 - assert 1788043769.000000016, sequence: 284 - clear  0.000000000, sequence: 0
source 0 - assert 1788043769.999999925, sequence: 285 - clear  0.000000000, sequence: 0
source 0 - assert 1788043771.000000038, sequence: 286 - clear  0.000000000, sequence: 0
source 0 - assert 1788043771.999999947, sequence: 287 - clear  0.000000000, sequence: 0
source 0 - assert 1788043773.000000023, sequence: 288 - clear  0.000000000, sequence: 0
source 0 - assert 1788043773.999999895, sequence: 289 - clear  0.000000000, sequence: 0
source 0 - assert 1788043775.000000063, sequence: 290 - clear  0.000000000, sequence: 0
source 0 - assert 1788043775.999999879, sequence: 291 - clear  0.000000000, sequence: 0
source 0 - assert 1788043777.000000048, sequence: 292 - clear  0.000000000, sequence: 0
source 0 - assert 1788043777.999999883, sequence: 293 - clear  0.000000000, sequence: 0
source 0 - assert 1788043779.000000199, sequence: 294 - clear  0.000000000, sequence: 0
source 0 - assert 1788043779.999999924, sequence: 295 - clear  0.000000000, sequence: 0
source 0 - assert 1788043781.000000055, sequence: 296 - clear  0.000000000, sequence: 0
source 0 - assert 1788043781.999999853, sequence: 297 - clear  0.000000000, sequence: 0
source 0 - assert 1788043783.000000059, sequence: 298 - clear  0.000000000, sequence: 0
source 0 - assert 1788043783.999999894, sequence: 299 - clear  0.000000000, sequence: 0
source 0 - assert 1788043785.000000488, sequence: 300 - clear  0.000000000, sequence: 0
source 0 - assert 1788043785.999999898, sequence: 301 - clear  0.000000000, sequence: 0
source 0 - assert 1788043787.000000140, sequence: 302 - clear  0.000000000, sequence: 0
source 0 - assert 1788043787.999999883, sequence: 303 - clear  0.000000000, sequence: 0
source 0 - assert 1788043789.000000014, sequence: 304 - clear  0.000000000, sequence: 0
source 0 - assert 1788043789.999999886, sequence: 305 - clear  0.000000000, sequence: 0
source 0 - assert 1788043791.000000110, sequence: 306 - clear  0.000000000, sequence: 0
source 0 - assert 1788043791.999999927, sequence: 307 - clear  0.000000000, sequence: 0
source 0 - assert 1788043793.000000021, sequence: 308 - clear  0.000000000, sequence: 0
source 0 - assert 1788043794.000000004, sequence: 309 - clear  0.000000000, sequence: 0
source 0 - assert 1788043795.000000025, sequence: 310 - clear  0.000000000, sequence: 0
source 0 - assert 1788043795.999999878, sequence: 311 - clear  0.000000000, sequence: 0
source 0 - assert 1788043797.000000084, sequence: 312 - clear  0.000000000, sequence: 0
source 0 - assert 1788043797.999999937, sequence: 313 - clear  0.000000000, sequence: 0
source 0 - assert 1788043799.000000457, sequence: 314 - clear  0.000000000, sequence: 0
source 0 - assert 1788043799.999999941, sequence: 315 - clear  0.000000000, sequence: 0
source 0 - assert 1788043801.000000035, sequence: 316 - clear  0.000000000, sequence: 0
source 0 - assert 1788043801.999999925, sequence: 317 - clear  0.000000000, sequence: 0
source 0 - assert 1788043803.000000093, sequence: 318 - clear  0.000000000, sequence: 0
source 0 - assert 1788043803.999999873, sequence: 319 - clear  0.000000000, sequence: 0
source 0 - assert 1788043805.000000078, sequence: 320 - clear  0.000000000, sequence: 0
source 0 - assert 1788043806.000000228, sequence: 321 - clear  0.000000000, sequence: 0
source 0 - assert 1788043807.000000063, sequence: 322 - clear  0.000000000, sequence: 0
source 0 - assert 1788043807.999999916, sequence: 323 - clear  0.000000000, sequence: 0
source 0 - assert 1788043809.000000085, sequence: 324 - clear  0.000000000, sequence: 0
source 0 - assert 1788043809.999999901, sequence: 325 - clear  0.000000000, sequence: 0
source 0 - assert 1788043811.000000106, sequence: 326 - clear  0.000000000, sequence: 0
source 0 - assert 1788043811.999999904, sequence: 327 - clear  0.000000000, sequence: 0
source 0 - assert 1788043813.000000165, sequence: 328 - clear  0.000000000, sequence: 0
source 0 - assert 1788043813.999999888, sequence: 329 - clear  0.000000000, sequence: 0
source 0 - assert 1788043815.000000223, sequence: 330 - clear  0.000000000, sequence: 0
source 0 - assert 1788043815.999999891, sequence: 331 - clear  0.000000000, sequence: 0
source 0 - assert 1788043817.000000041, sequence: 332 - clear  0.000000000, sequence: 0
source 0 - assert 1788043817.999999876, sequence: 333 - clear  0.000000000, sequence: 0
source 0 - assert 1788043819.000000099, sequence: 334 - clear  0.000000000, sequence: 0
source 0 - assert 1788043819.999999897, sequence: 335 - clear  0.000000000, sequence: 0
source 0 - assert 1788043821.000000047, sequence: 336 - clear  0.000000000, sequence: 0
source 0 - assert 1788043821.999999863, sequence: 337 - clear  0.000000000, sequence: 0
source 0 - assert 1788043823.000000087, sequence: 338 - clear  0.000000000, sequence: 0
source 0 - assert 1788043823.999999941, sequence: 339 - clear  0.000000000, sequence: 0
source 0 - assert 1788043825.000000109, sequence: 340 - clear  0.000000000, sequence: 0
source 0 - assert 1788043825.999999851, sequence: 341 - clear  0.000000000, sequence: 0
source 0 - assert 1788043827.000000038, sequence: 342 - clear  0.000000000, sequence: 0
source 0 - assert 1788043827.999999891, sequence: 343 - clear  0.000000000, sequence: 0
source 0 - assert 1788043829.000000115, sequence: 344 - clear  0.000000000, sequence: 0
source 0 - assert 1788043829.999999950, sequence: 345 - clear  0.000000000, sequence: 0
source 0 - assert 1788043831.000000100, sequence: 346 - clear  0.000000000, sequence: 0
source 0 - assert 1788043831.999999916, sequence: 347 - clear  0.000000000, sequence: 0
source 0 - assert 1788043833.000000066, sequence: 348 - clear  0.000000000, sequence: 0
source 0 - assert 1788043833.999999938, sequence: 349 - clear  0.000000000, sequence: 0
source 0 - assert 1788043835.000000181, sequence: 350 - clear  0.000000000, sequence: 0
source 0 - assert 1788043835.999999923, sequence: 351 - clear  0.000000000, sequence: 0
source 0 - assert 1788043837.000000054, sequence: 352 - clear  0.000000000, sequence: 0
source 0 - assert 1788043837.999999926, sequence: 353 - clear  0.000000000, sequence: 0
source 0 - assert 1788043839.000000076, sequence: 354 - clear  0.000000000, sequence: 0
source 0 - assert 1788043839.999999892, sequence: 355 - clear  0.000000000, sequence: 0
source 0 - assert 1788043841.000000042, sequence: 356 - clear  0.000000000, sequence: 0
source 0 - assert 1788043841.999999914, sequence: 357 - clear  0.000000000, sequence: 0
source 0 - assert 1788043843.000000101, sequence: 358 - clear  0.000000000, sequence: 0
source 0 - assert 1788043843.999999936, sequence: 359 - clear  0.000000000, sequence: 0
source 0 - assert 1788043845.000000419, sequence: 360 - clear  0.000000000, sequence: 0
source 0 - assert 1788043845.999999902, sequence: 361 - clear  0.000000000, sequence: 0
source 0 - assert 1788043847.000000089, sequence: 362 - clear  0.000000000, sequence: 0
source 0 - assert 1788043847.999999869, sequence: 363 - clear  0.000000000, sequence: 0
source 0 - assert 1788043849.000000056, sequence: 364 - clear  0.000000000, sequence: 0
source 0 - assert 1788043849.999999910, sequence: 365 - clear  0.000000000, sequence: 0
source 0 - assert 1788043851.000000134, sequence: 366 - clear  0.000000000, sequence: 0
source 0 - assert 1788043851.999999914, sequence: 367 - clear  0.000000000, sequence: 0
source 0 - assert 1788043853.000000138, sequence: 368 - clear  0.000000000, sequence: 0
source 0 - assert 1788043853.999999899, sequence: 369 - clear  0.000000000, sequence: 0
source 0 - assert 1788043855.000000234, sequence: 370 - clear  0.000000000, sequence: 0
source 0 - assert 1788043855.999999921, sequence: 371 - clear  0.000000000, sequence: 0
source 0 - assert 1788043857.000000127, sequence: 372 - clear  0.000000000, sequence: 0
source 0 - assert 1788043857.999999887, sequence: 373 - clear  0.000000000, sequence: 0
source 0 - assert 1788043859.000000278, sequence: 374 - clear  0.000000000, sequence: 0
source 0 - assert 1788043859.999999965, sequence: 375 - clear  0.000000000, sequence: 0
source 0 - assert 1788043861.000000096, sequence: 376 - clear  0.000000000, sequence: 0
source 0 - assert 1788043861.999999949, sequence: 377 - clear  0.000000000, sequence: 0
source 0 - assert 1788043863.000000580, sequence: 378 - clear  0.000000000, sequence: 0
source 0 - assert 1788043864.000000045, sequence: 379 - clear  0.000000000, sequence: 0
source 0 - assert 1788043865.000000046, sequence: 380 - clear  0.000000000, sequence: 0
source 0 - assert 1788043865.999999899, sequence: 381 - clear  0.000000000, sequence: 0
source 0 - assert 1788043867.000000196, sequence: 382 - clear  0.000000000, sequence: 0
source 0 - assert 1788043867.999999938, sequence: 383 - clear  0.000000000, sequence: 0
source 0 - assert 1788043869.000000069, sequence: 384 - clear  0.000000000, sequence: 0
source 0 - assert 1788043869.999999886, sequence: 385 - clear  0.000000000, sequence: 0
source 0 - assert 1788043871.000000073, sequence: 386 - clear  0.000000000, sequence: 0
source 0 - assert 1788043871.999999870, sequence: 387 - clear  0.000000000, sequence: 0
source 0 - assert 1788043873.000000113, sequence: 388 - clear  0.000000000, sequence: 0
source 0 - assert 1788043873.999999911, sequence: 389 - clear  0.000000000, sequence: 0
source 0 - assert 1788043875.000000098, sequence: 390 - clear  0.000000000, sequence: 0
source 0 - assert 1788043875.999999896, sequence: 391 - clear  0.000000000, sequence: 0
source 0 - assert 1788043877.000000157, sequence: 392 - clear  0.000000000, sequence: 0
source 0 - assert 1788043877.999999955, sequence: 393 - clear  0.000000000, sequence: 0
source 0 - assert 1788043879.000000142, sequence: 394 - clear  0.000000000, sequence: 0
source 0 - assert 1788043879.999999958, sequence: 395 - clear  0.000000000, sequence: 0
source 0 - assert 1788043881.000000052, sequence: 396 - clear  0.000000000, sequence: 0
source 0 - assert 1788043881.999999943, sequence: 397 - clear  0.000000000, sequence: 0
source 0 - assert 1788043883.000000111, sequence: 398 - clear  0.000000000, sequence: 0
source 0 - assert 1788043883.999999909, sequence: 399 - clear  0.000000000, sequence: 0
source 0 - assert 1788043885.000000095, sequence: 400 - clear  0.000000000, sequence: 0
source 0 - assert 1788043885.999999912, sequence: 401 - clear  0.000000000, sequence: 0
source 0 - assert 1788043887.000000191, sequence: 402 - clear  0.000000000, sequence: 0
source 0 - assert 1788043887.999999915, sequence: 403 - clear  0.000000000, sequence: 0
source 0 - assert 1788043889.000000139, sequence: 404 - clear  0.000000000, sequence: 0
source 0 - assert 1788043889.999999936, sequence: 405 - clear  0.000000000, sequence: 0
source 0 - assert 1788043891.000000363, sequence: 406 - clear  0.000000000, sequence: 0
source 0 - assert 1788043891.999999920, sequence: 407 - clear  0.000000000, sequence: 0
source 0 - assert 1788043893.000000050, sequence: 408 - clear  0.000000000, sequence: 0
source 0 - assert 1788043893.999999959, sequence: 409 - clear  0.000000000, sequence: 0
source 0 - assert 1788043895.000000108, sequence: 410 - clear  0.000000000, sequence: 0
source 0 - assert 1788043895.999999887, sequence: 411 - clear  0.000000000, sequence: 0
source 0 - assert 1788043897.000000036, sequence: 412 - clear  0.000000000, sequence: 0
source 0 - assert 1788043898.000000149, sequence: 413 - clear  0.000000000, sequence: 0
source 0 - assert 1788043899.000000187, sequence: 414 - clear  0.000000000, sequence: 0
source 0 - assert 1788043900.000000059, sequence: 415 - clear  0.000000000, sequence: 0
source 0 - assert 1788043901.000000078, sequence: 416 - clear  0.000000000, sequence: 0
source 0 - assert 1788043901.999999948, sequence: 417 - clear  0.000000000, sequence: 0
source 0 - assert 1788043903.000000188, sequence: 418 - clear  0.000000000, sequence: 0
source 0 - assert 1788043903.999999928, sequence: 419 - clear  0.000000000, sequence: 0
source 0 - assert 1788043905.000000040, sequence: 420 - clear  0.000000000, sequence: 0
source 0 - assert 1788043905.999999912, sequence: 421 - clear  0.000000000, sequence: 0
source 0 - assert 1788043907.000000043, sequence: 422 - clear  0.000000000, sequence: 0
source 0 - assert 1788043907.999999896, sequence: 423 - clear  0.000000000, sequence: 0
source 0 - assert 1788043909.000000064, sequence: 424 - clear  0.000000000, sequence: 0
source 0 - assert 1788043909.999999899, sequence: 425 - clear  0.000000000, sequence: 0
source 0 - assert 1788043911.000000086, sequence: 426 - clear  0.000000000, sequence: 0
source 0 - assert 1788043911.999999865, sequence: 427 - clear  0.000000000, sequence: 0
source 0 - assert 1788043913.000000237, sequence: 428 - clear  0.000000000, sequence: 0
source 0 - assert 1788043913.999999924, sequence: 429 - clear  0.000000000, sequence: 0
source 0 - assert 1788043915.000000184, sequence: 430 - clear  0.000000000, sequence: 0
source 0 - assert 1788043915.999999853, sequence: 431 - clear  0.000000000, sequence: 0
source 0 - assert 1788043917.000000113, sequence: 432 - clear  0.000000000, sequence: 0
source 0 - assert 1788043917.999999985, sequence: 433 - clear  0.000000000, sequence: 0
source 0 - assert 1788043919.000000227, sequence: 434 - clear  0.000000000, sequence: 0
source 0 - assert 1788043919.999999932, sequence: 435 - clear  0.000000000, sequence: 0
source 0 - assert 1788043921.000000045, sequence: 436 - clear  0.000000000, sequence: 0
source 0 - assert 1788043921.999999990, sequence: 437 - clear  0.000000000, sequence: 0
source 0 - assert 1788043923.000000510, sequence: 438 - clear  0.000000000, sequence: 0
source 0 - assert 1788043924.000000030, sequence: 439 - clear  0.000000000, sequence: 0
source 0 - assert 1788043925.000000087, sequence: 440 - clear  0.000000000, sequence: 0
source 0 - assert 1788043925.999999884, sequence: 441 - clear  0.000000000, sequence: 0
source 0 - assert 1788043927.000000182, sequence: 442 - clear  0.000000000, sequence: 0
source 0 - assert 1788043927.999999942, sequence: 443 - clear  0.000000000, sequence: 0
source 0 - assert 1788043929.000000055, sequence: 444 - clear  0.000000000, sequence: 0
source 0 - assert 1788043929.999999889, sequence: 445 - clear  0.000000000, sequence: 0
source 0 - assert 1788043931.000000094, sequence: 446 - clear  0.000000000, sequence: 0
source 0 - assert 1788043931.999999910, sequence: 447 - clear  0.000000000, sequence: 0
source 0 - assert 1788043933.000000152, sequence: 448 - clear  0.000000000, sequence: 0
source 0 - assert 1788043933.999999931, sequence: 449 - clear  0.000000000, sequence: 0
source 0 - assert 1788043935.000000117, sequence: 450 - clear  0.000000000, sequence: 0
source 0 - assert 1788043935.999999933, sequence: 451 - clear  0.000000000, sequence: 0
source 0 - assert 1788043937.000000249, sequence: 452 - clear  0.000000000, sequence: 0
source 0 - assert 1788043937.999999954, sequence: 453 - clear  0.000000000, sequence: 0
source 0 - assert 1788043939.000000178, sequence: 454 - clear  0.000000000, sequence: 0
source 0 - assert 1788043939.999999901, sequence: 455 - clear  0.000000000, sequence: 0
source 0 - assert 1788043941.000000051, sequence: 456 - clear  0.000000000, sequence: 0
source 0 - assert 1788043942.000000088, sequence: 457 - clear  0.000000000, sequence: 0
source 0 - assert 1788043943.000000126, sequence: 458 - clear  0.000000000, sequence: 0
source 0 - assert 1788043943.999999923, sequence: 459 - clear  0.000000000, sequence: 0
source 0 - assert 1788043945.000000017, sequence: 460 - clear  0.000000000, sequence: 0
source 0 - assert 1788043945.999999943, sequence: 461 - clear  0.000000000, sequence: 0
source 0 - assert 1788043947.000000073, sequence: 462 - clear  0.000000000, sequence: 0
source 0 - assert 1788043947.999999888, sequence: 463 - clear  0.000000000, sequence: 0
source 0 - assert 1788043949.000000055, sequence: 464 - clear  0.000000000, sequence: 0
source 0 - assert 1788043949.999999906, sequence: 465 - clear  0.000000000, sequence: 0
source 0 - assert 1788043951.000000184, sequence: 466 - clear  0.000000000, sequence: 0
source 0 - assert 1788043951.999999887, sequence: 467 - clear  0.000000000, sequence: 0
source 0 - assert 1788043953.000000091, sequence: 468 - clear  0.000000000, sequence: 0
source 0 - assert 1788043953.999999907, sequence: 469 - clear  0.000000000, sequence: 0
source 0 - assert 1788043955.000000020, sequence: 470 - clear  0.000000000, sequence: 0
source 0 - assert 1788043955.999999891, sequence: 471 - clear  0.000000000, sequence: 0
source 0 - assert 1788043957.000000078, sequence: 472 - clear  0.000000000, sequence: 0
source 0 - assert 1788043957.999999931, sequence: 473 - clear  0.000000000, sequence: 0
source 0 - assert 1788043959.000000100, sequence: 474 - clear  0.000000000, sequence: 0
source 0 - assert 1788043959.999999898, sequence: 475 - clear  0.000000000, sequence: 0
source 0 - assert 1788043961.000000121, sequence: 476 - clear  0.000000000, sequence: 0
source 0 - assert 1788043962.000000012, sequence: 477 - clear  0.000000000, sequence: 0
source 0 - assert 1788043963.000000106, sequence: 478 - clear  0.000000000, sequence: 0
source 0 - assert 1788043963.999999885, sequence: 479 - clear  0.000000000, sequence: 0
source 0 - assert 1788043965.000000090, sequence: 480 - clear  0.000000000, sequence: 0
source 0 - assert 1788043965.999999924, sequence: 481 - clear  0.000000000, sequence: 0
source 0 - assert 1788043967.000000018, sequence: 482 - clear  0.000000000, sequence: 0
source 0 - assert 1788043968.000000075, sequence: 483 - clear  0.000000000, sequence: 0
source 0 - assert 1788043969.000000076, sequence: 484 - clear  0.000000000, sequence: 0
source 0 - assert 1788043970.000000039, sequence: 485 - clear  0.000000000, sequence: 0
source 0 - assert 1788043971.000000114, sequence: 486 - clear  0.000000000, sequence: 0
source 0 - assert 1788043971.999999930, sequence: 487 - clear  0.000000000, sequence: 0
source 0 - assert 1788043973.000000023, sequence: 488 - clear  0.000000000, sequence: 0
source 0 - assert 1788043973.999999893, sequence: 489 - clear  0.000000000, sequence: 0
source 0 - assert 1788043975.000000116, sequence: 490 - clear  0.000000000, sequence: 0
source 0 - assert 1788043975.999999912, sequence: 491 - clear  0.000000000, sequence: 0
source 0 - assert 1788043977.000000227, sequence: 492 - clear  0.000000000, sequence: 0
source 0 - assert 1788043977.999999969, sequence: 493 - clear  0.000000000, sequence: 0
source 0 - assert 1788043979.000000100, sequence: 494 - clear  0.000000000, sequence: 0
source 0 - assert 1788043979.999999916, sequence: 495 - clear  0.000000000, sequence: 0
source 0 - assert 1788043981.000000028, sequence: 496 - clear  0.000000000, sequence: 0
source 0 - assert 1788043981.999999900, sequence: 497 - clear  0.000000000, sequence: 0
source 0 - assert 1788043983.000000327, sequence: 498 - clear  0.000000000, sequence: 0
source 0 - assert 1788043983.999999884, sequence: 499 - clear  0.000000000, sequence: 0
source 0 - assert 1788043985.000000051, sequence: 500 - clear  0.000000000, sequence: 0
source 0 - assert 1788043985.999999942, sequence: 501 - clear  0.000000000, sequence: 0
source 0 - assert 1788043987.000000110, sequence: 502 - clear  0.000000000, sequence: 0
source 0 - assert 1788043987.999999926, sequence: 503 - clear  0.000000000, sequence: 0
source 0 - assert 1788043989.000000020, sequence: 504 - clear  0.000000000, sequence: 0
source 0 - assert 1788043989.999999928, sequence: 505 - clear  0.000000000, sequence: 0
source 0 - assert 1788043991.000000096, sequence: 506 - clear  0.000000000, sequence: 0
source 0 - assert 1788043991.999999875, sequence: 507 - clear  0.000000000, sequence: 0
source 0 - assert 1788043993.000000025, sequence: 508 - clear  0.000000000, sequence: 0
source 0 - assert 1788043993.999999897, sequence: 509 - clear  0.000000000, sequence: 0
source 0 - assert 1788043995.000000046, sequence: 510 - clear  0.000000000, sequence: 0
source 0 - assert 1788043995.999999918, sequence: 511 - clear  0.000000000, sequence: 0
source 0 - assert 1788043997.000000068, sequence: 512 - clear  0.000000000, sequence: 0
source 0 - assert 1788043997.999999958, sequence: 513 - clear  0.000000000, sequence: 0
source 0 - assert 1788043999.000000108, sequence: 514 - clear  0.000000000, sequence: 0
source 0 - assert 1788043999.999999980, sequence: 515 - clear  0.000000000, sequence: 0
source 0 - assert 1788044001.000000111, sequence: 516 - clear  0.000000000, sequence: 0
source 0 - assert 1788044001.999999908, sequence: 517 - clear  0.000000000, sequence: 0
source 0 - assert 1788044003.000000113, sequence: 518 - clear  0.000000000, sequence: 0
source 0 - assert 1788044003.999999911, sequence: 519 - clear  0.000000000, sequence: 0
source 0 - assert 1788044005.000000042, sequence: 520 - clear  0.000000000, sequence: 0
source 0 - assert 1788044005.999999913, sequence: 521 - clear  0.000000000, sequence: 0
source 0 - assert 1788044007.000000081, sequence: 522 - clear  0.000000000, sequence: 0
source 0 - assert 1788044007.999999897, sequence: 523 - clear  0.000000000, sequence: 0
source 0 - assert 1788044009.000000010, sequence: 524 - clear  0.000000000, sequence: 0
source 0 - assert 1788044009.999999918, sequence: 525 - clear  0.000000000, sequence: 0
source 0 - assert 1788044011.000000068, sequence: 526 - clear  0.000000000, sequence: 0
source 0 - assert 1788044011.999999939, sequence: 527 - clear  0.000000000, sequence: 0
source 0 - assert 1788044013.000000200, sequence: 528 - clear  0.000000000, sequence: 0
source 0 - assert 1788044013.999999905, sequence: 529 - clear  0.000000000, sequence: 0
source 0 - assert 1788044015.000000443, sequence: 530 - clear  0.000000000, sequence: 0
source 0 - assert 1788044015.999999908, sequence: 531 - clear  0.000000000, sequence: 0
source 0 - assert 1788044017.000000020, sequence: 532 - clear  0.000000000, sequence: 0
source 0 - assert 1788044017.999999948, sequence: 533 - clear  0.000000000, sequence: 0
source 0 - assert 1788044019.000000078, sequence: 534 - clear  0.000000000, sequence: 0
source 0 - assert 1788044020.000000024, sequence: 535 - clear  0.000000000, sequence: 0
source 0 - assert 1788044021.000000025, sequence: 536 - clear  0.000000000, sequence: 0
source 0 - assert 1788044021.999999897, sequence: 537 - clear  0.000000000, sequence: 0
source 0 - assert 1788044023.000000158, sequence: 538 - clear  0.000000000, sequence: 0
source 0 - assert 1788044023.999999844, sequence: 539 - clear  0.000000000, sequence: 0
source 0 - assert 1788044025.000000031, sequence: 540 - clear  0.000000000, sequence: 0
source 0 - assert 1788044025.999999884, sequence: 541 - clear  0.000000000, sequence: 0
source 0 - assert 1788044027.000000089, sequence: 542 - clear  0.000000000, sequence: 0
source 0 - assert 1788044027.999999905, sequence: 543 - clear  0.000000000, sequence: 0
source 0 - assert 1788044029.000000165, sequence: 544 - clear  0.000000000, sequence: 0
source 0 - assert 1788044029.999999870, sequence: 545 - clear  0.000000000, sequence: 0
source 0 - assert 1788044031.000000076, sequence: 546 - clear  0.000000000, sequence: 0
source 0 - assert 1788044031.999999892, sequence: 547 - clear  0.000000000, sequence: 0
source 0 - assert 1788044033.000000097, sequence: 548 - clear  0.000000000, sequence: 0
source 0 - assert 1788044033.999999895, sequence: 549 - clear  0.000000000, sequence: 0
source 0 - assert 1788044035.000000174, sequence: 550 - clear  0.000000000, sequence: 0
source 0 - assert 1788044035.999999898, sequence: 551 - clear  0.000000000, sequence: 0
source 0 - assert 1788044037.000000010, sequence: 552 - clear  0.000000000, sequence: 0
source 0 - assert 1788044037.999999864, sequence: 553 - clear  0.000000000, sequence: 0
source 0 - assert 1788044039.000000069, sequence: 554 - clear  0.000000000, sequence: 0
source 0 - assert 1788044039.999999904, sequence: 555 - clear  0.000000000, sequence: 0
source 0 - assert 1788044041.000000035, sequence: 556 - clear  0.000000000, sequence: 0
source 0 - assert 1788044041.999999926, sequence: 557 - clear  0.000000000, sequence: 0
source 0 - assert 1788044043.000000150, sequence: 558 - clear  0.000000000, sequence: 0
source 0 - assert 1788044043.999999948, sequence: 559 - clear  0.000000000, sequence: 0
source 0 - assert 1788044045.000000042, sequence: 560 - clear  0.000000000, sequence: 0
source 0 - assert 1788044046.000000062, sequence: 561 - clear  0.000000000, sequence: 0
source 0 - assert 1788044047.000000490, sequence: 562 - clear  0.000000000, sequence: 0
source 0 - assert 1788044047.999999973, sequence: 563 - clear  0.000000000, sequence: 0
source 0 - assert 1788044049.000000048, sequence: 564 - clear  0.000000000, sequence: 0
source 0 - assert 1788044049.999999975, sequence: 565 - clear  0.000000000, sequence: 0
source 0 - assert 1788044051.000000088, sequence: 566 - clear  0.000000000, sequence: 0
source 0 - assert 1788044051.999999885, sequence: 567 - clear  0.000000000, sequence: 0
source 0 - assert 1788044053.000000016, sequence: 568 - clear  0.000000000, sequence: 0
source 0 - assert 1788044053.999999888, sequence: 569 - clear  0.000000000, sequence: 0
source 0 - assert 1788044055.000000130, sequence: 570 - clear  0.000000000, sequence: 0
source 0 - assert 1788044055.999999890, sequence: 571 - clear  0.000000000, sequence: 0
source 0 - assert 1788044057.000000095, sequence: 572 - clear  0.000000000, sequence: 0
source 0 - assert 1788044057.999999874, sequence: 573 - clear  0.000000000, sequence: 0
source 0 - assert 1788044059.000000079, sequence: 574 - clear  0.000000000, sequence: 0
source 0 - assert 1788044059.999999877, sequence: 575 - clear  0.000000000, sequence: 0
source 0 - assert 1788044061.000000304, sequence: 576 - clear  0.000000000, sequence: 0
source 0 - assert 1788044061.999999917, sequence: 577 - clear  0.000000000, sequence: 0
source 0 - assert 1788044063.000000085, sequence: 578 - clear  0.000000000, sequence: 0
source 0 - assert 1788044063.999999920, sequence: 579 - clear  0.000000000, sequence: 0
source 0 - assert 1788044065.000000107, sequence: 580 - clear  0.000000000, sequence: 0
source 0 - assert 1788044065.999999904, sequence: 581 - clear  0.000000000, sequence: 0
source 0 - assert 1788044067.000000109, sequence: 582 - clear  0.000000000, sequence: 0
source 0 - assert 1788044067.999999851, sequence: 583 - clear  0.000000000, sequence: 0
source 0 - assert 1788044069.000000019, sequence: 584 - clear  0.000000000, sequence: 0
source 0 - assert 1788044069.999999928, sequence: 585 - clear  0.000000000, sequence: 0
source 0 - assert 1788044071.000000114, sequence: 586 - clear  0.000000000, sequence: 0
source 0 - assert 1788044071.999999949, sequence: 587 - clear  0.000000000, sequence: 0
source 0 - assert 1788044073.000000117, sequence: 588 - clear  0.000000000, sequence: 0
source 0 - assert 1788044073.999999970, sequence: 589 - clear  0.000000000, sequence: 0
source 0 - assert 1788044075.000000323, sequence: 590 - clear  0.000000000, sequence: 0
source 0 - assert 1788044075.999999917, sequence: 591 - clear  0.000000000, sequence: 0
source 0 - assert 1788044077.000000048, sequence: 592 - clear  0.000000000, sequence: 0
source 0 - assert 1788044077.999999864, sequence: 593 - clear  0.000000000, sequence: 0
source 0 - assert 1788044079.000000088, sequence: 594 - clear  0.000000000, sequence: 0
source 0 - assert 1788044079.999999904, sequence: 595 - clear  0.000000000, sequence: 0
source 0 - assert 1788044081.000000053, sequence: 596 - clear  0.000000000, sequence: 0
source 0 - assert 1788044081.999999980, sequence: 597 - clear  0.000000000, sequence: 0
source 0 - assert 1788044083.000000111, sequence: 598 - clear  0.000000000, sequence: 0
source 0 - assert 1788044083.999999890, sequence: 599 - clear  0.000000000, sequence: 0
source 0 - assert 1788044085.000000021, sequence: 600 - clear  0.000000000, sequence: 0
source 0 - assert 1788044085.999999967, sequence: 601 - clear  0.000000000, sequence: 0
source 0 - assert 1788044087.000000024, sequence: 602 - clear  0.000000000, sequence: 0
source 0 - assert 1788044087.999999877, sequence: 603 - clear  0.000000000, sequence: 0
source 0 - assert 1788044089.000000082, sequence: 604 - clear  0.000000000, sequence: 0
source 0 - assert 1788044089.999999880, sequence: 605 - clear  0.000000000, sequence: 0
source 0 - assert 1788044091.000000085, sequence: 606 - clear  0.000000000, sequence: 0
source 0 - assert 1788044091.999999919, sequence: 607 - clear  0.000000000, sequence: 0
source 0 - assert 1788044093.000000013, sequence: 608 - clear  0.000000000, sequence: 0
source 0 - assert 1788044093.999999941, sequence: 609 - clear  0.000000000, sequence: 0
source 0 - assert 1788044095.000000220, sequence: 610 - clear  0.000000000, sequence: 0
source 0 - assert 1788044095.999999888, sequence: 611 - clear  0.000000000, sequence: 0
source 0 - assert 1788044097.000000130, sequence: 612 - clear  0.000000000, sequence: 0
source 0 - assert 1788044097.999999872, sequence: 613 - clear  0.000000000, sequence: 0
source 0 - assert 1788044099.000000096, sequence: 614 - clear  0.000000000, sequence: 0
source 0 - assert 1788044099.999999875, sequence: 615 - clear  0.000000000, sequence: 0
source 0 - assert 1788044101.000000062, sequence: 616 - clear  0.000000000, sequence: 0
source 0 - assert 1788044102.000000082, sequence: 617 - clear  0.000000000, sequence: 0
source 0 - assert 1788044103.000000120, sequence: 618 - clear  0.000000000, sequence: 0
source 0 - assert 1788044104.000000048, sequence: 619 - clear  0.000000000, sequence: 0
source 0 - assert 1788044105.000000068, sequence: 620 - clear  0.000000000, sequence: 0
source 0 - assert 1788044105.999999903, sequence: 621 - clear  0.000000000, sequence: 0
source 0 - assert 1788044107.000000404, sequence: 622 - clear  0.000000000, sequence: 0
source 0 - assert 1788044107.999999905, sequence: 623 - clear  0.000000000, sequence: 0
source 0 - assert 1788044109.000000092, sequence: 624 - clear  0.000000000, sequence: 0
source 0 - assert 1788044109.999999889, sequence: 625 - clear  0.000000000, sequence: 0
source 0 - assert 1788044111.000000168, sequence: 626 - clear  0.000000000, sequence: 0
source 0 - assert 1788044111.999999892, sequence: 627 - clear  0.000000000, sequence: 0
source 0 - assert 1788044113.000000097, sequence: 628 - clear  0.000000000, sequence: 0
source 0 - assert 1788044113.999999913, sequence: 629 - clear  0.000000000, sequence: 0
source 0 - assert 1788044115.000000007, sequence: 630 - clear  0.000000000, sequence: 0
source 0 - assert 1788044115.999999879, sequence: 631 - clear  0.000000000, sequence: 0
source 0 - assert 1788044117.000000028, sequence: 632 - clear  0.000000000, sequence: 0
source 0 - assert 1788044117.999999882, sequence: 633 - clear  0.000000000, sequence: 0
source 0 - assert 1788044119.000000124, sequence: 634 - clear  0.000000000, sequence: 0
source 0 - assert 1788044119.999999885, sequence: 635 - clear  0.000000000, sequence: 0
source 0 - assert 1788044121.000000108, sequence: 636 - clear  0.000000000, sequence: 0
source 0 - assert 1788044121.999999906, sequence: 637 - clear  0.000000000, sequence: 0
source 0 - assert 1788044123.000000093, sequence: 638 - clear  0.000000000, sequence: 0
source 0 - assert 1788044123.999999872, sequence: 639 - clear  0.000000000, sequence: 0
source 0 - assert 1788044125.000000022, sequence: 640 - clear  0.000000000, sequence: 0
source 0 - assert 1788044125.999999857, sequence: 641 - clear  0.000000000, sequence: 0
source 0 - assert 1788044127.000000006, sequence: 642 - clear  0.000000000, sequence: 0
source 0 - assert 1788044127.999999841, sequence: 643 - clear  0.000000000, sequence: 0
source 0 - assert 1788044129.000000195, sequence: 644 - clear  0.000000000, sequence: 0
source 0 - assert 1788044129.999999883, sequence: 645 - clear  0.000000000, sequence: 0
source 0 - assert 1788044131.000000052, sequence: 646 - clear  0.000000000, sequence: 0
source 0 - assert 1788044131.999999888, sequence: 647 - clear  0.000000000, sequence: 0
source 0 - assert 1788044133.000000057, sequence: 648 - clear  0.000000000, sequence: 0
source 0 - assert 1788044133.999999874, sequence: 649 - clear  0.000000000, sequence: 0
source 0 - assert 1788044135.000000117, sequence: 650 - clear  0.000000000, sequence: 0
source 0 - assert 1788044135.999999878, sequence: 651 - clear  0.000000000, sequence: 0
source 0 - assert 1788044137.000000028, sequence: 652 - clear  0.000000000, sequence: 0
source 0 - assert 1788044137.999999900, sequence: 653 - clear  0.000000000, sequence: 0
source 0 - assert 1788044139.000000550, sequence: 654 - clear  0.000000000, sequence: 0
source 0 - assert 1788044139.999999904, sequence: 655 - clear  0.000000000, sequence: 0
source 0 - assert 1788044141.000000054, sequence: 656 - clear  0.000000000, sequence: 0
source 0 - assert 1788044141.999999926, sequence: 657 - clear  0.000000000, sequence: 0
source 0 - assert 1788044143.000000114, sequence: 658 - clear  0.000000000, sequence: 0
source 0 - assert 1788044143.999999912, sequence: 659 - clear  0.000000000, sequence: 0
source 0 - assert 1788044145.000000118, sequence: 660 - clear  0.000000000, sequence: 0
source 0 - assert 1788044146.000000360, sequence: 661 - clear  0.000000000, sequence: 0
source 0 - assert 1788044147.000000177, sequence: 662 - clear  0.000000000, sequence: 0
source 0 - assert 1788044147.999999919, sequence: 663 - clear  0.000000000, sequence: 0
source 0 - assert 1788044149.000000105, sequence: 664 - clear  0.000000000, sequence: 0
source 0 - assert 1788044149.999999884, sequence: 665 - clear  0.000000000, sequence: 0
source 0 - assert 1788044151.000000143, sequence: 666 - clear  0.000000000, sequence: 0
source 0 - assert 1788044151.999999903, sequence: 667 - clear  0.000000000, sequence: 0
source 0 - assert 1788044153.000000422, sequence: 668 - clear  0.000000000, sequence: 0
source 0 - assert 1788044153.999999905, sequence: 669 - clear  0.000000000, sequence: 0
source 0 - assert 1788044155.000000036, sequence: 670 - clear  0.000000000, sequence: 0
source 0 - assert 1788044155.999999889, sequence: 671 - clear  0.000000000, sequence: 0
source 0 - assert 1788044157.000000056, sequence: 672 - clear  0.000000000, sequence: 0
source 0 - assert 1788044157.999999928, sequence: 673 - clear  0.000000000, sequence: 0
source 0 - assert 1788044159.000000189, sequence: 674 - clear  0.000000000, sequence: 0
source 0 - assert 1788044159.999999912, sequence: 675 - clear  0.000000000, sequence: 0
source 0 - assert 1788044161.000000044, sequence: 676 - clear  0.000000000, sequence: 0
source 0 - assert 1788044161.999999860, sequence: 677 - clear  0.000000000, sequence: 0
source 0 - assert 1788044163.000000046, sequence: 678 - clear  0.000000000, sequence: 0
source 0 - assert 1788044163.999999862, sequence: 679 - clear  0.000000000, sequence: 0
source 0 - assert 1788044165.000000123, sequence: 680 - clear  0.000000000, sequence: 0
source 0 - assert 1788044165.999999903, sequence: 681 - clear  0.000000000, sequence: 0
source 0 - assert 1788044167.000000220, sequence: 682 - clear  0.000000000, sequence: 0
source 0 - assert 1788044167.999999888, sequence: 683 - clear  0.000000000, sequence: 0
source 0 - assert 1788044169.000000038, sequence: 684 - clear  0.000000000, sequence: 0
source 0 - assert 1788044169.999999892, sequence: 685 - clear  0.000000000, sequence: 0
source 0 - assert 1788044171.000000134, sequence: 686 - clear  0.000000000, sequence: 0
source 0 - assert 1788044171.999999950, sequence: 687 - clear  0.000000000, sequence: 0
source 0 - assert 1788044173.000000081, sequence: 688 - clear  0.000000000, sequence: 0
source 0 - assert 1788044174.000000027, sequence: 689 - clear  0.000000000, sequence: 0
source 0 - assert 1788044175.000000159, sequence: 690 - clear  0.000000000, sequence: 0
source 0 - assert 1788044175.999999864, sequence: 691 - clear  0.000000000, sequence: 0
source 0 - assert 1788044177.000000106, sequence: 692 - clear  0.000000000, sequence: 0
source 0 - assert 1788044177.999999941, sequence: 693 - clear  0.000000000, sequence: 0
source 0 - assert 1788044179.000000090, sequence: 694 - clear  0.000000000, sequence: 0
source 0 - assert 1788044179.999999906, sequence: 695 - clear  0.000000000, sequence: 0
source 0 - assert 1788044181.000000111, sequence: 696 - clear  0.000000000, sequence: 0
source 0 - assert 1788044181.999999965, sequence: 697 - clear  0.000000000, sequence: 0
source 0 - assert 1788044183.000000114, sequence: 698 - clear  0.000000000, sequence: 0
source 0 - assert 1788044183.999999912, sequence: 699 - clear  0.000000000, sequence: 0
source 0 - assert 1788044185.000000042, sequence: 700 - clear  0.000000000, sequence: 0
source 0 - assert 1788044185.999999877, sequence: 701 - clear  0.000000000, sequence: 0
source 0 - assert 1788044187.000000100, sequence: 702 - clear  0.000000000, sequence: 0
source 0 - assert 1788044187.999999861, sequence: 703 - clear  0.000000000, sequence: 0
source 0 - assert 1788044189.000000121, sequence: 704 - clear  0.000000000, sequence: 0
source 0 - assert 1788044189.999999937, sequence: 705 - clear  0.000000000, sequence: 0
source 0 - assert 1788044191.000000105, sequence: 706 - clear  0.000000000, sequence: 0
source 0 - assert 1788044192.000000274, sequence: 707 - clear  0.000000000, sequence: 0
source 0 - assert 1788044193.000000053, sequence: 708 - clear  0.000000000, sequence: 0
source 0 - assert 1788044194.000000016, sequence: 709 - clear  0.000000000, sequence: 0
source 0 - assert 1788044195.000000165, sequence: 710 - clear  0.000000000, sequence: 0
source 0 - assert 1788044195.999999944, sequence: 711 - clear  0.000000000, sequence: 0
source 0 - assert 1788044197.000000093, sequence: 712 - clear  0.000000000, sequence: 0
source 0 - assert 1788044197.999999908, sequence: 713 - clear  0.000000000, sequence: 0
source 0 - assert 1788044199.000000353, sequence: 714 - clear  0.000000000, sequence: 0
source 0 - assert 1788044199.999999965, sequence: 715 - clear  0.000000000, sequence: 0
source 0 - assert 1788044201.000000095, sequence: 716 - clear  0.000000000, sequence: 0
source 0 - assert 1788044201.999999910, sequence: 717 - clear  0.000000000, sequence: 0
source 0 - assert 1788044203.000000077, sequence: 718 - clear  0.000000000, sequence: 0
source 0 - assert 1788044203.999999930, sequence: 719 - clear  0.000000000, sequence: 0
source 0 - assert 1788044205.000000079, sequence: 720 - clear  0.000000000, sequence: 0
source 0 - assert 1788044205.999999858, sequence: 721 - clear  0.000000000, sequence: 0
source 0 - assert 1788044207.000000044, sequence: 722 - clear  0.000000000, sequence: 0
source 0 - assert 1788044207.999999897, sequence: 723 - clear  0.000000000, sequence: 0
source 0 - assert 1788044209.000000047, sequence: 724 - clear  0.000000000, sequence: 0
source 0 - assert 1788044209.999999900, sequence: 725 - clear  0.000000000, sequence: 0
source 0 - assert 1788044211.000000086, sequence: 726 - clear  0.000000000, sequence: 0
source 0 - assert 1788044211.999999884, sequence: 727 - clear  0.000000000, sequence: 0
source 0 - assert 1788044213.000000034, sequence: 728 - clear  0.000000000, sequence: 0
source 0 - assert 1788044213.999999869, sequence: 729 - clear  0.000000000, sequence: 0
source 0 - assert 1788044215.000000167, sequence: 730 - clear  0.000000000, sequence: 0
source 0 - assert 1788044215.999999909, sequence: 731 - clear  0.000000000, sequence: 0
source 0 - assert 1788044217.000000096, sequence: 732 - clear  0.000000000, sequence: 0
source 0 - assert 1788044217.999999931, sequence: 733 - clear  0.000000000, sequence: 0
source 0 - assert 1788044219.000000173, sequence: 734 - clear  0.000000000, sequence: 0
source 0 - assert 1788044220.000000027, sequence: 735 - clear  0.000000000, sequence: 0
source 0 - assert 1788044221.000000066, sequence: 736 - clear  0.000000000, sequence: 0
source 0 - assert 1788044221.999999919, sequence: 737 - clear  0.000000000, sequence: 0
source 0 - assert 1788044223.000000198, sequence: 738 - clear  0.000000000, sequence: 0
source 0 - assert 1788044223.999999884, sequence: 739 - clear  0.000000000, sequence: 0
source 0 - assert 1788044225.000000033, sequence: 740 - clear  0.000000000, sequence: 0
source 0 - assert 1788044225.999999850, sequence: 741 - clear  0.000000000, sequence: 0
source 0 - assert 1788044227.000000221, sequence: 742 - clear  0.000000000, sequence: 0
source 0 - assert 1788044227.999999852, sequence: 743 - clear  0.000000000, sequence: 0
source 0 - assert 1788044229.000000149, sequence: 744 - clear  0.000000000, sequence: 0
source 0 - assert 1788044229.999999855, sequence: 745 - clear  0.000000000, sequence: 0
source 0 - assert 1788044231.000000467, sequence: 746 - clear  0.000000000, sequence: 0
source 0 - assert 1788044231.999999857, sequence: 747 - clear  0.000000000, sequence: 0
source 0 - assert 1788044233.000000284, sequence: 748 - clear  0.000000000, sequence: 0
source 0 - assert 1788044233.999999915, sequence: 749 - clear  0.000000000, sequence: 0
source 0 - assert 1788044235.000000139, sequence: 750 - clear  0.000000000, sequence: 0
source 0 - assert 1788044235.999999863, sequence: 751 - clear  0.000000000, sequence: 0
source 0 - assert 1788044237.000000031, sequence: 752 - clear  0.000000000, sequence: 0
source 0 - assert 1788044237.999999884, sequence: 753 - clear  0.000000000, sequence: 0
source 0 - assert 1788044239.000000126, sequence: 754 - clear  0.000000000, sequence: 0
source 0 - assert 1788044239.999999979, sequence: 755 - clear  0.000000000, sequence: 0
source 0 - assert 1788044241.000000035, sequence: 756 - clear  0.000000000, sequence: 0
source 0 - assert 1788044241.999999907, sequence: 757 - clear  0.000000000, sequence: 0
source 0 - assert 1788044243.000000094, sequence: 758 - clear  0.000000000, sequence: 0
source 0 - assert 1788044243.999999947, sequence: 759 - clear  0.000000000, sequence: 0
source 0 - assert 1788044245.000000281, sequence: 760 - clear  0.000000000, sequence: 0
source 0 - assert 1788044245.999999986, sequence: 761 - clear  0.000000000, sequence: 0
source 0 - assert 1788044247.000000062, sequence: 762 - clear  0.000000000, sequence: 0
source 0 - assert 1788044247.999999878, sequence: 763 - clear  0.000000000, sequence: 0
source 0 - assert 1788044249.000000064, sequence: 764 - clear  0.000000000, sequence: 0
source 0 - assert 1788044250.000000047, sequence: 765 - clear  0.000000000, sequence: 0
source 0 - assert 1788044251.000000086, sequence: 766 - clear  0.000000000, sequence: 0
source 0 - assert 1788044251.999999902, sequence: 767 - clear  0.000000000, sequence: 0
source 0 - assert 1788044253.000000032, sequence: 768 - clear  0.000000000, sequence: 0
source 0 - assert 1788044253.999999922, sequence: 769 - clear  0.000000000, sequence: 0
source 0 - assert 1788044255.000000071, sequence: 770 - clear  0.000000000, sequence: 0
source 0 - assert 1788044255.999999887, sequence: 771 - clear  0.000000000, sequence: 0
source 0 - assert 1788044257.000000018, sequence: 772 - clear  0.000000000, sequence: 0
source 0 - assert 1788044257.999999908, sequence: 773 - clear  0.000000000, sequence: 0
source 0 - assert 1788044259.000000094, sequence: 774 - clear  0.000000000, sequence: 0
source 0 - assert 1788044259.999999985, sequence: 775 - clear  0.000000000, sequence: 0
source 0 - assert 1788044261.000000023, sequence: 776 - clear  0.000000000, sequence: 0
source 0 - assert 1788044261.999999857, sequence: 777 - clear  0.000000000, sequence: 0
source 0 - assert 1788044263.000000507, sequence: 778 - clear  0.000000000, sequence: 0
source 0 - assert 1788044263.999999897, sequence: 779 - clear  0.000000000, sequence: 0
source 0 - assert 1788044265.000000157, sequence: 780 - clear  0.000000000, sequence: 0
source 0 - assert 1788044265.999999862, sequence: 781 - clear  0.000000000, sequence: 0
source 0 - assert 1788044267.000000012, sequence: 782 - clear  0.000000000, sequence: 0
source 0 - assert 1788044267.999999902, sequence: 783 - clear  0.000000000, sequence: 0
source 0 - assert 1788044269.000000033, sequence: 784 - clear  0.000000000, sequence: 0
source 0 - assert 1788044269.999999886, sequence: 785 - clear  0.000000000, sequence: 0
source 0 - assert 1788044271.000000129, sequence: 786 - clear  0.000000000, sequence: 0
source 0 - assert 1788044271.999999890, sequence: 787 - clear  0.000000000, sequence: 0
source 0 - assert 1788044273.000000021, sequence: 788 - clear  0.000000000, sequence: 0
source 0 - assert 1788044273.999999967, sequence: 789 - clear  0.000000000, sequence: 0
source 0 - assert 1788044275.000000080, sequence: 790 - clear  0.000000000, sequence: 0
source 0 - assert 1788044275.999999860, sequence: 791 - clear  0.000000000, sequence: 0
source 0 - assert 1788044277.000000361, sequence: 792 - clear  0.000000000, sequence: 0
source 0 - assert 1788044277.999999937, sequence: 793 - clear  0.000000000, sequence: 0
source 0 - assert 1788044279.000000123, sequence: 794 - clear  0.000000000, sequence: 0
source 0 - assert 1788044279.999999903, sequence: 795 - clear  0.000000000, sequence: 0
source 0 - assert 1788044281.000000200, sequence: 796 - clear  0.000000000, sequence: 0
source 0 - assert 1788044281.999999961, sequence: 797 - clear  0.000000000, sequence: 0
source 0 - assert 1788044283.000000110, sequence: 798 - clear  0.000000000, sequence: 0
source 0 - assert 1788044283.999999945, sequence: 799 - clear  0.000000000, sequence: 0
source 0 - assert 1788044285.000000076, sequence: 800 - clear  0.000000000, sequence: 0
source 0 - assert 1788044285.999999874, sequence: 801 - clear  0.000000000, sequence: 0
source 0 - assert 1788044287.000000134, sequence: 802 - clear  0.000000000, sequence: 0
source 0 - assert 1788044287.999999858, sequence: 803 - clear  0.000000000, sequence: 0
source 0 - assert 1788044289.000000063, sequence: 804 - clear  0.000000000, sequence: 0
source 0 - assert 1788044289.999999879, sequence: 805 - clear  0.000000000, sequence: 0
source 0 - assert 1788044291.000000288, sequence: 806 - clear  0.000000000, sequence: 0
source 0 - assert 1788044291.999999919, sequence: 807 - clear  0.000000000, sequence: 0
source 0 - assert 1788044293.000000050, sequence: 808 - clear  0.000000000, sequence: 0
source 0 - assert 1788044293.999999848, sequence: 809 - clear  0.000000000, sequence: 0
source 0 - assert 1788044295.000000034, sequence: 810 - clear  0.000000000, sequence: 0
source 0 - assert 1788044296.000000017, sequence: 811 - clear  0.000000000, sequence: 0
source 0 - assert 1788044297.000000037, sequence: 812 - clear  0.000000000, sequence: 0
source 0 - assert 1788044297.999999890, sequence: 813 - clear  0.000000000, sequence: 0
source 0 - assert 1788044299.000000151, sequence: 814 - clear  0.000000000, sequence: 0
source 0 - assert 1788044299.999999911, sequence: 815 - clear  0.000000000, sequence: 0
source 0 - assert 1788044301.000000080, sequence: 816 - clear  0.000000000, sequence: 0
source 0 - assert 1788044302.000000007, sequence: 817 - clear  0.000000000, sequence: 0
source 0 - assert 1788044303.000000101, sequence: 818 - clear  0.000000000, sequence: 0
source 0 - assert 1788044304.000000065, sequence: 819 - clear  0.000000000, sequence: 0
source 0 - assert 1788044305.000000307, sequence: 820 - clear  0.000000000, sequence: 0
source 0 - assert 1788044305.999999938, sequence: 821 - clear  0.000000000, sequence: 0
source 0 - assert 1788044307.000000217, sequence: 822 - clear  0.000000000, sequence: 0
source 0 - assert 1788044307.999999885, sequence: 823 - clear  0.000000000, sequence: 0
source 0 - assert 1788044309.000000034, sequence: 824 - clear  0.000000000, sequence: 0
source 0 - assert 1788044309.999999886, sequence: 825 - clear  0.000000000, sequence: 0
source 0 - assert 1788044311.000000165, sequence: 826 - clear  0.000000000, sequence: 0
source 0 - assert 1788044311.999999925, sequence: 827 - clear  0.000000000, sequence: 0
source 0 - assert 1788044313.000000074, sequence: 828 - clear  0.000000000, sequence: 0
source 0 - assert 1788044313.999999890, sequence: 829 - clear  0.000000000, sequence: 0
source 0 - assert 1788044315.000000095, sequence: 830 - clear  0.000000000, sequence: 0
source 0 - assert 1788044316.000000374, sequence: 831 - clear  0.000000000, sequence: 0
source 0 - assert 1788044317.000000024, sequence: 832 - clear  0.000000000, sequence: 0
source 0 - assert 1788044317.999999858, sequence: 833 - clear  0.000000000, sequence: 0
source 0 - assert 1788044319.000000173, sequence: 834 - clear  0.000000000, sequence: 0
source 0 - assert 1788044319.999999915, sequence: 835 - clear  0.000000000, sequence: 0
source 0 - assert 1788044321.000000027, sequence: 836 - clear  0.000000000, sequence: 0
source 0 - assert 1788044321.999999880, sequence: 837 - clear  0.000000000, sequence: 0
source 0 - assert 1788044323.000000400, sequence: 838 - clear  0.000000000, sequence: 0
source 0 - assert 1788044323.999999975, sequence: 839 - clear  0.000000000, sequence: 0
source 0 - assert 1788044325.000000032, sequence: 840 - clear  0.000000000, sequence: 0
source 0 - assert 1788044325.999999885, sequence: 841 - clear  0.000000000, sequence: 0
source 0 - assert 1788044327.000000201, sequence: 842 - clear  0.000000000, sequence: 0
source 0 - assert 1788044327.999999888, sequence: 843 - clear  0.000000000, sequence: 0
source 0 - assert 1788044329.000000019, sequence: 844 - clear  0.000000000, sequence: 0
source 0 - assert 1788044329.999999890, sequence: 845 - clear  0.000000000, sequence: 0
source 0 - assert 1788044331.000000114, sequence: 846 - clear  0.000000000, sequence: 0
source 0 - assert 1788044331.999999967, sequence: 847 - clear  0.000000000, sequence: 0
source 0 - assert 1788044333.000000024, sequence: 848 - clear  0.000000000, sequence: 0
source 0 - assert 1788044333.999999896, sequence: 849 - clear  0.000000000, sequence: 0
source 0 - assert 1788044335.000000267, sequence: 850 - clear  0.000000000, sequence: 0
source 0 - assert 1788044335.999999880, sequence: 851 - clear  0.000000000, sequence: 0
source 0 - assert 1788044337.000000122, sequence: 852 - clear  0.000000000, sequence: 0
source 0 - assert 1788044337.999999864, sequence: 853 - clear  0.000000000, sequence: 0
source 0 - assert 1788044339.000000051, sequence: 854 - clear  0.000000000, sequence: 0
source 0 - assert 1788044339.999999867, sequence: 855 - clear  0.000000000, sequence: 0
source 0 - assert 1788044341.000000017, sequence: 856 - clear  0.000000000, sequence: 0
source 0 - assert 1788044341.999999926, sequence: 857 - clear  0.000000000, sequence: 0
source 0 - assert 1788044343.000000094, sequence: 858 - clear  0.000000000, sequence: 0
source 0 - assert 1788044343.999999910, sequence: 859 - clear  0.000000000, sequence: 0
source 0 - assert 1788044345.000000153, sequence: 860 - clear  0.000000000, sequence: 0
source 0 - assert 1788044345.999999969, sequence: 861 - clear  0.000000000, sequence: 0
source 0 - assert 1788044347.000000008, sequence: 862 - clear  0.000000000, sequence: 0
source 0 - assert 1788044347.999999898, sequence: 863 - clear  0.000000000, sequence: 0
source 0 - assert 1788044349.000000215, sequence: 864 - clear  0.000000000, sequence: 0
source 0 - assert 1788044349.999999865, sequence: 865 - clear  0.000000000, sequence: 0
source 0 - assert 1788044351.000000070, sequence: 866 - clear  0.000000000, sequence: 0
source 0 - assert 1788044351.999999942, sequence: 867 - clear  0.000000000, sequence: 0
source 0 - assert 1788044353.000000147, sequence: 868 - clear  0.000000000, sequence: 0
source 0 - assert 1788044354.000000000, sequence: 869 - clear  0.000000000, sequence: 0
source 0 - assert 1788044355.000000557, sequence: 870 - clear  0.000000000, sequence: 0
source 0 - assert 1788044355.999999910, sequence: 871 - clear  0.000000000, sequence: 0
source 0 - assert 1788044357.000000097, sequence: 872 - clear  0.000000000, sequence: 0
source 0 - assert 1788044358.000000043, sequence: 873 - clear  0.000000000, sequence: 0
source 0 - assert 1788044359.000000007, sequence: 874 - clear  0.000000000, sequence: 0
source 0 - assert 1788044360.000000045, sequence: 875 - clear  0.000000000, sequence: 0
source 0 - assert 1788044361.000000194, sequence: 876 - clear  0.000000000, sequence: 0
source 0 - assert 1788044361.999999899, sequence: 877 - clear  0.000000000, sequence: 0
source 0 - assert 1788044363.000000084, sequence: 878 - clear  0.000000000, sequence: 0
source 0 - assert 1788044364.000000048, sequence: 879 - clear  0.000000000, sequence: 0
source 0 - assert 1788044365.000000122, sequence: 880 - clear  0.000000000, sequence: 0
source 0 - assert 1788044365.999999920, sequence: 881 - clear  0.000000000, sequence: 0
source 0 - assert 1788044367.000000069, sequence: 882 - clear  0.000000000, sequence: 0
source 0 - assert 1788044367.999999866, sequence: 883 - clear  0.000000000, sequence: 0
source 0 - assert 1788044369.000000256, sequence: 884 - clear  0.000000000, sequence: 0
source 0 - assert 1788044369.999999886, sequence: 885 - clear  0.000000000, sequence: 0
source 0 - assert 1788044371.000000036, sequence: 886 - clear  0.000000000, sequence: 0
source 0 - assert 1788044371.999999852, sequence: 887 - clear  0.000000000, sequence: 0
source 0 - assert 1788044373.000000056, sequence: 888 - clear  0.000000000, sequence: 0
source 0 - assert 1788044373.999999854, sequence: 889 - clear  0.000000000, sequence: 0
source 0 - assert 1788044375.000000078, sequence: 890 - clear  0.000000000, sequence: 0
source 0 - assert 1788044375.999999912, sequence: 891 - clear  0.000000000, sequence: 0
source 0 - assert 1788044377.000000080, sequence: 892 - clear  0.000000000, sequence: 0
source 0 - assert 1788044377.999999878, sequence: 893 - clear  0.000000000, sequence: 0
source 0 - assert 1788044379.000000083, sequence: 894 - clear  0.000000000, sequence: 0
source 0 - assert 1788044379.999999936, sequence: 895 - clear  0.000000000, sequence: 0
source 0 - assert 1788044381.000000011, sequence: 896 - clear  0.000000000, sequence: 0
source 0 - assert 1788044381.999999883, sequence: 897 - clear  0.000000000, sequence: 0
source 0 - assert 1788044383.000000051, sequence: 898 - clear  0.000000000, sequence: 0
source 0 - assert 1788044383.999999867, sequence: 899 - clear  0.000000000, sequence: 0
source 0 - assert 1788044385.000000054, sequence: 900 - clear  0.000000000, sequence: 0
source 0 - assert 1788044385.999999907, sequence: 901 - clear  0.000000000, sequence: 0
source 0 - assert 1788044387.000000094, sequence: 902 - clear  0.000000000, sequence: 0
source 0 - assert 1788044387.999999910, sequence: 903 - clear  0.000000000, sequence: 0
source 0 - assert 1788044389.000000023, sequence: 904 - clear  0.000000000, sequence: 0
source 0 - assert 1788044389.999999932, sequence: 905 - clear  0.000000000, sequence: 0
source 0 - assert 1788044391.000000156, sequence: 906 - clear  0.000000000, sequence: 0
source 0 - assert 1788044392.000000010, sequence: 907 - clear  0.000000000, sequence: 0
source 0 - assert 1788044393.000000048, sequence: 908 - clear  0.000000000, sequence: 0
source 0 - assert 1788044393.999999846, sequence: 909 - clear  0.000000000, sequence: 0
source 0 - assert 1788044395.000000125, sequence: 910 - clear  0.000000000, sequence: 0
source 0 - assert 1788044395.999999849, sequence: 911 - clear  0.000000000, sequence: 0
source 0 - assert 1788044397.000000166, sequence: 912 - clear  0.000000000, sequence: 0
source 0 - assert 1788044397.999999890, sequence: 913 - clear  0.000000000, sequence: 0
source 0 - assert 1788044399.000000170, sequence: 914 - clear  0.000000000, sequence: 0
source 0 - assert 1788044399.999999857, sequence: 915 - clear  0.000000000, sequence: 0
source 0 - assert 1788044401.000000026, sequence: 916 - clear  0.000000000, sequence: 0
source 0 - assert 1788044401.999999898, sequence: 917 - clear  0.000000000, sequence: 0
source 0 - assert 1788044403.000000066, sequence: 918 - clear  0.000000000, sequence: 0
source 0 - assert 1788044403.999999863, sequence: 919 - clear  0.000000000, sequence: 0
source 0 - assert 1788044405.000000087, sequence: 920 - clear  0.000000000, sequence: 0
source 0 - assert 1788044405.999999940, sequence: 921 - clear  0.000000000, sequence: 0
source 0 - assert 1788044407.000000201, sequence: 922 - clear  0.000000000, sequence: 0
source 0 - assert 1788044407.999999906, sequence: 923 - clear  0.000000000, sequence: 0
source 0 - assert 1788044409.000000000, sequence: 924 - clear  0.000000000, sequence: 0
source 0 - assert 1788044409.999999853, sequence: 925 - clear  0.000000000, sequence: 0
source 0 - assert 1788044411.000000188, sequence: 926 - clear  0.000000000, sequence: 0
source 0 - assert 1788044411.999999967, sequence: 927 - clear  0.000000000, sequence: 0
source 0 - assert 1788044413.000000005, sequence: 928 - clear  0.000000000, sequence: 0
source 0 - assert 1788044414.000000007, sequence: 929 - clear  0.000000000, sequence: 0
source 0 - assert 1788044415.000000323, sequence: 930 - clear  0.000000000, sequence: 0
source 0 - assert 1788044415.999999880, sequence: 931 - clear  0.000000000, sequence: 0
source 0 - assert 1788044417.000000012, sequence: 932 - clear  0.000000000, sequence: 0
source 0 - assert 1788044418.000000069, sequence: 933 - clear  0.000000000, sequence: 0
source 0 - assert 1788044419.000000107, sequence: 934 - clear  0.000000000, sequence: 0
source 0 - assert 1788044419.999999942, sequence: 935 - clear  0.000000000, sequence: 0
source 0 - assert 1788044421.000000036, sequence: 936 - clear  0.000000000, sequence: 0
source 0 - assert 1788044421.999999852, sequence: 937 - clear  0.000000000, sequence: 0
source 0 - assert 1788044423.000000057, sequence: 938 - clear  0.000000000, sequence: 0
source 0 - assert 1788044423.999999836, sequence: 939 - clear  0.000000000, sequence: 0
source 0 - assert 1788044425.000000023, sequence: 940 - clear  0.000000000, sequence: 0
source 0 - assert 1788044425.999999914, sequence: 941 - clear  0.000000000, sequence: 0
source 0 - assert 1788044427.000000138, sequence: 942 - clear  0.000000000, sequence: 0
source 0 - assert 1788044427.999999880, sequence: 943 - clear  0.000000000, sequence: 0
source 0 - assert 1788044429.000000067, sequence: 944 - clear  0.000000000, sequence: 0
source 0 - assert 1788044429.999999976, sequence: 945 - clear  0.000000000, sequence: 0
source 0 - assert 1788044431.000000145, sequence: 946 - clear  0.000000000, sequence: 0
source 0 - assert 1788044432.000000072, sequence: 947 - clear  0.000000000, sequence: 0
source 0 - assert 1788044433.000000037, sequence: 948 - clear  0.000000000, sequence: 0
source 0 - assert 1788044433.999999909, sequence: 949 - clear  0.000000000, sequence: 0
source 0 - assert 1788044435.000000225, sequence: 950 - clear  0.000000000, sequence: 0
source 0 - assert 1788044435.999999856, sequence: 951 - clear  0.000000000, sequence: 0
source 0 - assert 1788044437.000000061, sequence: 952 - clear  0.000000000, sequence: 0
source 0 - assert 1788044437.999999951, sequence: 953 - clear  0.000000000, sequence: 0
source 0 - assert 1788044439.000000212, sequence: 954 - clear  0.000000000, sequence: 0
source 0 - assert 1788044439.999999898, sequence: 955 - clear  0.000000000, sequence: 0
source 0 - assert 1788044441.000000029, sequence: 956 - clear  0.000000000, sequence: 0
source 0 - assert 1788044441.999999846, sequence: 957 - clear  0.000000000, sequence: 0
source 0 - assert 1788044443.000000143, sequence: 958 - clear  0.000000000, sequence: 0
source 0 - assert 1788044443.999999959, sequence: 959 - clear  0.000000000, sequence: 0
source 0 - assert 1788044445.000000035, sequence: 960 - clear  0.000000000, sequence: 0
source 0 - assert 1788044445.999999870, sequence: 961 - clear  0.000000000, sequence: 0
source 0 - assert 1788044447.000000075, sequence: 962 - clear  0.000000000, sequence: 0
source 0 - assert 1788044447.999999854, sequence: 963 - clear  0.000000000, sequence: 0
source 0 - assert 1788044449.000000059, sequence: 964 - clear  0.000000000, sequence: 0
source 0 - assert 1788044449.999999894, sequence: 965 - clear  0.000000000, sequence: 0
source 0 - assert 1788044451.000000136, sequence: 966 - clear  0.000000000, sequence: 0
source 0 - assert 1788044451.999999897, sequence: 967 - clear  0.000000000, sequence: 0
source 0 - assert 1788044453.000000065, sequence: 968 - clear  0.000000000, sequence: 0
source 0 - assert 1788044454.000000288, sequence: 969 - clear  0.000000000, sequence: 0
source 0 - assert 1788044455.000000067, sequence: 970 - clear  0.000000000, sequence: 0
source 0 - assert 1788044456.000000032, sequence: 971 - clear  0.000000000, sequence: 0
source 0 - assert 1788044457.000000107, sequence: 972 - clear  0.000000000, sequence: 0
source 0 - assert 1788044457.999999960, sequence: 973 - clear  0.000000000, sequence: 0
source 0 - assert 1788044459.000000091, sequence: 974 - clear  0.000000000, sequence: 0
source 0 - assert 1788044459.999999925, sequence: 975 - clear  0.000000000, sequence: 0
source 0 - assert 1788044461.000000334, sequence: 976 - clear  0.000000000, sequence: 0
source 0 - assert 1788044461.999999928, sequence: 977 - clear  0.000000000, sequence: 0
source 0 - assert 1788044463.000000114, sequence: 978 - clear  0.000000000, sequence: 0
source 0 - assert 1788044463.999999893, sequence: 979 - clear  0.000000000, sequence: 0
source 0 - assert 1788044465.000000134, sequence: 980 - clear  0.000000000, sequence: 0
source 0 - assert 1788044465.999999839, sequence: 981 - clear  0.000000000, sequence: 0
source 0 - assert 1788044467.000000044, sequence: 982 - clear  0.000000000, sequence: 0
source 0 - assert 1788044467.999999878, sequence: 983 - clear  0.000000000, sequence: 0
source 0 - assert 1788044469.000000065, sequence: 984 - clear  0.000000000, sequence: 0
source 0 - assert 1788044469.999999881, sequence: 985 - clear  0.000000000, sequence: 0
source 0 - assert 1788044471.000000086, sequence: 986 - clear  0.000000000, sequence: 0
source 0 - assert 1788044471.999999884, sequence: 987 - clear  0.000000000, sequence: 0
source 0 - assert 1788044473.000000089, sequence: 988 - clear  0.000000000, sequence: 0
source 0 - assert 1788044473.999999924, sequence: 989 - clear  0.000000000, sequence: 0
source 0 - assert 1788044475.000000222, sequence: 990 - clear  0.000000000, sequence: 0
source 0 - assert 1788044475.999999872, sequence: 991 - clear  0.000000000, sequence: 0
source 0 - assert 1788044477.000000040, sequence: 992 - clear  0.000000000, sequence: 0
source 0 - assert 1788044477.999999986, sequence: 993 - clear  0.000000000, sequence: 0
source 0 - assert 1788044479.000000487, sequence: 994 - clear  0.000000000, sequence: 0
source 0 - assert 1788044479.999999914, sequence: 995 - clear  0.000000000, sequence: 0
source 0 - assert 1788044481.000000082, sequence: 996 - clear  0.000000000, sequence: 0
source 0 - assert 1788044481.999999935, sequence: 997 - clear  0.000000000, sequence: 0
source 0 - assert 1788044483.000000103, sequence: 998 - clear  0.000000000, sequence: 0
source 0 - assert 1788044483.999999938, sequence: 999 - clear  0.000000000, sequence: 0
source 0 - assert 1788044485.000000069, sequence: 1000 - clear  0.000000000, sequence: 0
source 0 - assert 1788044486.000000015, sequence: 1001 - clear  0.000000000, sequence: 0
source 0 - assert 1788044487.000000090, sequence: 1002 - clear  0.000000000, sequence: 0
source 0 - assert 1788044487.999999907, sequence: 1003 - clear  0.000000000, sequence: 0
source 0 - assert 1788044489.000000075, sequence: 1004 - clear  0.000000000, sequence: 0
source 0 - assert 1788044489.999999891, sequence: 1005 - clear  0.000000000, sequence: 0
source 0 - assert 1788044491.000000151, sequence: 1006 - clear  0.000000000, sequence: 0
source 0 - assert 1788044491.999999893, sequence: 1007 - clear  0.000000000, sequence: 0
source 0 - assert 1788044493.000000450, sequence: 1008 - clear  0.000000000, sequence: 0
source 0 - assert 1788044493.999999896, sequence: 1009 - clear  0.000000000, sequence: 0
source 0 - assert 1788044495.000000157, sequence: 1010 - clear  0.000000000, sequence: 0
source 0 - assert 1788044495.999999880, sequence: 1011 - clear  0.000000000, sequence: 0
source 0 - assert 1788044497.000000141, sequence: 1012 - clear  0.000000000, sequence: 0
source 0 - assert 1788044497.999999920, sequence: 1013 - clear  0.000000000, sequence: 0
source 0 - assert 1788044499.000000088, sequence: 1014 - clear  0.000000000, sequence: 0
source 0 - assert 1788044499.999999867, sequence: 1015 - clear  0.000000000, sequence: 0
source 0 - assert 1788044501.000000091, sequence: 1016 - clear  0.000000000, sequence: 0
source 0 - assert 1788044501.999999944, sequence: 1017 - clear  0.000000000, sequence: 0
source 0 - assert 1788044503.000000167, sequence: 1018 - clear  0.000000000, sequence: 0
source 0 - assert 1788044503.999999891, sequence: 1019 - clear  0.000000000, sequence: 0
source 0 - assert 1788044505.000000040, sequence: 1020 - clear  0.000000000, sequence: 0
source 0 - assert 1788044505.999999930, sequence: 1021 - clear  0.000000000, sequence: 0
source 0 - assert 1788044507.000000135, sequence: 1022 - clear  0.000000000, sequence: 0
source 0 - assert 1788044507.999999877, sequence: 1023 - clear  0.000000000, sequence: 0
source 0 - assert 1788044509.000000063, sequence: 1024 - clear  0.000000000, sequence: 0
source 0 - assert 1788044509.999999916, sequence: 1025 - clear  0.000000000, sequence: 0
source 0 - assert 1788044511.000000103, sequence: 1026 - clear  0.000000000, sequence: 0
source 0 - assert 1788044511.999999900, sequence: 1027 - clear  0.000000000, sequence: 0
source 0 - assert 1788044513.000000272, sequence: 1028 - clear  0.000000000, sequence: 0
source 0 - assert 1788044513.999999884, sequence: 1029 - clear  0.000000000, sequence: 0
source 0 - assert 1788044515.000000126, sequence: 1030 - clear  0.000000000, sequence: 0
source 0 - assert 1788044515.999999961, sequence: 1031 - clear  0.000000000, sequence: 0
source 0 - assert 1788044517.000000036, sequence: 1032 - clear  0.000000000, sequence: 0
source 0 - assert 1788044517.999999889, sequence: 1033 - clear  0.000000000, sequence: 0
source 0 - assert 1788044519.000000113, sequence: 1034 - clear  0.000000000, sequence: 0
source 0 - assert 1788044519.999999910, sequence: 1035 - clear  0.000000000, sequence: 0
source 0 - assert 1788044521.000000041, sequence: 1036 - clear  0.000000000, sequence: 0
source 0 - assert 1788044521.999999950, sequence: 1037 - clear  0.000000000, sequence: 0
source 0 - assert 1788044523.000000173, sequence: 1038 - clear  0.000000000, sequence: 0
source 0 - assert 1788044523.999999897, sequence: 1039 - clear  0.000000000, sequence: 0
source 0 - assert 1788044525.000000065, sequence: 1040 - clear  0.000000000, sequence: 0
source 0 - assert 1788044525.999999881, sequence: 1041 - clear  0.000000000, sequence: 0
source 0 - assert 1788044527.000000086, sequence: 1042 - clear  0.000000000, sequence: 0
source 0 - assert 1788044527.999999958, sequence: 1043 - clear  0.000000000, sequence: 0
source 0 - assert 1788044529.000000052, sequence: 1044 - clear  0.000000000, sequence: 0
source 0 - assert 1788044529.999999887, sequence: 1045 - clear  0.000000000, sequence: 0
source 0 - assert 1788044531.000000166, sequence: 1046 - clear  0.000000000, sequence: 0
source 0 - assert 1788044531.999999927, sequence: 1047 - clear  0.000000000, sequence: 0
source 0 - assert 1788044533.000000058, sequence: 1048 - clear  0.000000000, sequence: 0
source 0 - assert 1788044533.999999893, sequence: 1049 - clear  0.000000000, sequence: 0
source 0 - assert 1788044535.000000135, sequence: 1050 - clear  0.000000000, sequence: 0
source 0 - assert 1788044535.999999988, sequence: 1051 - clear  0.000000000, sequence: 0
source 0 - assert 1788044537.000000064, sequence: 1052 - clear  0.000000000, sequence: 0
source 0 - assert 1788044537.999999936, sequence: 1053 - clear  0.000000000, sequence: 0
source 0 - assert 1788044539.000000418, sequence: 1054 - clear  0.000000000, sequence: 0
source 0 - assert 1788044539.999999975, sequence: 1055 - clear  0.000000000, sequence: 0
source 0 - assert 1788044541.000000125, sequence: 1056 - clear  0.000000000, sequence: 0
source 0 - assert 1788044541.999999941, sequence: 1057 - clear  0.000000000, sequence: 0
source 0 - assert 1788044543.000000127, sequence: 1058 - clear  0.000000000, sequence: 0
source 0 - assert 1788044543.999999888, sequence: 1059 - clear  0.000000000, sequence: 0
source 0 - assert 1788044545.000000037, sequence: 1060 - clear  0.000000000, sequence: 0
source 0 - assert 1788044545.999999890, sequence: 1061 - clear  0.000000000, sequence: 0
source 0 - assert 1788044547.000000021, sequence: 1062 - clear  0.000000000, sequence: 0
source 0 - assert 1788044547.999999874, sequence: 1063 - clear  0.000000000, sequence: 0
source 0 - assert 1788044549.000000060, sequence: 1064 - clear  0.000000000, sequence: 0
source 0 - assert 1788044549.999999858, sequence: 1065 - clear  0.000000000, sequence: 0
source 0 - assert 1788044551.000000082, sequence: 1066 - clear  0.000000000, sequence: 0
source 0 - assert 1788044552.000000046, sequence: 1067 - clear  0.000000000, sequence: 0
source 0 - assert 1788044553.000000121, sequence: 1068 - clear  0.000000000, sequence: 0
source 0 - assert 1788044553.999999882, sequence: 1069 - clear  0.000000000, sequence: 0
source 0 - assert 1788044555.000000124, sequence: 1070 - clear  0.000000000, sequence: 0
source 0 - assert 1788044555.999999903, sequence: 1071 - clear  0.000000000, sequence: 0
source 0 - assert 1788044557.000000126, sequence: 1072 - clear  0.000000000, sequence: 0
source 0 - assert 1788044557.999999868, sequence: 1073 - clear  0.000000000, sequence: 0
source 0 - assert 1788044559.000000129, sequence: 1074 - clear  0.000000000, sequence: 0
source 0 - assert 1788044559.999999871, sequence: 1075 - clear  0.000000000, sequence: 0
source 0 - assert 1788044561.000000020, sequence: 1076 - clear  0.000000000, sequence: 0
source 0 - assert 1788044561.999999910, sequence: 1077 - clear  0.000000000, sequence: 0
source 0 - assert 1788044563.000000096, sequence: 1078 - clear  0.000000000, sequence: 0
source 0 - assert 1788044563.999999893, sequence: 1079 - clear  0.000000000, sequence: 0
source 0 - assert 1788044565.000000061, sequence: 1080 - clear  0.000000000, sequence: 0
source 0 - assert 1788044565.999999877, sequence: 1081 - clear  0.000000000, sequence: 0
source 0 - assert 1788044567.000000082, sequence: 1082 - clear  0.000000000, sequence: 0
source 0 - assert 1788044567.999999972, sequence: 1083 - clear  0.000000000, sequence: 0
source 0 - assert 1788044569.000000066, sequence: 1084 - clear  0.000000000, sequence: 0
source 0 - assert 1788044569.999999957, sequence: 1085 - clear  0.000000000, sequence: 0
source 0 - assert 1788044571.000000032, sequence: 1086 - clear  0.000000000, sequence: 0
source 0 - assert 1788044571.999999978, sequence: 1087 - clear  0.000000000, sequence: 0
source 0 - assert 1788044573.000000071, sequence: 1088 - clear  0.000000000, sequence: 0
source 0 - assert 1788044573.999999980, sequence: 1089 - clear  0.000000000, sequence: 0
source 0 - assert 1788044575.000000147, sequence: 1090 - clear  0.000000000, sequence: 0
source 0 - assert 1788044575.999999907, sequence: 1091 - clear  0.000000000, sequence: 0
source 0 - assert 1788044577.000000094, sequence: 1092 - clear  0.000000000, sequence: 0
source 0 - assert 1788044577.999999891, sequence: 1093 - clear  0.000000000, sequence: 0
source 0 - assert 1788044579.000000096, sequence: 1094 - clear  0.000000000, sequence: 0
source 0 - assert 1788044579.999999874, sequence: 1095 - clear  0.000000000, sequence: 0
source 0 - assert 1788044581.000000024, sequence: 1096 - clear  0.000000000, sequence: 0
source 0 - assert 1788044581.999999858, sequence: 1097 - clear  0.000000000, sequence: 0
source 0 - assert 1788044583.000000156, sequence: 1098 - clear  0.000000000, sequence: 0
source 0 - assert 1788044583.999999879, sequence: 1099 - clear  0.000000000, sequence: 0
source 0 - assert 1788044585.000000306, sequence: 1100 - clear  0.000000000, sequence: 0
source 0 - assert 1788044585.999999845, sequence: 1101 - clear  0.000000000, sequence: 0
source 0 - assert 1788044587.000000013, sequence: 1102 - clear  0.000000000, sequence: 0
source 0 - assert 1788044587.999999848, sequence: 1103 - clear  0.000000000, sequence: 0
source 0 - assert 1788044589.000000016, sequence: 1104 - clear  0.000000000, sequence: 0
source 0 - assert 1788044589.999999907, sequence: 1105 - clear  0.000000000, sequence: 0
source 0 - assert 1788044591.000000076, sequence: 1106 - clear  0.000000000, sequence: 0
source 0 - assert 1788044591.999999893, sequence: 1107 - clear  0.000000000, sequence: 0
source 0 - assert 1788044593.000000043, sequence: 1108 - clear  0.000000000, sequence: 0
source 0 - assert 1788044593.999999879, sequence: 1109 - clear  0.000000000, sequence: 0
source 0 - assert 1788044595.000000029, sequence: 1110 - clear  0.000000000, sequence: 0
source 0 - assert 1788044595.999999901, sequence: 1111 - clear  0.000000000, sequence: 0
source 0 - assert 1788044597.000000200, sequence: 1112 - clear  0.000000000, sequence: 0
source 0 - assert 1788044597.999999887, sequence: 1113 - clear  0.000000000, sequence: 0
source 0 - assert 1788044599.000000353, sequence: 1114 - clear  0.000000000, sequence: 0
source 0 - assert 1788044599.999999873, sequence: 1115 - clear  0.000000000, sequence: 0
source 0 - assert 1788044601.000000042, sequence: 1116 - clear  0.000000000, sequence: 0
source 0 - assert 1788044601.999999896, sequence: 1117 - clear  0.000000000, sequence: 0
source 0 - assert 1788044603.000000156, sequence: 1118 - clear  0.000000000, sequence: 0
source 0 - assert 1788044603.999999973, sequence: 1119 - clear  0.000000000, sequence: 0
source 0 - assert 1788044605.000000086, sequence: 1120 - clear  0.000000000, sequence: 0
source 0 - assert 1788044605.999999902, sequence: 1121 - clear  0.000000000, sequence: 0
source 0 - assert 1788044607.000000181, sequence: 1122 - clear  0.000000000, sequence: 0
source 0 - assert 1788044607.999999924, sequence: 1123 - clear  0.000000000, sequence: 0
source 0 - assert 1788044609.000000055, sequence: 1124 - clear  0.000000000, sequence: 0
source 0 - assert 1788044609.999999889, sequence: 1125 - clear  0.000000000, sequence: 0
source 0 - assert 1788044611.000000095, sequence: 1126 - clear  0.000000000, sequence: 0
source 0 - assert 1788044611.999999855, sequence: 1127 - clear  0.000000000, sequence: 0
source 0 - assert 1788044613.000000079, sequence: 1128 - clear  0.000000000, sequence: 0
source 0 - assert 1788044613.999999932, sequence: 1129 - clear  0.000000000, sequence: 0
source 0 - assert 1788044615.000000137, sequence: 1130 - clear  0.000000000, sequence: 0
source 0 - assert 1788044616.000000009, sequence: 1131 - clear  0.000000000, sequence: 0
source 0 - assert 1788044617.000000029, sequence: 1132 - clear  0.000000000, sequence: 0
source 0 - assert 1788044617.999999882, sequence: 1133 - clear  0.000000000, sequence: 0
source 0 - assert 1788044619.000000087, sequence: 1134 - clear  0.000000000, sequence: 0
source 0 - assert 1788044619.999999847, sequence: 1135 - clear  0.000000000, sequence: 0
source 0 - assert 1788044621.000000052, sequence: 1136 - clear  0.000000000, sequence: 0
source 0 - assert 1788044621.999999886, sequence: 1137 - clear  0.000000000, sequence: 0
source 0 - assert 1788044623.000000110, sequence: 1138 - clear  0.000000000, sequence: 0
source 0 - assert 1788044623.999999908, sequence: 1139 - clear  0.000000000, sequence: 0
source 0 - assert 1788044625.000000075, sequence: 1140 - clear  0.000000000, sequence: 0
source 0 - assert 1788044625.999999892, sequence: 1141 - clear  0.000000000, sequence: 0
source 0 - assert 1788044627.000000097, sequence: 1142 - clear  0.000000000, sequence: 0
source 0 - assert 1788044627.999999876, sequence: 1143 - clear  0.000000000, sequence: 0
source 0 - assert 1788044629.000000025, sequence: 1144 - clear  0.000000000, sequence: 0
source 0 - assert 1788044629.999999860, sequence: 1145 - clear  0.000000000, sequence: 0
source 0 - assert 1788044631.000000287, sequence: 1146 - clear  0.000000000, sequence: 0
source 0 - assert 1788044631.999999919, sequence: 1147 - clear  0.000000000, sequence: 0
source 0 - assert 1788044633.000000068, sequence: 1148 - clear  0.000000000, sequence: 0
source 0 - assert 1788044633.999999848, sequence: 1149 - clear  0.000000000, sequence: 0
source 0 - assert 1788044635.000000016, sequence: 1150 - clear  0.000000000, sequence: 0
source 0 - assert 1788044635.999999832, sequence: 1151 - clear  0.000000000, sequence: 0
source 0 - assert 1788044637.000000019, sequence: 1152 - clear  0.000000000, sequence: 0
source 0 - assert 1788044637.999999910, sequence: 1153 - clear  0.000000000, sequence: 0
source 0 - assert 1788044639.000000024, sequence: 1154 - clear  0.000000000, sequence: 0
source 0 - assert 1788044639.999999896, sequence: 1155 - clear  0.000000000, sequence: 0
source 0 - assert 1788044641.000000102, sequence: 1156 - clear  0.000000000, sequence: 0
source 0 - assert 1788044641.999999882, sequence: 1157 - clear  0.000000000, sequence: 0
source 0 - assert 1788044643.000000125, sequence: 1158 - clear  0.000000000, sequence: 0
source 0 - assert 1788044643.999999943, sequence: 1159 - clear  0.000000000, sequence: 0
source 0 - assert 1788044645.000000111, sequence: 1160 - clear  0.000000000, sequence: 0
source 0 - assert 1788044645.999999946, sequence: 1161 - clear  0.000000000, sequence: 0
source 0 - assert 1788044647.000000151, sequence: 1162 - clear  0.000000000, sequence: 0
source 0 - assert 1788044647.999999894, sequence: 1163 - clear  0.000000000, sequence: 0
source 0 - assert 1788044649.000000043, sequence: 1164 - clear  0.000000000, sequence: 0
source 0 - assert 1788044649.999999859, sequence: 1165 - clear  0.000000000, sequence: 0
source 0 - assert 1788044651.000000102, sequence: 1166 - clear  0.000000000, sequence: 0
source 0 - assert 1788044652.000000010, sequence: 1167 - clear  0.000000000, sequence: 0
source 0 - assert 1788044653.000000086, sequence: 1168 - clear  0.000000000, sequence: 0
source 0 - assert 1788044653.999999921, sequence: 1169 - clear  0.000000000, sequence: 0
source 0 - assert 1788044655.000000181, sequence: 1170 - clear  0.000000000, sequence: 0
