trying PPS source "/dev/pps0"
found PPS source "/dev/pps0"
ok, found 1 source(s), now start fetching data...
source 0 - assert 1788052677.999999993, sequence: 168 - clear  0.000000000, sequence: 0
source 0 - assert 1788052678.999999994, sequence: 169 - clear  0.000000000, sequence: 0
source 0 - assert 1788052679.999999996, sequence: 170 - clear  0.000000000, sequence: 0
source 0 - assert 1788052680.999999997, sequence: 171 - clear  0.000000000, sequence: 0
source 0 - assert 1788052681.999999999, sequence: 172 - clear  0.000000000, sequence: 0
source 0 - assert 1788052683.000000000, sequence: 173 - clear  0.000000000, sequence: 0
source 0 - assert 1788052683.999999983, sequence: 174 - clear  0.000000000, sequence: 0
source 0 - assert 1788052685.000000003, sequence: 175 - clear  0.000000000, sequence: 0
source 0 - assert 1788052686.000000005, sequence: 176 - clear  0.000000000, sequence: 0
source 0 - assert 1788052687.000000006, sequence: 177 - clear  0.000000000, sequence: 0
source 0 - assert 1788052687.999999989, sequence: 178 - clear  0.000000000, sequence: 0
source 0 - assert 1788052689.000000009, sequence: 179 - clear  0.000000000, sequence: 0
source 0 - assert 1788052689.999999992, sequence: 180 - clear  0.000000000, sequence: 0
source 0 - assert 1788052690.999999994, sequence: 181 - clear  0.000000000, sequence: 0
source 0 - assert 1788052691.999999995, sequence: 182 - clear  0.000000000, sequence: 0
source 0 - assert 1788052692.999999996, sequence: 183 - clear  0.000000000, sequence: 0
source 0 - assert 1788052694.000000017, sequence: 184 - clear  0.000000000, sequence: 0
source 0 - assert 1788052694.999999999, sequence: 185 - clear  0.000000000, sequence: 0
source 0 - assert 1788052696.000000001, sequence: 186 - clear  0.000000000, sequence: 0
source 0 - assert 1788052697.000000002, sequence: 187 - clear  0.000000000, sequence: 0
source 0 - assert 1788052697.999999985, sequence: 188 - clear  0.000000000, sequence: 0
source 0 - assert 1788052699.000000005, sequence: 189 - clear  0.000000000, sequence: 0
source 0 - assert 1788052700.000000007, sequence: 190 - clear  0.000000000, sequence: 0
source 0 - assert 1788052701.000000008, sequence: 191 - clear  0.000000000, sequence: 0
source 0 - assert 1788052702.000000010, sequence: 192 - clear  0.000000000, sequence: 0
source 0 - assert 1788052703.000000011, sequence: 193 - clear  0.000000000, sequence: 0
source 0 - assert 1788052704.000000013, sequence: 194 - clear  0.000000000, sequence: 0
source 0 - assert 1788052704.999999996, sequence: 195 - clear  0.000000000, sequence: 0
source 0 - assert 1788052705.999999997, sequence: 196 - clear  0.000000000, sequence: 0
source 0 - assert 1788052706.999999999, sequence: 197 - clear  0.000000000, sequence: 0
source 0 - assert 1788052708.000000000, sequence: 198 - clear  0.000000000, sequence: 0
source 0 - assert 1788052709.000000001, sequence: 199 - clear  0.000000000, sequence: 0
source 0 - assert 1788052710.000000002, sequence: 200 - clear  0.000000000, sequence: 0
source 0 - assert 1788052711.000000004, sequence: 201 - clear  0.000000000, sequence: 0
source 0 - assert 1788052712.000000005, sequence: 202 - clear  0.000000000, sequence: 0
source 0 - assert 1788052713.000000007, sequence: 203 - clear  0.000000000, sequence: 0
source 0 - assert 1788052714.000000008, sequence: 204 - clear  0.000000000, sequence: 0
source 0 - assert 1788052714.999999991, sequence: 205 - clear  0.000000000, sequence: 0
source 0 - assert 1788052715.999999993, sequence: 206 - clear  0.000000000, sequence: 0
source 0 - assert 1788052717.000000013, sequence: 207 - clear  0.000000000, sequence: 0
source 0 - assert 1788052717.999999996, sequence: 208 - clear  0.000000000, sequence: 0
source 0 - assert 1788052719.000000016, sequence: 209 - clear  0.000000000, sequence: 0
source 0 - assert 1788052719.999999999, sequence: 210 - clear  0.000000000, sequence: 0
source 0 - assert 1788052721.000000000, sequence: 211 - clear  0.000000000, sequence: 0
source 0 - assert 1788052722.000000002, sequence: 212 - clear  0.000000000, sequence: 0
source 0 - assert 1788052723.000000003, sequence: 213 - clear  0.000000000, sequence: 0
source 0 - assert 1788052724.000000004, sequence: 214 - clear  0.000000000, sequence: 0
source 0 - assert 1788052724.999999987, sequence: 215 - clear  0.000000000, sequence: 0
source 0 - assert 1788052726.000000007, sequence: 216 - clear  0.000000000, sequence: 0
source 0 - assert 1788052727.000000009, sequence: 217 - clear  0.000000000, sequence: 0
source 0 - assert 1788052728.000000010, sequence: 218 - clear  0.000000000, sequence: 0
source 0 - assert 1788052729.000000012, sequence: 219 - clear  0.000000000, sequence: 0
source 0 - assert 1788052730.000000013, sequence: 220 - clear  0.000000000, sequence: 0
source 0 - assert 1788052730.999999996, sequence: 221 - clear  0.000000000, sequence: 0
source 0 - assert 1788052731.999999997, sequence: 222 - clear  0.000000000, sequence: 0
source 0 - assert 1788052732.999999998, sequence: 223 - clear  0.000000000, sequence: 0
source 0 - assert 1788052734.000000037, sequence: 224 - clear  0.000000000, sequence: 0
source 0 - assert 1788052735.000000038, sequence: 225 - clear  0.000000000, sequence: 0
source 0 - assert 1788052736.000000003, sequence: 226 - clear  0.000000000, sequence: 0
source 0 - assert 1788052736.999999986, sequence: 227 - clear  0.000000000, sequence: 0
source 0 - assert 1788052737.999999987, sequence: 228 - clear  0.000000000, sequence: 0
source 0 - assert 1788052739.000000007, sequence: 229 - clear  0.000000000, sequence: 0
source 0 - assert 1788052739.999999989, sequence: 230 - clear  0.000000000, sequence: 0
source 0 - assert 1788052741.000000009, sequence: 231 - clear  0.000000000, sequence: 0
source 0 - assert 1788052742.000000029, sequence: 232 - clear  0.000000000, sequence: 0
source 0 - assert 1788052742.999999993, sequence: 233 - clear  0.000000000, sequence: 0
source 0 - assert 1788052743.999999995, sequence: 234 - clear  0.000000000, sequence: 0
source 0 - assert 1788052744.999999996, sequence: 235 - clear  0.000000000, sequence: 0
source 0 - assert 1788052745.999999997, sequence: 236 - clear  0.000000000, sequence: 0
source 0 - assert 1788052746.999999999, sequence: 237 - clear  0.000000000, sequence: 0
source 0 - assert 1788052748.000000000, sequence: 238 - clear  0.000000000, sequence: 0
source 0 - assert 1788052748.999999983, sequence: 239 - clear  0.000000000, sequence: 0
source 0 - assert 1788052750.000000003, sequence: 240 - clear  0.000000000, sequence: 0
source 0 - assert 1788052751.000000005, sequence: 241 - clear  0.000000000, sequence: 0
source 0 - assert 1788052751.999999988, sequence: 242 - clear  0.000000000, sequence: 0
source 0 - assert 1788052753.000000008, sequence: 243 - clear  0.000000000, sequence: 0
source 0 - assert 1788052754.000000009, sequence: 244 - clear  0.000000000, sequence: 0
source 0 - assert 1788052754.999999992, sequence: 245 - clear  0.000000000, sequence: 0
source 0 - assert 1788052755.999999994, sequence: 246 - clear  0.000000000, sequence: 0
source 0 - assert 1788052756.999999995, sequence: 247 - clear  0.000000000, sequence: 0
source 0 - assert 1788052757.999999996, sequence: 248 - clear  0.000000000, sequence: 0
source 0 - assert 1788052758.999999998, sequence: 249 - clear  0.000000000, sequence: 0
source 0 - assert 1788052759.999999999, sequence: 250 - clear  0.000000000, sequence: 0
source 0 - assert 1788052761.000000001, sequence: 251 - clear  0.000000000, sequence: 0
source 0 - assert 1788052761.999999984, sequence: 252 - clear  0.000000000, sequence: 0
source 0 - assert 1788052763.000000004, sequence: 253 - clear  0.000000000, sequence: 0
source 0 - assert 1788052764.000000005, sequence: 254 - clear  0.000000000, sequence: 0
source 0 - assert 1788052764.999999988, sequence: 255 - clear  0.000000000, sequence: 0
source 0 - assert 1788052766.000000008, sequence: 256 - clear  0.000000000, sequence: 0
source 0 - assert 1788052766.999999991, sequence: 257 - clear  0.000000000, sequence: 0
source 0 - assert 1788052767.999999993, sequence: 258 - clear  0.000000000, sequence: 0
source 0 - assert 1788052769.000000031, sequence: 259 - clear  0.000000000, sequence: 0
source 0 - assert 1788052769.999999996, sequence: 260 - clear  0.000000000, sequence: 0
source 0 - assert 1788052770.999999997, sequence: 261 - clear  0.000000000, sequence: 0
source 0 - assert 1788052771.999999998, sequence: 262 - clear  0.000000000, sequence: 0
source 0 - assert 1788052772.999999981, sequence: 263 - clear  0.000000000, sequence: 0
source 0 - assert 1788052774.000000001, sequence: 264 - clear  0.000000000, sequence: 0
source 0 - assert 1788052775.000000003, sequence: 265 - clear  0.000000000, sequence: 0
source 0 - assert 1788052776.000000004, sequence: 266 - clear  0.000000000, sequence: 0
source 0 - assert 1788052777.000000006, sequence: 267 - clear  0.000000000, sequence: 0
source 0 - assert 1788052778.000000007, sequence: 268 - clear  0.000000000, sequence: 0
source 0 - assert 1788052779.000000009, sequence: 269 - clear  0.000000000, sequence: 0
source 0 - assert 1788052780.000000010, sequence: 270 - clear  0.000000000, sequence: 0
source 0 - assert 1788052780.999999993, sequence: 271 - clear  0.000000000, sequence: 0
source 0 - assert 1788052782.000000013, sequence: 272 - clear  0.000000000, sequence: 0
source 0 - assert 1788052783.000000015, sequence: 273 - clear  0.000000000, sequence: 0
source 0 - assert 1788052784.000000016, sequence: 274 - clear  0.000000000, sequence: 0
source 0 - assert 1788052784.999999999, sequence: 275 - clear  0.000000000, sequence: 0
source 0 - assert 1788052786.000000000, sequence: 276 - clear  0.000000000, sequence: 0
source 0 - assert 1788052787.000000039, sequence: 277 - clear  0.000000000, sequence: 0
source 0 - assert 1788052788.000000003, sequence: 278 - clear  0.000000000, sequence: 0
source 0 - assert 1788052789.000000005, sequence: 279 - clear  0.000000000, sequence: 0
source 0 - assert 1788052790.000000006, sequence: 280 - clear  0.000000000, sequence: 0
source 0 - assert 1788052790.999999989, sequence: 281 - clear  0.000000000, sequence: 0
source 0 - assert 1788052791.999999990, sequence: 282 - clear  0.000000000, sequence: 0
source 0 - assert 1788052792.999999992, sequence: 283 - clear  0.000000000, sequence: 0
source 0 - assert 1788052794.000000012, sequence: 284 - clear  0.000000000, sequence: 0
source 0 - assert 1788052794.999999995, sequence: 285 - clear  0.000000000, sequence: 0
source 0 - assert 1788052796.000000014, sequence: 286 - clear  0.000000000, sequence: 0
source 0 - assert 1788052796.999999997, sequence: 287 - clear  0.000000000, sequence: 0
source 0 - assert 1788052798.000000017, sequence: 288 - clear  0.000000000, sequence: 0
source 0 - assert 1788052799.000000000, sequence: 289 - clear  0.000000000, sequence: 0
source 0 - assert 1788052800.000000002, sequence: 290 - clear  0.000000000, sequence: 0
source 0 - assert 1788052801.000000040, sequence: 291 - clear  0.000000000, sequence: 0
source 0 - assert 1788052801.999999986, sequence: 292 - clear  0.000000000, sequence: 0
source 0 - assert 1788052803.000000006, sequence: 293 - clear  0.000000000, sequence: 0
source 0 - assert 1788052804.000000008, sequence: 294 - clear  0.000000000, sequence: 0
source 0 - assert 1788052805.000000009, sequence: 295 - clear  0.000000000, sequence: 0
source 0 - assert 1788052806.000000010, sequence: 296 - clear  0.000000000, sequence: 0
source 0 - assert 1788052807.000000012, sequence: 297 - clear  0.000000000, sequence: 0
source 0 - assert 1788052808.000000013, sequence: 298 - clear  0.000000000, sequence: 0
source 0 - assert 1788052808.999999996, sequence: 299 - clear  0.000000000, sequence: 0
source 0 - assert 1788052809.999999997, sequence: 300 - clear  0.000000000, sequence: 0
source 0 - assert 1788052810.999999998, sequence: 301 - clear  0.000000000, sequence: 0
source 0 - assert 1788052812.000000018, sequence: 302 - clear  0.000000000, sequence: 0
source 0 - assert 1788052813.000000001, sequence: 303 - clear  0.000000000, sequence: 0
source 0 - assert 1788052814.000000021, sequence: 304 - clear  0.000000000, sequence: 0
source 0 - assert 1788052815.000000004, sequence: 305 - clear  0.000000000, sequence: 0
source 0 - assert 1788052816.000000005, sequence: 306 - clear  0.000000000, sequence: 0
source 0 - assert 1788052816.999999988, sequence: 307 - clear  0.000000000, sequence: 0
source 0 - assert 1788052817.999999989, sequence: 308 - clear  0.000000000, sequence: 0
source 0 - assert 1788052818.999999991, sequence: 309 - clear  0.000000000, sequence: 0
source 0 - assert 1788052819.999999992, sequence: 310 - clear  0.000000000, sequence: 0
source 0 - assert 1788052820.999999975, sequence: 311 - clear  0.000000000, sequence: 0
source 0 - assert 1788052821.999999995, sequence: 312 - clear  0.000000000, sequence: 0
source 0 - assert 1788052822.999999997, sequence: 313 - clear  0.000000000, sequence: 0
source 0 - assert 1788052823.999999998, sequence: 314 - clear  0.000000000, sequence: 0
source 0 - assert 1788052824.999999999, sequence: 315 - clear  0.000000000, sequence: 0
source 0 - assert 1788052826.000000001, sequence: 316 - clear  0.000000000, sequence: 0
source 0 - assert 1788052827.000000002, sequence: 317 - clear  0.000000000, sequence: 0
source 0 - assert 1788052828.000000004, sequence: 318 - clear  0.000000000, sequence: 0
source 0 - assert 1788052829.000000005, sequence: 319 - clear  0.000000000, sequence: 0
source 0 - assert 1788052829.999999988, sequence: 320 - clear  0.000000000, sequence: 0
source 0 - assert 1788052830.999999990, sequence: 321 - clear  0.000000000, sequence: 0
source 0 - assert 1788052831.999999991, sequence: 322 - clear  0.000000000, sequence: 0
source 0 - assert 1788052832.999999992, sequence: 323 - clear  0.000000000, sequence: 0
source 0 - assert 1788052833.999999994, sequence: 324 - clear  0.000000000, sequence: 0
source 0 - assert 1788052834.999999995, sequence: 325 - clear  0.000000000, sequence: 0
source 0 - assert 1788052835.999999997, sequence: 326 - clear  0.000000000, sequence: 0
source 0 - assert 1788052837.000000017, sequence: 327 - clear  0.000000000, sequence: 0
source 0 - assert 1788052838.000000000, sequence: 328 - clear  0.000000000, sequence: 0
source 0 - assert 1788052839.000000001, sequence: 329 - clear  0.000000000, sequence: 0
source 0 - assert 1788052840.000000002, sequence: 330 - clear  0.000000000, sequence: 0
source 0 - assert 1788052840.999999985, sequence: 331 - clear  0.000000000, sequence: 0
source 0 - assert 1788052842.000000005, sequence: 332 - clear  0.000000000, sequence: 0
source 0 - assert 1788052842.999999988, sequence: 333 - clear  0.000000000, sequence: 0
source 0 - assert 1788052844.000000027, sequence: 334 - clear  0.000000000, sequence: 0
source 0 - assert 1788052844.999999991, sequence: 335 - clear  0.000000000, sequence: 0
source 0 - assert 1788052846.000000011, sequence: 336 - clear  0.000000000, sequence: 0
source 0 - assert 1788052846.999999994, sequence: 337 - clear  0.000000000, sequence: 0
source 0 - assert 1788052847.999999995, sequence: 338 - clear  0.000000000, sequence: 0
source 0 - assert 1788052848.999999997, sequence: 339 - clear  0.000000000, sequence: 0
source 0 - assert 1788052849.999999998, sequence: 340 - clear  0.000000000, sequence: 0
source 0 - assert 1788052851.000000000, sequence: 341 - clear  0.000000000, sequence: 0
source 0 - assert 1788052852.000000001, sequence: 342 - clear  0.000000000, sequence: 0
source 0 - assert 1788052853.000000003, sequence: 343 - clear  0.000000000, sequence: 0
source 0 - assert 1788052853.999999986, sequence: 344 - clear  0.000000000, sequence: 0
source 0 - assert 1788052855.000000005, sequence: 345 - clear  0.000000000, sequence: 0
source 0 - assert 1788052856.000000007, sequence: 346 - clear  0.000000000, sequence: 0
source 0 - assert 1788052856.999999990, sequence: 347 - clear  0.000000000, sequence: 0
source 0 - assert 1788052857.999999991, sequence: 348 - clear  0.000000000, sequence: 0
source 0 - assert 1788052858.999999993, sequence: 349 - clear  0.000000000, sequence: 0
source 0 - assert 1788052859.999999976, sequence: 350 - clear  0.000000000, sequence: 0
source 0 - assert 1788052860.999999996, sequence: 351 - clear  0.000000000, sequence: 0
source 0 - assert 1788052861.999999997, sequence: 352 - clear  0.000000000, sequence: 0
source 0 - assert 1788052862.999999998, sequence: 353 - clear  0.000000000, sequence: 0
source 0 - assert 1788052864.000000000, sequence: 354 - clear  0.000000000, sequence: 0
source 0 - assert 1788052865.000000001, sequence: 355 - clear  0.000000000, sequence: 0
source 0 - assert 1788052865.999999984, sequence: 356 - clear  0.000000000, sequence: 0
source 0 - assert 1788052866.999999986, sequence: 357 - clear  0.000000000, sequence: 0
source 0 - assert 1788052867.999999987, sequence: 358 - clear  0.000000000, sequence: 0
source 0 - assert 1788052868.999999989, sequence: 359 - clear  0.000000000, sequence: 0
source 0 - assert 1788052869.999999990, sequence: 360 - clear  0.000000000, sequence: 0
source 0 - assert 1788052870.999999992, sequence: 361 - clear  0.000000000, sequence: 0
source 0 - assert 1788052871.999999993, sequence: 362 - clear  0.000000000, sequence: 0
source 0 - assert 1788052872.999999995, sequence: 363 - clear  0.000000000, sequence: 0
source 0 - assert 1788052873.999999997, sequence: 364 - clear  0.000000000, sequence: 0
source 0 - assert 1788052874.999999980, sequence: 365 - clear  0.000000000, sequence: 0
source 0 - assert 1788052875.999999981, sequence: 366 - clear  0.000000000, sequence: 0
source 0 - assert 1788052876.999999983, sequence: 367 - clear  0.000000000, sequence: 0
source 0 - assert 1788052878.000000003, sequence: 368 - clear  0.000000000, sequence: 0
source 0 - assert 1788052878.999999986, sequence: 369 - clear  0.000000000, sequence: 0
source 0 - assert 1788052880.000000025, sequence: 370 - clear  0.000000000, sequence: 0
source 0 - assert 1788052880.999999990, sequence: 371 - clear  0.000000000, sequence: 0
source 0 - assert 1788052881.999999992, sequence: 372 - clear  0.000000000, sequence: 0
source 0 - assert 1788052883.000000012, sequence: 373 - clear  0.000000000, sequence: 0
source 0 - assert 1788052884.000000032, sequence: 374 - clear  0.000000000, sequence: 0
source 0 - assert 1788052884.999999996, sequence: 375 - clear  0.000000000, sequence: 0
source 0 - assert 1788052886.000000034, sequence: 376 - clear  0.000000000, sequence: 0
source 0 - assert 1788052886.999999980, sequence: 377 - clear  0.000000000, sequence: 0
source 0 - assert 1788052887.999999982, sequence: 378 - clear  0.000000000, sequence: 0
source 0 - assert 1788052888.999999983, sequence: 379 - clear  0.000000000, sequence: 0
source 0 - assert 1788052889.999999985, sequence: 380 - clear  0.000000000, sequence: 0
source 0 - assert 1788052891.000000005, sequence: 381 - clear  0.000000000, sequence: 0
source 0 - assert 1788052892.000000007, sequence: 382 - clear  0.000000000, sequence: 0
source 0 - assert 1788052892.999999990, sequence: 383 - clear  0.000000000, sequence: 0
source 0 - assert 1788052894.000000011, sequence: 384 - clear  0.000000000, sequence: 0
source 0 - assert 1788052894.999999993, sequence: 385 - clear  0.000000000, sequence: 0
source 0 - assert 1788052895.999999995, sequence: 386 - clear  0.000000000, sequence: 0
source 0 - assert 1788052896.999999996, sequence: 387 - clear  0.000000000, sequence: 0
source 0 - assert 1788052897.999999998, sequence: 388 - clear  0.000000000, sequence: 0
source 0 - assert 1788052899.000000000, sequence: 389 - clear  0.000000000, sequence: 0
source 0 - assert 1788052900.000000001, sequence: 390 - clear  0.000000000, sequence: 0
source 0 - assert 1788052901.000000003, sequence: 391 - clear  0.000000000, sequence: 0
source 0 - assert 1788052902.000000004, sequence: 392 - clear  0.000000000, sequence: 0
source 0 - assert 1788052902.999999987, sequence: 393 - clear  0.000000000, sequence: 0
source 0 - assert 1788052903.999999989, sequence: 394 - clear  0.000000000, sequence: 0
source 0 - assert 1788052904.999999990, sequence: 395 - clear  0.000000000, sequence: 0
source 0 - assert 1788052906.000000029, sequence: 396 - clear  0.000000000, sequence: 0
source 0 - assert 1788052906.999999993, sequence: 397 - clear  0.000000000, sequence: 0
source 0 - assert 1788052907.999999995, sequence: 398 - clear  0.000000000, sequence: 0
source 0 - assert 1788052909.000000015, sequence: 399 - clear  0.000000000, sequence: 0
source 0 - assert 1788052909.999999998, sequence: 400 - clear  0.000000000, sequence: 0
source 0 - assert 1788052911.000000000, sequence: 401 - clear  0.000000000, sequence: 0
source 0 - assert 1788052912.000000039, sequence: 402 - clear  0.000000000, sequence: 0
source 0 - assert 1788052912.999999985, sequence: 403 - clear  0.000000000, sequence: 0
source 0 - assert 1788052914.000000005, sequence: 404 - clear  0.000000000, sequence: 0
source 0 - assert 1788052914.999999988, sequence: 405 - clear  0.000000000, sequence: 0
source 0 - assert 1788052915.999999989, sequence: 406 - clear  0.000000000, sequence: 0
source 0 - assert 1788052916.999999991, sequence: 407 - clear  0.000000000, sequence: 0
source 0 - assert 1788052918.000000029, sequence: 408 - clear  0.000000000, sequence: 0
source 0 - assert 1788052918.999999994, sequence: 409 - clear  0.000000000, sequence: 0
source 0 - assert 1788052919.999999977, sequence: 410 - clear  0.000000000, sequence: 0
source 0 - assert 1788052920.999999997, sequence: 411 - clear  0.000000000, sequence: 0
source 0 - assert 1788052921.999999999, sequence: 412 - clear  0.000000000, sequence: 0
source 0 - assert 1788052923.000000000, sequence: 413 - clear  0.000000000, sequence: 0
source 0 - assert 1788052924.000000002, sequence: 414 - clear  0.000000000, sequence: 0
source 0 - assert 1788052924.999999985, sequence: 415 - clear  0.000000000, sequence: 0
source 0 - assert 1788052925.999999986, sequence: 416 - clear  0.000000000, sequence: 0
source 0 - assert 1788052926.999999988, sequence: 417 - clear  0.000000000, sequence: 0
source 0 - assert 1788052927.999999989, sequence: 418 - clear  0.000000000, sequence: 0
source 0 - assert 1788052928.999999991, sequence: 419 - clear  0.000000000, sequence: 0
source 0 - assert 1788052929.999999974, sequence: 420 - clear  0.000000000, sequence: 0
source 0 - assert 1788052930.999999994, sequence: 421 - clear  0.000000000, sequence: 0
source 0 - assert 1788052931.999999995, sequence: 422 - clear  0.000000000, sequence: 0
source 0 - assert 1788052932.999999997, sequence: 423 - clear  0.000000000, sequence: 0
source 0 - assert 1788052933.999999998, sequence: 424 - clear  0.000000000, sequence: 0
source 0 - assert 1788052935.000000000, sequence: 425 - clear  0.000000000, sequence: 0
source 0 - assert 1788052935.999999983, sequence: 426 - clear  0.000000000, sequence: 0
source 0 - assert 1788052937.000000003, sequence: 427 - clear  0.000000000, sequence: 0
source 0 - assert 1788052937.999999987, sequence: 428 - clear  0.000000000, sequence: 0
source 0 - assert 1788052938.999999990, sequence: 429 - clear  0.000000000, sequence: 0
source 0 - assert 1788052939.999999993, sequence: 430 - clear  0.000000000, sequence: 0
source 0 - assert 1788052940.999999995, sequence: 431 - clear  0.000000000, sequence: 0
source 0 - assert 1788052941.999999997, sequence: 432 - clear  0.000000000, sequence: 0
source 0 - assert 1788052942.999999998, sequence: 433 - clear  0.000000000, sequence: 0
source 0 - assert 1788052944.000000000, sequence: 434 - clear  0.000000000, sequence: 0
source 0 - assert 1788052945.000000002, sequence: 435 - clear  0.000000000, sequence: 0
source 0 - assert 1788052946.000000003, sequence: 436 - clear  0.000000000, sequence: 0
source 0 - assert 1788052947.000000005, sequence: 437 - clear  0.000000000, sequence: 0
source 0 - assert 1788052947.999999988, sequence: 438 - clear  0.000000000, sequence: 0
source 0 - assert 1788052948.999999989, sequence: 439 - clear  0.000000000, sequence: 0
source 0 - assert 1788052949.999999991, sequence: 440 - clear  0.000000000, sequence: 0
source 0 - assert 1788052950.999999993, sequence: 441 - clear  0.000000000, sequence: 0
source 0 - assert 1788052951.999999994, sequence: 442 - clear  0.000000000, sequence: 0
source 0 - assert 1788052952.999999996, sequence: 443 - clear  0.000000000, sequence: 0
source 0 - assert 1788052954.000000035, sequence: 444 - clear  0.000000000, sequence: 0
source 0 - assert 1788052954.999999999, sequence: 445 - clear  0.000000000, sequence: 0
source 0 - assert 1788052956.000000001, sequence: 446 - clear  0.000000000, sequence: 0
source 0 - assert 1788052957.000000003, sequence: 447 - clear  0.000000000, sequence: 0
source 0 - assert 1788052958.000000005, sequence: 448 - clear  0.000000000, sequence: 0
source 0 - assert 1788052958.999999988, sequence: 449 - clear  0.000000000, sequence: 0
source 0 - assert 1788052959.999999989, sequence: 450 - clear  0.000000000, sequence: 0
source 0 - assert 1788052960.999999991, sequence: 451 - clear  0.000000000, sequence: 0
source 0 - assert 1788052961.999999992, sequence: 452 - clear  0.000000000, sequence: 0
source 0 - assert 1788052963.000000013, sequence: 453 - clear  0.000000000, sequence: 0
source 0 - assert 1788052963.999999996, sequence: 454 - clear  0.000000000, sequence: 0
source 0 - assert 1788052964.999999979, sequence: 455 - clear  0.000000000, sequence: 0
source 0 - assert 1788052965.999999999, sequence: 456 - clear  0.000000000, sequence: 0
source 0 - assert 1788052967.000000001, sequence: 457 - clear  0.000000000, sequence: 0
source 0 - assert 1788052968.000000003, sequence: 458 - clear  0.000000000, sequence: 0
source 0 - assert 1788052969.000000005, sequence: 459 - clear  0.000000000, sequence: 0
source 0 - assert 1788052970.000000006, sequence: 460 - clear  0.000000000, sequence: 0
source 0 - assert 1788052971.000000026, sequence: 461 - clear  0.000000000, sequence: 0
source 0 - assert 1788052972.000000028, sequence: 462 - clear  0.000000000, sequence: 0
source 0 - assert 1788052973.000000029, sequence: 463 - clear  0.000000000, sequence: 0
source 0 - assert 1788052974.000000012, sequence: 464 - clear  0.000000000, sequence: 0
source 0 - assert 1788052974.999999995, sequence: 465 - clear  0.000000000, sequence: 0
source 0 - assert 1788052975.999999996, sequence: 466 - clear  0.000000000, sequence: 0
source 0 - assert 1788052977.000000034, sequence: 467 - clear  0.000000000, sequence: 0
source 0 - assert 1788052977.999999998, sequence: 468 - clear  0.000000000, sequence: 0
source 0 - assert 1788052979.000000000, sequence: 469 - clear  0.000000000, sequence: 0
source 0 - assert 1788052979.999999983, sequence: 470 - clear  0.000000000, sequence: 0
source 0 - assert 1788052981.000000003, sequence: 471 - clear  0.000000000, sequence: 0
source 0 - assert 1788052982.000000005, sequence: 472 - clear  0.000000000, sequence: 0
source 0 - assert 1788052983.000000006, sequence: 473 - clear  0.000000000, sequence: 0
source 0 - assert 1788052983.999999989, sequence: 474 - clear  0.000000000, sequence: 0
source 0 - assert 1788052984.999999991, sequence: 475 - clear  0.000000000, sequence: 0
source 0 - assert 1788052985.999999992, sequence: 476 - clear  0.000000000, sequence: 0
source 0 - assert 1788052987.000000012, sequence: 477 - clear  0.000000000, sequence: 0
source 0 - assert 1788052987.999999995, sequence: 478 - clear  0.000000000, sequence: 0
source 0 - assert 1788052988.999999997, sequence: 479 - clear  0.000000000, sequence: 0
source 0 - assert 1788052990.000000036, sequence: 480 - clear  0.000000000, sequence: 0
source 0 - assert 1788052990.999999982, sequence: 481 - clear  0.000000000, sequence: 0
source 0 - assert 1788052992.000000002, sequence: 482 - clear  0.000000000, sequence: 0
source 0 - assert 1788052993.000000003, sequence: 483 - clear  0.000000000, sequence: 0
source 0 - assert 1788052993.999999986, sequence: 484 - clear  0.000000000, sequence: 0
source 0 - assert 1788052995.000000025, sequence: 485 - clear  0.000000000, sequence: 0
source 0 - assert 1788052995.999999989, sequence: 486 - clear  0.000000000, sequence: 0
source 0 - assert 1788052996.999999991, sequence: 487 - clear  0.000000000, sequence: 0
source 0 - assert 1788052997.999999992, sequence: 488 - clear  0.000000000, sequence: 0
source 0 - assert 1788052998.999999994, sequence: 489 - clear  0.000000000, sequence: 0
source 0 - assert 1788052999.999999996, sequence: 490 - clear  0.000000000, sequence: 0
source 0 - assert 1788053000.999999997, sequence: 491 - clear  0.000000000, sequence: 0
source 0 - assert 1788053001.999999981, sequence: 492 - clear  0.000000000, sequence: 0
source 0 - assert 1788053003.000000001, sequence: 493 - clear  0.000000000, sequence: 0
source 0 - assert 1788053004.000000002, sequence: 494 - clear  0.000000000, sequence: 0
source 0 - assert 1788053004.999999986, sequence: 495 - clear  0.000000000, sequence: 0
source 0 - assert 1788053006.000000006, sequence: 496 - clear  0.000000000, sequence: 0
source 0 - assert 1788053006.999999989, sequence: 497 - clear  0.000000000, sequence: 0
source 0 - assert 1788053008.000000009, sequence: 498 - clear  0.000000000, sequence: 0
source 0 - assert 1788053008.999999992, sequence: 499 - clear  0.000000000, sequence: 0
source 0 - assert 1788053009.999999994, sequence: 500 - clear  0.000000000, sequence: 0
source 0 - assert 1788053010.999999996, sequence: 501 - clear  0.000000000, sequence: 0
source 0 - assert 1788053012.000000016, sequence: 502 - clear  0.000000000, sequence: 0
source 0 - assert 1788053012.999999999, sequence: 503 - clear  0.000000000, sequence: 0
source 0 - assert 1788053014.000000000, sequence: 504 - clear  0.000000000, sequence: 0
source 0 - assert 1788053015.000000002, sequence: 505 - clear  0.000000000, sequence: 0
source 0 - assert 1788053016.000000040, sequence: 506 - clear  0.000000000, sequence: 0
source 0 - assert 1788053017.000000005, sequence: 507 - clear  0.000000000, sequence: 0
source 0 - assert 1788053018.000000007, sequence: 508 - clear  0.000000000, sequence: 0
source 0 - assert 1788053018.999999990, sequence: 509 - clear  0.000000000, sequence: 0
source 0 - assert 1788053020.000000028, sequence: 510 - clear  0.000000000, sequence: 0
source 0 - assert 1788053021.000000011, sequence: 511 - clear  0.000000000, sequence: 0
source 0 - assert 1788053021.999999994, sequence: 512 - clear  0.000000000, sequence: 0
source 0 - assert 1788053022.999999996, sequence: 513 - clear  0.000000000, sequence: 0
source 0 - assert 1788053023.999999979, sequence: 514 - clear  0.000000000, sequence: 0
source 0 - assert 1788053024.999999999, sequence: 515 - clear  0.000000000, sequence: 0
source 0 - assert 1788053026.000000001, sequence: 516 - clear  0.000000000, sequence: 0
source 0 - assert 1788053027.000000002, sequence: 517 - clear  0.000000000, sequence: 0
source 0 - assert 1788053028.000000004, sequence: 518 - clear  0.000000000, sequence: 0
source 0 - assert 1788053028.999999987, sequence: 519 - clear  0.000000000, sequence: 0
source 0 - assert 1788053030.000000007, sequence: 520 - clear  0.000000000, sequence: 0
source 0 - assert 1788053030.999999990, sequence: 521 - clear  0.000000000, sequence: 0
source 0 - assert 1788053032.000000028, sequence: 522 - clear  0.000000000, sequence: 0
source 0 - assert 1788053033.000000011, sequence: 523 - clear  0.000000000, sequence: 0
source 0 - assert 1788053033.999999995, sequence: 524 - clear  0.000000000, sequence: 0
source 0 - assert 1788053034.999999996, sequence: 525 - clear  0.000000000, sequence: 0
source 0 - assert 1788053035.999999998, sequence: 526 - clear  0.000000000, sequence: 0
source 0 - assert 1788053036.999999999, sequence: 527 - clear  0.000000000, sequence: 0
source 0 - assert 1788053038.000000001, sequence: 528 - clear  0.000000000, sequence: 0
source 0 - assert 1788053039.000000002, sequence: 529 - clear  0.000000000, sequence: 0
source 0 - assert 1788053040.000000004, sequence: 530 - clear  0.000000000, sequence: 0
source 0 - assert 1788053040.999999987, sequence: 531 - clear  0.000000000, sequence: 0
source 0 - assert 1788053042.000000044, sequence: 532 - clear  0.000000000, sequence: 0
source 0 - assert 1788053042.999999990, sequence: 533 - clear  0.000000000, sequence: 0
source 0 - assert 1788053043.999999992, sequence: 534 - clear  0.000000000, sequence: 0
source 0 - assert 1788053044.999999993, sequence: 535 - clear  0.000000000, sequence: 0
source 0 - assert 1788053045.999999995, sequence: 536 - clear  0.000000000, sequence: 0
source 0 - assert 1788053046.999999996, sequence: 537 - clear  0.000000000, sequence: 0
source 0 - assert 1788053048.000000016, sequence: 538 - clear  0.000000000, sequence: 0
source 0 - assert 1788053048.999999999, sequence: 539 - clear  0.000000000, sequence: 0
source 0 - assert 1788053050.000000001, sequence: 540 - clear  0.000000000, sequence: 0
source 0 - assert 1788053050.999999984, sequence: 541 - clear  0.000000000, sequence: 0
source 0 - assert 1788053051.999999986, sequence: 542 - clear  0.000000000, sequence: 0
source 0 - assert 1788053053.000000006, sequence: 543 - clear  0.000000000, sequence: 0
source 0 - assert 1788053054.000000007, sequence: 544 - clear  0.000000000, sequence: 0
source 0 - assert 1788053055.000000009, sequence: 545 - clear  0.000000000, sequence: 0
source 0 - assert 1788053055.999999992, sequence: 546 - clear  0.000000000, sequence: 0
source 0 - assert 1788053057.000000012, sequence: 547 - clear  0.000000000, sequence: 0
source 0 - assert 1788053058.000000014, sequence: 548 - clear  0.000000000, sequence: 0
source 0 - assert 1788053058.999999997, sequence: 549 - clear  0.000000000, sequence: 0
source 0 - assert 1788053060.000000017, sequence: 550 - clear  0.000000000, sequence: 0
source 0 - assert 1788053061.000000000, sequence: 551 - clear  0.000000000, sequence: 0
source 0 - assert 1788053062.000000039, sequence: 552 - clear  0.000000000, sequence: 0
source 0 - assert 1788053063.000000003, sequence: 553 - clear  0.000000000, sequence: 0
source 0 - assert 1788053064.000000005, sequence: 554 - clear  0.000000000, sequence: 0
source 0 - assert 1788053064.999999988, sequence: 555 - clear  0.000000000, sequence: 0
source 0 - assert 1788053065.999999989, sequence: 556 - clear  0.000000000, sequence: 0
source 0 - assert 1788053067.000000028, sequence: 557 - clear  0.000000000, sequence: 0
source 0 - assert 1788053067.999999992, sequence: 558 - clear  0.000000000, sequence: 0
source 0 - assert 1788053069.000000050, sequence: 559 - clear  0.000000000, sequence: 0
source 0 - assert 1788053069.999999995, sequence: 560 - clear  0.000000000, sequence: 0
source 0 - assert 1788053071.000000034, sequence: 561 - clear  0.000000000, sequence: 0
source 0 - assert 1788053072.000000035, sequence: 562 - clear  0.000000000, sequence: 0
source 0 - assert 1788053073.000000000, sequence: 563 - clear  0.000000000, sequence: 0
source 0 - assert 1788053074.000000019, sequence: 564 - clear  0.000000000, sequence: 0
source 0 - assert 1788053075.000000002, sequence: 565 - clear  0.000000000, sequence: 0
source 0 - assert 1788053076.000000021, sequence: 566 - clear  0.000000000, sequence: 0
source 0 - assert 1788053077.000000004, sequence: 567 - clear  0.000000000, sequence: 0
source 0 - assert 1788053078.000000005, sequence: 568 - clear  0.000000000, sequence: 0
source 0 - assert 1788053079.000000007, sequence: 569 - clear  0.000000000, sequence: 0
source 0 - assert 1788053080.000000045, sequence: 570 - clear  0.000000000, sequence: 0
source 0 - assert 1788053081.000000028, sequence: 571 - clear  0.000000000, sequence: 0
source 0 - assert 1788053082.000000011, sequence: 572 - clear  0.000000000, sequence: 0
source 0 - assert 1788053083.000000012, sequence: 573 - clear  0.000000000, sequence: 0
source 0 - assert 1788053083.999999995, sequence: 574 - clear  0.000000000, sequence: 0
source 0 - assert 1788053084.999999996, sequence: 575 - clear  0.000000000, sequence: 0
source 0 - assert 1788053085.999999997, sequence: 576 - clear  0.000000000, sequence: 0
source 0 - assert 1788053087.000000017, sequence: 577 - clear  0.000000000, sequence: 0
source 0 - assert 1788053088.000000019, sequence: 578 - clear  0.000000000, sequence: 0
source 0 - assert 1788053089.000000002, sequence: 579 - clear  0.000000000, sequence: 0
source 0 - assert 1788053090.000000003, sequence: 580 - clear  0.000000000, sequence: 0
source 0 - assert 1788053091.000000005, sequence: 581 - clear  0.000000000, sequence: 0
source 0 - assert 1788053092.000000006, sequence: 582 - clear  0.000000000, sequence: 0
source 0 - assert 1788053093.000000007, sequence: 583 - clear  0.000000000, sequence: 0
source 0 - assert 1788053094.000000009, sequence: 584 - clear  0.000000000, sequence: 0
source 0 - assert 1788053095.000000029, sequence: 585 - clear  0.000000000, sequence: 0
source 0 - assert 1788053096.000000012, sequence: 586 - clear  0.000000000, sequence: 0
source 0 - assert 1788053097.000000013, sequence: 587 - clear  0.000000000, sequence: 0
source 0 - assert 1788053098.000000014, sequence: 588 - clear  0.000000000, sequence: 0
source 0 - assert 1788053098.999999997, sequence: 589 - clear  0.000000000, sequence: 0
source 0 - assert 1788053100.000000036, sequence: 590 - clear  0.000000000, sequence: 0
source 0 - assert 1788053101.000000000, sequence: 591 - clear  0.000000000, sequence: 0
source 0 - assert 1788053102.000000038, sequence: 592 - clear  0.000000000, sequence: 0
source 0 - assert 1788053103.000000003, sequence: 593 - clear  0.000000000, sequence: 0
source 0 - assert 1788053104.000000023, sequence: 594 - clear  0.000000000, sequence: 0
source 0 - assert 1788053105.000000005, sequence: 595 - clear  0.000000000, sequence: 0
source 0 - assert 1788053106.000000007, sequence: 596 - clear  0.000000000, sequence: 0
source 0 - assert 1788053107.000000008, sequence: 597 - clear  0.000000000, sequence: 0
source 0 - assert 1788053108.000000009, sequence: 598 - clear  0.000000000, sequence: 0
source 0 - assert 1788053108.999999992, sequence: 599 - clear  0.000000000, sequence: 0
source 0 - assert 1788053110.000000012, sequence: 600 - clear  0.000000000, sequence: 0
source 0 - assert 1788053111.000000013, sequence: 601 - clear  0.000000000, sequence: 0
source 0 - assert 1788053111.999999996, sequence: 602 - clear  0.000000000, sequence: 0
source 0 - assert 1788053113.000000016, sequence: 603 - clear  0.000000000, sequence: 0
source 0 - assert 1788053113.999999999, sequence: 604 - clear  0.000000000, sequence: 0
source 0 - assert 1788053115.000000000, sequence: 605 - clear  0.000000000, sequence: 0
source 0 - assert 1788053116.000000002, sequence: 606 - clear  0.000000000, sequence: 0
source 0 - assert 1788053117.000000022, sequence: 607 - clear  0.000000000, sequence: 0
source 0 - assert 1788053118.000000005, sequence: 608 - clear  0.000000000, sequence: 0
source 0 - assert 1788053119.000000006, sequence: 609 - clear  0.000000000, sequence: 0
source 0 - assert 1788053119.999999989, sequence: 610 - clear  0.000000000, sequence: 0
source 0 - assert 1788053120.999999991, sequence: 611 - clear  0.000000000, sequence: 0
source 0 - assert 1788053122.000000011, sequence: 612 - clear  0.000000000, sequence: 0
source 0 - assert 1788053123.000000012, sequence: 613 - clear  0.000000000, sequence: 0
source 0 - assert 1788053123.999999995, sequence: 614 - clear  0.000000000, sequence: 0
source 0 - assert 1788053124.999999996, sequence: 615 - clear  0.000000000, sequence: 0
source 0 - assert 1788053125.999999998, sequence: 616 - clear  0.000000000, sequence: 0
source 0 - assert 1788053126.999999999, sequence: 617 - clear  0.000000000, sequence: 0
source 0 - assert 1788053128.000000019, sequence: 618 - clear  0.000000000, sequence: 0
source 0 - assert 1788053129.000000002, sequence: 619 - clear  0.000000000, sequence: 0
source 0 - assert 1788053130.000000041, sequence: 620 - clear  0.000000000, sequence: 0
source 0 - assert 1788053130.999999987, sequence: 621 - clear  0.000000000, sequence: 0
source 0 - assert 1788053132.000000007, sequence: 622 - clear  0.000000000, sequence: 0
source 0 - assert 1788053133.000000008, sequence: 623 - clear  0.000000000, sequence: 0
source 0 - assert 1788053134.000000047, sequence: 624 - clear  0.000000000, sequence: 0
source 0 - assert 1788053135.000000011, sequence: 625 - clear  0.000000000, sequence: 0
source 0 - assert 1788053135.999999994, sequence: 626 - clear  0.000000000, sequence: 0
source 0 - assert 1788053136.999999996, sequence: 627 - clear  0.000000000, sequence: 0
source 0 - assert 1788053138.000000016, sequence: 628 - clear  0.000000000, sequence: 0
source 0 - assert 1788053138.999999999, sequence: 629 - clear  0.000000000, sequence: 0
source 0 - assert 1788053140.000000000, sequence: 630 - clear  0.000000000, sequence: 0
source 0 - assert 1788053141.000000001, sequence: 631 - clear  0.000000000, sequence: 0
source 0 - assert 1788053142.000000021, sequence: 632 - clear  0.000000000, sequence: 0
source 0 - assert 1788053143.000000004, sequence: 633 - clear  0.000000000, sequence: 0
source 0 - assert 1788053144.000000006, sequence: 634 - clear  0.000000000, sequence: 0
source 0 - assert 1788053145.000000007, sequence: 635 - clear  0.000000000, sequence: 0
source 0 - assert 1788053146.000000045, sequence: 636 - clear  0.000000000, sequence: 0
source 0 - assert 1788053147.000000006, sequence: 637 - clear  0.000000000, sequence: 0
source 0 - assert 1788053148.000000006, sequence: 638 - clear  0.000000000, sequence: 0
source 0 - assert 1788053148.999999988, sequence: 639 - clear  0.000000000, sequence: 0
source 0 - assert 1788053149.999999990, sequence: 640 - clear  0.000000000, sequence: 0
source 0 - assert 1788053151.000000010, sequence: 641 - clear  0.000000000, sequence: 0
source 0 - assert 1788053152.000000011, sequence: 642 - clear  0.000000000, sequence: 0
source 0 - assert 1788053152.999999994, sequence: 643 - clear  0.000000000, sequence: 0
source 0 - assert 1788053153.999999996, sequence: 644 - clear  0.000000000, sequence: 0
source 0 - assert 1788053154.999999997, sequence: 645 - clear  0.000000000, sequence: 0
source 0 - assert 1788053155.999999999, sequence: 646 - clear  0.000000000, sequence: 0
source 0 - assert 1788053157.000000000, sequence: 647 - clear  0.000000000, sequence: 0
source 0 - assert 1788053158.000000020, sequence: 648 - clear  0.000000000, sequence: 0
source 0 - assert 1788053159.000000003, sequence: 649 - clear  0.000000000, sequence: 0
source 0 - assert 1788053160.000000134, sequence: 650 - clear  0.000000000, sequence: 0
source 0 - assert 1788053161.000000006, sequence: 651 - clear  0.000000000, sequence: 0
source 0 - assert 1788053161.999999989, sequence: 652 - clear  0.000000000, sequence: 0
source 0 - assert 1788053163.000000009, sequence: 653 - clear  0.000000000, sequence: 0
source 0 - assert 1788053163.999999991, sequence: 654 - clear  0.000000000, sequence: 0
source 0 - assert 1788053164.999999993, sequence: 655 - clear  0.000000000, sequence: 0
source 0 - assert 1788053166.000000031, sequence: 656 - clear  0.000000000, sequence: 0
source 0 - assert 1788053167.000000014, sequence: 657 - clear  0.000000000, sequence: 0
source 0 - assert 1788053167.999999997, sequence: 658 - clear  0.000000000, sequence: 0
source 0 - assert 1788053168.999999999, sequence: 659 - clear  0.000000000, sequence: 0
source 0 - assert 1788053169.999999981, sequence: 660 - clear  0.000000000, sequence: 0
source 0 - assert 1788053171.000000001, sequence: 661 - clear  0.000000000, sequence: 0
source 0 - assert 1788053172.000000021, sequence: 662 - clear  0.000000000, sequence: 0
source 0 - assert 1788053173.000000004, sequence: 663 - clear  0.000000000, sequence: 0
source 0 - assert 1788053174.000000006, sequence: 664 - clear  0.000000000, sequence: 0
source 0 - assert 1788053175.000000007, sequence: 665 - clear  0.000000000, sequence: 0
source 0 - assert 1788053175.999999990, sequence: 666 - clear  0.000000000, sequence: 0
source 0 - assert 1788053176.999999991, sequence: 667 - clear  0.000000000, sequence: 0
source 0 - assert 1788053177.999999993, sequence: 668 - clear  0.000000000, sequence: 0
source 0 - assert 1788053178.999999994, sequence: 669 - clear  0.000000000, sequence: 0
source 0 - assert 1788053180.000000014, sequence: 670 - clear  0.000000000, sequence: 0
source 0 - assert 1788053180.999999997, sequence: 671 - clear  0.000000000, sequence: 0
source 0 - assert 1788053181.999999999, sequence: 672 - clear  0.000000000, sequence: 0
source 0 - assert 1788053182.999999982, sequence: 673 - clear  0.000000000, sequence: 0
source 0 - assert 1788053184.000000002, sequence: 674 - clear  0.000000000, sequence: 0
source 0 - assert 1788053185.000000003, sequence: 675 - clear  0.000000000, sequence: 0
source 0 - assert 1788053186.000000004, sequence: 676 - clear  0.000000000, sequence: 0
source 0 - assert 1788053187.000000006, sequence: 677 - clear  0.000000000, sequence: 0
source 0 - assert 1788053188.000000007, sequence: 678 - clear  0.000000000, sequence: 0
source 0 - assert 1788053189.000000009, sequence: 679 - clear  0.000000000, sequence: 0
source 0 - assert 1788053190.000000010, sequence: 680 - clear  0.000000000, sequence: 0
source 0 - assert 1788053190.999999993, sequence: 681 - clear  0.000000000, sequence: 0
source 0 - assert 1788053191.999999994, sequence: 682 - clear  0.000000000, sequence: 0
source 0 - assert 1788053192.999999996, sequence: 683 - clear  0.000000000, sequence: 0
source 0 - assert 1788053194.000000016, sequence: 684 - clear  0.000000000, sequence: 0
source 0 - assert 1788053194.999999999, sequence: 685 - clear  0.000000000, sequence: 0
source 0 - assert 1788053196.000000000, sequence: 686 - clear  0.000000000, sequence: 0
source 0 - assert 1788053197.000000002, sequence: 687 - clear  0.000000000, sequence: 0
source 0 - assert 1788053198.000000003, sequence: 688 - clear  0.000000000, sequence: 0
source 0 - assert 1788053199.000000023, sequence: 689 - clear  0.000000000, sequence: 0
source 0 - assert 1788053200.000000006, sequence: 690 - clear  0.000000000, sequence: 0
source 0 - assert 1788053201.000000007, sequence: 691 - clear  0.000000000, sequence: 0
source 0 - assert 1788053202.000000009, sequence: 692 - clear  0.000000000, sequence: 0
source 0 - assert 1788053202.999999992, sequence: 693 - clear  0.000000000, sequence: 0
source 0 - assert 1788053203.999999993, sequence: 694 - clear  0.000000000, sequence: 0
source 0 - assert 1788053204.999999995, sequence: 695 - clear  0.000000000, sequence: 0
source 0 - assert 1788053206.000000033, sequence: 696 - clear  0.000000000, sequence: 0
source 0 - assert 1788053206.999999997, sequence: 697 - clear  0.000000000, sequence: 0
source 0 - assert 1788053207.999999999, sequence: 698 - clear  0.000000000, sequence: 0
source 0 - assert 1788053208.999999982, sequence: 699 - clear  0.000000000, sequence: 0
source 0 - assert 1788053210.000000002, sequence: 700 - clear  0.000000000, sequence: 0
source 0 - assert 1788053211.000000003, sequence: 701 - clear  0.000000000, sequence: 0
source 0 - assert 1788053212.000000005, sequence: 702 - clear  0.000000000, sequence: 0
source 0 - assert 1788053213.000000006, sequence: 703 - clear  0.000000000, sequence: 0
source 0 - assert 1788053213.999999989, sequence: 704 - clear  0.000000000, sequence: 0
source 0 - assert 1788053215.000000009, sequence: 705 - clear  0.000000000, sequence: 0
source 0 - assert 1788053215.999999992, sequence: 706 - clear  0.000000000, sequence: 0
source 0 - assert 1788053217.000000030, sequence: 707 - clear  0.000000000, sequence: 0
source 0 - assert 1788053217.999999995, sequence: 708 - clear  0.000000000, sequence: 0
source 0 - assert 1788053218.999999996, sequence: 709 - clear  0.000000000, sequence: 0
source 0 - assert 1788053219.999999998, sequence: 710 - clear  0.000000000, sequence: 0
source 0 - assert 1788053220.999999999, sequence: 711 - clear  0.000000000, sequence: 0
source 0 - assert 1788053222.000000001, sequence: 712 - clear  0.000000000, sequence: 0
source 0 - assert 1788053223.000000002, sequence: 713 - clear  0.000000000, sequence: 0
source 0 - assert 1788053224.000000003, sequence: 714 - clear  0.000000000, sequence: 0
source 0 - assert 1788053224.999999986, sequence: 715 - clear  0.000000000, sequence: 0
source 0 - assert 1788053226.000000006, sequence: 716 - clear  0.000000000, sequence: 0
source 0 - assert 1788053227.000000008, sequence: 717 - clear  0.000000000, sequence: 0
source 0 - assert 1788053228.000000009, sequence: 718 - clear  0.000000000, sequence: 0
source 0 - assert 1788053228.999999992, sequence: 719 - clear  0.000000000, sequence: 0
source 0 - assert 1788053230.000000012, sequence: 720 - clear  0.000000000, sequence: 0
source 0 - assert 1788053231.000000032, sequence: 721 - clear  0.000000000, sequence: 0
source 0 - assert 1788053231.999999996, sequence: 722 - clear  0.000000000, sequence: 0
source 0 - assert 1788053233.000000053, sequence: 723 - clear  0.000000000, sequence: 0
source 0 - assert 1788053233.999999999, sequence: 724 - clear  0.000000000, sequence: 0
source 0 - assert 1788053235.000000000, sequence: 725 - clear  0.000000000, sequence: 0
source 0 - assert 1788053236.000000001, sequence: 726 - clear  0.000000000, sequence: 0
source 0 - assert 1788053237.000000002, sequence: 727 - clear  0.000000000, sequence: 0
source 0 - assert 1788053238.000000003, sequence: 728 - clear  0.000000000, sequence: 0
source 0 - assert 1788053239.000000004, sequence: 729 - clear  0.000000000, sequence: 0
source 0 - assert 1788053240.000000006, sequence: 730 - clear  0.000000000, sequence: 0
source 0 - assert 1788053241.000000007, sequence: 731 - clear  0.000000000, sequence: 0
source 0 - assert 1788053242.000000008, sequence: 732 - clear  0.000000000, sequence: 0
source 0 - assert 1788053242.999999991, sequence: 733 - clear  0.000000000, sequence: 0
source 0 - assert 1788053243.999999993, sequence: 734 - clear  0.000000000, sequence: 0
source 0 - assert 1788053244.999999994, sequence: 735 - clear  0.000000000, sequence: 0
source 0 - assert 1788053245.999999996, sequence: 736 - clear  0.000000000, sequence: 0
source 0 - assert 1788053246.999999997, sequence: 737 - clear  0.000000000, sequence: 0
source 0 - assert 1788053247.999999998, sequence: 738 - clear  0.000000000, sequence: 0
source 0 - assert 1788053249.000000000, sequence: 739 - clear  0.000000000, sequence: 0
source 0 - assert 1788053250.000000001, sequence: 740 - clear  0.000000000, sequence: 0
source 0 - assert 1788053251.000000003, sequence: 741 - clear  0.000000000, sequence: 0
source 0 - assert 1788053251.999999986, sequence: 742 - clear  0.000000000, sequence: 0
source 0 - assert 1788053252.999999987, sequence: 743 - clear  0.000000000, sequence: 0
source 0 - assert 1788053254.000000007, sequence: 744 - clear  0.000000000, sequence: 0
source 0 - assert 1788053254.999999990, sequence: 745 - clear  0.000000000, sequence: 0
source 0 - assert 1788053255.999999991, sequence: 746 - clear  0.000000000, sequence: 0
source 0 - assert 1788053257.000000011, sequence: 747 - clear  0.000000000, sequence: 0
source 0 - assert 1788053257.999999994, sequence: 748 - clear  0.000000000, sequence: 0
source 0 - assert 1788053258.999999996, sequence: 749 - clear  0.000000000, sequence: 0
source 0 - assert 1788053260.000000034, sequence: 750 - clear  0.000000000, sequence: 0
source 0 - assert 1788053260.999999998, sequence: 751 - clear  0.000000000, sequence: 0
source 0 - assert 1788053262.000000000, sequence: 752 - clear  0.000000000, sequence: 0
source 0 - assert 1788053263.000000001, sequence: 753 - clear  0.000000000, sequence: 0
source 0 - assert 1788053263.999999984, sequence: 754 - clear  0.000000000, sequence: 0
source 0 - assert 1788053264.999999986, sequence: 755 - clear  0.000000000, sequence: 0
source 0 - assert 1788053266.000000006, sequence: 756 - clear  0.000000000, sequence: 0
source 0 - assert 1788053266.999999989, sequence: 757 - clear  0.000000000, sequence: 0
source 0 - assert 1788053267.999999991, sequence: 758 - clear  0.000000000, sequence: 0
source 0 - assert 1788053268.999999992, sequence: 759 - clear  0.000000000, sequence: 0
source 0 - assert 1788053269.999999994, sequence: 760 - clear  0.000000000, sequence: 0
source 0 - assert 1788053270.999999995, sequence: 761 - clear  0.000000000, sequence: 0
source 0 - assert 1788053271.999999978, sequence: 762 - clear  0.000000000, sequence: 0
source 0 - assert 1788053272.999999980, sequence: 763 - clear  0.000000000, sequence: 0
source 0 - assert 1788053274.000000000, sequence: 764 - clear  0.000000000, sequence: 0
source 0 - assert 1788053275.000000002, sequence: 765 - clear  0.000000000, sequence: 0
source 0 - assert 1788053276.000000003, sequence: 766 - clear  0.000000000, sequence: 0
source 0 - assert 1788053277.000000042, sequence: 767 - clear  0.000000000, sequence: 0
source 0 - assert 1788053277.999999988, sequence: 768 - clear  0.000000000, sequence: 0
source 0 - assert 1788053278.999999990, sequence: 769 - clear  0.000000000, sequence: 0
source 0 - assert 1788053279.999999991, sequence: 770 - clear  0.000000000, sequence: 0
source 0 - assert 1788053280.999999992, sequence: 771 - clear  0.000000000, sequence: 0
source 0 - assert 1788053282.000000012, sequence: 772 - clear  0.000000000, sequence: 0
source 0 - assert 1788053282.999999995, sequence: 773 - clear  0.000000000, sequence: 0
source 0 - assert 1788053283.999999997, sequence: 774 - clear  0.000000000, sequence: 0
source 0 - assert 1788053284.999999998, sequence: 775 - clear  0.000000000, sequence: 0
source 0 - assert 1788053285.999999981, sequence: 776 - clear  0.000000000, sequence: 0
source 0 - assert 1788053286.999999983, sequence: 777 - clear  0.000000000, sequence: 0
source 0 - assert 1788053288.000000003, sequence: 778 - clear  0.000000000, sequence: 0
source 0 - assert 1788053288.999999986, sequence: 779 - clear  0.000000000, sequence: 0
source 0 - assert 1788053289.999999988, sequence: 780 - clear  0.000000000, sequence: 0
source 0 - assert 1788053290.999999989, sequence: 781 - clear  0.000000000, sequence: 0
source 0 - assert 1788053291.999999991, sequence: 782 - clear  0.000000000, sequence: 0
source 0 - assert 1788053292.999999974, sequence: 783 - clear  0.000000000, sequence: 0
source 0 - assert 1788053293.999999994, sequence: 784 - clear  0.000000000, sequence: 0
source 0 - assert 1788053294.999999996, sequence: 785 - clear  0.000000000, sequence: 0
source 0 - assert 1788053295.999999979, sequence: 786 - clear  0.000000000, sequence: 0
source 0 - assert 1788053296.999999999, sequence: 787 - clear  0.000000000, sequence: 0
source 0 - assert 1788053298.000000038, sequence: 788 - clear  0.000000000, sequence: 0
source 0 - assert 1788053298.999999984, sequence: 789 - clear  0.000000000, sequence: 0
source 0 - assert 1788053300.000000004, sequence: 790 - clear  0.000000000, sequence: 0
source 0 - assert 1788053300.999999987, sequence: 791 - clear  0.000000000, sequence: 0
source 0 - assert 1788053302.000000007, sequence: 792 - clear  0.000000000, sequence: 0
source 0 - assert 1788053302.999999990, sequence: 793 - clear  0.000000000, sequence: 0
source 0 - assert 1788053303.999999991, sequence: 794 - clear  0.000000000, sequence: 0
source 0 - assert 1788053304.999999993, sequence: 795 - clear  0.000000000, sequence: 0
source 0 - assert 1788053305.999999976, sequence: 796 - clear  0.000000000, sequence: 0
source 0 - assert 1788053306.999999978, sequence: 797 - clear  0.000000000, sequence: 0
source 0 - assert 1788053307.999999998, sequence: 798 - clear  0.000000000, sequence: 0
source 0 - assert 1788053308.999999999, sequence: 799 - clear  0.000000000, sequence: 0
source 0 - assert 1788053310.000000001, sequence: 800 - clear  0.000000000, sequence: 0
source 0 - assert 1788053310.999999984, sequence: 801 - clear  0.000000000, sequence: 0
source 0 - assert 1788053312.000000004, sequence: 802 - clear  0.000000000, sequence: 0
source 0 - assert 1788053312.999999987, sequence: 803 - clear  0.000000000, sequence: 0
source 0 - assert 1788053313.999999989, sequence: 804 - clear  0.000000000, sequence: 0
source 0 - assert 1788053314.999999990, sequence: 805 - clear  0.000000000, sequence: 0
source 0 - assert 1788053315.999999992, sequence: 806 - clear  0.000000000, sequence: 0
source 0 - assert 1788053316.999999993, sequence: 807 - clear  0.000000000, sequence: 0
source 0 - assert 1788053317.999999976, sequence: 808 - clear  0.000000000, sequence: 0
source 0 - assert 1788053318.999999997, sequence: 809 - clear  0.000000000, sequence: 0
source 0 - assert 1788053319.999999980, sequence: 810 - clear  0.000000000, sequence: 0
source 0 - assert 1788053321.000000000, sequence: 811 - clear  0.000000000, sequence: 0
source 0 - assert 1788053322.000000004, sequence: 812 - clear  0.000000000, sequence: 0
source 0 - assert 1788053323.000000012, sequence: 813 - clear  0.000000000, sequence: 0
source 0 - assert 1788053324.000000014, sequence: 814 - clear  0.000000000, sequence: 0
source 0 - assert 1788053324.999999997, sequence: 815 - clear  0.000000000, sequence: 0
source 0 - assert 1788053326.000000017, sequence: 816 - clear  0.000000000, sequence: 0
source 0 - assert 1788053326.999999999, sequence: 817 - clear  0.000000000, sequence: 0
source 0 - assert 1788053328.000000001, sequence: 818 - clear  0.000000000, sequence: 0
source 0 - assert 1788053329.000000002, sequence: 819 - clear  0.000000000, sequence: 0
source 0 - assert 1788053330.000000004, sequence: 820 - clear  0.000000000, sequence: 0
source 0 - assert 1788053331.000000005, sequence: 821 - clear  0.000000000, sequence: 0
source 0 - assert 1788053331.999999988, sequence: 822 - clear  0.000000000, sequence: 0
source 0 - assert 1788053332.999999990, sequence: 823 - clear  0.000000000, sequence: 0
source 0 - assert 1788053333.999999991, sequence: 824 - clear  0.000000000, sequence: 0
source 0 - assert 1788053335.000000030, sequence: 825 - clear  0.000000000, sequence: 0
source 0 - assert 1788053335.999999995, sequence: 826 - clear  0.000000000, sequence: 0
source 0 - assert 1788053337.000000015, sequence: 827 - clear  0.000000000, sequence: 0
source 0 - assert 1788053337.999999998, sequence: 828 - clear  0.000000000, sequence: 0
source 0 - assert 1788053338.999999999, sequence: 829 - clear  0.000000000, sequence: 0
source 0 - assert 1788053340.000000001, sequence: 830 - clear  0.000000000, sequence: 0
source 0 - assert 1788053340.999999984, sequence: 831 - clear  0.000000000, sequence: 0
source 0 - assert 1788053342.000000004, sequence: 832 - clear  0.000000000, sequence: 0
source 0 - assert 1788053342.999999987, sequence: 833 - clear  0.000000000, sequence: 0
source 0 - assert 1788053344.000000007, sequence: 834 - clear  0.000000000, sequence: 0
source 0 - assert 1788053345.000000009, sequence: 835 - clear  0.000000000, sequence: 0
source 0 - assert 1788053345.999999992, sequence: 836 - clear  0.000000000, sequence: 0
source 0 - assert 1788053346.999999993, sequence: 837 - clear  0.000000000, sequence: 0
source 0 - assert 1788053348.000000013, sequence: 838 - clear  0.000000000, sequence: 0
source 0 - assert 1788053348.999999996, sequence: 839 - clear  0.000000000, sequence: 0
source 0 - assert 1788053350.000000016, sequence: 840 - clear  0.000000000, sequence: 0
source 0 - assert 1788053350.999999999, sequence: 841 - clear  0.000000000, sequence: 0
source 0 - assert 1788053352.000000001, sequence: 842 - clear  0.000000000, sequence: 0
source 0 - assert 1788053352.999999984, sequence: 843 - clear  0.000000000, sequence: 0
source 0 - assert 1788053353.999999985, sequence: 844 - clear  0.000000000, sequence: 0
source 0 - assert 1788053354.999999987, sequence: 845 - clear  0.000000000, sequence: 0
source 0 - assert 1788053356.000000026, sequence: 846 - clear  0.000000000, sequence: 0
source 0 - assert 1788053356.999999990, sequence: 847 - clear  0.000000000, sequence: 0
source 0 - assert 1788053357.999999992, sequence: 848 - clear  0.000000000, sequence: 0
source 0 - assert 1788053358.999999994, sequence: 849 - clear  0.000000000, sequence: 0
source 0 - assert 1788053360.000000033, sequence: 850 - clear  0.000000000, sequence: 0
source 0 - assert 1788053360.999999998, sequence: 851 - clear  0.000000000, sequence: 0
source 0 - assert 1788053362.000000000, sequence: 852 - clear  0.000000000, sequence: 0
source 0 - assert 1788053363.000000001, sequence: 853 - clear  0.000000000, sequence: 0
source 0 - assert 1788053364.000000003, sequence: 854 - clear  0.000000000, sequence: 0
source 0 - assert 1788053364.999999986, sequence: 855 - clear  0.000000000, sequence: 0
source 0 - assert 1788053365.999999987, sequence: 856 - clear  0.000000000, sequence: 0
source 0 - assert 1788053367.000000008, sequence: 857 - clear  0.000000000, sequence: 0
source 0 - assert 1788053367.999999991, sequence: 858 - clear  0.000000000, sequence: 0
source 0 - assert 1788053368.999999992, sequence: 859 - clear  0.000000000, sequence: 0
source 0 - assert 1788053369.999999994, sequence: 860 - clear  0.000000000, sequence: 0
source 0 - assert 1788053370.999999996, sequence: 861 - clear  0.000000000, sequence: 0
source 0 - assert 1788053372.000000016, sequence: 862 - clear  0.000000000, sequence: 0
source 0 - assert 1788053373.000000037, sequence: 863 - clear  0.000000000, sequence: 0
source 0 - assert 1788053374.000000002, sequence: 864 - clear  0.000000000, sequence: 0
source 0 - assert 1788053375.000000003, sequence: 865 - clear  0.000000000, sequence: 0
source 0 - assert 1788053375.999999986, sequence: 866 - clear  0.000000000, sequence: 0
source 0 - assert 1788053377.000000007, sequence: 867 - clear  0.000000000, sequence: 0
source 0 - assert 1788053378.000000008, sequence: 868 - clear  0.000000000, sequence: 0
source 0 - assert 1788053378.999999991, sequence: 869 - clear  0.000000000, sequence: 0
source 0 - assert 1788053379.999999993, sequence: 870 - clear  0.000000000, sequence: 0
source 0 - assert 1788053380.999999994, sequence: 871 - clear  0.000000000, sequence: 0
source 0 - assert 1788053381.999999996, sequence: 872 - clear  0.000000000, sequence: 0
source 0 - assert 1788053383.000000016, sequence: 873 - clear  0.000000000, sequence: 0
source 0 - assert 1788053383.999999999, sequence: 874 - clear  0.000000000, sequence: 0
source 0 - assert 1788053385.000000001, sequence: 875 - clear  0.000000000, sequence: 0
source 0 - assert 1788053386.000000003, sequence: 876 - clear  0.000000000, sequence: 0
source 0 - assert 1788053387.000000004, sequence: 877 - clear  0.000000000, sequence: 0
source 0 - assert 1788053387.999999987, sequence: 878 - clear  0.000000000, sequence: 0
source 0 - assert 1788053389.000000007, sequence: 879 - clear  0.000000000, sequence: 0
source 0 - assert 1788053390.000000009, sequence: 880 - clear  0.000000000, sequence: 0
source 0 - assert 1788053391.000000011, sequence: 881 - clear  0.000000000, sequence: 0
source 0 - assert 1788053391.999999994, sequence: 882 - clear  0.000000000, sequence: 0
source 0 - assert 1788053393.000000014, sequence: 883 - clear  0.000000000, sequence: 0
source 0 - assert 1788053394.000000015, sequence: 884 - clear  0.000000000, sequence: 0
source 0 - assert 1788053394.999999998, sequence: 885 - clear  0.000000000, sequence: 0
source 0 - assert 1788053396.000000000, sequence: 886 - clear  0.000000000, sequence: 0
source 0 - assert 1788053397.000000001, sequence: 887 - clear  0.000000000, sequence: 0
source 0 - assert 1788053398.000000040, sequence: 888 - clear  0.000000000, sequence: 0
source 0 - assert 1788053399.000000023, sequence: 889 - clear  0.000000000, sequence: 0
source 0 - assert 1788053400.000000006, sequence: 890 - clear  0.000000000, sequence: 0
source 0 - assert 1788053401.000000008, sequence: 891 - clear  0.000000000, sequence: 0
source 0 - assert 1788053401.999999991, sequence: 892 - clear  0.000000000, sequence: 0
source 0 - assert 1788053403.000000010, sequence: 893 - clear  0.000000000, sequence: 0
source 0 - assert 1788053404.000000011, sequence: 894 - clear  0.000000000, sequence: 0
source 0 - assert 1788053405.000000013, sequence: 895 - clear  0.000000000, sequence: 0
source 0 - assert 1788053406.000000014, sequence: 896 - clear  0.000000000, sequence: 0
source 0 - assert 1788053406.999999997, sequence: 897 - clear  0.000000000, sequence: 0
source 0 - assert 1788053408.000000017, sequence: 898 - clear  0.000000000, sequence: 0
source 0 - assert 1788053409.000000000, sequence: 899 - clear  0.000000000, sequence: 0
source 0 - assert 1788053410.000000001, sequence: 900 - clear  0.000000000, sequence: 0
source 0 - assert 1788053411.000000002, sequence: 901 - clear  0.000000000, sequence: 0
source 0 - assert 1788053412.000000022, sequence: 902 - clear  0.000000000, sequence: 0
source 0 - assert 1788053413.000000005, sequence: 903 - clear  0.000000000, sequence: 0
source 0 - assert 1788053414.000000007, sequence: 904 - clear  0.000000000, sequence: 0
source 0 - assert 1788053414.999999990, sequence: 905 - clear  0.000000000, sequence: 0
source 0 - assert 1788053416.000000010, sequence: 906 - clear  0.000000000, sequence: 0
source 0 - assert 1788053416.999999993, sequence: 907 - clear  0.000000000, sequence: 0
source 0 - assert 1788053417.999999995, sequence: 908 - clear  0.000000000, sequence: 0
source 0 - assert 1788053418.999999996, sequence: 909 - clear  0.000000000, sequence: 0
source 0 - assert 1788053420.000000035, sequence: 910 - clear  0.000000000, sequence: 0
source 0 - assert 1788053420.999999999, sequence: 911 - clear  0.000000000, sequence: 0
source 0 - assert 1788053422.000000001, sequence: 912 - clear  0.000000000, sequence: 0
source 0 - assert 1788053423.000000021, sequence: 913 - clear  0.000000000, sequence: 0
source 0 - assert 1788053424.000000004, sequence: 914 - clear  0.000000000, sequence: 0
source 0 - assert 1788053425.000000006, sequence: 915 - clear  0.000000000, sequence: 0
source 0 - assert 1788053426.000000007, sequence: 916 - clear  0.000000000, sequence: 0
source 0 - assert 1788053427.000000009, sequence: 917 - clear  0.000000000, sequence: 0
source 0 - assert 1788053427.999999992, sequence: 918 - clear  0.000000000, sequence: 0
source 0 - assert 1788053429.000000012, sequence: 919 - clear  0.000000000, sequence: 0
source 0 - assert 1788053429.999999995, sequence: 920 - clear  0.000000000, sequence: 0
source 0 - assert 1788053431.000000015, sequence: 921 - clear  0.000000000, sequence: 0
source 0 - assert 1788053431.999999998, sequence: 922 - clear  0.000000000, sequence: 0
source 0 - assert 1788053432.999999999, sequence: 923 - clear  0.000000000, sequence: 0
source 0 - assert 1788053434.000000000, sequence: 924 - clear  0.000000000, sequence: 0
source 0 - assert 1788053435.000000002, sequence: 925 - clear  0.000000000, sequence: 0
source 0 - assert 1788053436.000000004, sequence: 926 - clear  0.000000000, sequence: 0
source 0 - assert 1788053437.000000005, sequence: 927 - clear  0.000000000, sequence: 0
source 0 - assert 1788053438.000000007, sequence: 928 - clear  0.000000000, sequence: 0
source 0 - assert 1788053439.000000027, sequence: 929 - clear  0.000000000, sequence: 0
source 0 - assert 1788053440.000000010, sequence: 930 - clear  0.000000000, sequence: 0
source 0 - assert 1788053441.000000011, sequence: 931 - clear  0.000000000, sequence: 0
source 0 - assert 1788053442.000000013, sequence: 932 - clear  0.000000000, sequence: 0
source 0 - assert 1788053443.000000014, sequence: 933 - clear  0.000000000, sequence: 0
source 0 - assert 1788053443.999999997, sequence: 934 - clear  0.000000000, sequence: 0
source 0 - assert 1788053444.999999998, sequence: 935 - clear  0.000000000, sequence: 0
source 0 - assert 1788053446.000000000, sequence: 936 - clear  0.000000000, sequence: 0
source 0 - assert 1788053447.000000001, sequence: 937 - clear  0.000000000, sequence: 0
source 0 - assert 1788053448.000000003, sequence: 938 - clear  0.000000000, sequence: 0
source 0 - assert 1788053449.000000005, sequence: 939 - clear  0.000000000, sequence: 0
source 0 - assert 1788053450.000000006, sequence: 940 - clear  0.000000000, sequence: 0
source 0 - assert 1788053451.000000008, sequence: 941 - clear  0.000000000, sequence: 0
source 0 - assert 1788053452.000000009, sequence: 942 - clear  0.000000000, sequence: 0
source 0 - assert 1788053453.000000011, sequence: 943 - clear  0.000000000, sequence: 0
source 0 - assert 1788053454.000000012, sequence: 944 - clear  0.000000000, sequence: 0
source 0 - assert 1788053455.000000014, sequence: 945 - clear  0.000000000, sequence: 0
source 0 - assert 1788053456.000000015, sequence: 946 - clear  0.000000000, sequence: 0
source 0 - assert 1788053457.000000016, sequence: 947 - clear  0.000000000, sequence: 0
source 0 - assert 1788053458.000000017, sequence: 948 - clear  0.000000000, sequence: 0
source 0 - assert 1788053459.000000019, sequence: 949 - clear  0.000000000, sequence: 0
source 0 - assert 1788053459.999999983, sequence: 950 - clear  0.000000000, sequence: 0
source 0 - assert 1788053461.000000003, sequence: 951 - clear  0.000000000, sequence: 0
source 0 - assert 1788053462.000000023, sequence: 952 - clear  0.000000000, sequence: 0
source 0 - assert 1788053463.000000006, sequence: 953 - clear  0.000000000, sequence: 0
source 0 - assert 1788053464.000000007, sequence: 954 - clear  0.000000000, sequence: 0
source 0 - assert 1788053465.000000045, sequence: 955 - clear  0.000000000, sequence: 0
source 0 - assert 1788053466.000000010, sequence: 956 - clear  0.000000000, sequence: 0
source 0 - assert 1788053467.000000011, sequence: 957 - clear  0.000000000, sequence: 0
source 0 - assert 1788053468.000000012, sequence: 958 - clear  0.000000000, sequence: 0
source 0 - assert 1788053468.999999995, sequence: 959 - clear  0.000000000, sequence: 0
source 0 - assert 1788053470.000000015, sequence: 960 - clear  0.000000000, sequence: 0
source 0 - assert 1788053470.999999998, sequence: 961 - clear  0.000000000, sequence: 0
source 0 - assert 1788053471.999999999, sequence: 962 - clear  0.000000000, sequence: 0
source 0 - assert 1788053473.000000038, sequence: 963 - clear  0.000000000, sequence: 0
source 0 - assert 1788053474.000000002, sequence: 964 - clear  0.000000000, sequence: 0
source 0 - assert 1788053474.999999985, sequence: 965 - clear  0.000000000, sequence: 0
source 0 - assert 1788053476.000000005, sequence: 966 - clear  0.000000000, sequence: 0
source 0 - assert 1788053477.000000007, sequence: 967 - clear  0.000000000, sequence: 0
source 0 - assert 1788053478.000000008, sequence: 968 - clear  0.000000000, sequence: 0
source 0 - assert 1788053479.000000009, sequence: 969 - clear  0.000000000, sequence: 0
source 0 - assert 1788053479.999999992, sequence: 970 - clear  0.000000000, sequence: 0
source 0 - assert 1788053480.999999994, sequence: 971 - clear  0.000000000, sequence: 0
source 0 - assert 1788053481.999999995, sequence: 972 - clear  0.000000000, sequence: 0
source 0 - assert 1788053482.999999978, sequence: 973 - clear  0.000000000, sequence: 0
source 0 - assert 1788053483.999999998, sequence: 974 - clear  0.000000000, sequence: 0
source 0 - assert 1788053485.000000000, sequence: 975 - clear  0.000000000, sequence: 0
source 0 - assert 1788053486.000000001, sequence: 976 - clear  0.000000000, sequence: 0
source 0 - assert 1788053487.000000003, sequence: 977 - clear  0.000000000, sequence: 0
source 0 - assert 1788053488.000000004, sequence: 978 - clear  0.000000000, sequence: 0
source 0 - assert 1788053489.000000006, sequence: 979 - clear  0.000000000, sequence: 0
source 0 - assert 1788053490.000000007, sequence: 980 - clear  0.000000000, sequence: 0
source 0 - assert 1788053491.000000009, sequence: 981 - clear  0.000000000, sequence: 0
source 0 - assert 1788053492.000000010, sequence: 982 - clear  0.000000000, sequence: 0
source 0 - assert 1788053493.000000012, sequence: 983 - clear  0.000000000, sequence: 0
source 0 - assert 1788053493.999999995, sequence: 984 - clear  0.000000000, sequence: 0
source 0 - assert 1788053495.000000015, sequence: 985 - clear  0.000000000, sequence: 0
source 0 - assert 1788053495.999999998, sequence: 986 - clear  0.000000000, sequence: 0
source 0 - assert 1788053497.000000018, sequence: 987 - clear  0.000000000, sequence: 0
source 0 - assert 1788053498.000000001, sequence: 988 - clear  0.000000000, sequence: 0
source 0 - assert 1788053499.000000021, sequence: 989 - clear  0.000000000, sequence: 0
source 0 - assert 1788053500.000000004, sequence: 990 - clear  0.000000000, sequence: 0
source 0 - assert 1788053501.000000005, sequence: 991 - clear  0.000000000, sequence: 0
source 0 - assert 1788053502.000000005, sequence: 992 - clear  0.000000000, sequence: 0
source 0 - assert 1788053503.000000021, sequence: 993 - clear  0.000000000, sequence: 0
source 0 - assert 1788053504.000000003, sequence: 994 - clear  0.000000000, sequence: 0
source 0 - assert 1788053504.999999985, sequence: 995 - clear  0.000000000, sequence: 0
source 0 - assert 1788053506.000000006, sequence: 996 - clear  0.000000000, sequence: 0
source 0 - assert 1788053507.000000007, sequence: 997 - clear  0.000000000, sequence: 0
source 0 - assert 1788053507.999999990, sequence: 998 - clear  0.000000000, sequence: 0
source 0 - assert 1788053509.000000010, sequence: 999 - clear  0.000000000, sequence: 0
source 0 - assert 1788053509.999999993, sequence: 1000 - clear  0.000000000, sequence: 0
source 0 - assert 1788053510.999999994, sequence: 1001 - clear  0.000000000, sequence: 0
source 0 - assert 1788053512.000000014, sequence: 1002 - clear  0.000000000, sequence: 0
source 0 - assert 1788053512.999999978, sequence: 1003 - clear  0.000000000, sequence: 0
source 0 - assert 1788053513.999999997, sequence: 1004 - clear  0.000000000, sequence: 0
source 0 - assert 1788053514.999999999, sequence: 1005 - clear  0.000000000, sequence: 0
source 0 - assert 1788053516.000000000, sequence: 1006 - clear  0.000000000, sequence: 0
source 0 - assert 1788053516.999999983, sequence: 1007 - clear  0.000000000, sequence: 0
source 0 - assert 1788053517.999999985, sequence: 1008 - clear  0.000000000, sequence: 0
source 0 - assert 1788053519.000000004, sequence: 1009 - clear  0.000000000, sequence: 0
source 0 - assert 1788053520.000000006, sequence: 1010 - clear  0.000000000, sequence: 0
source 0 - assert 1788053521.000000007, sequence: 1011 - clear  0.000000000, sequence: 0
source 0 - assert 1788053521.999999972, sequence: 1012 - clear  0.000000000, sequence: 0
source 0 - assert 1788053522.999999992, sequence: 1013 - clear  0.000000000, sequence: 0
source 0 - assert 1788053524.000000012, sequence: 1014 - clear  0.000000000, sequence: 0
source 0 - assert 1788053524.999999994, sequence: 1015 - clear  0.000000000, sequence: 0
source 0 - assert 1788053525.999999996, sequence: 1016 - clear  0.000000000, sequence: 0
source 0 - assert 1788053527.000000016, sequence: 1017 - clear  0.000000000, sequence: 0
source 0 - assert 1788053527.999999999, sequence: 1018 - clear  0.000000000, sequence: 0
source 0 - assert 1788053529.000000000, sequence: 1019 - clear  0.000000000, sequence: 0
source 0 - assert 1788053530.000000020, sequence: 1020 - clear  0.000000000, sequence: 0
source 0 - assert 1788053531.000000003, sequence: 1021 - clear  0.000000000, sequence: 0
source 0 - assert 1788053531.999999986, sequence: 1022 - clear  0.000000000, sequence: 0
source 0 - assert 1788053533.000000006, sequence: 1023 - clear  0.000000000, sequence: 0
source 0 - assert 1788053533.999999989, sequence: 1024 - clear  0.000000000, sequence: 0
source 0 - assert 1788053535.000000009, sequence: 1025 - clear  0.000000000, sequence: 0
source 0 - assert 1788053535.999999991, sequence: 1026 - clear  0.000000000, sequence: 0
source 0 - assert 1788053536.999999993, sequence: 1027 - clear  0.000000000, sequence: 0
source 0 - assert 1788053537.999999994, sequence: 1028 - clear  0.000000000, sequence: 0
source 0 - assert 1788053538.999999996, sequence: 1029 - clear  0.000000000, sequence: 0
source 0 - assert 1788053539.999999997, sequence: 1030 - clear  0.000000000, sequence: 0
source 0 - assert 1788053540.999999999, sequence: 1031 - clear  0.000000000, sequence: 0
source 0 - assert 1788053542.000000001, sequence: 1032 - clear  0.000000000, sequence: 0
source 0 - assert 1788053543.000000002, sequence: 1033 - clear  0.000000000, sequence: 0
source 0 - assert 1788053544.000000003, sequence: 1034 - clear  0.000000000, sequence: 0
source 0 - assert 1788053544.999999986, sequence: 1035 - clear  0.000000000, sequence: 0
source 0 - assert 1788053545.999999988, sequence: 1036 - clear  0.000000000, sequence: 0
source 0 - assert 1788053546.999999989, sequence: 1037 - clear  0.000000000, sequence: 0
source 0 - assert 1788053547.999999991, sequence: 1038 - clear  0.000000000, sequence: 0
source 0 - assert 1788053549.000000011, sequence: 1039 - clear  0.000000000, sequence: 0
source 0 - assert 1788053549.999999994, sequence: 1040 - clear  0.000000000, sequence: 0
source 0 - assert 1788053550.999999995, sequence: 1041 - clear  0.000000000, sequence: 0
source 0 - assert 1788053551.999999997, sequence: 1042 - clear  0.000000000, sequence: 0
source 0 - assert 1788053553.000000017, sequence: 1043 - clear  0.000000000, sequence: 0
source 0 - assert 1788053554.000000000, sequence: 1044 - clear  0.000000000, sequence: 0
source 0 - assert 1788053555.000000002, sequence: 1045 - clear  0.000000000, sequence: 0
source 0 - assert 1788053556.000000003, sequence: 1046 - clear  0.000000000, sequence: 0
source 0 - assert 1788053557.000000005, sequence: 1047 - clear  0.000000000, sequence: 0
source 0 - assert 1788053557.999999988, sequence: 1048 - clear  0.000000000, sequence: 0
source 0 - assert 1788053558.999999989, sequence: 1049 - clear  0.000000000, sequence: 0
source 0 - assert 1788053559.999999991, sequence: 1050 - clear  0.000000000, sequence: 0
source 0 - assert 1788053561.000000010, sequence: 1051 - clear  0.000000000, sequence: 0
source 0 - assert 1788053562.000000012, sequence: 1052 - clear  0.000000000, sequence: 0
source 0 - assert 1788053562.999999995, sequence: 1053 - clear  0.000000000, sequence: 0
source 0 - assert 1788053563.999999997, sequence: 1054 - clear  0.000000000, sequence: 0
source 0 - assert 1788053564.999999999, sequence: 1055 - clear  0.000000000, sequence: 0
source 0 - assert 1788053565.999999982, sequence: 1056 - clear  0.000000000, sequence: 0
source 0 - assert 1788053567.000000002, sequence: 1057 - clear  0.000000000, sequence: 0
source 0 - assert 1788053568.000000003, sequence: 1058 - clear  0.000000000, sequence: 0
source 0 - assert 1788053569.000000004, sequence: 1059 - clear  0.000000000, sequence: 0
source 0 - assert 1788053570.000000006, sequence: 1060 - clear  0.000000000, sequence: 0
source 0 - assert 1788053571.000000007, sequence: 1061 - clear  0.000000000, sequence: 0
source 0 - assert 1788053572.000000009, sequence: 1062 - clear  0.000000000, sequence: 0
source 0 - assert 1788053573.000000047, sequence: 1063 - clear  0.000000000, sequence: 0
source 0 - assert 1788053574.000000012, sequence: 1064 - clear  0.000000000, sequence: 0
source 0 - assert 1788053574.999999995, sequence: 1065 - clear  0.000000000, sequence: 0
source 0 - assert 1788053575.999999996, sequence: 1066 - clear  0.000000000, sequence: 0
source 0 - assert 1788053576.999999997, sequence: 1067 - clear  0.000000000, sequence: 0
source 0 - assert 1788053577.999999999, sequence: 1068 - clear  0.000000000, sequence: 0
source 0 - assert 1788053579.000000000, sequence: 1069 - clear  0.000000000, sequence: 0
source 0 - assert 1788053580.000000002, sequence: 1070 - clear  0.000000000, sequence: 0
source 0 - assert 1788053581.000000022, sequence: 1071 - clear  0.000000000, sequence: 0
source 0 - assert 1788053582.000000005, sequence: 1072 - clear  0.000000000, sequence: 0
source 0 - assert 1788053583.000000006, sequence: 1073 - clear  0.000000000, sequence: 0
source 0 - assert 1788053583.999999989, sequence: 1074 - clear  0.000000000, sequence: 0
source 0 - assert 1788053585.000000009, sequence: 1075 - clear  0.000000000, sequence: 0
source 0 - assert 1788053585.999999992, sequence: 1076 - clear  0.000000000, sequence: 0
source 0 - assert 1788053587.000000012, sequence: 1077 - clear  0.000000000, sequence: 0
source 0 - assert 1788053587.999999995, sequence: 1078 - clear  0.000000000, sequence: 0
source 0 - assert 1788053589.000000015, sequence: 1079 - clear  0.000000000, sequence: 0
source 0 - assert 1788053589.999999998, sequence: 1080 - clear  0.000000000, sequence: 0
source 0 - assert 1788053590.999999999, sequence: 1081 - clear  0.000000000, sequence: 0
source 0 - assert 1788053592.000000000, sequence: 1082 - clear  0.000000000, sequence: 0
source 0 - assert 1788053593.000000020, sequence: 1083 - clear  0.000000000, sequence: 0
source 0 - assert 1788053594.000000003, sequence: 1084 - clear  0.000000000, sequence: 0
source 0 - assert 1788053595.000000005, sequence: 1085 - clear  0.000000000, sequence: 0
source 0 - assert 1788053596.000000006, sequence: 1086 - clear  0.000000000, sequence: 0
source 0 - assert 1788053597.000000007, sequence: 1087 - clear  0.000000000, sequence: 0
source 0 - assert 1788053598.000000009, sequence: 1088 - clear  0.000000000, sequence: 0
source 0 - assert 1788053599.000000010, sequence: 1089 - clear  0.000000000, sequence: 0
source 0 - assert 1788053599.999999993, sequence: 1090 - clear  0.000000000, sequence: 0
source 0 - assert 1788053601.000000013, sequence: 1091 - clear  0.000000000, sequence: 0
source 0 - assert 1788053601.999999996, sequence: 1092 - clear  0.000000000, sequence: 0
source 0 - assert 1788053602.999999997, sequence: 1093 - clear  0.000000000, sequence: 0
source 0 - assert 1788053603.999999998, sequence: 1094 - clear  0.000000000, sequence: 0
source 0 - assert 1788053604.999999999, sequence: 1095 - clear  0.000000000, sequence: 0
source 0 - assert 1788053606.000000000, sequence: 1096 - clear  0.000000000, sequence: 0
source 0 - assert 1788053607.000000002, sequence: 1097 - clear  0.000000000, sequence: 0
source 0 - assert 1788053608.000000003, sequence: 1098 - clear  0.000000000, sequence: 0
source 0 - assert 1788053609.000000005, sequence: 1099 - clear  0.000000000, sequence: 0
source 0 - assert 1788053610.000000006, sequence: 1100 - clear  0.000000000, sequence: 0
source 0 - assert 1788053611.000000008, sequence: 1101 - clear  0.000000000, sequence: 0
source 0 - assert 1788053612.000000009, sequence: 1102 - clear  0.000000000, sequence: 0
source 0 - assert 1788053613.000000010, sequence: 1103 - clear  0.000000000, sequence: 0
source 0 - assert 1788053614.000000012, sequence: 1104 - clear  0.000000000, sequence: 0
source 0 - assert 1788053614.999999995, sequence: 1105 - clear  0.000000000, sequence: 0
source 0 - assert 1788053615.999999996, sequence: 1106 - clear  0.000000000, sequence: 0
source 0 - assert 1788053616.999999998, sequence: 1107 - clear  0.000000000, sequence: 0
source 0 - assert 1788053617.999999999, sequence: 1108 - clear  0.000000000, sequence: 0
source 0 - assert 1788053619.000000000, sequence: 1109 - clear  0.000000000, sequence: 0
source 0 - assert 1788053620.000000002, sequence: 1110 - clear  0.000000000, sequence: 0
source 0 - assert 1788053620.999999985, sequence: 1111 - clear  0.000000000, sequence: 0
source 0 - assert 1788053622.000000005, sequence: 1112 - clear  0.000000000, sequence: 0
