trying PPS source "/dev/pps0"
found PPS source "/dev/pps0"
ok, found 1 source(s), now start fetching data...
source 0 - assert 1788045527.000000363, sequence: 2042 - clear  0.000000000, sequence: 0
source 0 - assert 1788045527.999999953, sequence: 2043 - clear  0.000000000, sequence: 0
source 0 - assert 1788045528.999999729, sequence: 2044 - clear  0.000000000, sequence: 0
source 0 - assert 1788045529.999999771, sequence: 2045 - clear  0.000000000, sequence: 0
source 0 - assert 1788045530.999999832, sequence: 2046 - clear  0.000000000, sequence: 0
source 0 - assert 1788045531.999999837, sequence: 2047 - clear  0.000000000, sequence: 0
source 0 - assert 1788045532.999999694, sequence: 2048 - clear  0.000000000, sequence: 0
source 0 - assert 1788045534.000000031, sequence: 2049 - clear  0.000000000, sequence: 0
source 0 - assert 1788045534.999999756, sequence: 2050 - clear  0.000000000, sequence: 0
source 0 - assert 1788045535.999999926, sequence: 2051 - clear  0.000000000, sequence: 0
source 0 - assert 1788045536.999999893, sequence: 2052 - clear  0.000000000, sequence: 0
source 0 - assert 1788045538.000000379, sequence: 2053 - clear  0.000000000, sequence: 0
source 0 - assert 1788045538.999999974, sequence: 2054 - clear  0.000000000, sequence: 0
source 0 - assert 1788045539.999999827, sequence: 2055 - clear  0.000000000, sequence: 0
source 0 - assert 1788045541.000000347, sequence: 2056 - clear  0.000000000, sequence: 0
source 0 - assert 1788045542.000000014, sequence: 2057 - clear  0.000000000, sequence: 0
source 0 - assert 1788045543.000000164, sequence: 2058 - clear  0.000000000, sequence: 0
source 0 - assert 1788045544.000000054, sequence: 2059 - clear  0.000000000, sequence: 0
source 0 - assert 1788045545.000000407, sequence: 2060 - clear  0.000000000, sequence: 0
source 0 - assert 1788045546.000000079, sequence: 2061 - clear  0.000000000, sequence: 0
source 0 - assert 1788045546.999999974, sequence: 2062 - clear  0.000000000, sequence: 0
source 0 - assert 1788045548.000000313, sequence: 2063 - clear  0.000000000, sequence: 0
source 0 - assert 1788045548.999999948, sequence: 2064 - clear  0.000000000, sequence: 0
source 0 - assert 1788045549.999999940, sequence: 2065 - clear  0.000000000, sequence: 0
source 0 - assert 1788045550.999999950, sequence: 2066 - clear  0.000000000, sequence: 0
source 0 - assert 1788045551.999999737, sequence: 2067 - clear  0.000000000, sequence: 0
source 0 - assert 1788045552.999999910, sequence: 2068 - clear  0.000000000, sequence: 0
source 0 - assert 1788045553.999999841, sequence: 2069 - clear  0.000000000, sequence: 0
source 0 - assert 1788045555.000000030, sequence: 2070 - clear  0.000000000, sequence: 0
source 0 - assert 1788045555.999999924, sequence: 2071 - clear  0.000000000, sequence: 0
source 0 - assert 1788045556.999999929, sequence: 2072 - clear  0.000000000, sequence: 0
source 0 - assert 1788045557.999999950, sequence: 2073 - clear  0.000000000, sequence: 0
source 0 - assert 1788045559.000000249, sequence: 2074 - clear  0.000000000, sequence: 0
source 0 - assert 1788045559.999999844, sequence: 2075 - clear  0.000000000, sequence: 0
source 0 - assert 1788045560.999999606, sequence: 2076 - clear  0.000000000, sequence: 0
source 0 - assert 1788045561.999999922, sequence: 2077 - clear  0.000000000, sequence: 0
source 0 - assert 1788045562.999999942, sequence: 2078 - clear  0.000000000, sequence: 0
source 0 - assert 1788045564.000000000, sequence: 2079 - clear  0.000000000, sequence: 0
source 0 - assert 1788045565.000000038, sequence: 2080 - clear  0.000000000, sequence: 0
source 0 - assert 1788045566.000000223, sequence: 2081 - clear  0.000000000, sequence: 0
source 0 - assert 1788045566.999999908, sequence: 2082 - clear  0.000000000, sequence: 0
source 0 - assert 1788045567.999999963, sequence: 2083 - clear  0.000000000, sequence: 0
source 0 - assert 1788045569.000000036, sequence: 2084 - clear  0.000000000, sequence: 0
source 0 - assert 1788045570.000000423, sequence: 2085 - clear  0.000000000, sequence: 0
source 0 - assert 1788045570.999999940, sequence: 2086 - clear  0.000000000, sequence: 0
source 0 - assert 1788045571.999999809, sequence: 2087 - clear  0.000000000, sequence: 0
source 0 - assert 1788045573.000000178, sequence: 2088 - clear  0.000000000, sequence: 0
source 0 - assert 1788045573.999999861, sequence: 2089 - clear  0.000000000, sequence: 0
source 0 - assert 1788045574.999999878, sequence: 2090 - clear  0.000000000, sequence: 0
source 0 - assert 1788045575.999999710, sequence: 2091 - clear  0.000000000, sequence: 0
source 0 - assert 1788045576.999999745, sequence: 2092 - clear  0.000000000, sequence: 0
source 0 - assert 1788045577.999999716, sequence: 2093 - clear  0.000000000, sequence: 0
source 0 - assert 1788045578.999999947, sequence: 2094 - clear  0.000000000, sequence: 0
source 0 - assert 1788045580.000000252, sequence: 2095 - clear  0.000000000, sequence: 0
source 0 - assert 1788045580.999999964, sequence: 2096 - clear  0.000000000, sequence: 0
source 0 - assert 1788045581.999999862, sequence: 2097 - clear  0.000000000, sequence: 0
source 0 - assert 1788045582.999999778, sequence: 2098 - clear  0.000000000, sequence: 0
source 0 - assert 1788045584.000000324, sequence: 2099 - clear  0.000000000, sequence: 0
source 0 - assert 1788045584.999999944, sequence: 2100 - clear  0.000000000, sequence: 0
source 0 - assert 1788045585.999999854, sequence: 2101 - clear  0.000000000, sequence: 0
source 0 - assert 1788045587.000000265, sequence: 2102 - clear  0.000000000, sequence: 0
source 0 - assert 1788045587.999999879, sequence: 2103 - clear  0.000000000, sequence: 0
source 0 - assert 1788045588.999999901, sequence: 2104 - clear  0.000000000, sequence: 0
source 0 - assert 1788045590.000000066, sequence: 2105 - clear  0.000000000, sequence: 0
source 0 - assert 1788045591.000000342, sequence: 2106 - clear  0.000000000, sequence: 0
source 0 - assert 1788045591.999999993, sequence: 2107 - clear  0.000000000, sequence: 0
source 0 - assert 1788045592.999999940, sequence: 2108 - clear  0.000000000, sequence: 0
source 0 - assert 1788045594.000000125, sequence: 2109 - clear  0.000000000, sequence: 0
source 0 - assert 1788045594.999999903, sequence: 2110 - clear  0.000000000, sequence: 0
source 0 - assert 1788045596.000000107, sequence: 2111 - clear  0.000000000, sequence: 0
source 0 - assert 1788045597.000000033, sequence: 2112 - clear  0.000000000, sequence: 0
source 0 - assert 1788045598.000000326, sequence: 2113 - clear  0.000000000, sequence: 0
source 0 - assert 1788045599.000000044, sequence: 2114 - clear  0.000000000, sequence: 0
source 0 - assert 1788045600.000000022, sequence: 2115 - clear  0.000000000, sequence: 0
source 0 - assert 1788045601.000000111, sequence: 2116 - clear  0.000000000, sequence: 0
source 0 - assert 1788045602.000000108, sequence: 2117 - clear  0.000000000, sequence: 0
source 0 - assert 1788045603.000000031, sequence: 2118 - clear  0.000000000, sequence: 0
source 0 - assert 1788045604.000001250, sequence: 2119 - clear  0.000000000, sequence: 0
source 0 - assert 1788045605.000000358, sequence: 2120 - clear  0.000000000, sequence: 0
source 0 - assert 1788045605.999999923, sequence: 2121 - clear  0.000000000, sequence: 0
source 0 - assert 1788045606.999999987, sequence: 2122 - clear  0.000000000, sequence: 0
source 0 - assert 1788045608.000000034, sequence: 2123 - clear  0.000000000, sequence: 0
source 0 - assert 1788045608.999999988, sequence: 2124 - clear  0.000000000, sequence: 0
source 0 - assert 1788045609.999999970, sequence: 2125 - clear  0.000000000, sequence: 0
source 0 - assert 1788045610.999999915, sequence: 2126 - clear  0.000000000, sequence: 0
source 0 - assert 1788045612.000000194, sequence: 2127 - clear  0.000000000, sequence: 0
source 0 - assert 1788045612.999999935, sequence: 2128 - clear  0.000000000, sequence: 0
source 0 - assert 1788045613.999999937, sequence: 2129 - clear  0.000000000, sequence: 0
source 0 - assert 1788045614.999999828, sequence: 2130 - clear  0.000000000, sequence: 0
source 0 - assert 1788045615.999999997, sequence: 2131 - clear  0.000000000, sequence: 0
source 0 - assert 1788045616.999999870, sequence: 2132 - clear  0.000000000, sequence: 0
source 0 - assert 1788045617.999999784, sequence: 2133 - clear  0.000000000, sequence: 0
source 0 - assert 1788045619.000000143, sequence: 2134 - clear  0.000000000, sequence: 0
source 0 - assert 1788045619.999999835, sequence: 2135 - clear  0.000000000, sequence: 0
source 0 - assert 1788045621.000000028, sequence: 2136 - clear  0.000000000, sequence: 0
source 0 - assert 1788045622.000000087, sequence: 2137 - clear  0.000000000, sequence: 0
source 0 - assert 1788045622.999999942, sequence: 2138 - clear  0.000000000, sequence: 0
source 0 - assert 1788045624.000000075, sequence: 2139 - clear  0.000000000, sequence: 0
source 0 - assert 1788045624.999999949, sequence: 2140 - clear  0.000000000, sequence: 0
source 0 - assert 1788045626.000000229, sequence: 2141 - clear  0.000000000, sequence: 0
source 0 - assert 1788045627.000000008, sequence: 2142 - clear  0.000000000, sequence: 0
source 0 - assert 1788045627.999999917, sequence: 2143 - clear  0.000000000, sequence: 0
source 0 - assert 1788045629.000000123, sequence: 2144 - clear  0.000000000, sequence: 0
source 0 - assert 1788045630.000000327, sequence: 2145 - clear  0.000000000, sequence: 0
source 0 - assert 1788045631.000000123, sequence: 2146 - clear  0.000000000, sequence: 0
source 0 - assert 1788045632.000000087, sequence: 2147 - clear  0.000000000, sequence: 0
source 0 - assert 1788045633.000000254, sequence: 2148 - clear  0.000000000, sequence: 0
source 0 - assert 1788045633.999999893, sequence: 2149 - clear  0.000000000, sequence: 0
source 0 - assert 1788045634.999999885, sequence: 2150 - clear  0.000000000, sequence: 0
source 0 - assert 1788045635.999999746, sequence: 2151 - clear  0.000000000, sequence: 0
source 0 - assert 1788045637.000000312, sequence: 2152 - clear  0.000000000, sequence: 0
source 0 - assert 1788045637.999999959, sequence: 2153 - clear  0.000000000, sequence: 0
source 0 - assert 1788045638.999999957, sequence: 2154 - clear  0.000000000, sequence: 0
source 0 - assert 1788045640.000000141, sequence: 2155 - clear  0.000000000, sequence: 0
source 0 - assert 1788045640.999999974, sequence: 2156 - clear  0.000000000, sequence: 0
source 0 - assert 1788045641.999999956, sequence: 2157 - clear  0.000000000, sequence: 0
source 0 - assert 1788045642.999999975, sequence: 2158 - clear  0.000000000, sequence: 0
source 0 - assert 1788045644.000000365, sequence: 2159 - clear  0.000000000, sequence: 0
source 0 - assert 1788045645.000000125, sequence: 2160 - clear  0.000000000, sequence: 0
source 0 - assert 1788045645.999999809, sequence: 2161 - clear  0.000000000, sequence: 0
source 0 - assert 1788045646.999999881, sequence: 2162 - clear  0.000000000, sequence: 0
source 0 - assert 1788045647.999999861, sequence: 2163 - clear  0.000000000, sequence: 0
source 0 - assert 1788045648.999999785, sequence: 2164 - clear  0.000000000, sequence: 0
source 0 - assert 1788045649.999999980, sequence: 2165 - clear  0.000000000, sequence: 0
source 0 - assert 1788045651.000000323, sequence: 2166 - clear  0.000000000, sequence: 0
source 0 - assert 1788045651.999999869, sequence: 2167 - clear  0.000000000, sequence: 0
source 0 - assert 1788045652.999999971, sequence: 2168 - clear  0.000000000, sequence: 0
source 0 - assert 1788045653.999999808, sequence: 2169 - clear  0.000000000, sequence: 0
source 0 - assert 1788045655.000000051, sequence: 2170 - clear  0.000000000, sequence: 0
source 0 - assert 1788045655.999999869, sequence: 2171 - clear  0.000000000, sequence: 0
source 0 - assert 1788045656.999999928, sequence: 2172 - clear  0.000000000, sequence: 0
source 0 - assert 1788045658.000000178, sequence: 2173 - clear  0.000000000, sequence: 0
source 0 - assert 1788045658.999999983, sequence: 2174 - clear  0.000000000, sequence: 0
source 0 - assert 1788045659.999999956, sequence: 2175 - clear  0.000000000, sequence: 0
source 0 - assert 1788045661.000000039, sequence: 2176 - clear  0.000000000, sequence: 0
source 0 - assert 1788045661.999999820, sequence: 2177 - clear  0.000000000, sequence: 0
source 0 - assert 1788045662.999999859, sequence: 2178 - clear  0.000000000, sequence: 0
source 0 - assert 1788045664.000000010, sequence: 2179 - clear  0.000000000, sequence: 0
source 0 - assert 1788045665.000000383, sequence: 2180 - clear  0.000000000, sequence: 0
source 0 - assert 1788045666.000000000, sequence: 2181 - clear  0.000000000, sequence: 0
source 0 - assert 1788045666.999999949, sequence: 2182 - clear  0.000000000, sequence: 0
source 0 - assert 1788045668.000000010, sequence: 2183 - clear  0.000000000, sequence: 0
source 0 - assert 1788045669.000000052, sequence: 2184 - clear  0.000000000, sequence: 0
source 0 - assert 1788045670.000000055, sequence: 2185 - clear  0.000000000, sequence: 0
source 0 - assert 1788045671.000000058, sequence: 2186 - clear  0.000000000, sequence: 0
source 0 - assert 1788045672.000000376, sequence: 2187 - clear  0.000000000, sequence: 0
source 0 - assert 1788045672.999999972, sequence: 2188 - clear  0.000000000, sequence: 0
source 0 - assert 1788045674.000000103, sequence: 2189 - clear  0.000000000, sequence: 0
source 0 - assert 1788045675.000000105, sequence: 2190 - clear  0.000000000, sequence: 0
source 0 - assert 1788045676.000000367, sequence: 2191 - clear  0.000000000, sequence: 0
source 0 - assert 1788045676.999999998, sequence: 2192 - clear  0.000000000, sequence: 0
source 0 - assert 1788045677.999999885, sequence: 2193 - clear  0.000000000, sequence: 0
source 0 - assert 1788045679.000000179, sequence: 2194 - clear  0.000000000, sequence: 0
source 0 - assert 1788045679.999999954, sequence: 2195 - clear  0.000000000, sequence: 0
source 0 - assert 1788045680.999999933, sequence: 2196 - clear  0.000000000, sequence: 0
source 0 - assert 1788045682.000000083, sequence: 2197 - clear  0.000000000, sequence: 0
source 0 - assert 1788045683.000000344, sequence: 2198 - clear  0.000000000, sequence: 0
source 0 - assert 1788045684.000000106, sequence: 2199 - clear  0.000000000, sequence: 0
source 0 - assert 1788045685.000000126, sequence: 2200 - clear  0.000000000, sequence: 0
source 0 - assert 1788045686.000000218, sequence: 2201 - clear  0.000000000, sequence: 0
source 0 - assert 1788045687.000000051, sequence: 2202 - clear  0.000000000, sequence: 0
source 0 - assert 1788045687.999999976, sequence: 2203 - clear  0.000000000, sequence: 0
source 0 - assert 1788045689.000000271, sequence: 2204 - clear  0.000000000, sequence: 0
source 0 - assert 1788045690.000000284, sequence: 2205 - clear  0.000000000, sequence: 0
source 0 - assert 1788045690.999999964, sequence: 2206 - clear  0.000000000, sequence: 0
source 0 - assert 1788045692.000000144, sequence: 2207 - clear  0.000000000, sequence: 0
source 0 - assert 1788045692.999999861, sequence: 2208 - clear  0.000000000, sequence: 0
source 0 - assert 1788045693.999999915, sequence: 2209 - clear  0.000000000, sequence: 0
source 0 - assert 1788045694.999999914, sequence: 2210 - clear  0.000000000, sequence: 0
source 0 - assert 1788045695.999999988, sequence: 2211 - clear  0.000000000, sequence: 0
source 0 - assert 1788045697.000000135, sequence: 2212 - clear  0.000000000, sequence: 0
source 0 - assert 1788045697.999999914, sequence: 2213 - clear  0.000000000, sequence: 0
source 0 - assert 1788045698.999999915, sequence: 2214 - clear  0.000000000, sequence: 0
source 0 - assert 1788045700.000000083, sequence: 2215 - clear  0.000000000, sequence: 0
source 0 - assert 1788045700.999999954, sequence: 2216 - clear  0.000000000, sequence: 0
source 0 - assert 1788045701.999999827, sequence: 2217 - clear  0.000000000, sequence: 0
source 0 - assert 1788045702.999999792, sequence: 2218 - clear  0.000000000, sequence: 0
source 0 - assert 1788045704.000000386, sequence: 2219 - clear  0.000000000, sequence: 0
source 0 - assert 1788045705.000000055, sequence: 2220 - clear  0.000000000, sequence: 0
source 0 - assert 1788045705.999999817, sequence: 2221 - clear  0.000000000, sequence: 0
source 0 - assert 1788045707.000000005, sequence: 2222 - clear  0.000000000, sequence: 0
source 0 - assert 1788045707.999999916, sequence: 2223 - clear  0.000000000, sequence: 0
source 0 - assert 1788045709.000000049, sequence: 2224 - clear  0.000000000, sequence: 0
source 0 - assert 1788045709.999999811, sequence: 2225 - clear  0.000000000, sequence: 0
source 0 - assert 1788045711.000000314, sequence: 2226 - clear  0.000000000, sequence: 0
source 0 - assert 1788045712.000000131, sequence: 2227 - clear  0.000000000, sequence: 0
source 0 - assert 1788045713.000000041, sequence: 2228 - clear  0.000000000, sequence: 0
source 0 - assert 1788045714.000000024, sequence: 2229 - clear  0.000000000, sequence: 0
source 0 - assert 1788045715.000000303, sequence: 2230 - clear  0.000000000, sequence: 0
source 0 - assert 1788045716.000000045, sequence: 2231 - clear  0.000000000, sequence: 0
source 0 - assert 1788045716.999999843, sequence: 2232 - clear  0.000000000, sequence: 0
source 0 - assert 1788045718.000000362, sequence: 2233 - clear  0.000000000, sequence: 0
source 0 - assert 1788045718.999999937, sequence: 2234 - clear  0.000000000, sequence: 0
source 0 - assert 1788045720.000000030, sequence: 2235 - clear  0.000000000, sequence: 0
source 0 - assert 1788045720.999999753, sequence: 2236 - clear  0.000000000, sequence: 0
source 0 - assert 1788045722.000000365, sequence: 2237 - clear  0.000000000, sequence: 0
source 0 - assert 1788045722.999999904, sequence: 2238 - clear  0.000000000, sequence: 0
source 0 - assert 1788045723.999999905, sequence: 2239 - clear  0.000000000, sequence: 0
source 0 - assert 1788045725.000000128, sequence: 2240 - clear  0.000000000, sequence: 0
source 0 - assert 1788045726.000000074, sequence: 2241 - clear  0.000000000, sequence: 0
source 0 - assert 1788045727.000000019, sequence: 2242 - clear  0.000000000, sequence: 0
source 0 - assert 1788045727.999999928, sequence: 2243 - clear  0.000000000, sequence: 0
source 0 - assert 1788045728.999999855, sequence: 2244 - clear  0.000000000, sequence: 0
source 0 - assert 1788045729.999999875, sequence: 2245 - clear  0.000000000, sequence: 0
source 0 - assert 1788045730.999999932, sequence: 2246 - clear  0.000000000, sequence: 0
source 0 - assert 1788045732.000000007, sequence: 2247 - clear  0.000000000, sequence: 0
source 0 - assert 1788045732.999999860, sequence: 2248 - clear  0.000000000, sequence: 0
source 0 - assert 1788045733.999999974, sequence: 2249 - clear  0.000000000, sequence: 0
source 0 - assert 1788045734.999999957, sequence: 2250 - clear  0.000000000, sequence: 0
source 0 - assert 1788045736.000000201, sequence: 2251 - clear  0.000000000, sequence: 0
source 0 - assert 1788045736.999999907, sequence: 2252 - clear  0.000000000, sequence: 0
source 0 - assert 1788045737.999999928, sequence: 2253 - clear  0.000000000, sequence: 0
source 0 - assert 1788045739.000000115, sequence: 2254 - clear  0.000000000, sequence: 0
source 0 - assert 1788045739.999999951, sequence: 2255 - clear  0.000000000, sequence: 0
source 0 - assert 1788045741.000000046, sequence: 2256 - clear  0.000000000, sequence: 0
source 0 - assert 1788045741.999999992, sequence: 2257 - clear  0.000000000, sequence: 0
source 0 - assert 1788045743.000000291, sequence: 2258 - clear  0.000000000, sequence: 0
source 0 - assert 1788045743.999999922, sequence: 2259 - clear  0.000000000, sequence: 0
source 0 - assert 1788045744.999999850, sequence: 2260 - clear  0.000000000, sequence: 0
source 0 - assert 1788045745.999999815, sequence: 2261 - clear  0.000000000, sequence: 0
source 0 - assert 1788045746.999999780, sequence: 2262 - clear  0.000000000, sequence: 0
source 0 - assert 1788045747.999999838, sequence: 2263 - clear  0.000000000, sequence: 0
source 0 - assert 1788045748.999999970, sequence: 2264 - clear  0.000000000, sequence: 0
source 0 - assert 1788045750.000000347, sequence: 2265 - clear  0.000000000, sequence: 0
source 0 - assert 1788045750.999999946, sequence: 2266 - clear  0.000000000, sequence: 0
source 0 - assert 1788045752.000000156, sequence: 2267 - clear  0.000000000, sequence: 0
source 0 - assert 1788045753.000000107, sequence: 2268 - clear  0.000000000, sequence: 0
source 0 - assert 1788045753.999999886, sequence: 2269 - clear  0.000000000, sequence: 0
source 0 - assert 1788045755.000000091, sequence: 2270 - clear  0.000000000, sequence: 0
source 0 - assert 1788045756.000000111, sequence: 2271 - clear  0.000000000, sequence: 0
source 0 - assert 1788045757.000000260, sequence: 2272 - clear  0.000000000, sequence: 0
source 0 - assert 1788045758.000000167, sequence: 2273 - clear  0.000000000, sequence: 0
source 0 - assert 1788045759.000000037, sequence: 2274 - clear  0.000000000, sequence: 0
source 0 - assert 1788045760.000000018, sequence: 2275 - clear  0.000000000, sequence: 0
source 0 - assert 1788045761.000000351, sequence: 2276 - clear  0.000000000, sequence: 0
source 0 - assert 1788045761.999999980, sequence: 2277 - clear  0.000000000, sequence: 0
source 0 - assert 1788045762.999999923, sequence: 2278 - clear  0.000000000, sequence: 0
source 0 - assert 1788045764.000000200, sequence: 2279 - clear  0.000000000, sequence: 0
source 0 - assert 1788045764.999999995, sequence: 2280 - clear  0.000000000, sequence: 0
source 0 - assert 1788045766.000000033, sequence: 2281 - clear  0.000000000, sequence: 0
source 0 - assert 1788045767.000000071, sequence: 2282 - clear  0.000000000, sequence: 0
source 0 - assert 1788045768.000000350, sequence: 2283 - clear  0.000000000, sequence: 0
source 0 - assert 1788045769.000000036, sequence: 2284 - clear  0.000000000, sequence: 0
source 0 - assert 1788045769.999999926, sequence: 2285 - clear  0.000000000, sequence: 0
source 0 - assert 1788045771.000000056, sequence: 2286 - clear  0.000000000, sequence: 0
source 0 - assert 1788045771.999999946, sequence: 2287 - clear  0.000000000, sequence: 0
source 0 - assert 1788045772.999999983, sequence: 2288 - clear  0.000000000, sequence: 0
source 0 - assert 1788045774.000001725, sequence: 2289 - clear  0.000000000, sequence: 0
source 0 - assert 1788045775.000000356, sequence: 2290 - clear  0.000000000, sequence: 0
source 0 - assert 1788045775.999999932, sequence: 2291 - clear  0.000000000, sequence: 0
source 0 - assert 1788045776.999999841, sequence: 2292 - clear  0.000000000, sequence: 0
source 0 - assert 1788045778.000000046, sequence: 2293 - clear  0.000000000, sequence: 0
source 0 - assert 1788045778.999999862, sequence: 2294 - clear  0.000000000, sequence: 0
source 0 - assert 1788045780.000000048, sequence: 2295 - clear  0.000000000, sequence: 0
source 0 - assert 1788045780.999999957, sequence: 2296 - clear  0.000000000, sequence: 0
source 0 - assert 1788045782.000000495, sequence: 2297 - clear  0.000000000, sequence: 0
source 0 - assert 1788045782.999999960, sequence: 2298 - clear  0.000000000, sequence: 0
source 0 - assert 1788045783.999999924, sequence: 2299 - clear  0.000000000, sequence: 0
source 0 - assert 1788045784.999999999, sequence: 2300 - clear  0.000000000, sequence: 0
source 0 - assert 1788045785.999999964, sequence: 2301 - clear  0.000000000, sequence: 0
source 0 - assert 1788045786.999999946, sequence: 2302 - clear  0.000000000, sequence: 0
source 0 - assert 1788045788.000000059, sequence: 2303 - clear  0.000000000, sequence: 0
source 0 - assert 1788045789.000000134, sequence: 2304 - clear  0.000000000, sequence: 0
source 0 - assert 1788045789.999999914, sequence: 2305 - clear  0.000000000, sequence: 0
source 0 - assert 1788045790.999999934, sequence: 2306 - clear  0.000000000, sequence: 0
source 0 - assert 1788045791.999999953, sequence: 2307 - clear  0.000000000, sequence: 0
source 0 - assert 1788045792.999999862, sequence: 2308 - clear  0.000000000, sequence: 0
source 0 - assert 1788045793.999999957, sequence: 2309 - clear  0.000000000, sequence: 0
source 0 - assert 1788045794.999999977, sequence: 2310 - clear  0.000000000, sequence: 0
source 0 - assert 1788045796.000000293, sequence: 2311 - clear  0.000000000, sequence: 0
source 0 - assert 1788045796.999999925, sequence: 2312 - clear  0.000000000, sequence: 0
source 0 - assert 1788045797.999999927, sequence: 2313 - clear  0.000000000, sequence: 0
source 0 - assert 1788045799.000000003, sequence: 2314 - clear  0.000000000, sequence: 0
source 0 - assert 1788045800.000000449, sequence: 2315 - clear  0.000000000, sequence: 0
source 0 - assert 1788045800.999999914, sequence: 2316 - clear  0.000000000, sequence: 0
source 0 - assert 1788045802.000000064, sequence: 2317 - clear  0.000000000, sequence: 0
source 0 - assert 1788045803.000000325, sequence: 2318 - clear  0.000000000, sequence: 0
source 0 - assert 1788045803.999999957, sequence: 2319 - clear  0.000000000, sequence: 0
source 0 - assert 1788045804.999999978, sequence: 2320 - clear  0.000000000, sequence: 0
source 0 - assert 1788045806.000000461, sequence: 2321 - clear  0.000000000, sequence: 0
source 0 - assert 1788045807.000000388, sequence: 2322 - clear  0.000000000, sequence: 0
source 0 - assert 1788045808.000000001, sequence: 2323 - clear  0.000000000, sequence: 0
source 0 - assert 1788045809.000000040, sequence: 2324 - clear  0.000000000, sequence: 0
source 0 - assert 1788045810.000000189, sequence: 2325 - clear  0.000000000, sequence: 0
source 0 - assert 1788045811.000000043, sequence: 2326 - clear  0.000000000, sequence: 0
source 0 - assert 1788045812.000000155, sequence: 2327 - clear  0.000000000, sequence: 0
source 0 - assert 1788045813.000000046, sequence: 2328 - clear  0.000000000, sequence: 0
source 0 - assert 1788045814.000000269, sequence: 2329 - clear  0.000000000, sequence: 0
source 0 - assert 1788045815.000000584, sequence: 2330 - clear  0.000000000, sequence: 0
source 0 - assert 1788045816.000000030, sequence: 2331 - clear  0.000000000, sequence: 0
source 0 - assert 1788045816.999999993, sequence: 2332 - clear  0.000000000, sequence: 0
source 0 - assert 1788045817.999999920, sequence: 2333 - clear  0.000000000, sequence: 0
source 0 - assert 1788045818.999999994, sequence: 2334 - clear  0.000000000, sequence: 0
source 0 - assert 1788045820.000000049, sequence: 2335 - clear  0.000000000, sequence: 0
source 0 - assert 1788045821.000000253, sequence: 2336 - clear  0.000000000, sequence: 0
source 0 - assert 1788045821.999999976, sequence: 2337 - clear  0.000000000, sequence: 0
source 0 - assert 1788045822.999999958, sequence: 2338 - clear  0.000000000, sequence: 0
source 0 - assert 1788045823.999999996, sequence: 2339 - clear  0.000000000, sequence: 0
source 0 - assert 1788045825.000000034, sequence: 2340 - clear  0.000000000, sequence: 0
source 0 - assert 1788045826.000000054, sequence: 2341 - clear  0.000000000, sequence: 0
source 0 - assert 1788045826.999999907, sequence: 2342 - clear  0.000000000, sequence: 0
source 0 - assert 1788045828.000000241, sequence: 2343 - clear  0.000000000, sequence: 0
source 0 - assert 1788045829.000000002, sequence: 2344 - clear  0.000000000, sequence: 0
source 0 - assert 1788045829.999999910, sequence: 2345 - clear  0.000000000, sequence: 0
source 0 - assert 1788045830.999999800, sequence: 2346 - clear  0.000000000, sequence: 0
source 0 - assert 1788045831.999999949, sequence: 2347 - clear  0.000000000, sequence: 0
source 0 - assert 1788045832.999999802, sequence: 2348 - clear  0.000000000, sequence: 0
source 0 - assert 1788045833.999999934, sequence: 2349 - clear  0.000000000, sequence: 0
source 0 - assert 1788045835.000000306, sequence: 2350 - clear  0.000000000, sequence: 0
source 0 - assert 1788045835.999999900, sequence: 2351 - clear  0.000000000, sequence: 0
source 0 - assert 1788045837.000000032, sequence: 2352 - clear  0.000000000, sequence: 0
source 0 - assert 1788045837.999999997, sequence: 2353 - clear  0.000000000, sequence: 0
source 0 - assert 1788045839.000000110, sequence: 2354 - clear  0.000000000, sequence: 0
source 0 - assert 1788045840.000000111, sequence: 2355 - clear  0.000000000, sequence: 0
source 0 - assert 1788045841.000000076, sequence: 2356 - clear  0.000000000, sequence: 0
source 0 - assert 1788045842.000000281, sequence: 2357 - clear  0.000000000, sequence: 0
source 0 - assert 1788045842.999999949, sequence: 2358 - clear  0.000000000, sequence: 0
source 0 - assert 1788045843.999999969, sequence: 2359 - clear  0.000000000, sequence: 0
source 0 - assert 1788045844.999999989, sequence: 2360 - clear  0.000000000, sequence: 0
source 0 - assert 1788045846.000000416, sequence: 2361 - clear  0.000000000, sequence: 0
source 0 - assert 1788045846.999999955, sequence: 2362 - clear  0.000000000, sequence: 0
source 0 - assert 1788045847.999999974, sequence: 2363 - clear  0.000000000, sequence: 0
source 0 - assert 1788045849.000000235, sequence: 2364 - clear  0.000000000, sequence: 0
source 0 - assert 1788045849.999999903, sequence: 2365 - clear  0.000000000, sequence: 0
source 0 - assert 1788045850.999999830, sequence: 2366 - clear  0.000000000, sequence: 0
source 0 - assert 1788045851.999999943, sequence: 2367 - clear  0.000000000, sequence: 0
source 0 - assert 1788045853.000000370, sequence: 2368 - clear  0.000000000, sequence: 0
source 0 - assert 1788045854.000000020, sequence: 2369 - clear  0.000000000, sequence: 0
source 0 - assert 1788045855.000000040, sequence: 2370 - clear  0.000000000, sequence: 0
source 0 - assert 1788045856.000000226, sequence: 2371 - clear  0.000000000, sequence: 0
source 0 - assert 1788045856.999999950, sequence: 2372 - clear  0.000000000, sequence: 0
source 0 - assert 1788045858.000000007, sequence: 2373 - clear  0.000000000, sequence: 0
source 0 - assert 1788045858.999999971, sequence: 2374 - clear  0.000000000, sequence: 0
source 0 - assert 1788045860.000000288, sequence: 2375 - clear  0.000000000, sequence: 0
source 0 - assert 1788045861.000000048, sequence: 2376 - clear  0.000000000, sequence: 0
source 0 - assert 1788045862.000000105, sequence: 2377 - clear  0.000000000, sequence: 0
source 0 - assert 1788045863.000000144, sequence: 2378 - clear  0.000000000, sequence: 0
source 0 - assert 1788045863.999999941, sequence: 2379 - clear  0.000000000, sequence: 0
source 0 - assert 1788045865.000000035, sequence: 2380 - clear  0.000000000, sequence: 0
source 0 - assert 1788045865.999999795, sequence: 2381 - clear  0.000000000, sequence: 0
source 0 - assert 1788045867.000000352, sequence: 2382 - clear  0.000000000, sequence: 0
source 0 - assert 1788045867.999999946, sequence: 2383 - clear  0.000000000, sequence: 0
source 0 - assert 1788045868.999999984, sequence: 2384 - clear  0.000000000, sequence: 0
source 0 - assert 1788045870.000000152, sequence: 2385 - clear  0.000000000, sequence: 0
source 0 - assert 1788045870.999999857, sequence: 2386 - clear  0.000000000, sequence: 0
source 0 - assert 1788045871.999999914, sequence: 2387 - clear  0.000000000, sequence: 0
source 0 - assert 1788045872.999999767, sequence: 2388 - clear  0.000000000, sequence: 0
source 0 - assert 1788045874.000000268, sequence: 2389 - clear  0.000000000, sequence: 0
source 0 - assert 1788045874.999999807, sequence: 2390 - clear  0.000000000, sequence: 0
source 0 - assert 1788045875.999999772, sequence: 2391 - clear  0.000000000, sequence: 0
source 0 - assert 1788045877.000000070, sequence: 2392 - clear  0.000000000, sequence: 0
source 0 - assert 1788045878.000000072, sequence: 2393 - clear  0.000000000, sequence: 0
source 0 - assert 1788045879.000000037, sequence: 2394 - clear  0.000000000, sequence: 0
source 0 - assert 1788045879.999999910, sequence: 2395 - clear  0.000000000, sequence: 0
source 0 - assert 1788045881.000000412, sequence: 2396 - clear  0.000000000, sequence: 0
source 0 - assert 1788045881.999999932, sequence: 2397 - clear  0.000000000, sequence: 0
source 0 - assert 1788045883.000000026, sequence: 2398 - clear  0.000000000, sequence: 0
source 0 - assert 1788045883.999999953, sequence: 2399 - clear  0.000000000, sequence: 0
source 0 - assert 1788045885.000000362, sequence: 2400 - clear  0.000000000, sequence: 0
source 0 - assert 1788045885.999999974, sequence: 2401 - clear  0.000000000, sequence: 0
source 0 - assert 1788045887.000000068, sequence: 2402 - clear  0.000000000, sequence: 0
source 0 - assert 1788045888.000000237, sequence: 2403 - clear  0.000000000, sequence: 0
source 0 - assert 1788045889.000000071, sequence: 2404 - clear  0.000000000, sequence: 0
source 0 - assert 1788045890.000000164, sequence: 2405 - clear  0.000000000, sequence: 0
source 0 - assert 1788045891.000000443, sequence: 2406 - clear  0.000000000, sequence: 0
source 0 - assert 1788045892.000000239, sequence: 2407 - clear  0.000000000, sequence: 0
source 0 - assert 1788045893.000000036, sequence: 2408 - clear  0.000000000, sequence: 0
source 0 - assert 1788045893.999999831, sequence: 2409 - clear  0.000000000, sequence: 0
source 0 - assert 1788045895.000000145, sequence: 2410 - clear  0.000000000, sequence: 0
source 0 - assert 1788045896.000000033, sequence: 2411 - clear  0.000000000, sequence: 0
source 0 - assert 1788045897.000000050, sequence: 2412 - clear  0.000000000, sequence: 0
source 0 - assert 1788045898.000000069, sequence: 2413 - clear  0.000000000, sequence: 0
source 0 - assert 1788045899.000000236, sequence: 2414 - clear  0.000000000, sequence: 0
source 0 - assert 1788045899.999999940, sequence: 2415 - clear  0.000000000, sequence: 0
source 0 - assert 1788045901.000000107, sequence: 2416 - clear  0.000000000, sequence: 0
source 0 - assert 1788045902.000000162, sequence: 2417 - clear  0.000000000, sequence: 0
source 0 - assert 1788045902.999999957, sequence: 2418 - clear  0.000000000, sequence: 0
source 0 - assert 1788045904.000000049, sequence: 2419 - clear  0.000000000, sequence: 0
source 0 - assert 1788045904.999999937, sequence: 2420 - clear  0.000000000, sequence: 0
source 0 - assert 1788045906.000000216, sequence: 2421 - clear  0.000000000, sequence: 0
source 0 - assert 1788045906.999999810, sequence: 2422 - clear  0.000000000, sequence: 0
source 0 - assert 1788045907.999999866, sequence: 2423 - clear  0.000000000, sequence: 0
source 0 - assert 1788045909.000000090, sequence: 2424 - clear  0.000000000, sequence: 0
source 0 - assert 1788045909.999999924, sequence: 2425 - clear  0.000000000, sequence: 0
source 0 - assert 1788045910.999999944, sequence: 2426 - clear  0.000000000, sequence: 0
source 0 - assert 1788045911.999999815, sequence: 2427 - clear  0.000000000, sequence: 0
source 0 - assert 1788045913.000000335, sequence: 2428 - clear  0.000000000, sequence: 0
source 0 - assert 1788045913.999999947, sequence: 2429 - clear  0.000000000, sequence: 0
source 0 - assert 1788045914.999999912, sequence: 2430 - clear  0.000000000, sequence: 0
source 0 - assert 1788045915.999999913, sequence: 2431 - clear  0.000000000, sequence: 0
source 0 - assert 1788045916.999999748, sequence: 2432 - clear  0.000000000, sequence: 0
source 0 - assert 1788045917.999999843, sequence: 2433 - clear  0.000000000, sequence: 0
source 0 - assert 1788045918.999999937, sequence: 2434 - clear  0.000000000, sequence: 0
source 0 - assert 1788045920.000000236, sequence: 2435 - clear  0.000000000, sequence: 0
source 0 - assert 1788045920.999999960, sequence: 2436 - clear  0.000000000, sequence: 0
source 0 - assert 1788045922.000000000, sequence: 2437 - clear  0.000000000, sequence: 0
source 0 - assert 1788045923.000000002, sequence: 2438 - clear  0.000000000, sequence: 0
source 0 - assert 1788045924.000000023, sequence: 2439 - clear  0.000000000, sequence: 0
source 0 - assert 1788045924.999999933, sequence: 2440 - clear  0.000000000, sequence: 0
source 0 - assert 1788045926.000000083, sequence: 2441 - clear  0.000000000, sequence: 0
source 0 - assert 1788045927.000000307, sequence: 2442 - clear  0.000000000, sequence: 0
source 0 - assert 1788045928.000000068, sequence: 2443 - clear  0.000000000, sequence: 0
source 0 - assert 1788045928.999999903, sequence: 2444 - clear  0.000000000, sequence: 0
source 0 - assert 1788045929.999999942, sequence: 2445 - clear  0.000000000, sequence: 0
source 0 - assert 1788045930.999999906, sequence: 2446 - clear  0.000000000, sequence: 0
source 0 - assert 1788045931.999999981, sequence: 2447 - clear  0.000000000, sequence: 0
source 0 - assert 1788045932.999999909, sequence: 2448 - clear  0.000000000, sequence: 0
source 0 - assert 1788045934.000000280, sequence: 2449 - clear  0.000000000, sequence: 0
source 0 - assert 1788045934.999999967, sequence: 2450 - clear  0.000000000, sequence: 0
source 0 - assert 1788045935.999999894, sequence: 2451 - clear  0.000000000, sequence: 0
source 0 - assert 1788045937.000000081, sequence: 2452 - clear  0.000000000, sequence: 0
source 0 - assert 1788045938.000000341, sequence: 2453 - clear  0.000000000, sequence: 0
source 0 - assert 1788045938.999999972, sequence: 2454 - clear  0.000000000, sequence: 0
source 0 - assert 1788045939.999999955, sequence: 2455 - clear  0.000000000, sequence: 0
source 0 - assert 1788045941.000000179, sequence: 2456 - clear  0.000000000, sequence: 0
source 0 - assert 1788045941.999999939, sequence: 2457 - clear  0.000000000, sequence: 0
source 0 - assert 1788045942.999999885, sequence: 2458 - clear  0.000000000, sequence: 0
source 0 - assert 1788045943.999999978, sequence: 2459 - clear  0.000000000, sequence: 0
source 0 - assert 1788045945.000000313, sequence: 2460 - clear  0.000000000, sequence: 0
source 0 - assert 1788045946.000000017, sequence: 2461 - clear  0.000000000, sequence: 0
source 0 - assert 1788045947.000000037, sequence: 2462 - clear  0.000000000, sequence: 0
source 0 - assert 1788045947.999999908, sequence: 2463 - clear  0.000000000, sequence: 0
source 0 - assert 1788045948.999999983, sequence: 2464 - clear  0.000000000, sequence: 0
source 0 - assert 1788045949.999999910, sequence: 2465 - clear  0.000000000, sequence: 0
source 0 - assert 1788045951.000000004, sequence: 2466 - clear  0.000000000, sequence: 0
source 0 - assert 1788045952.000000320, sequence: 2467 - clear  0.000000000, sequence: 0
source 0 - assert 1788045952.999999950, sequence: 2468 - clear  0.000000000, sequence: 0
source 0 - assert 1788045953.999999896, sequence: 2469 - clear  0.000000000, sequence: 0
source 0 - assert 1788045955.000000045, sequence: 2470 - clear  0.000000000, sequence: 0
source 0 - assert 1788045955.999999880, sequence: 2471 - clear  0.000000000, sequence: 0
source 0 - assert 1788045956.999999918, sequence: 2472 - clear  0.000000000, sequence: 0
source 0 - assert 1788045958.000000012, sequence: 2473 - clear  0.000000000, sequence: 0
source 0 - assert 1788045959.000000291, sequence: 2474 - clear  0.000000000, sequence: 0
source 0 - assert 1788045959.999999849, sequence: 2475 - clear  0.000000000, sequence: 0
source 0 - assert 1788045960.999999776, sequence: 2476 - clear  0.000000000, sequence: 0
source 0 - assert 1788045961.999999797, sequence: 2477 - clear  0.000000000, sequence: 0
source 0 - assert 1788045963.000000040, sequence: 2478 - clear  0.000000000, sequence: 0
source 0 - assert 1788045963.999999931, sequence: 2479 - clear  0.000000000, sequence: 0
source 0 - assert 1788045964.999999933, sequence: 2480 - clear  0.000000000, sequence: 0
source 0 - assert 1788045966.000000269, sequence: 2481 - clear  0.000000000, sequence: 0
source 0 - assert 1788045967.000000012, sequence: 2482 - clear  0.000000000, sequence: 0
source 0 - assert 1788045968.000000015, sequence: 2483 - clear  0.000000000, sequence: 0
source 0 - assert 1788045969.000000073, sequence: 2484 - clear  0.000000000, sequence: 0
source 0 - assert 1788045969.999999945, sequence: 2485 - clear  0.000000000, sequence: 0
source 0 - assert 1788045971.000000113, sequence: 2486 - clear  0.000000000, sequence: 0
source 0 - assert 1788045971.999999910, sequence: 2487 - clear  0.000000000, sequence: 0
source 0 - assert 1788045973.000000301, sequence: 2488 - clear  0.000000000, sequence: 0
source 0 - assert 1788045974.000000098, sequence: 2489 - clear  0.000000000, sequence: 0
source 0 - assert 1788045974.999999933, sequence: 2490 - clear  0.000000000, sequence: 0
source 0 - assert 1788045975.999999915, sequence: 2491 - clear  0.000000000, sequence: 0
source 0 - assert 1788045977.000000009, sequence: 2492 - clear  0.000000000, sequence: 0
source 0 - assert 1788045978.000000066, sequence: 2493 - clear  0.000000000, sequence: 0
source 0 - assert 1788045978.999999882, sequence: 2494 - clear  0.000000000, sequence: 0
source 0 - assert 1788045980.000000161, sequence: 2495 - clear  0.000000000, sequence: 0
source 0 - assert 1788045981.000000014, sequence: 2496 - clear  0.000000000, sequence: 0
source 0 - assert 1788045981.999999978, sequence: 2497 - clear  0.000000000, sequence: 0
source 0 - assert 1788045983.000000091, sequence: 2498 - clear  0.000000000, sequence: 0
source 0 - assert 1788045984.000000351, sequence: 2499 - clear  0.000000000, sequence: 0
source 0 - assert 1788045984.999999963, sequence: 2500 - clear  0.000000000, sequence: 0
source 0 - assert 1788045986.000000038, sequence: 2501 - clear  0.000000000, sequence: 0
source 0 - assert 1788045987.000000095, sequence: 2502 - clear  0.000000000, sequence: 0
source 0 - assert 1788045987.999999911, sequence: 2503 - clear  0.000000000, sequence: 0
source 0 - assert 1788045988.999999875, sequence: 2504 - clear  0.000000000, sequence: 0
source 0 - assert 1788045989.999999783, sequence: 2505 - clear  0.000000000, sequence: 0
source 0 - assert 1788045991.000000451, sequence: 2506 - clear  0.000000000, sequence: 0
source 0 - assert 1788045991.999999971, sequence: 2507 - clear  0.000000000, sequence: 0
source 0 - assert 1788045993.000000084, sequence: 2508 - clear  0.000000000, sequence: 0
source 0 - assert 1788045993.999999992, sequence: 2509 - clear  0.000000000, sequence: 0
source 0 - assert 1788045995.000000031, sequence: 2510 - clear  0.000000000, sequence: 0
source 0 - assert 1788045996.000000032, sequence: 2511 - clear  0.000000000, sequence: 0
source 0 - assert 1788045997.000000052, sequence: 2512 - clear  0.000000000, sequence: 0
source 0 - assert 1788045998.000000905, sequence: 2513 - clear  0.000000000, sequence: 0
source 0 - assert 1788045998.999999925, sequence: 2514 - clear  0.000000000, sequence: 0
source 0 - assert 1788045999.999999907, sequence: 2515 - clear  0.000000000, sequence: 0
source 0 - assert 1788046000.999999872, sequence: 2516 - clear  0.000000000, sequence: 0
source 0 - assert 1788046001.999999817, sequence: 2517 - clear  0.000000000, sequence: 0
source 0 - assert 1788046002.999999875, sequence: 2518 - clear  0.000000000, sequence: 0
source 0 - assert 1788046003.999999765, sequence: 2519 - clear  0.000000000, sequence: 0
source 0 - assert 1788046005.000000359, sequence: 2520 - clear  0.000000000, sequence: 0
source 0 - assert 1788046006.000000105, sequence: 2521 - clear  0.000000000, sequence: 0
source 0 - assert 1788046006.999999944, sequence: 2522 - clear  0.000000000, sequence: 0
source 0 - assert 1788046008.000000060, sequence: 2523 - clear  0.000000000, sequence: 0
source 0 - assert 1788046009.000000436, sequence: 2524 - clear  0.000000000, sequence: 0
source 0 - assert 1788046009.999999956, sequence: 2525 - clear  0.000000000, sequence: 0
source 0 - assert 1788046011.000000050, sequence: 2526 - clear  0.000000000, sequence: 0
source 0 - assert 1788046012.000000310, sequence: 2527 - clear  0.000000000, sequence: 0
source 0 - assert 1788046013.000000107, sequence: 2528 - clear  0.000000000, sequence: 0
source 0 - assert 1788046013.999999978, sequence: 2529 - clear  0.000000000, sequence: 0
source 0 - assert 1788046015.000000034, sequence: 2530 - clear  0.000000000, sequence: 0
source 0 - assert 1788046016.000000034, sequence: 2531 - clear  0.000000000, sequence: 0
source 0 - assert 1788046017.000000108, sequence: 2532 - clear  0.000000000, sequence: 0
source 0 - assert 1788046017.999999942, sequence: 2533 - clear  0.000000000, sequence: 0
source 0 - assert 1788046019.000000182, sequence: 2534 - clear  0.000000000, sequence: 0
source 0 - assert 1788046019.999999905, sequence: 2535 - clear  0.000000000, sequence: 0
source 0 - assert 1788046021.000000127, sequence: 2536 - clear  0.000000000, sequence: 0
source 0 - assert 1788046021.999999924, sequence: 2537 - clear  0.000000000, sequence: 0
source 0 - assert 1788046023.000000425, sequence: 2538 - clear  0.000000000, sequence: 0
source 0 - assert 1788046023.999999963, sequence: 2539 - clear  0.000000000, sequence: 0
source 0 - assert 1788046025.000000001, sequence: 2540 - clear  0.000000000, sequence: 0
source 0 - assert 1788046026.000000150, sequence: 2541 - clear  0.000000000, sequence: 0
source 0 - assert 1788046027.000000003, sequence: 2542 - clear  0.000000000, sequence: 0
source 0 - assert 1788046027.999999930, sequence: 2543 - clear  0.000000000, sequence: 0
source 0 - assert 1788046028.999999857, sequence: 2544 - clear  0.000000000, sequence: 0
source 0 - assert 1788046030.000000340, sequence: 2545 - clear  0.000000000, sequence: 0
source 0 - assert 1788046030.999999989, sequence: 2546 - clear  0.000000000, sequence: 0
source 0 - assert 1788046031.999999898, sequence: 2547 - clear  0.000000000, sequence: 0
source 0 - assert 1788046032.999999955, sequence: 2548 - clear  0.000000000, sequence: 0
source 0 - assert 1788046034.000000030, sequence: 2549 - clear  0.000000000, sequence: 0
source 0 - assert 1788046034.999999920, sequence: 2550 - clear  0.000000000, sequence: 0
source 0 - assert 1788046035.999999977, sequence: 2551 - clear  0.000000000, sequence: 0
source 0 - assert 1788046037.000000275, sequence: 2552 - clear  0.000000000, sequence: 0
source 0 - assert 1788046037.999999943, sequence: 2553 - clear  0.000000000, sequence: 0
source 0 - assert 1788046039.000000129, sequence: 2554 - clear  0.000000000, sequence: 0
source 0 - assert 1788046040.000000149, sequence: 2555 - clear  0.000000000, sequence: 0
source 0 - assert 1788046040.999999910, sequence: 2556 - clear  0.000000000, sequence: 0
source 0 - assert 1788046041.999999874, sequence: 2557 - clear  0.000000000, sequence: 0
source 0 - assert 1788046042.999999968, sequence: 2558 - clear  0.000000000, sequence: 0
source 0 - assert 1788046044.000000191, sequence: 2559 - clear  0.000000000, sequence: 0
source 0 - assert 1788046044.999999878, sequence: 2560 - clear  0.000000000, sequence: 0
source 0 - assert 1788046045.999999953, sequence: 2561 - clear  0.000000000, sequence: 0
source 0 - assert 1788046046.999999751, sequence: 2562 - clear  0.000000000, sequence: 0
source 0 - assert 1788046048.000000031, sequence: 2563 - clear  0.000000000, sequence: 0
source 0 - assert 1788046048.999999995, sequence: 2564 - clear  0.000000000, sequence: 0
source 0 - assert 1788046049.999999978, sequence: 2565 - clear  0.000000000, sequence: 0
source 0 - assert 1788046051.000003221, sequence: 2566 - clear  0.000000000, sequence: 0
source 0 - assert 1788046051.999999927, sequence: 2567 - clear  0.000000000, sequence: 0
source 0 - assert 1788046052.999999947, sequence: 2568 - clear  0.000000000, sequence: 0
source 0 - assert 1788046053.999999913, sequence: 2569 - clear  0.000000000, sequence: 0
source 0 - assert 1788046054.999999859, sequence: 2570 - clear  0.000000000, sequence: 0
source 0 - assert 1788046055.999999991, sequence: 2571 - clear  0.000000000, sequence: 0
source 0 - assert 1788046057.000000123, sequence: 2572 - clear  0.000000000, sequence: 0
source 0 - assert 1788046058.000000366, sequence: 2573 - clear  0.000000000, sequence: 0
source 0 - assert 1788046059.000000035, sequence: 2574 - clear  0.000000000, sequence: 0
source 0 - assert 1788046060.000000093, sequence: 2575 - clear  0.000000000, sequence: 0
source 0 - assert 1788046060.999999892, sequence: 2576 - clear  0.000000000, sequence: 0
source 0 - assert 1788046061.999999819, sequence: 2577 - clear  0.000000000, sequence: 0
source 0 - assert 1788046062.999999932, sequence: 2578 - clear  0.000000000, sequence: 0
source 0 - assert 1788046063.999999970, sequence: 2579 - clear  0.000000000, sequence: 0
source 0 - assert 1788046065.000000083, sequence: 2580 - clear  0.000000000, sequence: 0
source 0 - assert 1788046065.999999918, sequence: 2581 - clear  0.000000000, sequence: 0
source 0 - assert 1788046066.999999957, sequence: 2582 - clear  0.000000000, sequence: 0
source 0 - assert 1788046067.999999940, sequence: 2583 - clear  0.000000000, sequence: 0
source 0 - assert 1788046069.000000423, sequence: 2584 - clear  0.000000000, sequence: 0
source 0 - assert 1788046070.000000035, sequence: 2585 - clear  0.000000000, sequence: 0
source 0 - assert 1788046071.000000111, sequence: 2586 - clear  0.000000000, sequence: 0
source 0 - assert 1788046072.000000261, sequence: 2587 - clear  0.000000000, sequence: 0
source 0 - assert 1788046072.999999966, sequence: 2588 - clear  0.000000000, sequence: 0
source 0 - assert 1788046073.999999894, sequence: 2589 - clear  0.000000000, sequence: 0
source 0 - assert 1788046074.999999969, sequence: 2590 - clear  0.000000000, sequence: 0
source 0 - assert 1788046076.000000415, sequence: 2591 - clear  0.000000000, sequence: 0
source 0 - assert 1788046076.999999953, sequence: 2592 - clear  0.000000000, sequence: 0
source 0 - assert 1788046078.000000214, sequence: 2593 - clear  0.000000000, sequence: 0
source 0 - assert 1788046078.999999974, sequence: 2594 - clear  0.000000000, sequence: 0
source 0 - assert 1788046079.999999939, sequence: 2595 - clear  0.000000000, sequence: 0
source 0 - assert 1788046080.999999977, sequence: 2596 - clear  0.000000000, sequence: 0
source 0 - assert 1788046082.000000201, sequence: 2597 - clear  0.000000000, sequence: 0
source 0 - assert 1788046083.000003461, sequence: 2598 - clear  0.000000000, sequence: 0
source 0 - assert 1788046084.000000000, sequence: 2599 - clear  0.000000000, sequence: 0
source 0 - assert 1788046084.999999835, sequence: 2600 - clear  0.000000000, sequence: 0
source 0 - assert 1788046085.999999836, sequence: 2601 - clear  0.000000000, sequence: 0
source 0 - assert 1788046087.000000060, sequence: 2602 - clear  0.000000000, sequence: 0
source 0 - assert 1788046087.999999857, sequence: 2603 - clear  0.000000000, sequence: 0
source 0 - assert 1788046088.999999803, sequence: 2604 - clear  0.000000000, sequence: 0
source 0 - assert 1788046090.000000361, sequence: 2605 - clear  0.000000000, sequence: 0
source 0 - assert 1788046090.999999957, sequence: 2606 - clear  0.000000000, sequence: 0
source 0 - assert 1788046092.000000035, sequence: 2607 - clear  0.000000000, sequence: 0
source 0 - assert 1788046093.000000056, sequence: 2608 - clear  0.000000000, sequence: 0
source 0 - assert 1788046093.999999984, sequence: 2609 - clear  0.000000000, sequence: 0
source 0 - assert 1788046094.999999986, sequence: 2610 - clear  0.000000000, sequence: 0
source 0 - assert 1788046096.000000043, sequence: 2611 - clear  0.000000000, sequence: 0
source 0 - assert 1788046097.000000304, sequence: 2612 - clear  0.000000000, sequence: 0
source 0 - assert 1788046098.000000009, sequence: 2613 - clear  0.000000000, sequence: 0
source 0 - assert 1788046099.000000103, sequence: 2614 - clear  0.000000000, sequence: 0
source 0 - assert 1788046099.999999919, sequence: 2615 - clear  0.000000000, sequence: 0
source 0 - assert 1788046101.000000125, sequence: 2616 - clear  0.000000000, sequence: 0
source 0 - assert 1788046101.999999959, sequence: 2617 - clear  0.000000000, sequence: 0
source 0 - assert 1788046103.000000053, sequence: 2618 - clear  0.000000000, sequence: 0
source 0 - assert 1788046104.000000240, sequence: 2619 - clear  0.000000000, sequence: 0
source 0 - assert 1788046105.000000037, sequence: 2620 - clear  0.000000000, sequence: 0
source 0 - assert 1788046105.999999928, sequence: 2621 - clear  0.000000000, sequence: 0
source 0 - assert 1788046107.000000003, sequence: 2622 - clear  0.000000000, sequence: 0
source 0 - assert 1788046107.999999837, sequence: 2623 - clear  0.000000000, sequence: 0
source 0 - assert 1788046109.000000023, sequence: 2624 - clear  0.000000000, sequence: 0
source 0 - assert 1788046110.000000043, sequence: 2625 - clear  0.000000000, sequence: 0
source 0 - assert 1788046111.000000249, sequence: 2626 - clear  0.000000000, sequence: 0
source 0 - assert 1788046112.000000046, sequence: 2627 - clear  0.000000000, sequence: 0
source 0 - assert 1788046112.999999881, sequence: 2628 - clear  0.000000000, sequence: 0
source 0 - assert 1788046113.999999864, sequence: 2629 - clear  0.000000000, sequence: 0
source 0 - assert 1788046115.000000310, sequence: 2630 - clear  0.000000000, sequence: 0
source 0 - assert 1788046116.000000034, sequence: 2631 - clear  0.000000000, sequence: 0
source 0 - assert 1788046116.999999924, sequence: 2632 - clear  0.000000000, sequence: 0
source 0 - assert 1788046117.999999981, sequence: 2633 - clear  0.000000000, sequence: 0
source 0 - assert 1788046118.999999964, sequence: 2634 - clear  0.000000000, sequence: 0
source 0 - assert 1788046119.999999947, sequence: 2635 - clear  0.000000000, sequence: 0
source 0 - assert 1788046121.000000004, sequence: 2636 - clear  0.000000000, sequence: 0
source 0 - assert 1788046122.000000302, sequence: 2637 - clear  0.000000000, sequence: 0
source 0 - assert 1788046123.000000174, sequence: 2638 - clear  0.000000000, sequence: 0
source 0 - assert 1788046124.000000045, sequence: 2639 - clear  0.000000000, sequence: 0
source 0 - assert 1788046125.000000158, sequence: 2640 - clear  0.000000000, sequence: 0
source 0 - assert 1788046126.000000085, sequence: 2641 - clear  0.000000000, sequence: 0
source 0 - assert 1788046126.999999974, sequence: 2642 - clear  0.000000000, sequence: 0
source 0 - assert 1788046127.999999845, sequence: 2643 - clear  0.000000000, sequence: 0
source 0 - assert 1788046129.000000290, sequence: 2644 - clear  0.000000000, sequence: 0
source 0 - assert 1788046129.999999958, sequence: 2645 - clear  0.000000000, sequence: 0
source 0 - assert 1788046130.999999830, sequence: 2646 - clear  0.000000000, sequence: 0
source 0 - assert 1788046131.999999850, sequence: 2647 - clear  0.000000000, sequence: 0
source 0 - assert 1788046133.000000018, sequence: 2648 - clear  0.000000000, sequence: 0
source 0 - assert 1788046133.999999927, sequence: 2649 - clear  0.000000000, sequence: 0
source 0 - assert 1788046134.999999966, sequence: 2650 - clear  0.000000000, sequence: 0
source 0 - assert 1788046136.000000560, sequence: 2651 - clear  0.000000000, sequence: 0
source 0 - assert 1788046137.000000136, sequence: 2652 - clear  0.000000000, sequence: 0
source 0 - assert 1788046137.999999971, sequence: 2653 - clear  0.000000000, sequence: 0
source 0 - assert 1788046139.000000046, sequence: 2654 - clear  0.000000000, sequence: 0
source 0 - assert 1788046140.000000029, sequence: 2655 - clear  0.000000000, sequence: 0
source 0 - assert 1788046140.999999957, sequence: 2656 - clear  0.000000000, sequence: 0
source 0 - assert 1788046141.999999958, sequence: 2657 - clear  0.000000000, sequence: 0
source 0 - assert 1788046143.000000311, sequence: 2658 - clear  0.000000000, sequence: 0
source 0 - assert 1788046144.000000035, sequence: 2659 - clear  0.000000000, sequence: 0
source 0 - assert 1788046144.999999907, sequence: 2660 - clear  0.000000000, sequence: 0
source 0 - assert 1788046146.000000020, sequence: 2661 - clear  0.000000000, sequence: 0
source 0 - assert 1788046147.000000484, sequence: 2662 - clear  0.000000000, sequence: 0
source 0 - assert 1788046148.000000152, sequence: 2663 - clear  0.000000000, sequence: 0
source 0 - assert 1788046148.999999839, sequence: 2664 - clear  0.000000000, sequence: 0
source 0 - assert 1788046150.000000246, sequence: 2665 - clear  0.000000000, sequence: 0
source 0 - assert 1788046150.999999913, sequence: 2666 - clear  0.000000000, sequence: 0
source 0 - assert 1788046152.000000042, sequence: 2667 - clear  0.000000000, sequence: 0
source 0 - assert 1788046152.999999875, sequence: 2668 - clear  0.000000000, sequence: 0
source 0 - assert 1788046154.000000302, sequence: 2669 - clear  0.000000000, sequence: 0
source 0 - assert 1788046154.999999951, sequence: 2670 - clear  0.000000000, sequence: 0
source 0 - assert 1788046155.999999952, sequence: 2671 - clear  0.000000000, sequence: 0
source 0 - assert 1788046157.000000231, sequence: 2672 - clear  0.000000000, sequence: 0
source 0 - assert 1788046157.999999936, sequence: 2673 - clear  0.000000000, sequence: 0
source 0 - assert 1788046159.000000047, sequence: 2674 - clear  0.000000000, sequence: 0
source 0 - assert 1788046160.000000029, sequence: 2675 - clear  0.000000000, sequence: 0
source 0 - assert 1788046161.000000234, sequence: 2676 - clear  0.000000000, sequence: 0
source 0 - assert 1788046161.999999993, sequence: 2677 - clear  0.000000000, sequence: 0
source 0 - assert 1788046162.999999883, sequence: 2678 - clear  0.000000000, sequence: 0
source 0 - assert 1788046164.000000180, sequence: 2679 - clear  0.000000000, sequence: 0
source 0 - assert 1788046165.000000032, sequence: 2680 - clear  0.000000000, sequence: 0
source 0 - assert 1788046165.999999922, sequence: 2681 - clear  0.000000000, sequence: 0
source 0 - assert 1788046167.000000015, sequence: 2682 - clear  0.000000000, sequence: 0
source 0 - assert 1788046168.000000442, sequence: 2683 - clear  0.000000000, sequence: 0
source 0 - assert 1788046168.999999906, sequence: 2684 - clear  0.000000000, sequence: 0
source 0 - assert 1788046170.000000000, sequence: 2685 - clear  0.000000000, sequence: 0
source 0 - assert 1788046170.999999964, sequence: 2686 - clear  0.000000000, sequence: 0
source 0 - assert 1788046171.999999910, sequence: 2687 - clear  0.000000000, sequence: 0
source 0 - assert 1788046172.999999930, sequence: 2688 - clear  0.000000000, sequence: 0
source 0 - assert 1788046173.999999839, sequence: 2689 - clear  0.000000000, sequence: 0
source 0 - assert 1788046175.000000192, sequence: 2690 - clear  0.000000000, sequence: 0
source 0 - assert 1788046175.999999953, sequence: 2691 - clear  0.000000000, sequence: 0
source 0 - assert 1788046176.999999918, sequence: 2692 - clear  0.000000000, sequence: 0
source 0 - assert 1788046178.000000050, sequence: 2693 - clear  0.000000000, sequence: 0
source 0 - assert 1788046178.999999978, sequence: 2694 - clear  0.000000000, sequence: 0
source 0 - assert 1788046179.999999758, sequence: 2695 - clear  0.000000000, sequence: 0
source 0 - assert 1788046181.000000075, sequence: 2696 - clear  0.000000000, sequence: 0
source 0 - assert 1788046182.000000392, sequence: 2697 - clear  0.000000000, sequence: 0
source 0 - assert 1788046182.999999949, sequence: 2698 - clear  0.000000000, sequence: 0
source 0 - assert 1788046184.000000061, sequence: 2699 - clear  0.000000000, sequence: 0
source 0 - assert 1788046184.999999989, sequence: 2700 - clear  0.000000000, sequence: 0
source 0 - assert 1788046185.999999953, sequence: 2701 - clear  0.000000000, sequence: 0
source 0 - assert 1788046186.999999973, sequence: 2702 - clear  0.000000000, sequence: 0
source 0 - assert 1788046188.000000141, sequence: 2703 - clear  0.000000000, sequence: 0
source 0 - assert 1788046189.000000179, sequence: 2704 - clear  0.000000000, sequence: 0
source 0 - assert 1788046189.999999903, sequence: 2705 - clear  0.000000000, sequence: 0
source 0 - assert 1788046190.999999997, sequence: 2706 - clear  0.000000000, sequence: 0
source 0 - assert 1788046192.000000016, sequence: 2707 - clear  0.000000000, sequence: 0
source 0 - assert 1788046193.000000351, sequence: 2708 - clear  0.000000000, sequence: 0
source 0 - assert 1788046194.000000019, sequence: 2709 - clear  0.000000000, sequence: 0
source 0 - assert 1788046195.000000112, sequence: 2710 - clear  0.000000000, sequence: 0
source 0 - assert 1788046196.000000280, sequence: 2711 - clear  0.000000000, sequence: 0
source 0 - assert 1788046196.999999911, sequence: 2712 - clear  0.000000000, sequence: 0
source 0 - assert 1788046198.000000023, sequence: 2713 - clear  0.000000000, sequence: 0
source 0 - assert 1788046198.999999745, sequence: 2714 - clear  0.000000000, sequence: 0
source 0 - assert 1788046200.000001986, sequence: 2715 - clear  0.000000000, sequence: 0
source 0 - assert 1788046200.999999931, sequence: 2716 - clear  0.000000000, sequence: 0
source 0 - assert 1788046202.000000062, sequence: 2717 - clear  0.000000000, sequence: 0
source 0 - assert 1788046203.000000211, sequence: 2718 - clear  0.000000000, sequence: 0
source 0 - assert 1788046204.000000009, sequence: 2719 - clear  0.000000000, sequence: 0
source 0 - assert 1788046204.999999899, sequence: 2720 - clear  0.000000000, sequence: 0
source 0 - assert 1788046206.000000048, sequence: 2721 - clear  0.000000000, sequence: 0
source 0 - assert 1788046207.000000308, sequence: 2722 - clear  0.000000000, sequence: 0
source 0 - assert 1788046207.999999995, sequence: 2723 - clear  0.000000000, sequence: 0
source 0 - assert 1788046208.999999810, sequence: 2724 - clear  0.000000000, sequence: 0
source 0 - assert 1788046210.000000219, sequence: 2725 - clear  0.000000000, sequence: 0
source 0 - assert 1788046210.999999924, sequence: 2726 - clear  0.000000000, sequence: 0
source 0 - assert 1788046211.999999795, sequence: 2727 - clear  0.000000000, sequence: 0
source 0 - assert 1788046212.999999944, sequence: 2728 - clear  0.000000000, sequence: 0
source 0 - assert 1788046214.000000279, sequence: 2729 - clear  0.000000000, sequence: 0
source 0 - assert 1788046214.999999928, sequence: 2730 - clear  0.000000000, sequence: 0
source 0 - assert 1788046216.000000004, sequence: 2731 - clear  0.000000000, sequence: 0
source 0 - assert 1788046216.999999931, sequence: 2732 - clear  0.000000000, sequence: 0
source 0 - assert 1788046218.000000044, sequence: 2733 - clear  0.000000000, sequence: 0
source 0 - assert 1788046219.000000046, sequence: 2734 - clear  0.000000000, sequence: 0
source 0 - assert 1788046220.000000066, sequence: 2735 - clear  0.000000000, sequence: 0
source 0 - assert 1788046221.000000272, sequence: 2736 - clear  0.000000000, sequence: 0
source 0 - assert 1788046222.000000032, sequence: 2737 - clear  0.000000000, sequence: 0
source 0 - assert 1788046223.000000071, sequence: 2738 - clear  0.000000000, sequence: 0
source 0 - assert 1788046224.000000072, sequence: 2739 - clear  0.000000000, sequence: 0
source 0 - assert 1788046224.999999944, sequence: 2740 - clear  0.000000000, sequence: 0
source 0 - assert 1788046226.000000149, sequence: 2741 - clear  0.000000000, sequence: 0
source 0 - assert 1788046227.000000039, sequence: 2742 - clear  0.000000000, sequence: 0
source 0 - assert 1788046228.000000244, sequence: 2743 - clear  0.000000000, sequence: 0
source 0 - assert 1788046228.999999894, sequence: 2744 - clear  0.000000000, sequence: 0
source 0 - assert 1788046230.000000153, sequence: 2745 - clear  0.000000000, sequence: 0
source 0 - assert 1788046230.999999913, sequence: 2746 - clear  0.000000000, sequence: 0
source 0 - assert 1788046231.999999932, sequence: 2747 - clear  0.000000000, sequence: 0
source 0 - assert 1788046232.999999913, sequence: 2748 - clear  0.000000000, sequence: 0
source 0 - assert 1788046234.000000007, sequence: 2749 - clear  0.000000000, sequence: 0
source 0 - assert 1788046235.000000231, sequence: 2750 - clear  0.000000000, sequence: 0
source 0 - assert 1788046235.999999917, sequence: 2751 - clear  0.000000000, sequence: 0
source 0 - assert 1788046237.000000085, sequence: 2752 - clear  0.000000000, sequence: 0
source 0 - assert 1788046237.999999901, sequence: 2753 - clear  0.000000000, sequence: 0
source 0 - assert 1788046239.000000254, sequence: 2754 - clear  0.000000000, sequence: 0
source 0 - assert 1788046239.999999903, sequence: 2755 - clear  0.000000000, sequence: 0
source 0 - assert 1788046241.000000330, sequence: 2756 - clear  0.000000000, sequence: 0
source 0 - assert 1788046242.000000331, sequence: 2757 - clear  0.000000000, sequence: 0
source 0 - assert 1788046243.000000036, sequence: 2758 - clear  0.000000000, sequence: 0
source 0 - assert 1788046244.000000055, sequence: 2759 - clear  0.000000000, sequence: 0
source 0 - assert 1788046245.000000019, sequence: 2760 - clear  0.000000000, sequence: 0
source 0 - assert 1788046245.999999798, sequence: 2761 - clear  0.000000000, sequence: 0
source 0 - assert 1788046246.999999910, sequence: 2762 - clear  0.000000000, sequence: 0
source 0 - assert 1788046247.999999799, sequence: 2763 - clear  0.000000000, sequence: 0
source 0 - assert 1788046249.000000207, sequence: 2764 - clear  0.000000000, sequence: 0
source 0 - assert 1788046249.999999968, sequence: 2765 - clear  0.000000000, sequence: 0
source 0 - assert 1788046250.999999895, sequence: 2766 - clear  0.000000000, sequence: 0
source 0 - assert 1788046251.999999897, sequence: 2767 - clear  0.000000000, sequence: 0
source 0 - assert 1788046253.000000194, sequence: 2768 - clear  0.000000000, sequence: 0
source 0 - assert 1788046253.999999807, sequence: 2769 - clear  0.000000000, sequence: 0
source 0 - assert 1788046254.999999864, sequence: 2770 - clear  0.000000000, sequence: 0
source 0 - assert 1788046255.999999977, sequence: 2771 - clear  0.000000000, sequence: 0
source 0 - assert 1788046256.999999923, sequence: 2772 - clear  0.000000000, sequence: 0
source 0 - assert 1788046257.999999759, sequence: 2773 - clear  0.000000000, sequence: 0
source 0 - assert 1788046258.999999911, sequence: 2774 - clear  0.000000000, sequence: 0
source 0 - assert 1788046260.000000118, sequence: 2775 - clear  0.000000000, sequence: 0
source 0 - assert 1788046261.000000250, sequence: 2776 - clear  0.000000000, sequence: 0
source 0 - assert 1788046262.000000086, sequence: 2777 - clear  0.000000000, sequence: 0
source 0 - assert 1788046263.000000015, sequence: 2778 - clear  0.000000000, sequence: 0
source 0 - assert 1788046263.999999962, sequence: 2779 - clear  0.000000000, sequence: 0
source 0 - assert 1788046264.999999964, sequence: 2780 - clear  0.000000000, sequence: 0
source 0 - assert 1788046265.999999947, sequence: 2781 - clear  0.000000000, sequence: 0
source 0 - assert 1788046267.000000338, sequence: 2782 - clear  0.000000000, sequence: 0
source 0 - assert 1788046267.999999987, sequence: 2783 - clear  0.000000000, sequence: 0
source 0 - assert 1788046268.999999970, sequence: 2784 - clear  0.000000000, sequence: 0
source 0 - assert 1788046269.999999935, sequence: 2785 - clear  0.000000000, sequence: 0
source 0 - assert 1788046271.000000010, sequence: 2786 - clear  0.000000000, sequence: 0
source 0 - assert 1788046271.999999956, sequence: 2787 - clear  0.000000000, sequence: 0
source 0 - assert 1788046272.999999883, sequence: 2788 - clear  0.000000000, sequence: 0
source 0 - assert 1788046274.000000422, sequence: 2789 - clear  0.000000000, sequence: 0
source 0 - assert 1788046275.000000034, sequence: 2790 - clear  0.000000000, sequence: 0
source 0 - assert 1788046275.999999962, sequence: 2791 - clear  0.000000000, sequence: 0
source 0 - assert 1788046277.000000000, sequence: 2792 - clear  0.000000000, sequence: 0
source 0 - assert 1788046277.999999946, sequence: 2793 - clear  0.000000000, sequence: 0
source 0 - assert 1788046279.000000040, sequence: 2794 - clear  0.000000000, sequence: 0
source 0 - assert 1788046280.000000097, sequence: 2795 - clear  0.000000000, sequence: 0
source 0 - assert 1788046281.000000284, sequence: 2796 - clear  0.000000000, sequence: 0
source 0 - assert 1788046282.000000063, sequence: 2797 - clear  0.000000000, sequence: 0
source 0 - assert 1788046282.999999990, sequence: 2798 - clear  0.000000000, sequence: 0
source 0 - assert 1788046283.999999880, sequence: 2799 - clear  0.000000000, sequence: 0
source 0 - assert 1788046285.000001011, sequence: 2800 - clear  0.000000000, sequence: 0
source 0 - assert 1788046285.999999845, sequence: 2801 - clear  0.000000000, sequence: 0
source 0 - assert 1788046286.999999920, sequence: 2802 - clear  0.000000000, sequence: 0
source 0 - assert 1788046288.000000255, sequence: 2803 - clear  0.000000000, sequence: 0
source 0 - assert 1788046288.999999922, sequence: 2804 - clear  0.000000000, sequence: 0
source 0 - assert 1788046289.999999998, sequence: 2805 - clear  0.000000000, sequence: 0
source 0 - assert 1788046290.999999925, sequence: 2806 - clear  0.000000000, sequence: 0
source 0 - assert 1788046292.000000427, sequence: 2807 - clear  0.000000000, sequence: 0
source 0 - assert 1788046293.000000002, sequence: 2808 - clear  0.000000000, sequence: 0
source 0 - assert 1788046294.000000022, sequence: 2809 - clear  0.000000000, sequence: 0
source 0 - assert 1788046295.000000172, sequence: 2810 - clear  0.000000000, sequence: 0
source 0 - assert 1788046295.999999803, sequence: 2811 - clear  0.000000000, sequence: 0
source 0 - assert 1788046296.999999989, sequence: 2812 - clear  0.000000000, sequence: 0
source 0 - assert 1788046298.000000028, sequence: 2813 - clear  0.000000000, sequence: 0
source 0 - assert 1788046298.999999770, sequence: 2814 - clear  0.000000000, sequence: 0
source 0 - assert 1788046299.999999845, sequence: 2815 - clear  0.000000000, sequence: 0
source 0 - assert 1788046300.999999791, sequence: 2816 - clear  0.000000000, sequence: 0
source 0 - assert 1788046301.999999868, sequence: 2817 - clear  0.000000000, sequence: 0
source 0 - assert 1788046302.999999797, sequence: 2818 - clear  0.000000000, sequence: 0
source 0 - assert 1788046303.999999949, sequence: 2819 - clear  0.000000000, sequence: 0
source 0 - assert 1788046304.999999841, sequence: 2820 - clear  0.000000000, sequence: 0
source 0 - assert 1788046305.999999974, sequence: 2821 - clear  0.000000000, sequence: 0
source 0 - assert 1788046306.999999885, sequence: 2822 - clear  0.000000000, sequence: 0
source 0 - assert 1788046307.999999963, sequence: 2823 - clear  0.000000000, sequence: 0
source 0 - assert 1788046309.000000097, sequence: 2824 - clear  0.000000000, sequence: 0
source 0 - assert 1788046310.000000118, sequence: 2825 - clear  0.000000000, sequence: 0
source 0 - assert 1788046310.999999953, sequence: 2826 - clear  0.000000000, sequence: 0
source 0 - assert 1788046312.000000104, sequence: 2827 - clear  0.000000000, sequence: 0
source 0 - assert 1788046313.000000365, sequence: 2828 - clear  0.000000000, sequence: 0
source 0 - assert 1788046313.999999941, sequence: 2829 - clear  0.000000000, sequence: 0
source 0 - assert 1788046315.000000091, sequence: 2830 - clear  0.000000000, sequence: 0
source 0 - assert 1788046315.999999981, sequence: 2831 - clear  0.000000000, sequence: 0
source 0 - assert 1788046317.000001427, sequence: 2832 - clear  0.000000000, sequence: 0
source 0 - assert 1788046318.000000002, sequence: 2833 - clear  0.000000000, sequence: 0
source 0 - assert 1788046319.000000004, sequence: 2834 - clear  0.000000000, sequence: 0
source 0 - assert 1788046320.000000301, sequence: 2835 - clear  0.000000000, sequence: 0
source 0 - assert 1788046320.999999876, sequence: 2836 - clear  0.000000000, sequence: 0
source 0 - assert 1788046322.000000359, sequence: 2837 - clear  0.000000000, sequence: 0
source 0 - assert 1788046323.000000083, sequence: 2838 - clear  0.000000000, sequence: 0
source 0 - assert 1788046323.999999918, sequence: 2839 - clear  0.000000000, sequence: 0
source 0 - assert 1788046325.000000030, sequence: 2840 - clear  0.000000000, sequence: 0
source 0 - assert 1788046325.999999957, sequence: 2841 - clear  0.000000000, sequence: 0
source 0 - assert 1788046327.000000292, sequence: 2842 - clear  0.000000000, sequence: 0
source 0 - assert 1788046327.999999979, sequence: 2843 - clear  0.000000000, sequence: 0
source 0 - assert 1788046328.999999925, sequence: 2844 - clear  0.000000000, sequence: 0
source 0 - assert 1788046329.999999926, sequence: 2845 - clear  0.000000000, sequence: 0
source 0 - assert 1788046331.000000001, sequence: 2846 - clear  0.000000000, sequence: 0
source 0 - assert 1788046331.999999984, sequence: 2847 - clear  0.000000000, sequence: 0
source 0 - assert 1788046333.000000060, sequence: 2848 - clear  0.000000000, sequence: 0
source 0 - assert 1788046334.000000246, sequence: 2849 - clear  0.000000000, sequence: 0
source 0 - assert 1788046335.000000118, sequence: 2850 - clear  0.000000000, sequence: 0
source 0 - assert 1788046335.999999934, sequence: 2851 - clear  0.000000000, sequence: 0
source 0 - assert 1788046336.999999880, sequence: 2852 - clear  0.000000000, sequence: 0
source 0 - assert 1788046338.000000382, sequence: 2853 - clear  0.000000000, sequence: 0
source 0 - assert 1788046339.000000050, sequence: 2854 - clear  0.000000000, sequence: 0
source 0 - assert 1788046340.000000033, sequence: 2855 - clear  0.000000000, sequence: 0
source 0 - assert 1788046340.999999997, sequence: 2856 - clear  0.000000000, sequence: 0
source 0 - assert 1788046341.999999906, sequence: 2857 - clear  0.000000000, sequence: 0
source 0 - assert 1788046342.999999907, sequence: 2858 - clear  0.000000000, sequence: 0
source 0 - assert 1788046343.999999872, sequence: 2859 - clear  0.000000000, sequence: 0
source 0 - assert 1788046345.000000114, sequence: 2860 - clear  0.000000000, sequence: 0
source 0 - assert 1788046345.999999875, sequence: 2861 - clear  0.000000000, sequence: 0
source 0 - assert 1788046346.999999988, sequence: 2862 - clear  0.000000000, sequence: 0
source 0 - assert 1788046347.999999991, sequence: 2863 - clear  0.000000000, sequence: 0
source 0 - assert 1788046349.000002326, sequence: 2864 - clear  0.000000000, sequence: 0
source 0 - assert 1788046350.000000069, sequence: 2865 - clear  0.000000000, sequence: 0
source 0 - assert 1788046350.999999997, sequence: 2866 - clear  0.000000000, sequence: 0
source 0 - assert 1788046352.000000406, sequence: 2867 - clear  0.000000000, sequence: 0
source 0 - assert 1788046353.000000019, sequence: 2868 - clear  0.000000000, sequence: 0
source 0 - assert 1788046354.000000020, sequence: 2869 - clear  0.000000000, sequence: 0
source 0 - assert 1788046354.999999948, sequence: 2870 - clear  0.000000000, sequence: 0
source 0 - assert 1788046356.000000061, sequence: 2871 - clear  0.000000000, sequence: 0
source 0 - assert 1788046356.999999933, sequence: 2872 - clear  0.000000000, sequence: 0
source 0 - assert 1788046358.000000045, sequence: 2873 - clear  0.000000000, sequence: 0
source 0 - assert 1788046359.000000250, sequence: 2874 - clear  0.000000000, sequence: 0
source 0 - assert 1788046360.000000122, sequence: 2875 - clear  0.000000000, sequence: 0
source 0 - assert 1788046360.999999957, sequence: 2876 - clear  0.000000000, sequence: 0
source 0 - assert 1788046361.999999940, sequence: 2877 - clear  0.000000000, sequence: 0
source 0 - assert 1788046363.000000052, sequence: 2878 - clear  0.000000000, sequence: 0
source 0 - assert 1788046364.000000072, sequence: 2879 - clear  0.000000000, sequence: 0
source 0 - assert 1788046365.000000092, sequence: 2880 - clear  0.000000000, sequence: 0
source 0 - assert 1788046366.000000371, sequence: 2881 - clear  0.000000000, sequence: 0
source 0 - assert 1788046367.000000187, sequence: 2882 - clear  0.000000000, sequence: 0
source 0 - assert 1788046367.999999966, sequence: 2883 - clear  0.000000000, sequence: 0
source 0 - assert 1788046369.000000041, sequence: 2884 - clear  0.000000000, sequence: 0
source 0 - assert 1788046370.000000504, sequence: 2885 - clear  0.000000000, sequence: 0
source 0 - assert 1788046371.000000078, sequence: 2886 - clear  0.000000000, sequence: 0
source 0 - assert 1788046371.999999967, sequence: 2887 - clear  0.000000000, sequence: 0
source 0 - assert 1788046372.999999912, sequence: 2888 - clear  0.000000000, sequence: 0
source 0 - assert 1788046373.999999949, sequence: 2889 - clear  0.000000000, sequence: 0
source 0 - assert 1788046375.000000099, sequence: 2890 - clear  0.000000000, sequence: 0
source 0 - assert 1788046375.999999915, sequence: 2891 - clear  0.000000000, sequence: 0
source 0 - assert 1788046377.000000342, sequence: 2892 - clear  0.000000000, sequence: 0
source 0 - assert 1788046377.999999936, sequence: 2893 - clear  0.000000000, sequence: 0
source 0 - assert 1788046378.999999918, sequence: 2894 - clear  0.000000000, sequence: 0
source 0 - assert 1788046380.000000068, sequence: 2895 - clear  0.000000000, sequence: 0
source 0 - assert 1788046381.000001254, sequence: 2896 - clear  0.000000000, sequence: 0
source 0 - assert 1788046381.999999977, sequence: 2897 - clear  0.000000000, sequence: 0
source 0 - assert 1788046383.000000089, sequence: 2898 - clear  0.000000000, sequence: 0
source 0 - assert 1788046384.000000238, sequence: 2899 - clear  0.000000000, sequence: 0
source 0 - assert 1788046384.999999887, sequence: 2900 - clear  0.000000000, sequence: 0
source 0 - assert 1788046385.999999906, sequence: 2901 - clear  0.000000000, sequence: 0
source 0 - assert 1788046387.000000092, sequence: 2902 - clear  0.000000000, sequence: 0
source 0 - assert 1788046387.999999815, sequence: 2903 - clear  0.000000000, sequence: 0
source 0 - assert 1788046388.999999983, sequence: 2904 - clear  0.000000000, sequence: 0
source 0 - assert 1788046389.999999947, sequence: 2905 - clear  0.000000000, sequence: 0
source 0 - assert 1788046391.000000356, sequence: 2906 - clear  0.000000000, sequence: 0
source 0 - assert 1788046392.000000080, sequence: 2907 - clear  0.000000000, sequence: 0
source 0 - assert 1788046393.000000026, sequence: 2908 - clear  0.000000000, sequence: 0
source 0 - assert 1788046393.999999879, sequence: 2909 - clear  0.000000000, sequence: 0
source 0 - assert 1788046395.000000158, sequence: 2910 - clear  0.000000000, sequence: 0
source 0 - assert 1788046395.999999974, sequence: 2911 - clear  0.000000000, sequence: 0
source 0 - assert 1788046396.999999920, sequence: 2912 - clear  0.000000000, sequence: 0
source 0 - assert 1788046398.000000385, sequence: 2913 - clear  0.000000000, sequence: 0
source 0 - assert 1788046398.999999942, sequence: 2914 - clear  0.000000000, sequence: 0
source 0 - assert 1788046399.999999906, sequence: 2915 - clear  0.000000000, sequence: 0
source 0 - assert 1788046401.000000093, sequence: 2916 - clear  0.000000000, sequence: 0
source 0 - assert 1788046401.999999798, sequence: 2917 - clear  0.000000000, sequence: 0
source 0 - assert 1788046403.000000003, sequence: 2918 - clear  0.000000000, sequence: 0
source 0 - assert 1788046404.000000023, sequence: 2919 - clear  0.000000000, sequence: 0
source 0 - assert 1788046405.000000265, sequence: 2920 - clear  0.000000000, sequence: 0
source 0 - assert 1788046405.999999952, sequence: 2921 - clear  0.000000000, sequence: 0
source 0 - assert 1788046407.000000120, sequence: 2922 - clear  0.000000000, sequence: 0
source 0 - assert 1788046408.000000103, sequence: 2923 - clear  0.000000000, sequence: 0
source 0 - assert 1788046408.999999974, sequence: 2924 - clear  0.000000000, sequence: 0
source 0 - assert 1788046410.000000179, sequence: 2925 - clear  0.000000000, sequence: 0
source 0 - assert 1788046411.000000088, sequence: 2926 - clear  0.000000000, sequence: 0
source 0 - assert 1788046412.000000312, sequence: 2927 - clear  0.000000000, sequence: 0
source 0 - assert 1788046413.000000369, sequence: 2928 - clear  0.000000000, sequence: 0
source 0 - assert 1788046413.999999793, sequence: 2929 - clear  0.000000000, sequence: 0
source 0 - assert 1788046414.999999958, sequence: 2930 - clear  0.000000000, sequence: 0
source 0 - assert 1788046416.000000308, sequence: 2931 - clear  0.000000000, sequence: 0
source 0 - assert 1788046416.999999806, sequence: 2932 - clear  0.000000000, sequence: 0
source 0 - assert 1788046417.999999880, sequence: 2933 - clear  0.000000000, sequence: 0
source 0 - assert 1788046419.000000141, sequence: 2934 - clear  0.000000000, sequence: 0
source 0 - assert 1788046419.999999902, sequence: 2935 - clear  0.000000000, sequence: 0
source 0 - assert 1788046420.999999977, sequence: 2936 - clear  0.000000000, sequence: 0
source 0 - assert 1788046421.999999997, sequence: 2937 - clear  0.000000000, sequence: 0
source 0 - assert 1788046422.999999888, sequence: 2938 - clear  0.000000000, sequence: 0
source 0 - assert 1788046423.999999945, sequence: 2939 - clear  0.000000000, sequence: 0
source 0 - assert 1788046424.999999928, sequence: 2940 - clear  0.000000000, sequence: 0
source 0 - assert 1788046425.999999948, sequence: 2941 - clear  0.000000000, sequence: 0
source 0 - assert 1788046426.999999858, sequence: 2942 - clear  0.000000000, sequence: 0
source 0 - assert 1788046428.000000027, sequence: 2943 - clear  0.000000000, sequence: 0
source 0 - assert 1788046428.999999936, sequence: 2944 - clear  0.000000000, sequence: 0
source 0 - assert 1788046430.000000105, sequence: 2945 - clear  0.000000000, sequence: 0
source 0 - assert 1788046430.999999793, sequence: 2946 - clear  0.000000000, sequence: 0
source 0 - assert 1788046431.999999907, sequence: 2947 - clear  0.000000000, sequence: 0
source 0 - assert 1788046432.999999891, sequence: 2948 - clear  0.000000000, sequence: 0
source 0 - assert 1788046433.999999968, sequence: 2949 - clear  0.000000000, sequence: 0
source 0 - assert 1788046434.999999916, sequence: 2950 - clear  0.000000000, sequence: 0
source 0 - assert 1788046435.999999882, sequence: 2951 - clear  0.000000000, sequence: 0
source 0 - assert 1788046437.000000441, sequence: 2952 - clear  0.000000000, sequence: 0
source 0 - assert 1788046437.999999944, sequence: 2953 - clear  0.000000000, sequence: 0
source 0 - assert 1788046439.000000057, sequence: 2954 - clear  0.000000000, sequence: 0
source 0 - assert 1788046440.000000096, sequence: 2955 - clear  0.000000000, sequence: 0
source 0 - assert 1788046441.000000099, sequence: 2956 - clear  0.000000000, sequence: 0
source 0 - assert 1788046442.000000026, sequence: 2957 - clear  0.000000000, sequence: 0
source 0 - assert 1788046443.000000009, sequence: 2958 - clear  0.000000000, sequence: 0
source 0 - assert 1788046444.000000307, sequence: 2959 - clear  0.000000000, sequence: 0
source 0 - assert 1788046445.000000086, sequence: 2960 - clear  0.000000000, sequence: 0
source 0 - assert 1788046446.000000143, sequence: 2961 - clear  0.000000000, sequence: 0
source 0 - assert 1788046446.999999941, sequence: 2962 - clear  0.000000000, sequence: 0
source 0 - assert 1788046447.999999886, sequence: 2963 - clear  0.000000000, sequence: 0
source 0 - assert 1788046449.000000036, sequence: 2964 - clear  0.000000000, sequence: 0
source 0 - assert 1788046450.000000037, sequence: 2965 - clear  0.000000000, sequence: 0
source 0 - assert 1788046451.000000298, sequence: 2966 - clear  0.000000000, sequence: 0
source 0 - assert 1788046451.999999966, sequence: 2967 - clear  0.000000000, sequence: 0
source 0 - assert 1788046452.999999948, sequence: 2968 - clear  0.000000000, sequence: 0
source 0 - assert 1788046454.000000061, sequence: 2969 - clear  0.000000000, sequence: 0
source 0 - assert 1788046455.000000543, sequence: 2970 - clear  0.000000000, sequence: 0
source 0 - assert 1788046455.999999952, sequence: 2971 - clear  0.000000000, sequence: 0
source 0 - assert 1788046457.000000009, sequence: 2972 - clear  0.000000000, sequence: 0
source 0 - assert 1788046458.000000251, sequence: 2973 - clear  0.000000000, sequence: 0
source 0 - assert 1788046459.000000104, sequence: 2974 - clear  0.000000000, sequence: 0
source 0 - assert 1788046460.000000012, sequence: 2975 - clear  0.000000000, sequence: 0
source 0 - assert 1788046461.000000106, sequence: 2976 - clear  0.000000000, sequence: 0
source 0 - assert 1788046461.999999903, sequence: 2977 - clear  0.000000000, sequence: 0
source 0 - assert 1788046463.000000162, sequence: 2978 - clear  0.000000000, sequence: 0
source 0 - assert 1788046464.000000106, sequence: 2979 - clear  0.000000000, sequence: 0
source 0 - assert 1788046465.000000181, sequence: 2980 - clear  0.000000000, sequence: 0
source 0 - assert 1788046465.999999939, sequence: 2981 - clear  0.000000000, sequence: 0
source 0 - assert 1788046467.000000031, sequence: 2982 - clear  0.000000000, sequence: 0
source 0 - assert 1788046467.999999956, sequence: 2983 - clear  0.000000000, sequence: 0
source 0 - assert 1788046469.000000177, sequence: 2984 - clear  0.000000000, sequence: 0
source 0 - assert 1788046469.999999826, sequence: 2985 - clear  0.000000000, sequence: 0
source 0 - assert 1788046470.999999975, sequence: 2986 - clear  0.000000000, sequence: 0
