trying PPS source "/dev/pps0"
found PPS source "/dev/pps0"
ok, found 1 source(s), now start fetching data...
source 0 - assert 1788046788.000000046, sequence: 3303 - clear  0.000000000, sequence: 0
source 0 - assert 1788046789.000000072, sequence: 3304 - clear  0.000000000, sequence: 0
source 0 - assert 1788046790.000000096, sequence: 3305 - clear  0.000000000, sequence: 0
source 0 - assert 1788046791.000000065, sequence: 3306 - clear  0.000000000, sequence: 0
source 0 - assert 1788046792.000000089, sequence: 3307 - clear  0.000000000, sequence: 0
source 0 - assert 1788046793.000000076, sequence: 3308 - clear  0.000000000, sequence: 0
source 0 - assert 1788046794.000000074, sequence: 3309 - clear  0.000000000, sequence: 0
source 0 - assert 1788046795.000000068, sequence: 3310 - clear  0.000000000, sequence: 0
source 0 - assert 1788046796.000000062, sequence: 3311 - clear  0.000000000, sequence: 0
source 0 - assert 1788046797.000000075, sequence: 3312 - clear  0.000000000, sequence: 0
source 0 - assert 1788046798.000000040, sequence: 3313 - clear  0.000000000, sequence: 0
source 0 - assert 1788046798.999999984, sequence: 3314 - clear  0.000000000, sequence: 0
source 0 - assert 1788046800.000000004, sequence: 3315 - clear  0.000000000, sequence: 0
source 0 - assert 1788046800.999999987, sequence: 3316 - clear  0.000000000, sequence: 0
source 0 - assert 1788046802.000000007, sequence: 3317 - clear  0.000000000, sequence: 0
source 0 - assert 1788046802.999999991, sequence: 3318 - clear  0.000000000, sequence: 0
source 0 - assert 1788046804.000000011, sequence: 3319 - clear  0.000000000, sequence: 0
source 0 - assert 1788046804.999999994, sequence: 3320 - clear  0.000000000, sequence: 0
source 0 - assert 1788046805.999999996, sequence: 3321 - clear  0.000000000, sequence: 0
source 0 - assert 1788046806.999999997, sequence: 3322 - clear  0.000000000, sequence: 0
source 0 - assert 1788046807.999999999, sequence: 3323 - clear  0.000000000, sequence: 0
source 0 - assert 1788046809.000000000, sequence: 3324 - clear  0.000000000, sequence: 0
source 0 - assert 1788046810.000000002, sequence: 3325 - clear  0.000000000, sequence: 0
source 0 - assert 1788046811.000000003, sequence: 3326 - clear  0.000000000, sequence: 0
source 0 - assert 1788046812.000000005, sequence: 3327 - clear  0.000000000, sequence: 0
source 0 - assert 1788046812.999999988, sequence: 3328 - clear  0.000000000, sequence: 0
source 0 - assert 1788046814.000000008, sequence: 3329 - clear  0.000000000, sequence: 0
source 0 - assert 1788046814.999999991, sequence: 3330 - clear  0.000000000, sequence: 0
source 0 - assert 1788046816.000000011, sequence: 3331 - clear  0.000000000, sequence: 0
source 0 - assert 1788046817.000000012, sequence: 3332 - clear  0.000000000, sequence: 0
source 0 - assert 1788046818.000000013, sequence: 3333 - clear  0.000000000, sequence: 0
source 0 - assert 1788046819.000000014, sequence: 3334 - clear  0.000000000, sequence: 0
source 0 - assert 1788046820.000000015, sequence: 3335 - clear  0.000000000, sequence: 0
source 0 - assert 1788046820.999999978, sequence: 3336 - clear  0.000000000, sequence: 0
source 0 - assert 1788046822.000000009, sequence: 3337 - clear  0.000000000, sequence: 0
source 0 - assert 1788046822.999999987, sequence: 3338 - clear  0.000000000, sequence: 0
source 0 - assert 1788046823.999999988, sequence: 3339 - clear  0.000000000, sequence: 0
source 0 - assert 1788046824.999999989, sequence: 3340 - clear  0.000000000, sequence: 0
source 0 - assert 1788046825.999999973, sequence: 3341 - clear  0.000000000, sequence: 0
source 0 - assert 1788046826.999999994, sequence: 3342 - clear  0.000000000, sequence: 0
source 0 - assert 1788046827.999999996, sequence: 3343 - clear  0.000000000, sequence: 0
source 0 - assert 1788046828.999999998, sequence: 3344 - clear  0.000000000, sequence: 0
source 0 - assert 1788046830.000000018, sequence: 3345 - clear  0.000000000, sequence: 0
source 0 - assert 1788046831.000000001, sequence: 3346 - clear  0.000000000, sequence: 0
source 0 - assert 1788046832.000000002, sequence: 3347 - clear  0.000000000, sequence: 0
source 0 - assert 1788046832.999999984, sequence: 3348 - clear  0.000000000, sequence: 0
source 0 - assert 1788046834.000000004, sequence: 3349 - clear  0.000000000, sequence: 0
source 0 - assert 1788046835.000000005, sequence: 3350 - clear  0.000000000, sequence: 0
source 0 - assert 1788046835.999999969, sequence: 3351 - clear  0.000000000, sequence: 0
source 0 - assert 1788046836.999999988, sequence: 3352 - clear  0.000000000, sequence: 0
source 0 - assert 1788046837.999999989, sequence: 3353 - clear  0.000000000, sequence: 0
source 0 - assert 1788046838.999999991, sequence: 3354 - clear  0.000000000, sequence: 0
source 0 - assert 1788046840.000000010, sequence: 3355 - clear  0.000000000, sequence: 0
source 0 - assert 1788046840.999999993, sequence: 3356 - clear  0.000000000, sequence: 0
source 0 - assert 1788046841.999999994, sequence: 3357 - clear  0.000000000, sequence: 0
source 0 - assert 1788046842.999999996, sequence: 3358 - clear  0.000000000, sequence: 0
source 0 - assert 1788046843.999999980, sequence: 3359 - clear  0.000000000, sequence: 0
source 0 - assert 1788046844.999999981, sequence: 3360 - clear  0.000000000, sequence: 0
source 0 - assert 1788046846.000000002, sequence: 3361 - clear  0.000000000, sequence: 0
source 0 - assert 1788046847.000000004, sequence: 3362 - clear  0.000000000, sequence: 0
source 0 - assert 1788046847.999999988, sequence: 3363 - clear  0.000000000, sequence: 0
source 0 - assert 1788046848.999999971, sequence: 3364 - clear  0.000000000, sequence: 0
source 0 - assert 1788046849.999999991, sequence: 3365 - clear  0.000000000, sequence: 0
source 0 - assert 1788046850.999999993, sequence: 3366 - clear  0.000000000, sequence: 0
source 0 - assert 1788046851.999999994, sequence: 3367 - clear  0.000000000, sequence: 0
source 0 - assert 1788046852.999999995, sequence: 3368 - clear  0.000000000, sequence: 0
source 0 - assert 1788046854.000000015, sequence: 3369 - clear  0.000000000, sequence: 0
source 0 - assert 1788046854.999999998, sequence: 3370 - clear  0.000000000, sequence: 0
source 0 - assert 1788046856.000000000, sequence: 3371 - clear  0.000000000, sequence: 0
source 0 - assert 1788046857.000000002, sequence: 3372 - clear  0.000000000, sequence: 0
source 0 - assert 1788046858.000000003, sequence: 3373 - clear  0.000000000, sequence: 0
source 0 - assert 1788046859.000000004, sequence: 3374 - clear  0.000000000, sequence: 0
source 0 - assert 1788046860.000000005, sequence: 3375 - clear  0.000000000, sequence: 0
source 0 - assert 1788046860.999999988, sequence: 3376 - clear  0.000000000, sequence: 0
source 0 - assert 1788046861.999999971, sequence: 3377 - clear  0.000000000, sequence: 0
source 0 - assert 1788046862.999999991, sequence: 3378 - clear  0.000000000, sequence: 0
source 0 - assert 1788046863.999999992, sequence: 3379 - clear  0.000000000, sequence: 0
source 0 - assert 1788046864.999999993, sequence: 3380 - clear  0.000000000, sequence: 0
source 0 - assert 1788046865.999999976, sequence: 3381 - clear  0.000000000, sequence: 0
source 0 - assert 1788046866.999999996, sequence: 3382 - clear  0.000000000, sequence: 0
source 0 - assert 1788046867.999999979, sequence: 3383 - clear  0.000000000, sequence: 0
source 0 - assert 1788046868.999999980, sequence: 3384 - clear  0.000000000, sequence: 0
source 0 - assert 1788046870.000000001, sequence: 3385 - clear  0.000000000, sequence: 0
source 0 - assert 1788046871.000000004, sequence: 3386 - clear  0.000000000, sequence: 0
source 0 - assert 1788046872.000000007, sequence: 3387 - clear  0.000000000, sequence: 0
source 0 - assert 1788046872.999999991, sequence: 3388 - clear  0.000000000, sequence: 0
source 0 - assert 1788046874.000000011, sequence: 3389 - clear  0.000000000, sequence: 0
source 0 - assert 1788046874.999999993, sequence: 3390 - clear  0.000000000, sequence: 0
source 0 - assert 1788046875.999999995, sequence: 3391 - clear  0.000000000, sequence: 0
source 0 - assert 1788046876.999999996, sequence: 3392 - clear  0.000000000, sequence: 0
source 0 - assert 1788046878.000000016, sequence: 3393 - clear  0.000000000, sequence: 0
source 0 - assert 1788046879.000000017, sequence: 3394 - clear  0.000000000, sequence: 0
source 0 - assert 1788046880.000000000, sequence: 3395 - clear  0.000000000, sequence: 0
source 0 - assert 1788046881.000000001, sequence: 3396 - clear  0.000000000, sequence: 0
source 0 - assert 1788046882.000000003, sequence: 3397 - clear  0.000000000, sequence: 0
source 0 - assert 1788046883.000000004, sequence: 3398 - clear  0.000000000, sequence: 0
source 0 - assert 1788046884.000000005, sequence: 3399 - clear  0.000000000, sequence: 0
source 0 - assert 1788046885.000000006, sequence: 3400 - clear  0.000000000, sequence: 0
source 0 - assert 1788046886.000000008, sequence: 3401 - clear  0.000000000, sequence: 0
source 0 - assert 1788046886.999999990, sequence: 3402 - clear  0.000000000, sequence: 0
source 0 - assert 1788046887.999999991, sequence: 3403 - clear  0.000000000, sequence: 0
source 0 - assert 1788046888.999999993, sequence: 3404 - clear  0.000000000, sequence: 0
source 0 - assert 1788046889.999999994, sequence: 3405 - clear  0.000000000, sequence: 0
source 0 - assert 1788046890.999999995, sequence: 3406 - clear  0.000000000, sequence: 0
source 0 - assert 1788046891.999999997, sequence: 3407 - clear  0.000000000, sequence: 0
source 0 - assert 1788046893.000000016, sequence: 3408 - clear  0.000000000, sequence: 0
source 0 - assert 1788046893.999999999, sequence: 3409 - clear  0.000000000, sequence: 0
source 0 - assert 1788046895.000000019, sequence: 3410 - clear  0.000000000, sequence: 0
source 0 - assert 1788046896.000000002, sequence: 3411 - clear  0.000000000, sequence: 0
source 0 - assert 1788046897.000000004, sequence: 3412 - clear  0.000000000, sequence: 0
source 0 - assert 1788046898.000000005, sequence: 3413 - clear  0.000000000, sequence: 0
source 0 - assert 1788046898.999999988, sequence: 3414 - clear  0.000000000, sequence: 0
source 0 - assert 1788046900.000000008, sequence: 3415 - clear  0.000000000, sequence: 0
source 0 - assert 1788046901.000000009, sequence: 3416 - clear  0.000000000, sequence: 0
source 0 - assert 1788046901.999999992, sequence: 3417 - clear  0.000000000, sequence: 0
source 0 - assert 1788046902.999999993, sequence: 3418 - clear  0.000000000, sequence: 0
source 0 - assert 1788046903.999999976, sequence: 3419 - clear  0.000000000, sequence: 0
source 0 - assert 1788046904.999999996, sequence: 3420 - clear  0.000000000, sequence: 0
source 0 - assert 1788046905.999999997, sequence: 3421 - clear  0.000000000, sequence: 0
source 0 - assert 1788046906.999999999, sequence: 3422 - clear  0.000000000, sequence: 0
source 0 - assert 1788046908.000000000, sequence: 3423 - clear  0.000000000, sequence: 0
source 0 - assert 1788046909.000000001, sequence: 3424 - clear  0.000000000, sequence: 0
source 0 - assert 1788046910.000000003, sequence: 3425 - clear  0.000000000, sequence: 0
source 0 - assert 1788046910.999999986, sequence: 3426 - clear  0.000000000, sequence: 0
source 0 - assert 1788046912.000000005, sequence: 3427 - clear  0.000000000, sequence: 0
source 0 - assert 1788046912.999999988, sequence: 3428 - clear  0.000000000, sequence: 0
source 0 - assert 1788046914.000000008, sequence: 3429 - clear  0.000000000, sequence: 0
source 0 - assert 1788046915.000000010, sequence: 3430 - clear  0.000000000, sequence: 0
source 0 - assert 1788046915.999999993, sequence: 3431 - clear  0.000000000, sequence: 0
source 0 - assert 1788046916.999999994, sequence: 3432 - clear  0.000000000, sequence: 0
source 0 - assert 1788046917.999999995, sequence: 3433 - clear  0.000000000, sequence: 0
source 0 - assert 1788046918.999999997, sequence: 3434 - clear  0.000000000, sequence: 0
source 0 - assert 1788046919.999999980, sequence: 3435 - clear  0.000000000, sequence: 0
source 0 - assert 1788046921.000000000, sequence: 3436 - clear  0.000000000, sequence: 0
source 0 - assert 1788046922.000000001, sequence: 3437 - clear  0.000000000, sequence: 0
source 0 - assert 1788046923.000000002, sequence: 3438 - clear  0.000000000, sequence: 0
source 0 - assert 1788046924.000000004, sequence: 3439 - clear  0.000000000, sequence: 0
source 0 - assert 1788046925.000000005, sequence: 3440 - clear  0.000000000, sequence: 0
source 0 - assert 1788046926.000000006, sequence: 3441 - clear  0.000000000, sequence: 0
source 0 - assert 1788046926.999999989, sequence: 3442 - clear  0.000000000, sequence: 0
source 0 - assert 1788046928.000000009, sequence: 3443 - clear  0.000000000, sequence: 0
source 0 - assert 1788046928.999999992, sequence: 3444 - clear  0.000000000, sequence: 0
source 0 - assert 1788046929.999999993, sequence: 3445 - clear  0.000000000, sequence: 0
source 0 - assert 1788046931.000000013, sequence: 3446 - clear  0.000000000, sequence: 0
source 0 - assert 1788046931.999999996, sequence: 3447 - clear  0.000000000, sequence: 0
source 0 - assert 1788046932.999999979, sequence: 3448 - clear  0.000000000, sequence: 0
source 0 - assert 1788046933.999999999, sequence: 3449 - clear  0.000000000, sequence: 0
source 0 - assert 1788046935.000000000, sequence: 3450 - clear  0.000000000, sequence: 0
source 0 - assert 1788046936.000000002, sequence: 3451 - clear  0.000000000, sequence: 0
source 0 - assert 1788046937.000000003, sequence: 3452 - clear  0.000000000, sequence: 0
source 0 - assert 1788046938.000000005, sequence: 3453 - clear  0.000000000, sequence: 0
source 0 - assert 1788046939.000000006, sequence: 3454 - clear  0.000000000, sequence: 0
source 0 - assert 1788046940.000000007, sequence: 3455 - clear  0.000000000, sequence: 0
source 0 - assert 1788046940.999999990, sequence: 3456 - clear  0.000000000, sequence: 0
source 0 - assert 1788046941.999999992, sequence: 3457 - clear  0.000000000, sequence: 0
source 0 - assert 1788046942.999999993, sequence: 3458 - clear  0.000000000, sequence: 0
source 0 - assert 1788046944.000000013, sequence: 3459 - clear  0.000000000, sequence: 0
source 0 - assert 1788046944.999999977, sequence: 3460 - clear  0.000000000, sequence: 0
source 0 - assert 1788046945.999999997, sequence: 3461 - clear  0.000000000, sequence: 0
source 0 - assert 1788046946.999999998, sequence: 3462 - clear  0.000000000, sequence: 0
source 0 - assert 1788046948.000000000, sequence: 3463 - clear  0.000000000, sequence: 0
source 0 - assert 1788046949.000000020, sequence: 3464 - clear  0.000000000, sequence: 0
source 0 - assert 1788046950.000000002, sequence: 3465 - clear  0.000000000, sequence: 0
source 0 - assert 1788046951.000000004, sequence: 3466 - clear  0.000000000, sequence: 0
source 0 - assert 1788046952.000000005, sequence: 3467 - clear  0.000000000, sequence: 0
source 0 - assert 1788046952.999999988, sequence: 3468 - clear  0.000000000, sequence: 0
source 0 - assert 1788046953.999999989, sequence: 3469 - clear  0.000000000, sequence: 0
source 0 - assert 1788046954.999999991, sequence: 3470 - clear  0.000000000, sequence: 0
source 0 - assert 1788046956.000000011, sequence: 3471 - clear  0.000000000, sequence: 0
source 0 - assert 1788046956.999999993, sequence: 3472 - clear  0.000000000, sequence: 0
source 0 - assert 1788046958.000000013, sequence: 3473 - clear  0.000000000, sequence: 0
source 0 - assert 1788046959.000000015, sequence: 3474 - clear  0.000000000, sequence: 0
source 0 - assert 1788046959.999999998, sequence: 3475 - clear  0.000000000, sequence: 0
source 0 - assert 1788046960.999999999, sequence: 3476 - clear  0.000000000, sequence: 0
source 0 - assert 1788046962.000000019, sequence: 3477 - clear  0.000000000, sequence: 0
source 0 - assert 1788046963.000000021, sequence: 3478 - clear  0.000000000, sequence: 0
source 0 - assert 1788046964.000000003, sequence: 3479 - clear  0.000000000, sequence: 0
source 0 - assert 1788046965.000000023, sequence: 3480 - clear  0.000000000, sequence: 0
source 0 - assert 1788046966.000000006, sequence: 3481 - clear  0.000000000, sequence: 0
source 0 - assert 1788046966.999999988, sequence: 3482 - clear  0.000000000, sequence: 0
source 0 - assert 1788046967.999999990, sequence: 3483 - clear  0.000000000, sequence: 0
source 0 - assert 1788046968.999999991, sequence: 3484 - clear  0.000000000, sequence: 0
source 0 - assert 1788046970.000000010, sequence: 3485 - clear  0.000000000, sequence: 0
source 0 - assert 1788046971.000000012, sequence: 3486 - clear  0.000000000, sequence: 0
source 0 - assert 1788046971.999999995, sequence: 3487 - clear  0.000000000, sequence: 0
source 0 - assert 1788046973.000000014, sequence: 3488 - clear  0.000000000, sequence: 0
source 0 - assert 1788046973.999999997, sequence: 3489 - clear  0.000000000, sequence: 0
source 0 - assert 1788046974.999999999, sequence: 3490 - clear  0.000000000, sequence: 0
source 0 - assert 1788046976.000000037, sequence: 3491 - clear  0.000000000, sequence: 0
source 0 - assert 1788046977.000000001, sequence: 3492 - clear  0.000000000, sequence: 0
source 0 - assert 1788046978.000000021, sequence: 3493 - clear  0.000000000, sequence: 0
source 0 - assert 1788046979.000000004, sequence: 3494 - clear  0.000000000, sequence: 0
source 0 - assert 1788046980.000000005, sequence: 3495 - clear  0.000000000, sequence: 0
source 0 - assert 1788046981.000000007, sequence: 3496 - clear  0.000000000, sequence: 0
source 0 - assert 1788046982.000000008, sequence: 3497 - clear  0.000000000, sequence: 0
source 0 - assert 1788046983.000000009, sequence: 3498 - clear  0.000000000, sequence: 0
source 0 - assert 1788046984.000000010, sequence: 3499 - clear  0.000000000, sequence: 0
source 0 - assert 1788046984.999999993, sequence: 3500 - clear  0.000000000, sequence: 0
source 0 - assert 1788046986.000000013, sequence: 3501 - clear  0.000000000, sequence: 0
source 0 - assert 1788046987.000000014, sequence: 3502 - clear  0.000000000, sequence: 0
source 0 - assert 1788046987.999999997, sequence: 3503 - clear  0.000000000, sequence: 0
source 0 - assert 1788046988.999999998, sequence: 3504 - clear  0.000000000, sequence: 0
source 0 - assert 1788046990.000000018, sequence: 3505 - clear  0.000000000, sequence: 0
source 0 - assert 1788046991.000000000, sequence: 3506 - clear  0.000000000, sequence: 0
source 0 - assert 1788046992.000000002, sequence: 3507 - clear  0.000000000, sequence: 0
source 0 - assert 1788046993.000000003, sequence: 3508 - clear  0.000000000, sequence: 0
source 0 - assert 1788046994.000000023, sequence: 3509 - clear  0.000000000, sequence: 0
source 0 - assert 1788046995.000000005, sequence: 3510 - clear  0.000000000, sequence: 0
source 0 - assert 1788046995.999999988, sequence: 3511 - clear  0.000000000, sequence: 0
source 0 - assert 1788046997.000000008, sequence: 3512 - clear  0.000000000, sequence: 0
source 0 - assert 1788046998.000000009, sequence: 3513 - clear  0.000000000, sequence: 0
source 0 - assert 1788046998.999999992, sequence: 3514 - clear  0.000000000, sequence: 0
source 0 - assert 1788047000.000000012, sequence: 3515 - clear  0.000000000, sequence: 0
source 0 - assert 1788047000.999999994, sequence: 3516 - clear  0.000000000, sequence: 0
source 0 - assert 1788047001.999999996, sequence: 3517 - clear  0.000000000, sequence: 0
source 0 - assert 1788047002.999999997, sequence: 3518 - clear  0.000000000, sequence: 0
source 0 - assert 1788047003.999999980, sequence: 3519 - clear  0.000000000, sequence: 0
source 0 - assert 1788047005.000000000, sequence: 3520 - clear  0.000000000, sequence: 0
source 0 - assert 1788047006.000000020, sequence: 3521 - clear  0.000000000, sequence: 0
source 0 - assert 1788047007.000000002, sequence: 3522 - clear  0.000000000, sequence: 0
source 0 - assert 1788047008.000000022, sequence: 3523 - clear  0.000000000, sequence: 0
source 0 - assert 1788047008.999999986, sequence: 3524 - clear  0.000000000, sequence: 0
source 0 - assert 1788047009.999999988, sequence: 3525 - clear  0.000000000, sequence: 0
source 0 - assert 1788047010.999999989, sequence: 3526 - clear  0.000000000, sequence: 0
source 0 - assert 1788047012.000000009, sequence: 3527 - clear  0.000000000, sequence: 0
source 0 - assert 1788047013.000000010, sequence: 3528 - clear  0.000000000, sequence: 0
source 0 - assert 1788047014.000000011, sequence: 3529 - clear  0.000000000, sequence: 0
source 0 - assert 1788047014.999999994, sequence: 3530 - clear  0.000000000, sequence: 0
source 0 - assert 1788047016.000000014, sequence: 3531 - clear  0.000000000, sequence: 0
source 0 - assert 1788047016.999999997, sequence: 3532 - clear  0.000000000, sequence: 0
source 0 - assert 1788047018.000000016, sequence: 3533 - clear  0.000000000, sequence: 0
source 0 - assert 1788047018.999999999, sequence: 3534 - clear  0.000000000, sequence: 0
source 0 - assert 1788047020.000000001, sequence: 3535 - clear  0.000000000, sequence: 0
source 0 - assert 1788047021.000000002, sequence: 3536 - clear  0.000000000, sequence: 0
source 0 - assert 1788047022.000000022, sequence: 3537 - clear  0.000000000, sequence: 0
source 0 - assert 1788047023.000000005, sequence: 3538 - clear  0.000000000, sequence: 0
source 0 - assert 1788047023.999999987, sequence: 3539 - clear  0.000000000, sequence: 0
source 0 - assert 1788047025.000000007, sequence: 3540 - clear  0.000000000, sequence: 0
source 0 - assert 1788047026.000000008, sequence: 3541 - clear  0.000000000, sequence: 0
source 0 - assert 1788047027.000000010, sequence: 3542 - clear  0.000000000, sequence: 0
source 0 - assert 1788047027.999999992, sequence: 3543 - clear  0.000000000, sequence: 0
source 0 - assert 1788047028.999999993, sequence: 3544 - clear  0.000000000, sequence: 0
source 0 - assert 1788047030.000000032, sequence: 3545 - clear  0.000000000, sequence: 0
source 0 - assert 1788047031.000000015, sequence: 3546 - clear  0.000000000, sequence: 0
source 0 - assert 1788047032.000000016, sequence: 3547 - clear  0.000000000, sequence: 0
source 0 - assert 1788047033.000000017, sequence: 3548 - clear  0.000000000, sequence: 0
source 0 - assert 1788047034.000000000, sequence: 3549 - clear  0.000000000, sequence: 0
source 0 - assert 1788047034.999999982, sequence: 3550 - clear  0.000000000, sequence: 0
source 0 - assert 1788047036.000000002, sequence: 3551 - clear  0.000000000, sequence: 0
source 0 - assert 1788047037.000000003, sequence: 3552 - clear  0.000000000, sequence: 0
source 0 - assert 1788047037.999999986, sequence: 3553 - clear  0.000000000, sequence: 0
source 0 - assert 1788047038.999999987, sequence: 3554 - clear  0.000000000, sequence: 0
source 0 - assert 1788047040.000000007, sequence: 3555 - clear  0.000000000, sequence: 0
source 0 - assert 1788047040.999999990, sequence: 3556 - clear  0.000000000, sequence: 0
source 0 - assert 1788047041.999999991, sequence: 3557 - clear  0.000000000, sequence: 0
source 0 - assert 1788047043.000000011, sequence: 3558 - clear  0.000000000, sequence: 0
source 0 - assert 1788047044.000000012, sequence: 3559 - clear  0.000000000, sequence: 0
source 0 - assert 1788047044.999999995, sequence: 3560 - clear  0.000000000, sequence: 0
source 0 - assert 1788047046.000000015, sequence: 3561 - clear  0.000000000, sequence: 0
source 0 - assert 1788047046.999999998, sequence: 3562 - clear  0.000000000, sequence: 0
source 0 - assert 1788047047.999999980, sequence: 3563 - clear  0.000000000, sequence: 0
source 0 - assert 1788047048.999999982, sequence: 3564 - clear  0.000000000, sequence: 0
source 0 - assert 1788047050.000000001, sequence: 3565 - clear  0.000000000, sequence: 0
source 0 - assert 1788047051.000000021, sequence: 3566 - clear  0.000000000, sequence: 0
source 0 - assert 1788047051.999999986, sequence: 3567 - clear  0.000000000, sequence: 0
source 0 - assert 1788047052.999999987, sequence: 3568 - clear  0.000000000, sequence: 0
source 0 - assert 1788047054.000000007, sequence: 3569 - clear  0.000000000, sequence: 0
source 0 - assert 1788047054.999999990, sequence: 3570 - clear  0.000000000, sequence: 0
source 0 - assert 1788047055.999999991, sequence: 3571 - clear  0.000000000, sequence: 0
source 0 - assert 1788047056.999999993, sequence: 3572 - clear  0.000000000, sequence: 0
source 0 - assert 1788047058.000000013, sequence: 3573 - clear  0.000000000, sequence: 0
source 0 - assert 1788047058.999999996, sequence: 3574 - clear  0.000000000, sequence: 0
source 0 - assert 1788047059.999999979, sequence: 3575 - clear  0.000000000, sequence: 0
source 0 - assert 1788047060.999999980, sequence: 3576 - clear  0.000000000, sequence: 0
source 0 - assert 1788047062.000000000, sequence: 3577 - clear  0.000000000, sequence: 0
source 0 - assert 1788047062.999999983, sequence: 3578 - clear  0.000000000, sequence: 0
source 0 - assert 1788047064.000000022, sequence: 3579 - clear  0.000000000, sequence: 0
source 0 - assert 1788047064.999999986, sequence: 3580 - clear  0.000000000, sequence: 0
source 0 - assert 1788047066.000000006, sequence: 3581 - clear  0.000000000, sequence: 0
source 0 - assert 1788047067.000000008, sequence: 3582 - clear  0.000000000, sequence: 0
source 0 - assert 1788047068.000000009, sequence: 3583 - clear  0.000000000, sequence: 0
source 0 - assert 1788047068.999999992, sequence: 3584 - clear  0.000000000, sequence: 0
source 0 - assert 1788047069.999999993, sequence: 3585 - clear  0.000000000, sequence: 0
source 0 - assert 1788047070.999999995, sequence: 3586 - clear  0.000000000, sequence: 0
source 0 - assert 1788047072.000000015, sequence: 3587 - clear  0.000000000, sequence: 0
source 0 - assert 1788047072.999999997, sequence: 3588 - clear  0.000000000, sequence: 0
source 0 - assert 1788047073.999999999, sequence: 3589 - clear  0.000000000, sequence: 0
source 0 - assert 1788047075.000000000, sequence: 3590 - clear  0.000000000, sequence: 0
source 0 - assert 1788047076.000000001, sequence: 3591 - clear  0.000000000, sequence: 0
source 0 - assert 1788047077.000000003, sequence: 3592 - clear  0.000000000, sequence: 0
source 0 - assert 1788047078.000000023, sequence: 3593 - clear  0.000000000, sequence: 0
source 0 - assert 1788047078.999999987, sequence: 3594 - clear  0.000000000, sequence: 0
source 0 - assert 1788047080.000000007, sequence: 3595 - clear  0.000000000, sequence: 0
source 0 - assert 1788047081.000000008, sequence: 3596 - clear  0.000000000, sequence: 0
source 0 - assert 1788047082.000000009, sequence: 3597 - clear  0.000000000, sequence: 0
source 0 - assert 1788047083.000000011, sequence: 3598 - clear  0.000000000, sequence: 0
source 0 - assert 1788047083.999999993, sequence: 3599 - clear  0.000000000, sequence: 0
source 0 - assert 1788047084.999999995, sequence: 3600 - clear  0.000000000, sequence: 0
source 0 - assert 1788047085.999999996, sequence: 3601 - clear  0.000000000, sequence: 0
source 0 - assert 1788047086.999999997, sequence: 3602 - clear  0.000000000, sequence: 0
source 0 - assert 1788047087.999999999, sequence: 3603 - clear  0.000000000, sequence: 0
source 0 - assert 1788047089.000000000, sequence: 3604 - clear  0.000000000, sequence: 0
source 0 - assert 1788047090.000000001, sequence: 3605 - clear  0.000000000, sequence: 0
source 0 - assert 1788047091.000000003, sequence: 3606 - clear  0.000000000, sequence: 0
source 0 - assert 1788047092.000000004, sequence: 3607 - clear  0.000000000, sequence: 0
source 0 - assert 1788047093.000000005, sequence: 3608 - clear  0.000000000, sequence: 0
source 0 - assert 1788047093.999999988, sequence: 3609 - clear  0.000000000, sequence: 0
source 0 - assert 1788047095.000000008, sequence: 3610 - clear  0.000000000, sequence: 0
source 0 - assert 1788047096.000000009, sequence: 3611 - clear  0.000000000, sequence: 0
source 0 - assert 1788047096.999999992, sequence: 3612 - clear  0.000000000, sequence: 0
source 0 - assert 1788047097.999999993, sequence: 3613 - clear  0.000000000, sequence: 0
source 0 - assert 1788047099.000000013, sequence: 3614 - clear  0.000000000, sequence: 0
source 0 - assert 1788047099.999999978, sequence: 3615 - clear  0.000000000, sequence: 0
source 0 - assert 1788047100.999999997, sequence: 3616 - clear  0.000000000, sequence: 0
source 0 - assert 1788047101.999999999, sequence: 3617 - clear  0.000000000, sequence: 0
source 0 - assert 1788047103.000000019, sequence: 3618 - clear  0.000000000, sequence: 0
source 0 - assert 1788047103.999999983, sequence: 3619 - clear  0.000000000, sequence: 0
source 0 - assert 1788047104.999999984, sequence: 3620 - clear  0.000000000, sequence: 0
source 0 - assert 1788047105.999999985, sequence: 3621 - clear  0.000000000, sequence: 0
source 0 - assert 1788047106.999999987, sequence: 3622 - clear  0.000000000, sequence: 0
source 0 - assert 1788047108.000000007, sequence: 3623 - clear  0.000000000, sequence: 0
source 0 - assert 1788047108.999999989, sequence: 3624 - clear  0.000000000, sequence: 0
source 0 - assert 1788047109.999999991, sequence: 3625 - clear  0.000000000, sequence: 0
source 0 - assert 1788047110.999999992, sequence: 3626 - clear  0.000000000, sequence: 0
source 0 - assert 1788047112.000000012, sequence: 3627 - clear  0.000000000, sequence: 0
source 0 - assert 1788047112.999999995, sequence: 3628 - clear  0.000000000, sequence: 0
source 0 - assert 1788047113.999999996, sequence: 3629 - clear  0.000000000, sequence: 0
source 0 - assert 1788047114.999999979, sequence: 3630 - clear  0.000000000, sequence: 0
source 0 - assert 1788047115.999999999, sequence: 3631 - clear  0.000000000, sequence: 0
source 0 - assert 1788047117.000000001, sequence: 3632 - clear  0.000000000, sequence: 0
source 0 - assert 1788047118.000000002, sequence: 3633 - clear  0.000000000, sequence: 0
source 0 - assert 1788047118.999999985, sequence: 3634 - clear  0.000000000, sequence: 0
source 0 - assert 1788047119.999999986, sequence: 3635 - clear  0.000000000, sequence: 0
source 0 - assert 1788047121.000000006, sequence: 3636 - clear  0.000000000, sequence: 0
source 0 - assert 1788047122.000000007, sequence: 3637 - clear  0.000000000, sequence: 0
source 0 - assert 1788047122.999999990, sequence: 3638 - clear  0.000000000, sequence: 0
source 0 - assert 1788047123.999999991, sequence: 3639 - clear  0.000000000, sequence: 0
source 0 - assert 1788047125.000000011, sequence: 3640 - clear  0.000000000, sequence: 0
source 0 - assert 1788047125.999999994, sequence: 3641 - clear  0.000000000, sequence: 0
source 0 - assert 1788047126.999999996, sequence: 3642 - clear  0.000000000, sequence: 0
source 0 - assert 1788047127.999999997, sequence: 3643 - clear  0.000000000, sequence: 0
source 0 - assert 1788047128.999999999, sequence: 3644 - clear  0.000000000, sequence: 0
source 0 - assert 1788047130.000000000, sequence: 3645 - clear  0.000000000, sequence: 0
source 0 - assert 1788047130.999999983, sequence: 3646 - clear  0.000000000, sequence: 0
source 0 - assert 1788047132.000000003, sequence: 3647 - clear  0.000000000, sequence: 0
source 0 - assert 1788047133.000000004, sequence: 3648 - clear  0.000000000, sequence: 0
source 0 - assert 1788047133.999999987, sequence: 3649 - clear  0.000000000, sequence: 0
source 0 - assert 1788047134.999999988, sequence: 3650 - clear  0.000000000, sequence: 0
source 0 - assert 1788047135.999999990, sequence: 3651 - clear  0.000000000, sequence: 0
source 0 - assert 1788047136.999999991, sequence: 3652 - clear  0.000000000, sequence: 0
source 0 - assert 1788047137.999999992, sequence: 3653 - clear  0.000000000, sequence: 0
source 0 - assert 1788047138.999999994, sequence: 3654 - clear  0.000000000, sequence: 0
source 0 - assert 1788047139.999999995, sequence: 3655 - clear  0.000000000, sequence: 0
source 0 - assert 1788047140.999999997, sequence: 3656 - clear  0.000000000, sequence: 0
source 0 - assert 1788047141.999999998, sequence: 3657 - clear  0.000000000, sequence: 0
source 0 - assert 1788047142.999999981, sequence: 3658 - clear  0.000000000, sequence: 0
source 0 - assert 1788047143.999999982, sequence: 3659 - clear  0.000000000, sequence: 0
source 0 - assert 1788047145.000000002, sequence: 3660 - clear  0.000000000, sequence: 0
source 0 - assert 1788047145.999999985, sequence: 3661 - clear  0.000000000, sequence: 0
source 0 - assert 1788047147.000000005, sequence: 3662 - clear  0.000000000, sequence: 0
source 0 - assert 1788047148.000000007, sequence: 3663 - clear  0.000000000, sequence: 0
source 0 - assert 1788047148.999999990, sequence: 3664 - clear  0.000000000, sequence: 0
source 0 - assert 1788047149.999999992, sequence: 3665 - clear  0.000000000, sequence: 0
source 0 - assert 1788047150.999999993, sequence: 3666 - clear  0.000000000, sequence: 0
source 0 - assert 1788047152.000000013, sequence: 3667 - clear  0.000000000, sequence: 0
source 0 - assert 1788047152.999999996, sequence: 3668 - clear  0.000000000, sequence: 0
source 0 - assert 1788047153.999999979, sequence: 3669 - clear  0.000000000, sequence: 0
source 0 - assert 1788047154.999999999, sequence: 3670 - clear  0.000000000, sequence: 0
source 0 - assert 1788047155.999999981, sequence: 3671 - clear  0.000000000, sequence: 0
source 0 - assert 1788047157.000000001, sequence: 3672 - clear  0.000000000, sequence: 0
source 0 - assert 1788047158.000000021, sequence: 3673 - clear  0.000000000, sequence: 0
source 0 - assert 1788047159.000000004, sequence: 3674 - clear  0.000000000, sequence: 0
source 0 - assert 1788047159.999999987, sequence: 3675 - clear  0.000000000, sequence: 0
source 0 - assert 1788047160.999999989, sequence: 3676 - clear  0.000000000, sequence: 0
source 0 - assert 1788047161.999999991, sequence: 3677 - clear  0.000000000, sequence: 0
source 0 - assert 1788047162.999999995, sequence: 3678 - clear  0.000000000, sequence: 0
source 0 - assert 1788047163.999999998, sequence: 3679 - clear  0.000000000, sequence: 0
source 0 - assert 1788047164.999999999, sequence: 3680 - clear  0.000000000, sequence: 0
source 0 - assert 1788047165.999999982, sequence: 3681 - clear  0.000000000, sequence: 0
source 0 - assert 1788047166.999999983, sequence: 3682 - clear  0.000000000, sequence: 0
source 0 - assert 1788047168.000000022, sequence: 3683 - clear  0.000000000, sequence: 0
source 0 - assert 1788047169.000000005, sequence: 3684 - clear  0.000000000, sequence: 0
source 0 - assert 1788047170.000000006, sequence: 3685 - clear  0.000000000, sequence: 0
source 0 - assert 1788047171.000000026, sequence: 3686 - clear  0.000000000, sequence: 0
source 0 - assert 1788047171.999999990, sequence: 3687 - clear  0.000000000, sequence: 0
source 0 - assert 1788047173.000000010, sequence: 3688 - clear  0.000000000, sequence: 0
source 0 - assert 1788047174.000000012, sequence: 3689 - clear  0.000000000, sequence: 0
source 0 - assert 1788047175.000000013, sequence: 3690 - clear  0.000000000, sequence: 0
source 0 - assert 1788047176.000000033, sequence: 3691 - clear  0.000000000, sequence: 0
source 0 - assert 1788047176.999999997, sequence: 3692 - clear  0.000000000, sequence: 0
source 0 - assert 1788047177.999999999, sequence: 3693 - clear  0.000000000, sequence: 0
source 0 - assert 1788047179.000000000, sequence: 3694 - clear  0.000000000, sequence: 0
source 0 - assert 1788047180.000000001, sequence: 3695 - clear  0.000000000, sequence: 0
source 0 - assert 1788047181.000000003, sequence: 3696 - clear  0.000000000, sequence: 0
source 0 - assert 1788047182.000000004, sequence: 3697 - clear  0.000000000, sequence: 0
source 0 - assert 1788047182.999999987, sequence: 3698 - clear  0.000000000, sequence: 0
source 0 - assert 1788047183.999999988, sequence: 3699 - clear  0.000000000, sequence: 0
source 0 - assert 1788047184.999999990, sequence: 3700 - clear  0.000000000, sequence: 0
source 0 - assert 1788047186.000000010, sequence: 3701 - clear  0.000000000, sequence: 0
source 0 - assert 1788047187.000000011, sequence: 3702 - clear  0.000000000, sequence: 0
source 0 - assert 1788047187.999999994, sequence: 3703 - clear  0.000000000, sequence: 0
source 0 - assert 1788047189.000000014, sequence: 3704 - clear  0.000000000, sequence: 0
source 0 - assert 1788047189.999999997, sequence: 3705 - clear  0.000000000, sequence: 0
source 0 - assert 1788047190.999999998, sequence: 3706 - clear  0.000000000, sequence: 0
source 0 - assert 1788047191.999999999, sequence: 3707 - clear  0.000000000, sequence: 0
source 0 - assert 1788047193.000000001, sequence: 3708 - clear  0.000000000, sequence: 0
source 0 - assert 1788047194.000000002, sequence: 3709 - clear  0.000000000, sequence: 0
source 0 - assert 1788047195.000000004, sequence: 3710 - clear  0.000000000, sequence: 0
source 0 - assert 1788047196.000000005, sequence: 3711 - clear  0.000000000, sequence: 0
source 0 - assert 1788047196.999999988, sequence: 3712 - clear  0.000000000, sequence: 0
source 0 - assert 1788047198.000000008, sequence: 3713 - clear  0.000000000, sequence: 0
source 0 - assert 1788047198.999999991, sequence: 3714 - clear  0.000000000, sequence: 0
source 0 - assert 1788047200.000000011, sequence: 3715 - clear  0.000000000, sequence: 0
source 0 - assert 1788047200.999999993, sequence: 3716 - clear  0.000000000, sequence: 0
source 0 - assert 1788047202.000000013, sequence: 3717 - clear  0.000000000, sequence: 0
source 0 - assert 1788047202.999999996, sequence: 3718 - clear  0.000000000, sequence: 0
source 0 - assert 1788047204.000000016, sequence: 3719 - clear  0.000000000, sequence: 0
source 0 - assert 1788047204.999999999, sequence: 3720 - clear  0.000000000, sequence: 0
source 0 - assert 1788047206.000000000, sequence: 3721 - clear  0.000000000, sequence: 0
source 0 - assert 1788047207.000000002, sequence: 3722 - clear  0.000000000, sequence: 0
source 0 - assert 1788047208.000000003, sequence: 3723 - clear  0.000000000, sequence: 0
source 0 - assert 1788047209.000000005, sequence: 3724 - clear  0.000000000, sequence: 0
source 0 - assert 1788047210.000000006, sequence: 3725 - clear  0.000000000, sequence: 0
source 0 - assert 1788047210.999999988, sequence: 3726 - clear  0.000000000, sequence: 0
source 0 - assert 1788047212.000000008, sequence: 3727 - clear  0.000000000, sequence: 0
source 0 - assert 1788047213.000000009, sequence: 3728 - clear  0.000000000, sequence: 0
source 0 - assert 1788047213.999999991, sequence: 3729 - clear  0.000000000, sequence: 0
source 0 - assert 1788047214.999999993, sequence: 3730 - clear  0.000000000, sequence: 0
source 0 - assert 1788047216.000000031, sequence: 3731 - clear  0.000000000, sequence: 0
source 0 - assert 1788047217.000000014, sequence: 3732 - clear  0.000000000, sequence: 0
source 0 - assert 1788047218.000000034, sequence: 3733 - clear  0.000000000, sequence: 0
source 0 - assert 1788047218.999999998, sequence: 3734 - clear  0.000000000, sequence: 0
source 0 - assert 1788047219.999999999, sequence: 3735 - clear  0.000000000, sequence: 0
source 0 - assert 1788047221.000000001, sequence: 3736 - clear  0.000000000, sequence: 0
source 0 - assert 1788047222.000000020, sequence: 3737 - clear  0.000000000, sequence: 0
source 0 - assert 1788047223.000000003, sequence: 3738 - clear  0.000000000, sequence: 0
source 0 - assert 1788047224.000000005, sequence: 3739 - clear  0.000000000, sequence: 0
source 0 - assert 1788047225.000000006, sequence: 3740 - clear  0.000000000, sequence: 0
source 0 - assert 1788047225.999999989, sequence: 3741 - clear  0.000000000, sequence: 0
source 0 - assert 1788047226.999999990, sequence: 3742 - clear  0.000000000, sequence: 0
source 0 - assert 1788047228.000000010, sequence: 3743 - clear  0.000000000, sequence: 0
source 0 - assert 1788047228.999999993, sequence: 3744 - clear  0.000000000, sequence: 0
source 0 - assert 1788047229.999999994, sequence: 3745 - clear  0.000000000, sequence: 0
source 0 - assert 1788047230.999999996, sequence: 3746 - clear  0.000000000, sequence: 0
source 0 - assert 1788047232.000000015, sequence: 3747 - clear  0.000000000, sequence: 0
source 0 - assert 1788047232.999999998, sequence: 3748 - clear  0.000000000, sequence: 0
source 0 - assert 1788047234.000000000, sequence: 3749 - clear  0.000000000, sequence: 0
source 0 - assert 1788047235.000000001, sequence: 3750 - clear  0.000000000, sequence: 0
source 0 - assert 1788047236.000000021, sequence: 3751 - clear  0.000000000, sequence: 0
source 0 - assert 1788047237.000000004, sequence: 3752 - clear  0.000000000, sequence: 0
source 0 - assert 1788047238.000000005, sequence: 3753 - clear  0.000000000, sequence: 0
source 0 - assert 1788047239.000000007, sequence: 3754 - clear  0.000000000, sequence: 0
source 0 - assert 1788047240.000000008, sequence: 3755 - clear  0.000000000, sequence: 0
source 0 - assert 1788047241.000000009, sequence: 3756 - clear  0.000000000, sequence: 0
source 0 - assert 1788047241.999999992, sequence: 3757 - clear  0.000000000, sequence: 0
source 0 - assert 1788047242.999999994, sequence: 3758 - clear  0.000000000, sequence: 0
source 0 - assert 1788047244.000000013, sequence: 3759 - clear  0.000000000, sequence: 0
source 0 - assert 1788047244.999999996, sequence: 3760 - clear  0.000000000, sequence: 0
source 0 - assert 1788047245.999999998, sequence: 3761 - clear  0.000000000, sequence: 0
source 0 - assert 1788047246.999999999, sequence: 3762 - clear  0.000000000, sequence: 0
source 0 - assert 1788047248.000000000, sequence: 3763 - clear  0.000000000, sequence: 0
source 0 - assert 1788047248.999999983, sequence: 3764 - clear  0.000000000, sequence: 0
source 0 - assert 1788047250.000000003, sequence: 3765 - clear  0.000000000, sequence: 0
source 0 - assert 1788047251.000000004, sequence: 3766 - clear  0.000000000, sequence: 0
source 0 - assert 1788047252.000000024, sequence: 3767 - clear  0.000000000, sequence: 0
source 0 - assert 1788047252.999999989, sequence: 3768 - clear  0.000000000, sequence: 0
source 0 - assert 1788047254.000000009, sequence: 3769 - clear  0.000000000, sequence: 0
source 0 - assert 1788047254.999999991, sequence: 3770 - clear  0.000000000, sequence: 0
source 0 - assert 1788047256.000000011, sequence: 3771 - clear  0.000000000, sequence: 0
source 0 - assert 1788047257.000000013, sequence: 3772 - clear  0.000000000, sequence: 0
source 0 - assert 1788047257.999999996, sequence: 3773 - clear  0.000000000, sequence: 0
source 0 - assert 1788047258.999999997, sequence: 3774 - clear  0.000000000, sequence: 0
source 0 - assert 1788047260.000000017, sequence: 3775 - clear  0.000000000, sequence: 0
source 0 - assert 1788047261.000000000, sequence: 3776 - clear  0.000000000, sequence: 0
source 0 - assert 1788047262.000000001, sequence: 3777 - clear  0.000000000, sequence: 0
source 0 - assert 1788047263.000000002, sequence: 3778 - clear  0.000000000, sequence: 0
source 0 - assert 1788047263.999999985, sequence: 3779 - clear  0.000000000, sequence: 0
source 0 - assert 1788047265.000000024, sequence: 3780 - clear  0.000000000, sequence: 0
source 0 - assert 1788047266.000000006, sequence: 3781 - clear  0.000000000, sequence: 0
source 0 - assert 1788047266.999999989, sequence: 3782 - clear  0.000000000, sequence: 0
source 0 - assert 1788047267.999999991, sequence: 3783 - clear  0.000000000, sequence: 0
source 0 - assert 1788047269.000000011, sequence: 3784 - clear  0.000000000, sequence: 0
source 0 - assert 1788047269.999999993, sequence: 3785 - clear  0.000000000, sequence: 0
source 0 - assert 1788047270.999999995, sequence: 3786 - clear  0.000000000, sequence: 0
source 0 - assert 1788047271.999999996, sequence: 3787 - clear  0.000000000, sequence: 0
source 0 - assert 1788047272.999999997, sequence: 3788 - clear  0.000000000, sequence: 0
source 0 - assert 1788047273.999999999, sequence: 3789 - clear  0.000000000, sequence: 0
source 0 - assert 1788047275.000000019, sequence: 3790 - clear  0.000000000, sequence: 0
source 0 - assert 1788047275.999999983, sequence: 3791 - clear  0.000000000, sequence: 0
source 0 - assert 1788047277.000000003, sequence: 3792 - clear  0.000000000, sequence: 0
source 0 - assert 1788047278.000000004, sequence: 3793 - clear  0.000000000, sequence: 0
source 0 - assert 1788047279.000000006, sequence: 3794 - clear  0.000000000, sequence: 0
source 0 - assert 1788047279.999999988, sequence: 3795 - clear  0.000000000, sequence: 0
source 0 - assert 1788047280.999999990, sequence: 3796 - clear  0.000000000, sequence: 0
source 0 - assert 1788047282.000000010, sequence: 3797 - clear  0.000000000, sequence: 0
source 0 - assert 1788047282.999999992, sequence: 3798 - clear  0.000000000, sequence: 0
source 0 - assert 1788047284.000000012, sequence: 3799 - clear  0.000000000, sequence: 0
source 0 - assert 1788047284.999999995, sequence: 3800 - clear  0.000000000, sequence: 0
source 0 - assert 1788047285.999999997, sequence: 3801 - clear  0.000000000, sequence: 0
source 0 - assert 1788047286.999999998, sequence: 3802 - clear  0.000000000, sequence: 0
source 0 - assert 1788047287.999999981, sequence: 3803 - clear  0.000000000, sequence: 0
source 0 - assert 1788047289.000000001, sequence: 3804 - clear  0.000000000, sequence: 0
source 0 - assert 1788047290.000000002, sequence: 3805 - clear  0.000000000, sequence: 0
source 0 - assert 1788047291.000000003, sequence: 3806 - clear  0.000000000, sequence: 0
source 0 - assert 1788047291.999999986, sequence: 3807 - clear  0.000000000, sequence: 0
source 0 - assert 1788047293.000000006, sequence: 3808 - clear  0.000000000, sequence: 0
source 0 - assert 1788047293.999999989, sequence: 3809 - clear  0.000000000, sequence: 0
source 0 - assert 1788047294.999999990, sequence: 3810 - clear  0.000000000, sequence: 0
source 0 - assert 1788047295.999999992, sequence: 3811 - clear  0.000000000, sequence: 0
source 0 - assert 1788047297.000000012, sequence: 3812 - clear  0.000000000, sequence: 0
source 0 - assert 1788047298.000000013, sequence: 3813 - clear  0.000000000, sequence: 0
source 0 - assert 1788047298.999999996, sequence: 3814 - clear  0.000000000, sequence: 0
source 0 - assert 1788047299.999999979, sequence: 3815 - clear  0.000000000, sequence: 0
source 0 - assert 1788047300.999999998, sequence: 3816 - clear  0.000000000, sequence: 0
source 0 - assert 1788047301.999999981, sequence: 3817 - clear  0.000000000, sequence: 0
source 0 - assert 1788047303.000000001, sequence: 3818 - clear  0.000000000, sequence: 0
source 0 - assert 1788047304.000000003, sequence: 3819 - clear  0.000000000, sequence: 0
source 0 - assert 1788047304.999999985, sequence: 3820 - clear  0.000000000, sequence: 0
source 0 - assert 1788047305.999999987, sequence: 3821 - clear  0.000000000, sequence: 0
source 0 - assert 1788047307.000000007, sequence: 3822 - clear  0.000000000, sequence: 0
source 0 - assert 1788047307.999999990, sequence: 3823 - clear  0.000000000, sequence: 0
source 0 - assert 1788047308.999999992, sequence: 3824 - clear  0.000000000, sequence: 0
source 0 - assert 1788047309.999999994, sequence: 3825 - clear  0.000000000, sequence: 0
source 0 - assert 1788047311.000000014, sequence: 3826 - clear  0.000000000, sequence: 0
source 0 - assert 1788047311.999999997, sequence: 3827 - clear  0.000000000, sequence: 0
source 0 - assert 1788047312.999999980, sequence: 3828 - clear  0.000000000, sequence: 0
source 0 - assert 1788047313.999999982, sequence: 3829 - clear  0.000000000, sequence: 0
source 0 - assert 1788047315.000000001, sequence: 3830 - clear  0.000000000, sequence: 0
source 0 - assert 1788047316.000000003, sequence: 3831 - clear  0.000000000, sequence: 0
source 0 - assert 1788047317.000000004, sequence: 3832 - clear  0.000000000, sequence: 0
source 0 - assert 1788047318.000000006, sequence: 3833 - clear  0.000000000, sequence: 0
source 0 - assert 1788047318.999999989, sequence: 3834 - clear  0.000000000, sequence: 0
source 0 - assert 1788047319.999999990, sequence: 3835 - clear  0.000000000, sequence: 0
source 0 - assert 1788047320.999999991, sequence: 3836 - clear  0.000000000, sequence: 0
source 0 - assert 1788047321.999999974, sequence: 3837 - clear  0.000000000, sequence: 0
source 0 - assert 1788047323.000000013, sequence: 3838 - clear  0.000000000, sequence: 0
source 0 - assert 1788047323.999999996, sequence: 3839 - clear  0.000000000, sequence: 0
source 0 - assert 1788047324.999999998, sequence: 3840 - clear  0.000000000, sequence: 0
source 0 - assert 1788047325.999999981, sequence: 3841 - clear  0.000000000, sequence: 0
source 0 - assert 1788047327.000000019, sequence: 3842 - clear  0.000000000, sequence: 0
source 0 - assert 1788047328.000000002, sequence: 3843 - clear  0.000000000, sequence: 0
source 0 - assert 1788047328.999999985, sequence: 3844 - clear  0.000000000, sequence: 0
source 0 - assert 1788047330.000000005, sequence: 3845 - clear  0.000000000, sequence: 0
source 0 - assert 1788047330.999999987, sequence: 3846 - clear  0.000000000, sequence: 0
source 0 - assert 1788047332.000000007, sequence: 3847 - clear  0.000000000, sequence: 0
source 0 - assert 1788047333.000000009, sequence: 3848 - clear  0.000000000, sequence: 0
source 0 - assert 1788047333.999999992, sequence: 3849 - clear  0.000000000, sequence: 0
source 0 - assert 1788047334.999999993, sequence: 3850 - clear  0.000000000, sequence: 0
source 0 - assert 1788047335.999999994, sequence: 3851 - clear  0.000000000, sequence: 0
source 0 - assert 1788047336.999999996, sequence: 3852 - clear  0.000000000, sequence: 0
source 0 - assert 1788047337.999999997, sequence: 3853 - clear  0.000000000, sequence: 0
source 0 - assert 1788047339.000000017, sequence: 3854 - clear  0.000000000, sequence: 0
source 0 - assert 1788047340.000000000, sequence: 3855 - clear  0.000000000, sequence: 0
source 0 - assert 1788047341.000000001, sequence: 3856 - clear  0.000000000, sequence: 0
source 0 - assert 1788047341.999999984, sequence: 3857 - clear  0.000000000, sequence: 0
source 0 - assert 1788047343.000000004, sequence: 3858 - clear  0.000000000, sequence: 0
source 0 - assert 1788047344.000000006, sequence: 3859 - clear  0.000000000, sequence: 0
source 0 - assert 1788047345.000000025, sequence: 3860 - clear  0.000000000, sequence: 0
source 0 - assert 1788047345.999999990, sequence: 3861 - clear  0.000000000, sequence: 0
source 0 - assert 1788047347.000000010, sequence: 3862 - clear  0.000000000, sequence: 0
source 0 - assert 1788047347.999999993, sequence: 3863 - clear  0.000000000, sequence: 0
source 0 - assert 1788047348.999999994, sequence: 3864 - clear  0.000000000, sequence: 0
source 0 - assert 1788047349.999999995, sequence: 3865 - clear  0.000000000, sequence: 0
source 0 - assert 1788047350.999999997, sequence: 3866 - clear  0.000000000, sequence: 0
source 0 - assert 1788047351.999999998, sequence: 3867 - clear  0.000000000, sequence: 0
source 0 - assert 1788047353.000000000, sequence: 3868 - clear  0.000000000, sequence: 0
source 0 - assert 1788047354.000000001, sequence: 3869 - clear  0.000000000, sequence: 0
source 0 - assert 1788047355.000000021, sequence: 3870 - clear  0.000000000, sequence: 0
source 0 - assert 1788047356.000000022, sequence: 3871 - clear  0.000000000, sequence: 0
source 0 - assert 1788047357.000000005, sequence: 3872 - clear  0.000000000, sequence: 0
source 0 - assert 1788047357.999999988, sequence: 3873 - clear  0.000000000, sequence: 0
source 0 - assert 1788047359.000000008, sequence: 3874 - clear  0.000000000, sequence: 0
source 0 - assert 1788047360.000000009, sequence: 3875 - clear  0.000000000, sequence: 0
source 0 - assert 1788047361.000000011, sequence: 3876 - clear  0.000000000, sequence: 0
source 0 - assert 1788047361.999999994, sequence: 3877 - clear  0.000000000, sequence: 0
source 0 - assert 1788047363.000000013, sequence: 3878 - clear  0.000000000, sequence: 0
source 0 - assert 1788047364.000000015, sequence: 3879 - clear  0.000000000, sequence: 0
source 0 - assert 1788047364.999999998, sequence: 3880 - clear  0.000000000, sequence: 0
source 0 - assert 1788047365.999999999, sequence: 3881 - clear  0.000000000, sequence: 0
source 0 - assert 1788047367.000000000, sequence: 3882 - clear  0.000000000, sequence: 0
source 0 - assert 1788047367.999999983, sequence: 3883 - clear  0.000000000, sequence: 0
source 0 - assert 1788047369.000000003, sequence: 3884 - clear  0.000000000, sequence: 0
source 0 - assert 1788047369.999999986, sequence: 3885 - clear  0.000000000, sequence: 0
source 0 - assert 1788047371.000000006, sequence: 3886 - clear  0.000000000, sequence: 0
source 0 - assert 1788047372.000000007, sequence: 3887 - clear  0.000000000, sequence: 0
source 0 - assert 1788047373.000000009, sequence: 3888 - clear  0.000000000, sequence: 0
source 0 - assert 1788047374.000000010, sequence: 3889 - clear  0.000000000, sequence: 0
source 0 - assert 1788047375.000000011, sequence: 3890 - clear  0.000000000, sequence: 0
source 0 - assert 1788047375.999999994, sequence: 3891 - clear  0.000000000, sequence: 0
source 0 - assert 1788047376.999999995, sequence: 3892 - clear  0.000000000, sequence: 0
source 0 - assert 1788047378.000000015, sequence: 3893 - clear  0.000000000, sequence: 0
source 0 - assert 1788047378.999999998, sequence: 3894 - clear  0.000000000, sequence: 0
source 0 - assert 1788047379.999999999, sequence: 3895 - clear  0.000000000, sequence: 0
source 0 - assert 1788047381.000000019, sequence: 3896 - clear  0.000000000, sequence: 0
source 0 - assert 1788047382.000000002, sequence: 3897 - clear  0.000000000, sequence: 0
source 0 - assert 1788047383.000000003, sequence: 3898 - clear  0.000000000, sequence: 0
source 0 - assert 1788047384.000000005, sequence: 3899 - clear  0.000000000, sequence: 0
source 0 - assert 1788047385.000000006, sequence: 3900 - clear  0.000000000, sequence: 0
source 0 - assert 1788047386.000000007, sequence: 3901 - clear  0.000000000, sequence: 0
source 0 - assert 1788047387.000000008, sequence: 3902 - clear  0.000000000, sequence: 0
source 0 - assert 1788047388.000000010, sequence: 3903 - clear  0.000000000, sequence: 0
source 0 - assert 1788047388.999999992, sequence: 3904 - clear  0.000000000, sequence: 0
source 0 - assert 1788047389.999999994, sequence: 3905 - clear  0.000000000, sequence: 0
source 0 - assert 1788047390.999999995, sequence: 3906 - clear  0.000000000, sequence: 0
source 0 - assert 1788047391.999999996, sequence: 3907 - clear  0.000000000, sequence: 0
source 0 - assert 1788047392.999999997, sequence: 3908 - clear  0.000000000, sequence: 0
source 0 - assert 1788047393.999999999, sequence: 3909 - clear  0.000000000, sequence: 0
source 0 - assert 1788047395.000000018, sequence: 3910 - clear  0.000000000, sequence: 0
source 0 - assert 1788047396.000000001, sequence: 3911 - clear  0.000000000, sequence: 0
source 0 - assert 1788047397.000000003, sequence: 3912 - clear  0.000000000, sequence: 0
source 0 - assert 1788047397.999999986, sequence: 3913 - clear  0.000000000, sequence: 0
source 0 - assert 1788047399.000000005, sequence: 3914 - clear  0.000000000, sequence: 0
source 0 - assert 1788047400.000000007, sequence: 3915 - clear  0.000000000, sequence: 0
source 0 - assert 1788047401.000000008, sequence: 3916 - clear  0.000000000, sequence: 0
source 0 - assert 1788047401.999999991, sequence: 3917 - clear  0.000000000, sequence: 0
source 0 - assert 1788047403.000000011, sequence: 3918 - clear  0.000000000, sequence: 0
source 0 - assert 1788047404.000000012, sequence: 3919 - clear  0.000000000, sequence: 0
source 0 - assert 1788047405.000000014, sequence: 3920 - clear  0.000000000, sequence: 0
source 0 - assert 1788047405.999999996, sequence: 3921 - clear  0.000000000, sequence: 0
source 0 - assert 1788047407.000000016, sequence: 3922 - clear  0.000000000, sequence: 0
source 0 - assert 1788047407.999999999, sequence: 3923 - clear  0.000000000, sequence: 0
source 0 - assert 1788047409.000000000, sequence: 3924 - clear  0.000000000, sequence: 0
source 0 - assert 1788047410.000000001, sequence: 3925 - clear  0.000000000, sequence: 0
source 0 - assert 1788047411.000000003, sequence: 3926 - clear  0.000000000, sequence: 0
source 0 - assert 1788047412.000000023, sequence: 3927 - clear  0.000000000, sequence: 0
source 0 - assert 1788047412.999999987, sequence: 3928 - clear  0.000000000, sequence: 0
source 0 - assert 1788047413.999999988, sequence: 3929 - clear  0.000000000, sequence: 0
source 0 - assert 1788047415.000000008, sequence: 3930 - clear  0.000000000, sequence: 0
source 0 - assert 1788047416.000000010, sequence: 3931 - clear  0.000000000, sequence: 0
source 0 - assert 1788047417.000000011, sequence: 3932 - clear  0.000000000, sequence: 0
source 0 - assert 1788047418.000000012, sequence: 3933 - clear  0.000000000, sequence: 0
source 0 - assert 1788047419.000000014, sequence: 3934 - clear  0.000000000, sequence: 0
source 0 - assert 1788047419.999999997, sequence: 3935 - clear  0.000000000, sequence: 0
source 0 - assert 1788047421.000000016, sequence: 3936 - clear  0.000000000, sequence: 0
source 0 - assert 1788047422.000000018, sequence: 3937 - clear  0.000000000, sequence: 0
source 0 - assert 1788047423.000000000, sequence: 3938 - clear  0.000000000, sequence: 0
source 0 - assert 1788047424.000000001, sequence: 3939 - clear  0.000000000, sequence: 0
source 0 - assert 1788047425.000000021, sequence: 3940 - clear  0.000000000, sequence: 0
source 0 - assert 1788047426.000000004, sequence: 3941 - clear  0.000000000, sequence: 0
source 0 - assert 1788047426.999999987, sequence: 3942 - clear  0.000000000, sequence: 0
source 0 - assert 1788047428.000000007, sequence: 3943 - clear  0.000000000, sequence: 0
source 0 - assert 1788047429.000000008, sequence: 3944 - clear  0.000000000, sequence: 0
source 0 - assert 1788047429.999999991, sequence: 3945 - clear  0.000000000, sequence: 0
source 0 - assert 1788047430.999999992, sequence: 3946 - clear  0.000000000, sequence: 0
source 0 - assert 1788047432.000000012, sequence: 3947 - clear  0.000000000, sequence: 0
source 0 - assert 1788047432.999999994, sequence: 3948 - clear  0.000000000, sequence: 0
source 0 - assert 1788047433.999999995, sequence: 3949 - clear  0.000000000, sequence: 0
source 0 - assert 1788047435.000000034, sequence: 3950 - clear  0.000000000, sequence: 0
source 0 - assert 1788047436.000000017, sequence: 3951 - clear  0.000000000, sequence: 0
source 0 - assert 1788047437.000000018, sequence: 3952 - clear  0.000000000, sequence: 0
source 0 - assert 1788047438.000000001, sequence: 3953 - clear  0.000000000, sequence: 0
source 0 - assert 1788047439.000000002, sequence: 3954 - clear  0.000000000, sequence: 0
source 0 - assert 1788047440.000000003, sequence: 3955 - clear  0.000000000, sequence: 0
source 0 - assert 1788047441.000000023, sequence: 3956 - clear  0.000000000, sequence: 0
source 0 - assert 1788047442.000000005, sequence: 3957 - clear  0.000000000, sequence: 0
source 0 - assert 1788047443.000000007, sequence: 3958 - clear  0.000000000, sequence: 0
source 0 - assert 1788047444.000000027, sequence: 3959 - clear  0.000000000, sequence: 0
source 0 - assert 1788047445.000000028, sequence: 3960 - clear  0.000000000, sequence: 0
source 0 - assert 1788047446.000000009, sequence: 3961 - clear  0.000000000, sequence: 0
source 0 - assert 1788047447.000000006, sequence: 3962 - clear  0.000000000, sequence: 0
source 0 - assert 1788047448.000000006, sequence: 3963 - clear  0.000000000, sequence: 0
source 0 - assert 1788047448.999999989, sequence: 3964 - clear  0.000000000, sequence: 0
source 0 - assert 1788047449.999999990, sequence: 3965 - clear  0.000000000, sequence: 0
source 0 - assert 1788047450.999999991, sequence: 3966 - clear  0.000000000, sequence: 0
source 0 - assert 1788047451.999999992, sequence: 3967 - clear  0.000000000, sequence: 0
source 0 - assert 1788047452.999999994, sequence: 3968 - clear  0.000000000, sequence: 0
source 0 - assert 1788047453.999999995, sequence: 3969 - clear  0.000000000, sequence: 0
source 0 - assert 1788047455.000000015, sequence: 3970 - clear  0.000000000, sequence: 0
source 0 - assert 1788047455.999999998, sequence: 3971 - clear  0.000000000, sequence: 0
source 0 - assert 1788047456.999999999, sequence: 3972 - clear  0.000000000, sequence: 0
source 0 - assert 1788047458.000000019, sequence: 3973 - clear  0.000000000, sequence: 0
source 0 - assert 1788047459.000000001, sequence: 3974 - clear  0.000000000, sequence: 0
source 0 - assert 1788047459.999999984, sequence: 3975 - clear  0.000000000, sequence: 0
source 0 - assert 1788047461.000000004, sequence: 3976 - clear  0.000000000, sequence: 0
source 0 - assert 1788047461.999999987, sequence: 3977 - clear  0.000000000, sequence: 0
source 0 - assert 1788047462.999999988, sequence: 3978 - clear  0.000000000, sequence: 0
source 0 - assert 1788047463.999999989, sequence: 3979 - clear  0.000000000, sequence: 0
source 0 - assert 1788047464.999999990, sequence: 3980 - clear  0.000000000, sequence: 0
source 0 - assert 1788047465.999999992, sequence: 3981 - clear  0.000000000, sequence: 0
source 0 - assert 1788047466.999999993, sequence: 3982 - clear  0.000000000, sequence: 0
source 0 - assert 1788047467.999999976, sequence: 3983 - clear  0.000000000, sequence: 0
source 0 - assert 1788047468.999999996, sequence: 3984 - clear  0.000000000, sequence: 0
source 0 - assert 1788047469.999999979, sequence: 3985 - clear  0.000000000, sequence: 0
source 0 - assert 1788047470.999999999, sequence: 3986 - clear  0.000000000, sequence: 0
source 0 - assert 1788047471.999999982, sequence: 3987 - clear  0.000000000, sequence: 0
source 0 - assert 1788047473.000000002, sequence: 3988 - clear  0.000000000, sequence: 0
source 0 - assert 1788047473.999999985, sequence: 3989 - clear  0.000000000, sequence: 0
source 0 - assert 1788047474.999999987, sequence: 3990 - clear  0.000000000, sequence: 0
source 0 - assert 1788047476.000000007, sequence: 3991 - clear  0.000000000, sequence: 0
source 0 - assert 1788047477.000000008, sequence: 3992 - clear  0.000000000, sequence: 0
source 0 - assert 1788047477.999999991, sequence: 3993 - clear  0.000000000, sequence: 0
source 0 - assert 1788047478.999999992, sequence: 3994 - clear  0.000000000, sequence: 0
source 0 - assert 1788047479.999999994, sequence: 3995 - clear  0.000000000, sequence: 0
source 0 - assert 1788047480.999999995, sequence: 3996 - clear  0.000000000, sequence: 0
source 0 - assert 1788047481.999999997, sequence: 3997 - clear  0.000000000, sequence: 0
source 0 - assert 1788047482.999999998, sequence: 3998 - clear  0.000000000, sequence: 0
source 0 - assert 1788047483.999999981, sequence: 3999 - clear  0.000000000, sequence: 0
source 0 - assert 1788047484.999999982, sequence: 4000 - clear  0.000000000, sequence: 0
source 0 - assert 1788047486.000000003, sequence: 4001 - clear  0.000000000, sequence: 0
source 0 - assert 1788047487.000000004, sequence: 4002 - clear  0.000000000, sequence: 0
source 0 - assert 1788047487.999999987, sequence: 4003 - clear  0.000000000, sequence: 0
source 0 - assert 1788047488.999999989, sequence: 4004 - clear  0.000000000, sequence: 0
source 0 - assert 1788047490.000000009, sequence: 4005 - clear  0.000000000, sequence: 0
source 0 - assert 1788047490.999999992, sequence: 4006 - clear  0.000000000, sequence: 0
source 0 - assert 1788047491.999999993, sequence: 4007 - clear  0.000000000, sequence: 0
source 0 - assert 1788047492.999999976, sequence: 4008 - clear  0.000000000, sequence: 0
source 0 - assert 1788047493.999999996, sequence: 4009 - clear  0.000000000, sequence: 0
source 0 - assert 1788047494.999999979, sequence: 4010 - clear  0.000000000, sequence: 0
source 0 - assert 1788047495.999999980, sequence: 4011 - clear  0.000000000, sequence: 0
source 0 - assert 1788047497.000000000, sequence: 4012 - clear  0.000000000, sequence: 0
source 0 - assert 1788047497.999999983, sequence: 4013 - clear  0.000000000, sequence: 0
source 0 - assert 1788047499.000000003, sequence: 4014 - clear  0.000000000, sequence: 0
source 0 - assert 1788047499.999999987, sequence: 4015 - clear  0.000000000, sequence: 0
source 0 - assert 1788047500.999999988, sequence: 4016 - clear  0.000000000, sequence: 0
source 0 - assert 1788047502.000000008, sequence: 4017 - clear  0.000000000, sequence: 0
source 0 - assert 1788047502.999999991, sequence: 4018 - clear  0.000000000, sequence: 0
source 0 - assert 1788047503.999999993, sequence: 4019 - clear  0.000000000, sequence: 0
source 0 - assert 1788047505.000000013, sequence: 4020 - clear  0.000000000, sequence: 0
source 0 - assert 1788047505.999999978, sequence: 4021 - clear  0.000000000, sequence: 0
source 0 - assert 1788047506.999999997, sequence: 4022 - clear  0.000000000, sequence: 0
source 0 - assert 1788047507.999999999, sequence: 4023 - clear  0.000000000, sequence: 0
source 0 - assert 1788047509.000000000, sequence: 4024 - clear  0.000000000, sequence: 0
source 0 - assert 1788047510.000000020, sequence: 4025 - clear  0.000000000, sequence: 0
source 0 - assert 1788047511.000000003, sequence: 4026 - clear  0.000000000, sequence: 0
source 0 - assert 1788047511.999999986, sequence: 4027 - clear  0.000000000, sequence: 0
source 0 - assert 1788047512.999999987, sequence: 4028 - clear  0.000000000, sequence: 0
source 0 - assert 1788047514.000000025, sequence: 4029 - clear  0.000000000, sequence: 0
source 0 - assert 1788047514.999999990, sequence: 4030 - clear  0.000000000, sequence: 0
source 0 - assert 1788047516.000000010, sequence: 4031 - clear  0.000000000, sequence: 0
source 0 - assert 1788047517.000000011, sequence: 4032 - clear  0.000000000, sequence: 0
source 0 - assert 1788047517.999999994, sequence: 4033 - clear  0.000000000, sequence: 0
source 0 - assert 1788047518.999999995, sequence: 4034 - clear  0.000000000, sequence: 0
source 0 - assert 1788047520.000000015, sequence: 4035 - clear  0.000000000, sequence: 0
source 0 - assert 1788047520.999999998, sequence: 4036 - clear  0.000000000, sequence: 0
source 0 - assert 1788047521.999999999, sequence: 4037 - clear  0.000000000, sequence: 0
source 0 - assert 1788047523.000000001, sequence: 4038 - clear  0.000000000, sequence: 0
source 0 - assert 1788047524.000000002, sequence: 4039 - clear  0.000000000, sequence: 0
source 0 - assert 1788047525.000000022, sequence: 4040 - clear  0.000000000, sequence: 0
source 0 - assert 1788047526.000000005, sequence: 4041 - clear  0.000000000, sequence: 0
source 0 - assert 1788047527.000000006, sequence: 4042 - clear  0.000000000, sequence: 0
source 0 - assert 1788047527.999999989, sequence: 4043 - clear  0.000000000, sequence: 0
source 0 - assert 1788047528.999999990, sequence: 4044 - clear  0.000000000, sequence: 0
source 0 - assert 1788047529.999999992, sequence: 4045 - clear  0.000000000, sequence: 0
source 0 - assert 1788047530.999999993, sequence: 4046 - clear  0.000000000, sequence: 0
source 0 - assert 1788047532.000000013, sequence: 4047 - clear  0.000000000, sequence: 0
source 0 - assert 1788047532.999999996, sequence: 4048 - clear  0.000000000, sequence: 0
source 0 - assert 1788047533.999999978, sequence: 4049 - clear  0.000000000, sequence: 0
source 0 - assert 1788047534.999999998, sequence: 4050 - clear  0.000000000, sequence: 0
source 0 - assert 1788047536.000000000, sequence: 4051 - clear  0.000000000, sequence: 0
source 0 - assert 1788047537.000000001, sequence: 4052 - clear  0.000000000, sequence: 0
source 0 - assert 1788047537.999999984, sequence: 4053 - clear  0.000000000, sequence: 0
source 0 - assert 1788047539.000000004, sequence: 4054 - clear  0.000000000, sequence: 0
source 0 - assert 1788047540.000000005, sequence: 4055 - clear  0.000000000, sequence: 0
source 0 - assert 1788047541.000000006, sequence: 4056 - clear  0.000000000, sequence: 0
source 0 - assert 1788047541.999999989, sequence: 4057 - clear  0.000000000, sequence: 0
source 0 - assert 1788047543.000000009, sequence: 4058 - clear  0.000000000, sequence: 0
source 0 - assert 1788047544.000000010, sequence: 4059 - clear  0.000000000, sequence: 0
source 0 - assert 1788047544.999999993, sequence: 4060 - clear  0.000000000, sequence: 0
source 0 - assert 1788047545.999999994, sequence: 4061 - clear  0.000000000, sequence: 0
source 0 - assert 1788047546.999999996, sequence: 4062 - clear  0.000000000, sequence: 0
source 0 - assert 1788047547.999999997, sequence: 4063 - clear  0.000000000, sequence: 0
source 0 - assert 1788047549.000000017, sequence: 4064 - clear  0.000000000, sequence: 0
source 0 - assert 1788047550.000000000, sequence: 4065 - clear  0.000000000, sequence: 0
source 0 - assert 1788047551.000000001, sequence: 4066 - clear  0.000000000, sequence: 0
source 0 - assert 1788047552.000000002, sequence: 4067 - clear  0.000000000, sequence: 0
source 0 - assert 1788047553.000000004, sequence: 4068 - clear  0.000000000, sequence: 0
source 0 - assert 1788047554.000000005, sequence: 4069 - clear  0.000000000, sequence: 0
source 0 - assert 1788047554.999999988, sequence: 4070 - clear  0.000000000, sequence: 0
source 0 - assert 1788047555.999999989, sequence: 4071 - clear  0.000000000, sequence: 0
source 0 - assert 1788047556.999999991, sequence: 4072 - clear  0.000000000, sequence: 0
source 0 - assert 1788047557.999999992, sequence: 4073 - clear  0.000000000, sequence: 0
source 0 - assert 1788047558.999999994, sequence: 4074 - clear  0.000000000, sequence: 0
source 0 - assert 1788047559.999999995, sequence: 4075 - clear  0.000000000, sequence: 0
source 0 - assert 1788047560.999999996, sequence: 4076 - clear  0.000000000, sequence: 0
source 0 - assert 1788047561.999999998, sequence: 4077 - clear  0.000000000, sequence: 0
source 0 - assert 1788047562.999999999, sequence: 4078 - clear  0.000000000, sequence: 0
source 0 - assert 1788047564.000000001, sequence: 4079 - clear  0.000000000, sequence: 0
source 0 - assert 1788047565.000000002, sequence: 4080 - clear  0.000000000, sequence: 0
source 0 - assert 1788047565.999999985, sequence: 4081 - clear  0.000000000, sequence: 0
source 0 - assert 1788047566.999999986, sequence: 4082 - clear  0.000000000, sequence: 0
source 0 - assert 1788047568.000000024, sequence: 4083 - clear  0.000000000, sequence: 0
source 0 - assert 1788047569.000000026, sequence: 4084 - clear  0.000000000, sequence: 0
source 0 - assert 1788047569.999999990, sequence: 4085 - clear  0.000000000, sequence: 0
source 0 - assert 1788047571.000000010, sequence: 4086 - clear  0.000000000, sequence: 0
source 0 - assert 1788047571.999999993, sequence: 4087 - clear  0.000000000, sequence: 0
source 0 - assert 1788047572.999999994, sequence: 4088 - clear  0.000000000, sequence: 0
source 0 - assert 1788047573.999999977, sequence: 4089 - clear  0.000000000, sequence: 0
source 0 - assert 1788047574.999999997, sequence: 4090 - clear  0.000000000, sequence: 0
source 0 - assert 1788047575.999999998, sequence: 4091 - clear  0.000000000, sequence: 0
source 0 - assert 1788047576.999999999, sequence: 4092 - clear  0.000000000, sequence: 0
source 0 - assert 1788047578.000000001, sequence: 4093 - clear  0.000000000, sequence: 0
source 0 - assert 1788047579.000000002, sequence: 4094 - clear  0.000000000, sequence: 0
source 0 - assert 1788047579.999999985, sequence: 4095 - clear  0.000000000, sequence: 0
source 0 - assert 1788047581.000000005, sequence: 4096 - clear  0.000000000, sequence: 0
source 0 - assert 1788047582.000000025, sequence: 4097 - clear  0.000000000, sequence: 0
source 0 - assert 1788047583.000000008, sequence: 4098 - clear  0.000000000, sequence: 0
source 0 - assert 1788047583.999999991, sequence: 4099 - clear  0.000000000, sequence: 0
source 0 - assert 1788047584.999999992, sequence: 4100 - clear  0.000000000, sequence: 0
source 0 - assert 1788047585.999999994, sequence: 4101 - clear  0.000000000, sequence: 0
source 0 - assert 1788047587.000000013, sequence: 4102 - clear  0.000000000, sequence: 0
source 0 - assert 1788047588.000000015, sequence: 4103 - clear  0.000000000, sequence: 0
source 0 - assert 1788047588.999999998, sequence: 4104 - clear  0.000000000, sequence: 0
source 0 - assert 1788047589.999999999, sequence: 4105 - clear  0.000000000, sequence: 0
source 0 - assert 1788047591.000000000, sequence: 4106 - clear  0.000000000, sequence: 0
source 0 - assert 1788047592.000000002, sequence: 4107 - clear  0.000000000, sequence: 0
source 0 - assert 1788047593.000000003, sequence: 4108 - clear  0.000000000, sequence: 0
source 0 - assert 1788047594.000000004, sequence: 4109 - clear  0.000000000, sequence: 0
source 0 - assert 1788047594.999999987, sequence: 4110 - clear  0.000000000, sequence: 0
source 0 - assert 1788047596.000000007, sequence: 4111 - clear  0.000000000, sequence: 0
source 0 - assert 1788047596.999999990, sequence: 4112 - clear  0.000000000, sequence: 0
source 0 - assert 1788047598.000000010, sequence: 4113 - clear  0.000000000, sequence: 0
source 0 - assert 1788047598.999999992, sequence: 4114 - clear  0.000000000, sequence: 0
source 0 - assert 1788047600.000000012, sequence: 4115 - clear  0.000000000, sequence: 0
source 0 - assert 1788047601.000000014, sequence: 4116 - clear  0.000000000, sequence: 0
source 0 - assert 1788047601.999999978, sequence: 4117 - clear  0.000000000, sequence: 0
source 0 - assert 1788047602.999999998, sequence: 4118 - clear  0.000000000, sequence: 0
source 0 - assert 1788047603.999999981, sequence: 4119 - clear  0.000000000, sequence: 0
source 0 - assert 1788047605.000000001, sequence: 4120 - clear  0.000000000, sequence: 0
source 0 - assert 1788047605.999999983, sequence: 4121 - clear  0.000000000, sequence: 0
source 0 - assert 1788047607.000000003, sequence: 4122 - clear  0.000000000, sequence: 0
source 0 - assert 1788047608.000000005, sequence: 4123 - clear  0.000000000, sequence: 0
source 0 - assert 1788047609.000000024, sequence: 4124 - clear  0.000000000, sequence: 0
source 0 - assert 1788047610.000000007, sequence: 4125 - clear  0.000000000, sequence: 0
source 0 - assert 1788047611.000000009, sequence: 4126 - clear  0.000000000, sequence: 0
source 0 - assert 1788047612.000000028, sequence: 4127 - clear  0.000000000, sequence: 0
source 0 - assert 1788047613.000000011, sequence: 4128 - clear  0.000000000, sequence: 0
source 0 - assert 1788047613.999999994, sequence: 4129 - clear  0.000000000, sequence: 0
source 0 - assert 1788047615.000000014, sequence: 4130 - clear  0.000000000, sequence: 0
source 0 - assert 1788047615.999999997, sequence: 4131 - clear  0.000000000, sequence: 0
source 0 - assert 1788047616.999999998, sequence: 4132 - clear  0.000000000, sequence: 0
source 0 - assert 1788047617.999999999, sequence: 4133 - clear  0.000000000, sequence: 0
source 0 - assert 1788047618.999999982, sequence: 4134 - clear  0.000000000, sequence: 0
source 0 - assert 1788047620.000000002, sequence: 4135 - clear  0.000000000, sequence: 0
source 0 - assert 1788047621.000000004, sequence: 4136 - clear  0.000000000, sequence: 0
source 0 - assert 1788047622.000000005, sequence: 4137 - clear  0.000000000, sequence: 0
source 0 - assert 1788047623.000000006, sequence: 4138 - clear  0.000000000, sequence: 0
source 0 - assert 1788047624.000000008, sequence: 4139 - clear  0.000000000, sequence: 0
source 0 - assert 1788047625.000000009, sequence: 4140 - clear  0.000000000, sequence: 0
source 0 - assert 1788047626.000000010, sequence: 4141 - clear  0.000000000, sequence: 0
source 0 - assert 1788047626.999999975, sequence: 4142 - clear  0.000000000, sequence: 0
source 0 - assert 1788047628.000000013, sequence: 4143 - clear  0.000000000, sequence: 0
source 0 - assert 1788047629.000000014, sequence: 4144 - clear  0.000000000, sequence: 0
source 0 - assert 1788047629.999999997, sequence: 4145 - clear  0.000000000, sequence: 0
source 0 - assert 1788047631.000000017, sequence: 4146 - clear  0.000000000, sequence: 0
source 0 - assert 1788047632.000000000, sequence: 4147 - clear  0.000000000, sequence: 0
source 0 - assert 1788047633.000000001, sequence: 4148 - clear  0.000000000, sequence: 0
source 0 - assert 1788047634.000000002, sequence: 4149 - clear  0.000000000, sequence: 0
source 0 - assert 1788047635.000000004, sequence: 4150 - clear  0.000000000, sequence: 0
source 0 - assert 1788047636.000000024, sequence: 4151 - clear  0.000000000, sequence: 0
source 0 - assert 1788047637.000000006, sequence: 4152 - clear  0.000000000, sequence: 0
source 0 - assert 1788047637.999999989, sequence: 4153 - clear  0.000000000, sequence: 0
source 0 - assert 1788047638.999999990, sequence: 4154 - clear  0.000000000, sequence: 0
source 0 - assert 1788047639.999999973, sequence: 4155 - clear  0.000000000, sequence: 0
source 0 - assert 1788047641.000000011, sequence: 4156 - clear  0.000000000, sequence: 0
source 0 - assert 1788047642.000000013, sequence: 4157 - clear  0.000000000, sequence: 0
source 0 - assert 1788047643.000000014, sequence: 4158 - clear  0.000000000, sequence: 0
source 0 - assert 1788047643.999999997, sequence: 4159 - clear  0.000000000, sequence: 0
source 0 - assert 1788047644.999999998, sequence: 4160 - clear  0.000000000, sequence: 0
source 0 - assert 1788047646.000000000, sequence: 4161 - clear  0.000000000, sequence: 0
source 0 - assert 1788047647.000000001, sequence: 4162 - clear  0.000000000, sequence: 0
source 0 - assert 1788047647.999999984, sequence: 4163 - clear  0.000000000, sequence: 0
source 0 - assert 1788047648.999999985, sequence: 4164 - clear  0.000000000, sequence: 0
source 0 - assert 1788047650.000000005, sequence: 4165 - clear  0.000000000, sequence: 0
source 0 - assert 1788047651.000000006, sequence: 4166 - clear  0.000000000, sequence: 0
source 0 - assert 1788047652.000000008, sequence: 4167 - clear  0.000000000, sequence: 0
source 0 - assert 1788047652.999999990, sequence: 4168 - clear  0.000000000, sequence: 0
source 0 - assert 1788047653.999999992, sequence: 4169 - clear  0.000000000, sequence: 0
source 0 - assert 1788047654.999999993, sequence: 4170 - clear  0.000000000, sequence: 0
source 0 - assert 1788047655.999999994, sequence: 4171 - clear  0.000000000, sequence: 0
source 0 - assert 1788047656.999999996, sequence: 4172 - clear  0.000000000, sequence: 0
source 0 - assert 1788047657.999999997, sequence: 4173 - clear  0.000000000, sequence: 0
source 0 - assert 1788047658.999999998, sequence: 4174 - clear  0.000000000, sequence: 0
source 0 - assert 1788047660.000000000, sequence: 4175 - clear  0.000000000, sequence: 0
source 0 - assert 1788047661.000000001, sequence: 4176 - clear  0.000000000, sequence: 0
source 0 - assert 1788047662.000000002, sequence: 4177 - clear  0.000000000, sequence: 0
source 0 - assert 1788047662.999999985, sequence: 4178 - clear  0.000000000, sequence: 0
source 0 - assert 1788047664.000000005, sequence: 4179 - clear  0.000000000, sequence: 0
source 0 - assert 1788047665.000000007, sequence: 4180 - clear  0.000000000, sequence: 0
source 0 - assert 1788047665.999999989, sequence: 4181 - clear  0.000000000, sequence: 0
source 0 - assert 1788047666.999999972, sequence: 4182 - clear  0.000000000, sequence: 0
source 0 - assert 1788047667.999999992, sequence: 4183 - clear  0.000000000, sequence: 0
source 0 - assert 1788047668.999999993, sequence: 4184 - clear  0.000000000, sequence: 0
source 0 - assert 1788047669.999999995, sequence: 4185 - clear  0.000000000, sequence: 0
source 0 - assert 1788047670.999999996, sequence: 4186 - clear  0.000000000, sequence: 0
source 0 - assert 1788047671.999999998, sequence: 4187 - clear  0.000000000, sequence: 0
source 0 - assert 1788047672.999999999, sequence: 4188 - clear  0.000000000, sequence: 0
source 0 - assert 1788047674.000000001, sequence: 4189 - clear  0.000000000, sequence: 0
source 0 - assert 1788047675.000000002, sequence: 4190 - clear  0.000000000, sequence: 0
source 0 - assert 1788047675.999999985, sequence: 4191 - clear  0.000000000, sequence: 0
source 0 - assert 1788047677.000000005, sequence: 4192 - clear  0.000000000, sequence: 0
source 0 - assert 1788047678.000000025, sequence: 4193 - clear  0.000000000, sequence: 0
source 0 - assert 1788047678.999999989, sequence: 4194 - clear  0.000000000, sequence: 0
source 0 - assert 1788047679.999999990, sequence: 4195 - clear  0.000000000, sequence: 0
source 0 - assert 1788047680.999999992, sequence: 4196 - clear  0.000000000, sequence: 0
source 0 - assert 1788047681.999999993, sequence: 4197 - clear  0.000000000, sequence: 0
source 0 - assert 1788047682.999999994, sequence: 4198 - clear  0.000000000, sequence: 0
source 0 - assert 1788047683.999999996, sequence: 4199 - clear  0.000000000, sequence: 0
source 0 - assert 1788047684.999999979, sequence: 4200 - clear  0.000000000, sequence: 0
source 0 - assert 1788047685.999999999, sequence: 4201 - clear  0.000000000, sequence: 0
source 0 - assert 1788047686.999999981, sequence: 4202 - clear  0.000000000, sequence: 0
source 0 - assert 1788047688.000000001, sequence: 4203 - clear  0.000000000, sequence: 0
source 0 - assert 1788047689.000000003, sequence: 4204 - clear  0.000000000, sequence: 0
source 0 - assert 1788047690.000000004, sequence: 4205 - clear  0.000000000, sequence: 0
source 0 - assert 1788047690.999999987, sequence: 4206 - clear  0.000000000, sequence: 0
source 0 - assert 1788047692.000000007, sequence: 4207 - clear  0.000000000, sequence: 0
source 0 - assert 1788047692.999999990, sequence: 4208 - clear  0.000000000, sequence: 0
source 0 - assert 1788047693.999999991, sequence: 4209 - clear  0.000000000, sequence: 0
source 0 - assert 1788047694.999999993, sequence: 4210 - clear  0.000000000, sequence: 0
source 0 - assert 1788047696.000000012, sequence: 4211 - clear  0.000000000, sequence: 0
source 0 - assert 1788047696.999999977, sequence: 4212 - clear  0.000000000, sequence: 0
source 0 - assert 1788047697.999999997, sequence: 4213 - clear  0.000000000, sequence: 0
source 0 - assert 1788047699.000000017, sequence: 4214 - clear  0.000000000, sequence: 0
source 0 - assert 1788047700.000000000, sequence: 4215 - clear  0.000000000, sequence: 0
source 0 - assert 1788047701.000000001, sequence: 4216 - clear  0.000000000, sequence: 0
source 0 - assert 1788047702.000000003, sequence: 4217 - clear  0.000000000, sequence: 0
source 0 - assert 1788047703.000000004, sequence: 4218 - clear  0.000000000, sequence: 0
source 0 - assert 1788047704.000000005, sequence: 4219 - clear  0.000000000, sequence: 0
source 0 - assert 1788047705.000000007, sequence: 4220 - clear  0.000000000, sequence: 0
source 0 - assert 1788047706.000000008, sequence: 4221 - clear  0.000000000, sequence: 0
source 0 - assert 1788047706.999999991, sequence: 4222 - clear  0.000000000, sequence: 0
source 0 - assert 1788047707.999999992, sequence: 4223 - clear  0.000000000, sequence: 0
source 0 - assert 1788047709.000000012, sequence: 4224 - clear  0.000000000, sequence: 0
source 0 - assert 1788047709.999999995, sequence: 4225 - clear  0.000000000, sequence: 0
source 0 - assert 1788047711.000000015, sequence: 4226 - clear  0.000000000, sequence: 0
source 0 - assert 1788047711.999999998, sequence: 4227 - clear  0.000000000, sequence: 0
source 0 - assert 1788047712.999999999, sequence: 4228 - clear  0.000000000, sequence: 0
source 0 - assert 1788047714.000000000, sequence: 4229 - clear  0.000000000, sequence: 0
source 0 - assert 1788047715.000000002, sequence: 4230 - clear  0.000000000, sequence: 0
source 0 - assert 1788047716.000000003, sequence: 4231 - clear  0.000000000, sequence: 0
source 0 - assert 1788047716.999999986, sequence: 4232 - clear  0.000000000, sequence: 0
source 0 - assert 1788047717.999999987, sequence: 4233 - clear  0.000000000, sequence: 0
source 0 - assert 1788047719.000000007, sequence: 4234 - clear  0.000000000, sequence: 0
source 0 - assert 1788047719.999999990, sequence: 4235 - clear  0.000000000, sequence: 0
source 0 - assert 1788047720.999999991, sequence: 4236 - clear  0.000000000, sequence: 0
source 0 - assert 1788047721.999999993, sequence: 4237 - clear  0.000000000, sequence: 0
source 0 - assert 1788047722.999999994, sequence: 4238 - clear  0.000000000, sequence: 0
source 0 - assert 1788047723.999999995, sequence: 4239 - clear  0.000000000, sequence: 0
source 0 - assert 1788047724.999999997, sequence: 4240 - clear  0.000000000, sequence: 0
source 0 - assert 1788047725.999999998, sequence: 4241 - clear  0.000000000, sequence: 0
source 0 - assert 1788047726.999999999, sequence: 4242 - clear  0.000000000, sequence: 0
source 0 - assert 1788047728.000000001, sequence: 4243 - clear  0.000000000, sequence: 0
source 0 - assert 1788047729.000000002, sequence: 4244 - clear  0.000000000, sequence: 0
source 0 - assert 1788047730.000000003, sequence: 4245 - clear  0.000000000, sequence: 0
source 0 - assert 1788047731.000000005, sequence: 4246 - clear  0.000000000, sequence: 0
source 0 - assert 1788047732.000000006, sequence: 4247 - clear  0.000000000, sequence: 0
