trying PPS source "/dev/pps0"
found PPS source "/dev/pps0"
ok, found 1 source(s), now start fetching data...
source 0 - assert 1788049620.999999052, sequence: 337 - clear  0.000000000, sequence: 0
source 0 - assert 1788049621.999999037, sequence: 338 - clear  0.000000000, sequence: 0
source 0 - assert 1788049622.999999077, sequence: 339 - clear  0.000000000, sequence: 0
source 0 - assert 1788049623.999999135, sequence: 340 - clear  0.000000000, sequence: 0
source 0 - assert 1788049625.000000148, sequence: 341 - clear  0.000000000, sequence: 0
source 0 - assert 1788049626.000000132, sequence: 342 - clear  0.000000000, sequence: 0
source 0 - assert 1788049627.000000134, sequence: 343 - clear  0.000000000, sequence: 0
source 0 - assert 1788049628.000000174, sequence: 344 - clear  0.000000000, sequence: 0
source 0 - assert 1788049629.000000142, sequence: 345 - clear  0.000000000, sequence: 0
source 0 - assert 1788049630.000000148, sequence: 346 - clear  0.000000000, sequence: 0
source 0 - assert 1788049631.000000154, sequence: 347 - clear  0.000000000, sequence: 0
source 0 - assert 1788049632.000000160, sequence: 348 - clear  0.000000000, sequence: 0
source 0 - assert 1788049633.000000158, sequence: 349 - clear  0.000000000, sequence: 0
source 0 - assert 1788049634.000000192, sequence: 350 - clear  0.000000000, sequence: 0
source 0 - assert 1788049635.000000209, sequence: 351 - clear  0.000000000, sequence: 0
source 0 - assert 1788049636.000000205, sequence: 352 - clear  0.000000000, sequence: 0
source 0 - assert 1788049637.000000199, sequence: 353 - clear  0.000000000, sequence: 0
source 0 - assert 1788049638.000000212, sequence: 354 - clear  0.000000000, sequence: 0
source 0 - assert 1788049639.000000205, sequence: 355 - clear  0.000000000, sequence: 0
source 0 - assert 1788049640.000000179, sequence: 356 - clear  0.000000000, sequence: 0
source 0 - assert 1788049641.000000163, sequence: 357 - clear  0.000000000, sequence: 0
source 0 - assert 1788049642.000000110, sequence: 358 - clear  0.000000000, sequence: 0
source 0 - assert 1788049643.000000075, sequence: 359 - clear  0.000000000, sequence: 0
source 0 - assert 1788049644.000000087, sequence: 360 - clear  0.000000000, sequence: 0
source 0 - assert 1788049645.000000002, sequence: 361 - clear  0.000000000, sequence: 0
source 0 - assert 1788049645.999999985, sequence: 362 - clear  0.000000000, sequence: 0
source 0 - assert 1788049647.000000005, sequence: 363 - clear  0.000000000, sequence: 0
source 0 - assert 1788049648.000000007, sequence: 364 - clear  0.000000000, sequence: 0
source 0 - assert 1788049649.000000006, sequence: 365 - clear  0.000000000, sequence: 0
source 0 - assert 1788049649.999999986, sequence: 366 - clear  0.000000000, sequence: 0
source 0 - assert 1788049651.000000024, sequence: 367 - clear  0.000000000, sequence: 0
source 0 - assert 1788049652.000000026, sequence: 368 - clear  0.000000000, sequence: 0
source 0 - assert 1788049653.000000008, sequence: 369 - clear  0.000000000, sequence: 0
source 0 - assert 1788049653.999999991, sequence: 370 - clear  0.000000000, sequence: 0
source 0 - assert 1788049654.999999992, sequence: 371 - clear  0.000000000, sequence: 0
source 0 - assert 1788049656.000000011, sequence: 372 - clear  0.000000000, sequence: 0
source 0 - assert 1788049656.999999994, sequence: 373 - clear  0.000000000, sequence: 0
source 0 - assert 1788049658.000000013, sequence: 374 - clear  0.000000000, sequence: 0
source 0 - assert 1788049659.000000015, sequence: 375 - clear  0.000000000, sequence: 0
source 0 - assert 1788049659.999999979, sequence: 376 - clear  0.000000000, sequence: 0
source 0 - assert 1788049660.999999997, sequence: 377 - clear  0.000000000, sequence: 0
source 0 - assert 1788049661.999999996, sequence: 378 - clear  0.000000000, sequence: 0
source 0 - assert 1788049662.999999977, sequence: 379 - clear  0.000000000, sequence: 0
source 0 - assert 1788049663.999999997, sequence: 380 - clear  0.000000000, sequence: 0
source 0 - assert 1788049665.000000000, sequence: 381 - clear  0.000000000, sequence: 0
source 0 - assert 1788049666.000000002, sequence: 382 - clear  0.000000000, sequence: 0
source 0 - assert 1788049666.999999986, sequence: 383 - clear  0.000000000, sequence: 0
source 0 - assert 1788049667.999999989, sequence: 384 - clear  0.000000000, sequence: 0
source 0 - assert 1788049668.999999990, sequence: 385 - clear  0.000000000, sequence: 0
source 0 - assert 1788049669.999999991, sequence: 386 - clear  0.000000000, sequence: 0
source 0 - assert 1788049671.000000011, sequence: 387 - clear  0.000000000, sequence: 0
source 0 - assert 1788049671.999999994, sequence: 388 - clear  0.000000000, sequence: 0
source 0 - assert 1788049672.999999995, sequence: 389 - clear  0.000000000, sequence: 0
source 0 - assert 1788049673.999999978, sequence: 390 - clear  0.000000000, sequence: 0
source 0 - assert 1788049674.999999980, sequence: 391 - clear  0.000000000, sequence: 0
source 0 - assert 1788049676.000000000, sequence: 392 - clear  0.000000000, sequence: 0
source 0 - assert 1788049676.999999984, sequence: 393 - clear  0.000000000, sequence: 0
source 0 - assert 1788049678.000000005, sequence: 394 - clear  0.000000000, sequence: 0
source 0 - assert 1788049679.000000026, sequence: 395 - clear  0.000000000, sequence: 0
source 0 - assert 1788049680.000000010, sequence: 396 - clear  0.000000000, sequence: 0
source 0 - assert 1788049680.999999993, sequence: 397 - clear  0.000000000, sequence: 0
source 0 - assert 1788049681.999999994, sequence: 398 - clear  0.000000000, sequence: 0
source 0 - assert 1788049683.000000014, sequence: 399 - clear  0.000000000, sequence: 0
source 0 - assert 1788049684.000000033, sequence: 400 - clear  0.000000000, sequence: 0
source 0 - assert 1788049684.999999998, sequence: 401 - clear  0.000000000, sequence: 0
source 0 - assert 1788049685.999999999, sequence: 402 - clear  0.000000000, sequence: 0
source 0 - assert 1788049687.000000000, sequence: 403 - clear  0.000000000, sequence: 0
source 0 - assert 1788049688.000000002, sequence: 404 - clear  0.000000000, sequence: 0
source 0 - assert 1788049688.999999984, sequence: 405 - clear  0.000000000, sequence: 0
source 0 - assert 1788049690.000000004, sequence: 406 - clear  0.000000000, sequence: 0
source 0 - assert 1788049690.999999987, sequence: 407 - clear  0.000000000, sequence: 0
source 0 - assert 1788049692.000000007, sequence: 408 - clear  0.000000000, sequence: 0
source 0 - assert 1788049693.000000027, sequence: 409 - clear  0.000000000, sequence: 0
source 0 - assert 1788049693.999999991, sequence: 410 - clear  0.000000000, sequence: 0
source 0 - assert 1788049694.999999993, sequence: 411 - clear  0.000000000, sequence: 0
source 0 - assert 1788049695.999999994, sequence: 412 - clear  0.000000000, sequence: 0
source 0 - assert 1788049696.999999995, sequence: 413 - clear  0.000000000, sequence: 0
source 0 - assert 1788049697.999999997, sequence: 414 - clear  0.000000000, sequence: 0
source 0 - assert 1788049698.999999998, sequence: 415 - clear  0.000000000, sequence: 0
source 0 - assert 1788049700.000000000, sequence: 416 - clear  0.000000000, sequence: 0
source 0 - assert 1788049701.000000001, sequence: 417 - clear  0.000000000, sequence: 0
source 0 - assert 1788049702.000000003, sequence: 418 - clear  0.000000000, sequence: 0
source 0 - assert 1788049702.999999986, sequence: 419 - clear  0.000000000, sequence: 0
source 0 - assert 1788049703.999999987, sequence: 420 - clear  0.000000000, sequence: 0
source 0 - assert 1788049705.000000007, sequence: 421 - clear  0.000000000, sequence: 0
source 0 - assert 1788049705.999999990, sequence: 422 - clear  0.000000000, sequence: 0
source 0 - assert 1788049707.000000010, sequence: 423 - clear  0.000000000, sequence: 0
source 0 - assert 1788049708.000000011, sequence: 424 - clear  0.000000000, sequence: 0
source 0 - assert 1788049708.999999994, sequence: 425 - clear  0.000000000, sequence: 0
source 0 - assert 1788049710.000000014, sequence: 426 - clear  0.000000000, sequence: 0
source 0 - assert 1788049710.999999997, sequence: 427 - clear  0.000000000, sequence: 0
source 0 - assert 1788049711.999999998, sequence: 428 - clear  0.000000000, sequence: 0
source 0 - assert 1788049713.000000000, sequence: 429 - clear  0.000000000, sequence: 0
source 0 - assert 1788049714.000000001, sequence: 430 - clear  0.000000000, sequence: 0
source 0 - assert 1788049715.000000003, sequence: 431 - clear  0.000000000, sequence: 0
source 0 - assert 1788049715.999999986, sequence: 432 - clear  0.000000000, sequence: 0
source 0 - assert 1788049716.999999987, sequence: 433 - clear  0.000000000, sequence: 0
source 0 - assert 1788049717.999999988, sequence: 434 - clear  0.000000000, sequence: 0
source 0 - assert 1788049718.999999990, sequence: 435 - clear  0.000000000, sequence: 0
source 0 - assert 1788049719.999999991, sequence: 436 - clear  0.000000000, sequence: 0
source 0 - assert 1788049721.000000011, sequence: 437 - clear  0.000000000, sequence: 0
source 0 - assert 1788049721.999999994, sequence: 438 - clear  0.000000000, sequence: 0
source 0 - assert 1788049723.000000015, sequence: 439 - clear  0.000000000, sequence: 0
source 0 - assert 1788049723.999999998, sequence: 440 - clear  0.000000000, sequence: 0
source 0 - assert 1788049724.999999999, sequence: 441 - clear  0.000000000, sequence: 0
source 0 - assert 1788049726.000000001, sequence: 442 - clear  0.000000000, sequence: 0
source 0 - assert 1788049727.000000021, sequence: 443 - clear  0.000000000, sequence: 0
source 0 - assert 1788049728.000000003, sequence: 444 - clear  0.000000000, sequence: 0
source 0 - assert 1788049728.999999986, sequence: 445 - clear  0.000000000, sequence: 0
source 0 - assert 1788049730.000000006, sequence: 446 - clear  0.000000000, sequence: 0
source 0 - assert 1788049730.999999989, sequence: 447 - clear  0.000000000, sequence: 0
source 0 - assert 1788049732.000000028, sequence: 448 - clear  0.000000000, sequence: 0
source 0 - assert 1788049732.999999992, sequence: 449 - clear  0.000000000, sequence: 0
source 0 - assert 1788049733.999999993, sequence: 450 - clear  0.000000000, sequence: 0
source 0 - assert 1788049734.999999995, sequence: 451 - clear  0.000000000, sequence: 0
source 0 - assert 1788049735.999999996, sequence: 452 - clear  0.000000000, sequence: 0
source 0 - assert 1788049736.999999998, sequence: 453 - clear  0.000000000, sequence: 0
source 0 - assert 1788049737.999999999, sequence: 454 - clear  0.000000000, sequence: 0
source 0 - assert 1788049739.000000001, sequence: 455 - clear  0.000000000, sequence: 0
source 0 - assert 1788049740.000000003, sequence: 456 - clear  0.000000000, sequence: 0
source 0 - assert 1788049741.000000004, sequence: 457 - clear  0.000000000, sequence: 0
source 0 - assert 1788049741.999999987, sequence: 458 - clear  0.000000000, sequence: 0
source 0 - assert 1788049743.000000007, sequence: 459 - clear  0.000000000, sequence: 0
source 0 - assert 1788049743.999999990, sequence: 460 - clear  0.000000000, sequence: 0
source 0 - assert 1788049745.000000010, sequence: 461 - clear  0.000000000, sequence: 0
source 0 - assert 1788049745.999999993, sequence: 462 - clear  0.000000000, sequence: 0
source 0 - assert 1788049746.999999994, sequence: 463 - clear  0.000000000, sequence: 0
source 0 - assert 1788049748.000000033, sequence: 464 - clear  0.000000000, sequence: 0
source 0 - assert 1788049748.999999997, sequence: 465 - clear  0.000000000, sequence: 0
source 0 - assert 1788049749.999999999, sequence: 466 - clear  0.000000000, sequence: 0
source 0 - assert 1788049751.000000000, sequence: 467 - clear  0.000000000, sequence: 0
source 0 - assert 1788049752.000000002, sequence: 468 - clear  0.000000000, sequence: 0
source 0 - assert 1788049753.000000003, sequence: 469 - clear  0.000000000, sequence: 0
source 0 - assert 1788049754.000000042, sequence: 470 - clear  0.000000000, sequence: 0
source 0 - assert 1788049755.000000006, sequence: 471 - clear  0.000000000, sequence: 0
source 0 - assert 1788049755.999999989, sequence: 472 - clear  0.000000000, sequence: 0
source 0 - assert 1788049756.999999990, sequence: 473 - clear  0.000000000, sequence: 0
source 0 - assert 1788049758.000000010, sequence: 474 - clear  0.000000000, sequence: 0
source 0 - assert 1788049759.000000012, sequence: 475 - clear  0.000000000, sequence: 0
source 0 - assert 1788049759.999999995, sequence: 476 - clear  0.000000000, sequence: 0
source 0 - assert 1788049760.999999996, sequence: 477 - clear  0.000000000, sequence: 0
source 0 - assert 1788049761.999999997, sequence: 478 - clear  0.000000000, sequence: 0
source 0 - assert 1788049763.000000017, sequence: 479 - clear  0.000000000, sequence: 0
source 0 - assert 1788049764.000000037, sequence: 480 - clear  0.000000000, sequence: 0
source 0 - assert 1788049765.000000002, sequence: 481 - clear  0.000000000, sequence: 0
source 0 - assert 1788049766.000000003, sequence: 482 - clear  0.000000000, sequence: 0
source 0 - assert 1788049767.000000004, sequence: 483 - clear  0.000000000, sequence: 0
source 0 - assert 1788049768.000000006, sequence: 484 - clear  0.000000000, sequence: 0
source 0 - assert 1788049769.000000007, sequence: 485 - clear  0.000000000, sequence: 0
source 0 - assert 1788049770.000000009, sequence: 486 - clear  0.000000000, sequence: 0
source 0 - assert 1788049770.999999992, sequence: 487 - clear  0.000000000, sequence: 0
source 0 - assert 1788049771.999999993, sequence: 488 - clear  0.000000000, sequence: 0
source 0 - assert 1788049773.000000013, sequence: 489 - clear  0.000000000, sequence: 0
source 0 - assert 1788049773.999999996, sequence: 490 - clear  0.000000000, sequence: 0
source 0 - assert 1788049774.999999997, sequence: 491 - clear  0.000000000, sequence: 0
source 0 - assert 1788049776.000000017, sequence: 492 - clear  0.000000000, sequence: 0
source 0 - assert 1788049777.000000019, sequence: 493 - clear  0.000000000, sequence: 0
source 0 - assert 1788049778.000000002, sequence: 494 - clear  0.000000000, sequence: 0
source 0 - assert 1788049779.000000003, sequence: 495 - clear  0.000000000, sequence: 0
source 0 - assert 1788049780.000000004, sequence: 496 - clear  0.000000000, sequence: 0
source 0 - assert 1788049781.000000006, sequence: 497 - clear  0.000000000, sequence: 0
source 0 - assert 1788049782.000000007, sequence: 498 - clear  0.000000000, sequence: 0
source 0 - assert 1788049783.000000008, sequence: 499 - clear  0.000000000, sequence: 0
source 0 - assert 1788049784.000000009, sequence: 500 - clear  0.000000000, sequence: 0
source 0 - assert 1788049785.000000011, sequence: 501 - clear  0.000000000, sequence: 0
source 0 - assert 1788049786.000000012, sequence: 502 - clear  0.000000000, sequence: 0
source 0 - assert 1788049786.999999995, sequence: 503 - clear  0.000000000, sequence: 0
source 0 - assert 1788049788.000000033, sequence: 504 - clear  0.000000000, sequence: 0
source 0 - assert 1788049789.000000016, sequence: 505 - clear  0.000000000, sequence: 0
source 0 - assert 1788049789.999999998, sequence: 506 - clear  0.000000000, sequence: 0
source 0 - assert 1788049791.000000000, sequence: 507 - clear  0.000000000, sequence: 0
source 0 - assert 1788049792.000000001, sequence: 508 - clear  0.000000000, sequence: 0
source 0 - assert 1788049793.000000002, sequence: 509 - clear  0.000000000, sequence: 0
source 0 - assert 1788049794.000000003, sequence: 510 - clear  0.000000000, sequence: 0
source 0 - assert 1788049795.000000004, sequence: 511 - clear  0.000000000, sequence: 0
source 0 - assert 1788049796.000000006, sequence: 512 - clear  0.000000000, sequence: 0
source 0 - assert 1788049797.000000007, sequence: 513 - clear  0.000000000, sequence: 0
source 0 - assert 1788049798.000000008, sequence: 514 - clear  0.000000000, sequence: 0
source 0 - assert 1788049799.000000010, sequence: 515 - clear  0.000000000, sequence: 0
source 0 - assert 1788049800.000000030, sequence: 516 - clear  0.000000000, sequence: 0
source 0 - assert 1788049801.000000012, sequence: 517 - clear  0.000000000, sequence: 0
source 0 - assert 1788049801.999999995, sequence: 518 - clear  0.000000000, sequence: 0
source 0 - assert 1788049803.000000033, sequence: 519 - clear  0.000000000, sequence: 0
source 0 - assert 1788049803.999999998, sequence: 520 - clear  0.000000000, sequence: 0
source 0 - assert 1788049804.999999998, sequence: 521 - clear  0.000000000, sequence: 0
source 0 - assert 1788049805.999999999, sequence: 522 - clear  0.000000000, sequence: 0
source 0 - assert 1788049807.000000000, sequence: 523 - clear  0.000000000, sequence: 0
source 0 - assert 1788049808.000000001, sequence: 524 - clear  0.000000000, sequence: 0
source 0 - assert 1788049809.000000002, sequence: 525 - clear  0.000000000, sequence: 0
source 0 - assert 1788049810.000000004, sequence: 526 - clear  0.000000000, sequence: 0
source 0 - assert 1788049811.000000005, sequence: 527 - clear  0.000000000, sequence: 0
source 0 - assert 1788049812.000000025, sequence: 528 - clear  0.000000000, sequence: 0
source 0 - assert 1788049812.999999989, sequence: 529 - clear  0.000000000, sequence: 0
source 0 - assert 1788049813.999999991, sequence: 530 - clear  0.000000000, sequence: 0
source 0 - assert 1788049814.999999992, sequence: 531 - clear  0.000000000, sequence: 0
source 0 - assert 1788049815.999999993, sequence: 532 - clear  0.000000000, sequence: 0
source 0 - assert 1788049816.999999995, sequence: 533 - clear  0.000000000, sequence: 0
source 0 - assert 1788049817.999999996, sequence: 534 - clear  0.000000000, sequence: 0
source 0 - assert 1788049818.999999997, sequence: 535 - clear  0.000000000, sequence: 0
source 0 - assert 1788049819.999999999, sequence: 536 - clear  0.000000000, sequence: 0
source 0 - assert 1788049821.000000000, sequence: 537 - clear  0.000000000, sequence: 0
source 0 - assert 1788049822.000000002, sequence: 538 - clear  0.000000000, sequence: 0
source 0 - assert 1788049823.000000003, sequence: 539 - clear  0.000000000, sequence: 0
source 0 - assert 1788049824.000000004, sequence: 540 - clear  0.000000000, sequence: 0
source 0 - assert 1788049825.000000006, sequence: 541 - clear  0.000000000, sequence: 0
source 0 - assert 1788049825.999999989, sequence: 542 - clear  0.000000000, sequence: 0
source 0 - assert 1788049826.999999990, sequence: 543 - clear  0.000000000, sequence: 0
source 0 - assert 1788049828.000000028, sequence: 544 - clear  0.000000000, sequence: 0
source 0 - assert 1788049828.999999993, sequence: 545 - clear  0.000000000, sequence: 0
source 0 - assert 1788049829.999999994, sequence: 546 - clear  0.000000000, sequence: 0
source 0 - assert 1788049831.000000014, sequence: 547 - clear  0.000000000, sequence: 0
source 0 - assert 1788049832.000000015, sequence: 548 - clear  0.000000000, sequence: 0
source 0 - assert 1788049832.999999998, sequence: 549 - clear  0.000000000, sequence: 0
source 0 - assert 1788049834.000000000, sequence: 550 - clear  0.000000000, sequence: 0
source 0 - assert 1788049835.000000001, sequence: 551 - clear  0.000000000, sequence: 0
source 0 - assert 1788049836.000000002, sequence: 552 - clear  0.000000000, sequence: 0
source 0 - assert 1788049837.000000004, sequence: 553 - clear  0.000000000, sequence: 0
source 0 - assert 1788049838.000000005, sequence: 554 - clear  0.000000000, sequence: 0
source 0 - assert 1788049839.000000006, sequence: 555 - clear  0.000000000, sequence: 0
source 0 - assert 1788049839.999999989, sequence: 556 - clear  0.000000000, sequence: 0
source 0 - assert 1788049841.000000009, sequence: 557 - clear  0.000000000, sequence: 0
source 0 - assert 1788049841.999999992, sequence: 558 - clear  0.000000000, sequence: 0
source 0 - assert 1788049842.999999993, sequence: 559 - clear  0.000000000, sequence: 0
source 0 - assert 1788049844.000000013, sequence: 560 - clear  0.000000000, sequence: 0
source 0 - assert 1788049844.999999996, sequence: 561 - clear  0.000000000, sequence: 0
source 0 - assert 1788049845.999999998, sequence: 562 - clear  0.000000000, sequence: 0
source 0 - assert 1788049847.000000017, sequence: 563 - clear  0.000000000, sequence: 0
source 0 - assert 1788049848.000000000, sequence: 564 - clear  0.000000000, sequence: 0
source 0 - assert 1788049849.000000002, sequence: 565 - clear  0.000000000, sequence: 0
source 0 - assert 1788049850.000000003, sequence: 566 - clear  0.000000000, sequence: 0
source 0 - assert 1788049850.999999986, sequence: 567 - clear  0.000000000, sequence: 0
source 0 - assert 1788049852.000000006, sequence: 568 - clear  0.000000000, sequence: 0
source 0 - assert 1788049852.999999989, sequence: 569 - clear  0.000000000, sequence: 0
source 0 - assert 1788049854.000000009, sequence: 570 - clear  0.000000000, sequence: 0
source 0 - assert 1788049855.000000010, sequence: 571 - clear  0.000000000, sequence: 0
source 0 - assert 1788049855.999999993, sequence: 572 - clear  0.000000000, sequence: 0
source 0 - assert 1788049856.999999994, sequence: 573 - clear  0.000000000, sequence: 0
source 0 - assert 1788049858.000000014, sequence: 574 - clear  0.000000000, sequence: 0
source 0 - assert 1788049858.999999997, sequence: 575 - clear  0.000000000, sequence: 0
source 0 - assert 1788049859.999999998, sequence: 576 - clear  0.000000000, sequence: 0
source 0 - assert 1788049861.000000000, sequence: 577 - clear  0.000000000, sequence: 0
source 0 - assert 1788049862.000000001, sequence: 578 - clear  0.000000000, sequence: 0
source 0 - assert 1788049863.000000002, sequence: 579 - clear  0.000000000, sequence: 0
source 0 - assert 1788049864.000000004, sequence: 580 - clear  0.000000000, sequence: 0
source 0 - assert 1788049865.000000005, sequence: 581 - clear  0.000000000, sequence: 0
source 0 - assert 1788049865.999999988, sequence: 582 - clear  0.000000000, sequence: 0
source 0 - assert 1788049866.999999989, sequence: 583 - clear  0.000000000, sequence: 0
source 0 - assert 1788049867.999999991, sequence: 584 - clear  0.000000000, sequence: 0
source 0 - assert 1788049869.000000010, sequence: 585 - clear  0.000000000, sequence: 0
source 0 - assert 1788049869.999999993, sequence: 586 - clear  0.000000000, sequence: 0
source 0 - assert 1788049870.999999995, sequence: 587 - clear  0.000000000, sequence: 0
source 0 - assert 1788049871.999999996, sequence: 588 - clear  0.000000000, sequence: 0
source 0 - assert 1788049872.999999997, sequence: 589 - clear  0.000000000, sequence: 0
source 0 - assert 1788049873.999999999, sequence: 590 - clear  0.000000000, sequence: 0
source 0 - assert 1788049874.999999982, sequence: 591 - clear  0.000000000, sequence: 0
source 0 - assert 1788049876.000000020, sequence: 592 - clear  0.000000000, sequence: 0
source 0 - assert 1788049877.000000003, sequence: 593 - clear  0.000000000, sequence: 0
source 0 - assert 1788049878.000000004, sequence: 594 - clear  0.000000000, sequence: 0
source 0 - assert 1788049879.000000006, sequence: 595 - clear  0.000000000, sequence: 0
source 0 - assert 1788049879.999999989, sequence: 596 - clear  0.000000000, sequence: 0
source 0 - assert 1788049881.000000008, sequence: 597 - clear  0.000000000, sequence: 0
source 0 - assert 1788049882.000000010, sequence: 598 - clear  0.000000000, sequence: 0
source 0 - assert 1788049883.000000011, sequence: 599 - clear  0.000000000, sequence: 0
source 0 - assert 1788049884.000000013, sequence: 600 - clear  0.000000000, sequence: 0
source 0 - assert 1788049884.999999995, sequence: 601 - clear  0.000000000, sequence: 0
source 0 - assert 1788049886.000000015, sequence: 602 - clear  0.000000000, sequence: 0
source 0 - assert 1788049886.999999998, sequence: 603 - clear  0.000000000, sequence: 0
source 0 - assert 1788049887.999999999, sequence: 604 - clear  0.000000000, sequence: 0
source 0 - assert 1788049889.000000001, sequence: 605 - clear  0.000000000, sequence: 0
source 0 - assert 1788049890.000000021, sequence: 606 - clear  0.000000000, sequence: 0
source 0 - assert 1788049891.000000004, sequence: 607 - clear  0.000000000, sequence: 0
source 0 - assert 1788049892.000000023, sequence: 608 - clear  0.000000000, sequence: 0
source 0 - assert 1788049893.000000006, sequence: 609 - clear  0.000000000, sequence: 0
source 0 - assert 1788049893.999999989, sequence: 610 - clear  0.000000000, sequence: 0
source 0 - assert 1788049895.000000009, sequence: 611 - clear  0.000000000, sequence: 0
source 0 - assert 1788049895.999999992, sequence: 612 - clear  0.000000000, sequence: 0
source 0 - assert 1788049896.999999993, sequence: 613 - clear  0.000000000, sequence: 0
source 0 - assert 1788049898.000000013, sequence: 614 - clear  0.000000000, sequence: 0
source 0 - assert 1788049898.999999996, sequence: 615 - clear  0.000000000, sequence: 0
source 0 - assert 1788049900.000000016, sequence: 616 - clear  0.000000000, sequence: 0
source 0 - assert 1788049901.000000017, sequence: 617 - clear  0.000000000, sequence: 0
source 0 - assert 1788049902.000000000, sequence: 618 - clear  0.000000000, sequence: 0
source 0 - assert 1788049903.000000020, sequence: 619 - clear  0.000000000, sequence: 0
source 0 - assert 1788049904.000000003, sequence: 620 - clear  0.000000000, sequence: 0
source 0 - assert 1788049905.000000004, sequence: 621 - clear  0.000000000, sequence: 0
source 0 - assert 1788049906.000000005, sequence: 622 - clear  0.000000000, sequence: 0
source 0 - assert 1788049907.000000006, sequence: 623 - clear  0.000000000, sequence: 0
source 0 - assert 1788049908.000000007, sequence: 624 - clear  0.000000000, sequence: 0
source 0 - assert 1788049909.000000008, sequence: 625 - clear  0.000000000, sequence: 0
source 0 - assert 1788049910.000000010, sequence: 626 - clear  0.000000000, sequence: 0
source 0 - assert 1788049911.000000011, sequence: 627 - clear  0.000000000, sequence: 0
source 0 - assert 1788049911.999999994, sequence: 628 - clear  0.000000000, sequence: 0
source 0 - assert 1788049913.000000014, sequence: 629 - clear  0.000000000, sequence: 0
source 0 - assert 1788049913.999999996, sequence: 630 - clear  0.000000000, sequence: 0
source 0 - assert 1788049914.999999997, sequence: 631 - clear  0.000000000, sequence: 0
source 0 - assert 1788049915.999999998, sequence: 632 - clear  0.000000000, sequence: 0
source 0 - assert 1788049917.000000018, sequence: 633 - clear  0.000000000, sequence: 0
source 0 - assert 1788049918.000000001, sequence: 634 - clear  0.000000000, sequence: 0
source 0 - assert 1788049919.000000002, sequence: 635 - clear  0.000000000, sequence: 0
source 0 - assert 1788049920.000000004, sequence: 636 - clear  0.000000000, sequence: 0
source 0 - assert 1788049921.000000005, sequence: 637 - clear  0.000000000, sequence: 0
source 0 - assert 1788049922.000000006, sequence: 638 - clear  0.000000000, sequence: 0
source 0 - assert 1788049923.000000008, sequence: 639 - clear  0.000000000, sequence: 0
source 0 - assert 1788049923.999999991, sequence: 640 - clear  0.000000000, sequence: 0
source 0 - assert 1788049925.000000010, sequence: 641 - clear  0.000000000, sequence: 0
source 0 - assert 1788049925.999999993, sequence: 642 - clear  0.000000000, sequence: 0
source 0 - assert 1788049926.999999994, sequence: 643 - clear  0.000000000, sequence: 0
source 0 - assert 1788049928.000000014, sequence: 644 - clear  0.000000000, sequence: 0
source 0 - assert 1788049928.999999996, sequence: 645 - clear  0.000000000, sequence: 0
source 0 - assert 1788049929.999999998, sequence: 646 - clear  0.000000000, sequence: 0
source 0 - assert 1788049930.999999999, sequence: 647 - clear  0.000000000, sequence: 0
source 0 - assert 1788049932.000000000, sequence: 648 - clear  0.000000000, sequence: 0
source 0 - assert 1788049933.000000020, sequence: 649 - clear  0.000000000, sequence: 0
source 0 - assert 1788049934.000000003, sequence: 650 - clear  0.000000000, sequence: 0
source 0 - assert 1788049935.000000004, sequence: 651 - clear  0.000000000, sequence: 0
source 0 - assert 1788049936.000000006, sequence: 652 - clear  0.000000000, sequence: 0
source 0 - assert 1788049936.999999989, sequence: 653 - clear  0.000000000, sequence: 0
source 0 - assert 1788049937.999999990, sequence: 654 - clear  0.000000000, sequence: 0
source 0 - assert 1788049939.000000010, sequence: 655 - clear  0.000000000, sequence: 0
source 0 - assert 1788049939.999999993, sequence: 656 - clear  0.000000000, sequence: 0
source 0 - assert 1788049941.000000012, sequence: 657 - clear  0.000000000, sequence: 0
source 0 - assert 1788049941.999999995, sequence: 658 - clear  0.000000000, sequence: 0
source 0 - assert 1788049943.000000015, sequence: 659 - clear  0.000000000, sequence: 0
source 0 - assert 1788049943.999999998, sequence: 660 - clear  0.000000000, sequence: 0
source 0 - assert 1788049945.000000018, sequence: 661 - clear  0.000000000, sequence: 0
source 0 - assert 1788049946.000000001, sequence: 662 - clear  0.000000000, sequence: 0
source 0 - assert 1788049947.000000002, sequence: 663 - clear  0.000000000, sequence: 0
source 0 - assert 1788049948.000000003, sequence: 664 - clear  0.000000000, sequence: 0
source 0 - assert 1788049949.000000023, sequence: 665 - clear  0.000000000, sequence: 0
source 0 - assert 1788049949.999999987, sequence: 666 - clear  0.000000000, sequence: 0
source 0 - assert 1788049951.000000026, sequence: 667 - clear  0.000000000, sequence: 0
source 0 - assert 1788049951.999999990, sequence: 668 - clear  0.000000000, sequence: 0
source 0 - assert 1788049953.000000010, sequence: 669 - clear  0.000000000, sequence: 0
source 0 - assert 1788049954.000000011, sequence: 670 - clear  0.000000000, sequence: 0
source 0 - assert 1788049954.999999993, sequence: 671 - clear  0.000000000, sequence: 0
source 0 - assert 1788049955.999999995, sequence: 672 - clear  0.000000000, sequence: 0
source 0 - assert 1788049956.999999996, sequence: 673 - clear  0.000000000, sequence: 0
source 0 - assert 1788049957.999999997, sequence: 674 - clear  0.000000000, sequence: 0
source 0 - assert 1788049958.999999999, sequence: 675 - clear  0.000000000, sequence: 0
source 0 - assert 1788049960.000000037, sequence: 676 - clear  0.000000000, sequence: 0
source 0 - assert 1788049960.999999983, sequence: 677 - clear  0.000000000, sequence: 0
source 0 - assert 1788049962.000000003, sequence: 678 - clear  0.000000000, sequence: 0
source 0 - assert 1788049963.000000004, sequence: 679 - clear  0.000000000, sequence: 0
source 0 - assert 1788049964.000000005, sequence: 680 - clear  0.000000000, sequence: 0
source 0 - assert 1788049964.999999988, sequence: 681 - clear  0.000000000, sequence: 0
source 0 - assert 1788049966.000000008, sequence: 682 - clear  0.000000000, sequence: 0
source 0 - assert 1788049966.999999991, sequence: 683 - clear  0.000000000, sequence: 0
source 0 - assert 1788049967.999999992, sequence: 684 - clear  0.000000000, sequence: 0
source 0 - assert 1788049968.999999993, sequence: 685 - clear  0.000000000, sequence: 0
source 0 - assert 1788049969.999999995, sequence: 686 - clear  0.000000000, sequence: 0
source 0 - assert 1788049971.000000033, sequence: 687 - clear  0.000000000, sequence: 0
source 0 - assert 1788049972.000000016, sequence: 688 - clear  0.000000000, sequence: 0
source 0 - assert 1788049972.999999999, sequence: 689 - clear  0.000000000, sequence: 0
source 0 - assert 1788049974.000000000, sequence: 690 - clear  0.000000000, sequence: 0
source 0 - assert 1788049975.000000001, sequence: 691 - clear  0.000000000, sequence: 0
source 0 - assert 1788049976.000000003, sequence: 692 - clear  0.000000000, sequence: 0
source 0 - assert 1788049976.999999985, sequence: 693 - clear  0.000000000, sequence: 0
source 0 - assert 1788049977.999999987, sequence: 694 - clear  0.000000000, sequence: 0
source 0 - assert 1788049979.000000007, sequence: 695 - clear  0.000000000, sequence: 0
source 0 - assert 1788049979.999999989, sequence: 696 - clear  0.000000000, sequence: 0
source 0 - assert 1788049980.999999991, sequence: 697 - clear  0.000000000, sequence: 0
source 0 - assert 1788049982.000000011, sequence: 698 - clear  0.000000000, sequence: 0
source 0 - assert 1788049982.999999993, sequence: 699 - clear  0.000000000, sequence: 0
source 0 - assert 1788049984.000000013, sequence: 700 - clear  0.000000000, sequence: 0
source 0 - assert 1788049985.000000015, sequence: 701 - clear  0.000000000, sequence: 0
source 0 - assert 1788049985.999999997, sequence: 702 - clear  0.000000000, sequence: 0
source 0 - assert 1788049986.999999999, sequence: 703 - clear  0.000000000, sequence: 0
source 0 - assert 1788049987.999999982, sequence: 704 - clear  0.000000000, sequence: 0
source 0 - assert 1788049989.000000001, sequence: 705 - clear  0.000000000, sequence: 0
source 0 - assert 1788049990.000000003, sequence: 706 - clear  0.000000000, sequence: 0
source 0 - assert 1788049991.000000023, sequence: 707 - clear  0.000000000, sequence: 0
source 0 - assert 1788049992.000000005, sequence: 708 - clear  0.000000000, sequence: 0
source 0 - assert 1788049993.000000025, sequence: 709 - clear  0.000000000, sequence: 0
source 0 - assert 1788049993.999999990, sequence: 710 - clear  0.000000000, sequence: 0
source 0 - assert 1788049994.999999991, sequence: 711 - clear  0.000000000, sequence: 0
source 0 - assert 1788049995.999999992, sequence: 712 - clear  0.000000000, sequence: 0
source 0 - assert 1788049996.999999994, sequence: 713 - clear  0.000000000, sequence: 0
source 0 - assert 1788049997.999999995, sequence: 714 - clear  0.000000000, sequence: 0
source 0 - assert 1788049998.999999996, sequence: 715 - clear  0.000000000, sequence: 0
source 0 - assert 1788049999.999999998, sequence: 716 - clear  0.000000000, sequence: 0
source 0 - assert 1788050001.000000018, sequence: 717 - clear  0.000000000, sequence: 0
source 0 - assert 1788050002.000000000, sequence: 718 - clear  0.000000000, sequence: 0
source 0 - assert 1788050003.000000002, sequence: 719 - clear  0.000000000, sequence: 0
source 0 - assert 1788050003.999999985, sequence: 720 - clear  0.000000000, sequence: 0
source 0 - assert 1788050005.000000005, sequence: 721 - clear  0.000000000, sequence: 0
source 0 - assert 1788050005.999999988, sequence: 722 - clear  0.000000000, sequence: 0
source 0 - assert 1788050007.000000007, sequence: 723 - clear  0.000000000, sequence: 0
source 0 - assert 1788050008.000000009, sequence: 724 - clear  0.000000000, sequence: 0
source 0 - assert 1788050009.000000010, sequence: 725 - clear  0.000000000, sequence: 0
source 0 - assert 1788050009.999999993, sequence: 726 - clear  0.000000000, sequence: 0
source 0 - assert 1788050011.000000013, sequence: 727 - clear  0.000000000, sequence: 0
source 0 - assert 1788050012.000000033, sequence: 728 - clear  0.000000000, sequence: 0
source 0 - assert 1788050012.999999997, sequence: 729 - clear  0.000000000, sequence: 0
source 0 - assert 1788050013.999999998, sequence: 730 - clear  0.000000000, sequence: 0
source 0 - assert 1788050015.000000000, sequence: 731 - clear  0.000000000, sequence: 0
source 0 - assert 1788050016.000000001, sequence: 732 - clear  0.000000000, sequence: 0
source 0 - assert 1788050016.999999984, sequence: 733 - clear  0.000000000, sequence: 0
source 0 - assert 1788050018.000000004, sequence: 734 - clear  0.000000000, sequence: 0
source 0 - assert 1788050019.000000005, sequence: 735 - clear  0.000000000, sequence: 0
source 0 - assert 1788050020.000000006, sequence: 736 - clear  0.000000000, sequence: 0
source 0 - assert 1788050021.000000008, sequence: 737 - clear  0.000000000, sequence: 0
source 0 - assert 1788050021.999999990, sequence: 738 - clear  0.000000000, sequence: 0
source 0 - assert 1788050022.999999992, sequence: 739 - clear  0.000000000, sequence: 0
source 0 - assert 1788050023.999999993, sequence: 740 - clear  0.000000000, sequence: 0
source 0 - assert 1788050024.999999994, sequence: 741 - clear  0.000000000, sequence: 0
source 0 - assert 1788050025.999999996, sequence: 742 - clear  0.000000000, sequence: 0
source 0 - assert 1788050027.000000015, sequence: 743 - clear  0.000000000, sequence: 0
source 0 - assert 1788050027.999999998, sequence: 744 - clear  0.000000000, sequence: 0
source 0 - assert 1788050029.000000018, sequence: 745 - clear  0.000000000, sequence: 0
source 0 - assert 1788050030.000000001, sequence: 746 - clear  0.000000000, sequence: 0
source 0 - assert 1788050031.000000002, sequence: 747 - clear  0.000000000, sequence: 0
source 0 - assert 1788050032.000000004, sequence: 748 - clear  0.000000000, sequence: 0
source 0 - assert 1788050032.999999986, sequence: 749 - clear  0.000000000, sequence: 0
source 0 - assert 1788050034.000000006, sequence: 750 - clear  0.000000000, sequence: 0
source 0 - assert 1788050034.999999989, sequence: 751 - clear  0.000000000, sequence: 0
source 0 - assert 1788050035.999999990, sequence: 752 - clear  0.000000000, sequence: 0
source 0 - assert 1788050037.000000029, sequence: 753 - clear  0.000000000, sequence: 0
source 0 - assert 1788050037.999999993, sequence: 754 - clear  0.000000000, sequence: 0
source 0 - assert 1788050038.999999994, sequence: 755 - clear  0.000000000, sequence: 0
source 0 - assert 1788050039.999999996, sequence: 756 - clear  0.000000000, sequence: 0
source 0 - assert 1788050040.999999997, sequence: 757 - clear  0.000000000, sequence: 0
source 0 - assert 1788050041.999999999, sequence: 758 - clear  0.000000000, sequence: 0
source 0 - assert 1788050043.000000019, sequence: 759 - clear  0.000000000, sequence: 0
source 0 - assert 1788050044.000000002, sequence: 760 - clear  0.000000000, sequence: 0
source 0 - assert 1788050045.000000003, sequence: 761 - clear  0.000000000, sequence: 0
source 0 - assert 1788050046.000000004, sequence: 762 - clear  0.000000000, sequence: 0
source 0 - assert 1788050047.000000006, sequence: 763 - clear  0.000000000, sequence: 0
source 0 - assert 1788050048.000000007, sequence: 764 - clear  0.000000000, sequence: 0
source 0 - assert 1788050048.999999990, sequence: 765 - clear  0.000000000, sequence: 0
source 0 - assert 1788050049.999999991, sequence: 766 - clear  0.000000000, sequence: 0
source 0 - assert 1788050050.999999993, sequence: 767 - clear  0.000000000, sequence: 0
source 0 - assert 1788050051.999999994, sequence: 768 - clear  0.000000000, sequence: 0
source 0 - assert 1788050052.999999995, sequence: 769 - clear  0.000000000, sequence: 0
source 0 - assert 1788050053.999999997, sequence: 770 - clear  0.000000000, sequence: 0
source 0 - assert 1788050054.999999998, sequence: 771 - clear  0.000000000, sequence: 0
source 0 - assert 1788050055.999999999, sequence: 772 - clear  0.000000000, sequence: 0
source 0 - assert 1788050057.000000001, sequence: 773 - clear  0.000000000, sequence: 0
source 0 - assert 1788050057.999999983, sequence: 774 - clear  0.000000000, sequence: 0
source 0 - assert 1788050059.000000003, sequence: 775 - clear  0.000000000, sequence: 0
source 0 - assert 1788050059.999999986, sequence: 776 - clear  0.000000000, sequence: 0
source 0 - assert 1788050061.000000006, sequence: 777 - clear  0.000000000, sequence: 0
source 0 - assert 1788050061.999999989, sequence: 778 - clear  0.000000000, sequence: 0
source 0 - assert 1788050062.999999990, sequence: 779 - clear  0.000000000, sequence: 0
source 0 - assert 1788050063.999999991, sequence: 780 - clear  0.000000000, sequence: 0
source 0 - assert 1788050064.999999993, sequence: 781 - clear  0.000000000, sequence: 0
source 0 - assert 1788050065.999999994, sequence: 782 - clear  0.000000000, sequence: 0
source 0 - assert 1788050066.999999996, sequence: 783 - clear  0.000000000, sequence: 0
source 0 - assert 1788050067.999999997, sequence: 784 - clear  0.000000000, sequence: 0
source 0 - assert 1788050068.999999999, sequence: 785 - clear  0.000000000, sequence: 0
source 0 - assert 1788050070.000000000, sequence: 786 - clear  0.000000000, sequence: 0
source 0 - assert 1788050071.000000001, sequence: 787 - clear  0.000000000, sequence: 0
source 0 - assert 1788050071.999999984, sequence: 788 - clear  0.000000000, sequence: 0
source 0 - assert 1788050073.000000004, sequence: 789 - clear  0.000000000, sequence: 0
source 0 - assert 1788050073.999999987, sequence: 790 - clear  0.000000000, sequence: 0
source 0 - assert 1788050074.999999988, sequence: 791 - clear  0.000000000, sequence: 0
source 0 - assert 1788050075.999999990, sequence: 792 - clear  0.000000000, sequence: 0
source 0 - assert 1788050076.999999991, sequence: 793 - clear  0.000000000, sequence: 0
source 0 - assert 1788050077.999999993, sequence: 794 - clear  0.000000000, sequence: 0
source 0 - assert 1788050078.999999995, sequence: 795 - clear  0.000000000, sequence: 0
source 0 - assert 1788050079.999999996, sequence: 796 - clear  0.000000000, sequence: 0
source 0 - assert 1788050080.999999997, sequence: 797 - clear  0.000000000, sequence: 0
source 0 - assert 1788050081.999999999, sequence: 798 - clear  0.000000000, sequence: 0
source 0 - assert 1788050083.000000000, sequence: 799 - clear  0.000000000, sequence: 0
source 0 - assert 1788050084.000000002, sequence: 800 - clear  0.000000000, sequence: 0
source 0 - assert 1788050085.000000003, sequence: 801 - clear  0.000000000, sequence: 0
source 0 - assert 1788050086.000000004, sequence: 802 - clear  0.000000000, sequence: 0
source 0 - assert 1788050087.000000006, sequence: 803 - clear  0.000000000, sequence: 0
source 0 - assert 1788050087.999999989, sequence: 804 - clear  0.000000000, sequence: 0
source 0 - assert 1788050089.000000009, sequence: 805 - clear  0.000000000, sequence: 0
source 0 - assert 1788050090.000000010, sequence: 806 - clear  0.000000000, sequence: 0
source 0 - assert 1788050090.999999993, sequence: 807 - clear  0.000000000, sequence: 0
source 0 - assert 1788050092.000000013, sequence: 808 - clear  0.000000000, sequence: 0
source 0 - assert 1788050092.999999996, sequence: 809 - clear  0.000000000, sequence: 0
source 0 - assert 1788050093.999999997, sequence: 810 - clear  0.000000000, sequence: 0
source 0 - assert 1788050094.999999998, sequence: 811 - clear  0.000000000, sequence: 0
source 0 - assert 1788050096.000000000, sequence: 812 - clear  0.000000000, sequence: 0
source 0 - assert 1788050097.000000001, sequence: 813 - clear  0.000000000, sequence: 0
source 0 - assert 1788050098.000000002, sequence: 814 - clear  0.000000000, sequence: 0
source 0 - assert 1788050099.000000022, sequence: 815 - clear  0.000000000, sequence: 0
source 0 - assert 1788050100.000000005, sequence: 816 - clear  0.000000000, sequence: 0
source 0 - assert 1788050100.999999988, sequence: 817 - clear  0.000000000, sequence: 0
source 0 - assert 1788050101.999999989, sequence: 818 - clear  0.000000000, sequence: 0
source 0 - assert 1788050103.000000009, sequence: 819 - clear  0.000000000, sequence: 0
source 0 - assert 1788050103.999999992, sequence: 820 - clear  0.000000000, sequence: 0
source 0 - assert 1788050104.999999993, sequence: 821 - clear  0.000000000, sequence: 0
source 0 - assert 1788050105.999999995, sequence: 822 - clear  0.000000000, sequence: 0
source 0 - assert 1788050107.000000014, sequence: 823 - clear  0.000000000, sequence: 0
source 0 - assert 1788050107.999999997, sequence: 824 - clear  0.000000000, sequence: 0
source 0 - assert 1788050108.999999999, sequence: 825 - clear  0.000000000, sequence: 0
source 0 - assert 1788050110.000000000, sequence: 826 - clear  0.000000000, sequence: 0
source 0 - assert 1788050110.999999983, sequence: 827 - clear  0.000000000, sequence: 0
source 0 - assert 1788050112.000000003, sequence: 828 - clear  0.000000000, sequence: 0
source 0 - assert 1788050112.999999985, sequence: 829 - clear  0.000000000, sequence: 0
source 0 - assert 1788050114.000000005, sequence: 830 - clear  0.000000000, sequence: 0
source 0 - assert 1788050114.999999988, sequence: 831 - clear  0.000000000, sequence: 0
source 0 - assert 1788050116.000000027, sequence: 832 - clear  0.000000000, sequence: 0
source 0 - assert 1788050116.999999991, sequence: 833 - clear  0.000000000, sequence: 0
source 0 - assert 1788050117.999999993, sequence: 834 - clear  0.000000000, sequence: 0
source 0 - assert 1788050118.999999994, sequence: 835 - clear  0.000000000, sequence: 0
source 0 - assert 1788050119.999999996, sequence: 836 - clear  0.000000000, sequence: 0
source 0 - assert 1788050120.999999997, sequence: 837 - clear  0.000000000, sequence: 0
source 0 - assert 1788050121.999999998, sequence: 838 - clear  0.000000000, sequence: 0
source 0 - assert 1788050123.000000000, sequence: 839 - clear  0.000000000, sequence: 0
source 0 - assert 1788050124.000000001, sequence: 840 - clear  0.000000000, sequence: 0
source 0 - assert 1788050125.000000003, sequence: 841 - clear  0.000000000, sequence: 0
source 0 - assert 1788050125.999999986, sequence: 842 - clear  0.000000000, sequence: 0
source 0 - assert 1788050127.000000006, sequence: 843 - clear  0.000000000, sequence: 0
source 0 - assert 1788050127.999999989, sequence: 844 - clear  0.000000000, sequence: 0
source 0 - assert 1788050128.999999990, sequence: 845 - clear  0.000000000, sequence: 0
source 0 - assert 1788050129.999999992, sequence: 846 - clear  0.000000000, sequence: 0
source 0 - assert 1788050130.999999994, sequence: 847 - clear  0.000000000, sequence: 0
source 0 - assert 1788050132.000000032, sequence: 848 - clear  0.000000000, sequence: 0
source 0 - assert 1788050132.999999997, sequence: 849 - clear  0.000000000, sequence: 0
source 0 - assert 1788050134.000000017, sequence: 850 - clear  0.000000000, sequence: 0
source 0 - assert 1788050135.000000000, sequence: 851 - clear  0.000000000, sequence: 0
source 0 - assert 1788050136.000000002, sequence: 852 - clear  0.000000000, sequence: 0
source 0 - assert 1788050137.000000003, sequence: 853 - clear  0.000000000, sequence: 0
source 0 - assert 1788050138.000000004, sequence: 854 - clear  0.000000000, sequence: 0
source 0 - assert 1788050139.000000024, sequence: 855 - clear  0.000000000, sequence: 0
source 0 - assert 1788050139.999999989, sequence: 856 - clear  0.000000000, sequence: 0
source 0 - assert 1788050141.000000009, sequence: 857 - clear  0.000000000, sequence: 0
source 0 - assert 1788050141.999999991, sequence: 858 - clear  0.000000000, sequence: 0
source 0 - assert 1788050142.999999993, sequence: 859 - clear  0.000000000, sequence: 0
source 0 - assert 1788050143.999999994, sequence: 860 - clear  0.000000000, sequence: 0
source 0 - assert 1788050144.999999996, sequence: 861 - clear  0.000000000, sequence: 0
source 0 - assert 1788050145.999999997, sequence: 862 - clear  0.000000000, sequence: 0
source 0 - assert 1788050146.999999998, sequence: 863 - clear  0.000000000, sequence: 0
source 0 - assert 1788050148.000000000, sequence: 864 - clear  0.000000000, sequence: 0
source 0 - assert 1788050149.000000001, sequence: 865 - clear  0.000000000, sequence: 0
source 0 - assert 1788050150.000000002, sequence: 866 - clear  0.000000000, sequence: 0
source 0 - assert 1788050151.000000004, sequence: 867 - clear  0.000000000, sequence: 0
source 0 - assert 1788050152.000000024, sequence: 868 - clear  0.000000000, sequence: 0
source 0 - assert 1788050152.999999988, sequence: 869 - clear  0.000000000, sequence: 0
source 0 - assert 1788050154.000000027, sequence: 870 - clear  0.000000000, sequence: 0
source 0 - assert 1788050154.999999991, sequence: 871 - clear  0.000000000, sequence: 0
source 0 - assert 1788050155.999999992, sequence: 872 - clear  0.000000000, sequence: 0
source 0 - assert 1788050156.999999994, sequence: 873 - clear  0.000000000, sequence: 0
source 0 - assert 1788050157.999999995, sequence: 874 - clear  0.000000000, sequence: 0
source 0 - assert 1788050159.000000034, sequence: 875 - clear  0.000000000, sequence: 0
source 0 - assert 1788050159.999999999, sequence: 876 - clear  0.000000000, sequence: 0
source 0 - assert 1788050161.000000000, sequence: 877 - clear  0.000000000, sequence: 0
source 0 - assert 1788050162.000000001, sequence: 878 - clear  0.000000000, sequence: 0
source 0 - assert 1788050163.000000003, sequence: 879 - clear  0.000000000, sequence: 0
source 0 - assert 1788050164.000000041, sequence: 880 - clear  0.000000000, sequence: 0
source 0 - assert 1788050165.000000005, sequence: 881 - clear  0.000000000, sequence: 0
source 0 - assert 1788050166.000000007, sequence: 882 - clear  0.000000000, sequence: 0
source 0 - assert 1788050166.999999990, sequence: 883 - clear  0.000000000, sequence: 0
source 0 - assert 1788050167.999999991, sequence: 884 - clear  0.000000000, sequence: 0
source 0 - assert 1788050169.000000011, sequence: 885 - clear  0.000000000, sequence: 0
source 0 - assert 1788050169.999999994, sequence: 886 - clear  0.000000000, sequence: 0
source 0 - assert 1788050170.999999995, sequence: 887 - clear  0.000000000, sequence: 0
source 0 - assert 1788050171.999999997, sequence: 888 - clear  0.000000000, sequence: 0
source 0 - assert 1788050172.999999998, sequence: 889 - clear  0.000000000, sequence: 0
source 0 - assert 1788050173.999999999, sequence: 890 - clear  0.000000000, sequence: 0
source 0 - assert 1788050175.000000001, sequence: 891 - clear  0.000000000, sequence: 0
source 0 - assert 1788050176.000000002, sequence: 892 - clear  0.000000000, sequence: 0
source 0 - assert 1788050177.000000004, sequence: 893 - clear  0.000000000, sequence: 0
source 0 - assert 1788050178.000000005, sequence: 894 - clear  0.000000000, sequence: 0
source 0 - assert 1788050178.999999988, sequence: 895 - clear  0.000000000, sequence: 0
source 0 - assert 1788050179.999999989, sequence: 896 - clear  0.000000000, sequence: 0
source 0 - assert 1788050180.999999991, sequence: 897 - clear  0.000000000, sequence: 0
source 0 - assert 1788050181.999999992, sequence: 898 - clear  0.000000000, sequence: 0
source 0 - assert 1788050182.999999993, sequence: 899 - clear  0.000000000, sequence: 0
source 0 - assert 1788050183.999999995, sequence: 900 - clear  0.000000000, sequence: 0
source 0 - assert 1788050184.999999978, sequence: 901 - clear  0.000000000, sequence: 0
source 0 - assert 1788050185.999999998, sequence: 902 - clear  0.000000000, sequence: 0
source 0 - assert 1788050187.000000037, sequence: 903 - clear  0.000000000, sequence: 0
source 0 - assert 1788050188.000000002, sequence: 904 - clear  0.000000000, sequence: 0
source 0 - assert 1788050189.000000003, sequence: 905 - clear  0.000000000, sequence: 0
source 0 - assert 1788050190.000000005, sequence: 906 - clear  0.000000000, sequence: 0
source 0 - assert 1788050191.000000006, sequence: 907 - clear  0.000000000, sequence: 0
source 0 - assert 1788050191.999999989, sequence: 908 - clear  0.000000000, sequence: 0
source 0 - assert 1788050193.000000009, sequence: 909 - clear  0.000000000, sequence: 0
source 0 - assert 1788050193.999999992, sequence: 910 - clear  0.000000000, sequence: 0
source 0 - assert 1788050194.999999993, sequence: 911 - clear  0.000000000, sequence: 0
source 0 - assert 1788050196.000000013, sequence: 912 - clear  0.000000000, sequence: 0
source 0 - assert 1788050196.999999996, sequence: 913 - clear  0.000000000, sequence: 0
source 0 - assert 1788050197.999999997, sequence: 914 - clear  0.000000000, sequence: 0
source 0 - assert 1788050198.999999999, sequence: 915 - clear  0.000000000, sequence: 0
source 0 - assert 1788050200.000000000, sequence: 916 - clear  0.000000000, sequence: 0
source 0 - assert 1788050201.000000020, sequence: 917 - clear  0.000000000, sequence: 0
source 0 - assert 1788050202.000000003, sequence: 918 - clear  0.000000000, sequence: 0
source 0 - assert 1788050203.000000004, sequence: 919 - clear  0.000000000, sequence: 0
source 0 - assert 1788050204.000000006, sequence: 920 - clear  0.000000000, sequence: 0
source 0 - assert 1788050204.999999989, sequence: 921 - clear  0.000000000, sequence: 0
source 0 - assert 1788050206.000000008, sequence: 922 - clear  0.000000000, sequence: 0
source 0 - assert 1788050207.000000010, sequence: 923 - clear  0.000000000, sequence: 0
source 0 - assert 1788050207.999999993, sequence: 924 - clear  0.000000000, sequence: 0
source 0 - assert 1788050209.000000013, sequence: 925 - clear  0.000000000, sequence: 0
source 0 - assert 1788050209.999999995, sequence: 926 - clear  0.000000000, sequence: 0
source 0 - assert 1788050210.999999997, sequence: 927 - clear  0.000000000, sequence: 0
source 0 - assert 1788050211.999999998, sequence: 928 - clear  0.000000000, sequence: 0
source 0 - assert 1788050213.000000000, sequence: 929 - clear  0.000000000, sequence: 0
source 0 - assert 1788050214.000000001, sequence: 930 - clear  0.000000000, sequence: 0
source 0 - assert 1788050215.000000002, sequence: 931 - clear  0.000000000, sequence: 0
source 0 - assert 1788050216.000000004, sequence: 932 - clear  0.000000000, sequence: 0
source 0 - assert 1788050216.999999987, sequence: 933 - clear  0.000000000, sequence: 0
source 0 - assert 1788050218.000000007, sequence: 934 - clear  0.000000000, sequence: 0
source 0 - assert 1788050219.000000008, sequence: 935 - clear  0.000000000, sequence: 0
source 0 - assert 1788050219.999999991, sequence: 936 - clear  0.000000000, sequence: 0
source 0 - assert 1788050221.000000011, sequence: 937 - clear  0.000000000, sequence: 0
source 0 - assert 1788050222.000000012, sequence: 938 - clear  0.000000000, sequence: 0
source 0 - assert 1788050222.999999995, sequence: 939 - clear  0.000000000, sequence: 0
source 0 - assert 1788050223.999999996, sequence: 940 - clear  0.000000000, sequence: 0
source 0 - assert 1788050225.000000016, sequence: 941 - clear  0.000000000, sequence: 0
source 0 - assert 1788050225.999999999, sequence: 942 - clear  0.000000000, sequence: 0
source 0 - assert 1788050227.000000001, sequence: 943 - clear  0.000000000, sequence: 0
source 0 - assert 1788050228.000000002, sequence: 944 - clear  0.000000000, sequence: 0
source 0 - assert 1788050229.000000003, sequence: 945 - clear  0.000000000, sequence: 0
source 0 - assert 1788050230.000000005, sequence: 946 - clear  0.000000000, sequence: 0
source 0 - assert 1788050230.999999988, sequence: 947 - clear  0.000000000, sequence: 0
source 0 - assert 1788050232.000000008, sequence: 948 - clear  0.000000000, sequence: 0
source 0 - assert 1788050232.999999990, sequence: 949 - clear  0.000000000, sequence: 0
source 0 - assert 1788050233.999999992, sequence: 950 - clear  0.000000000, sequence: 0
source 0 - assert 1788050235.000000012, sequence: 951 - clear  0.000000000, sequence: 0
source 0 - assert 1788050235.999999995, sequence: 952 - clear  0.000000000, sequence: 0
source 0 - assert 1788050236.999999996, sequence: 953 - clear  0.000000000, sequence: 0
source 0 - assert 1788050237.999999997, sequence: 954 - clear  0.000000000, sequence: 0
source 0 - assert 1788050238.999999999, sequence: 955 - clear  0.000000000, sequence: 0
source 0 - assert 1788050240.000000000, sequence: 956 - clear  0.000000000, sequence: 0
source 0 - assert 1788050241.000000001, sequence: 957 - clear  0.000000000, sequence: 0
source 0 - assert 1788050242.000000003, sequence: 958 - clear  0.000000000, sequence: 0
source 0 - assert 1788050243.000000004, sequence: 959 - clear  0.000000000, sequence: 0
source 0 - assert 1788050243.999999987, sequence: 960 - clear  0.000000000, sequence: 0
source 0 - assert 1788050245.000000007, sequence: 961 - clear  0.000000000, sequence: 0
source 0 - assert 1788050246.000000008, sequence: 962 - clear  0.000000000, sequence: 0
source 0 - assert 1788050247.000000010, sequence: 963 - clear  0.000000000, sequence: 0
source 0 - assert 1788050248.000000011, sequence: 964 - clear  0.000000000, sequence: 0
source 0 - assert 1788050248.999999994, sequence: 965 - clear  0.000000000, sequence: 0
source 0 - assert 1788050249.999999995, sequence: 966 - clear  0.000000000, sequence: 0
source 0 - assert 1788050251.000000015, sequence: 967 - clear  0.000000000, sequence: 0
source 0 - assert 1788050252.000000017, sequence: 968 - clear  0.000000000, sequence: 0
source 0 - assert 1788050253.000000000, sequence: 969 - clear  0.000000000, sequence: 0
source 0 - assert 1788050254.000000001, sequence: 970 - clear  0.000000000, sequence: 0
source 0 - assert 1788050255.000000002, sequence: 971 - clear  0.000000000, sequence: 0
source 0 - assert 1788050256.000000004, sequence: 972 - clear  0.000000000, sequence: 0
source 0 - assert 1788050257.000000005, sequence: 973 - clear  0.000000000, sequence: 0
source 0 - assert 1788050257.999999988, sequence: 974 - clear  0.000000000, sequence: 0
source 0 - assert 1788050259.000000008, sequence: 975 - clear  0.000000000, sequence: 0
source 0 - assert 1788050260.000000009, sequence: 976 - clear  0.000000000, sequence: 0
source 0 - assert 1788050261.000000011, sequence: 977 - clear  0.000000000, sequence: 0
source 0 - assert 1788050261.999999994, sequence: 978 - clear  0.000000000, sequence: 0
source 0 - assert 1788050262.999999995, sequence: 979 - clear  0.000000000, sequence: 0
source 0 - assert 1788050263.999999996, sequence: 980 - clear  0.000000000, sequence: 0
source 0 - assert 1788050264.999999998, sequence: 981 - clear  0.000000000, sequence: 0
source 0 - assert 1788050266.000000036, sequence: 982 - clear  0.000000000, sequence: 0
source 0 - assert 1788050267.000000001, sequence: 983 - clear  0.000000000, sequence: 0
source 0 - assert 1788050268.000000002, sequence: 984 - clear  0.000000000, sequence: 0
source 0 - assert 1788050269.000000003, sequence: 985 - clear  0.000000000, sequence: 0
source 0 - assert 1788050270.000000005, sequence: 986 - clear  0.000000000, sequence: 0
source 0 - assert 1788050271.000000006, sequence: 987 - clear  0.000000000, sequence: 0
source 0 - assert 1788050272.000000008, sequence: 988 - clear  0.000000000, sequence: 0
source 0 - assert 1788050273.000000009, sequence: 989 - clear  0.000000000, sequence: 0
source 0 - assert 1788050273.999999991, sequence: 990 - clear  0.000000000, sequence: 0
source 0 - assert 1788050275.000000011, sequence: 991 - clear  0.000000000, sequence: 0
source 0 - assert 1788050275.999999994, sequence: 992 - clear  0.000000000, sequence: 0
source 0 - assert 1788050276.999999995, sequence: 993 - clear  0.000000000, sequence: 0
source 0 - assert 1788050277.999999997, sequence: 994 - clear  0.000000000, sequence: 0
source 0 - assert 1788050278.999999998, sequence: 995 - clear  0.000000000, sequence: 0
source 0 - assert 1788050279.999999999, sequence: 996 - clear  0.000000000, sequence: 0
source 0 - assert 1788050280.999999982, sequence: 997 - clear  0.000000000, sequence: 0
source 0 - assert 1788050282.000000002, sequence: 998 - clear  0.000000000, sequence: 0
source 0 - assert 1788050283.000000003, sequence: 999 - clear  0.000000000, sequence: 0
source 0 - assert 1788050284.000000005, sequence: 1000 - clear  0.000000000, sequence: 0
source 0 - assert 1788050285.000000006, sequence: 1001 - clear  0.000000000, sequence: 0
source 0 - assert 1788050285.999999989, sequence: 1002 - clear  0.000000000, sequence: 0
source 0 - assert 1788050287.000000009, sequence: 1003 - clear  0.000000000, sequence: 0
source 0 - assert 1788050287.999999992, sequence: 1004 - clear  0.000000000, sequence: 0
source 0 - assert 1788050288.999999993, sequence: 1005 - clear  0.000000000, sequence: 0
source 0 - assert 1788050289.999999995, sequence: 1006 - clear  0.000000000, sequence: 0
source 0 - assert 1788050290.999999996, sequence: 1007 - clear  0.000000000, sequence: 0
source 0 - assert 1788050291.999999997, sequence: 1008 - clear  0.000000000, sequence: 0
source 0 - assert 1788050292.999999999, sequence: 1009 - clear  0.000000000, sequence: 0
source 0 - assert 1788050294.000000000, sequence: 1010 - clear  0.000000000, sequence: 0
source 0 - assert 1788050295.000000001, sequence: 1011 - clear  0.000000000, sequence: 0
source 0 - assert 1788050295.999999984, sequence: 1012 - clear  0.000000000, sequence: 0
source 0 - assert 1788050297.000000004, sequence: 1013 - clear  0.000000000, sequence: 0
source 0 - assert 1788050297.999999987, sequence: 1014 - clear  0.000000000, sequence: 0
source 0 - assert 1788050299.000000007, sequence: 1015 - clear  0.000000000, sequence: 0
source 0 - assert 1788050300.000000008, sequence: 1016 - clear  0.000000000, sequence: 0
source 0 - assert 1788050300.999999991, sequence: 1017 - clear  0.000000000, sequence: 0
source 0 - assert 1788050302.000000011, sequence: 1018 - clear  0.000000000, sequence: 0
source 0 - assert 1788050303.000000013, sequence: 1019 - clear  0.000000000, sequence: 0
source 0 - assert 1788050303.999999995, sequence: 1020 - clear  0.000000000, sequence: 0
source 0 - assert 1788050304.999999997, sequence: 1021 - clear  0.000000000, sequence: 0
source 0 - assert 1788050305.999999998, sequence: 1022 - clear  0.000000000, sequence: 0
source 0 - assert 1788050307.000000000, sequence: 1023 - clear  0.000000000, sequence: 0
source 0 - assert 1788050308.000000001, sequence: 1024 - clear  0.000000000, sequence: 0
source 0 - assert 1788050309.000000002, sequence: 1025 - clear  0.000000000, sequence: 0
source 0 - assert 1788050309.999999985, sequence: 1026 - clear  0.000000000, sequence: 0
source 0 - assert 1788050311.000000005, sequence: 1027 - clear  0.000000000, sequence: 0
source 0 - assert 1788050312.000000006, sequence: 1028 - clear  0.000000000, sequence: 0
source 0 - assert 1788050312.999999989, sequence: 1029 - clear  0.000000000, sequence: 0
source 0 - assert 1788050313.999999991, sequence: 1030 - clear  0.000000000, sequence: 0
source 0 - assert 1788050315.000000029, sequence: 1031 - clear  0.000000000, sequence: 0
source 0 - assert 1788050315.999999993, sequence: 1032 - clear  0.000000000, sequence: 0
source 0 - assert 1788050316.999999995, sequence: 1033 - clear  0.000000000, sequence: 0
source 0 - assert 1788050317.999999996, sequence: 1034 - clear  0.000000000, sequence: 0
source 0 - assert 1788050318.999999997, sequence: 1035 - clear  0.000000000, sequence: 0
source 0 - assert 1788050319.999999999, sequence: 1036 - clear  0.000000000, sequence: 0
source 0 - assert 1788050321.000000019, sequence: 1037 - clear  0.000000000, sequence: 0
source 0 - assert 1788050322.000000020, sequence: 1038 - clear  0.000000000, sequence: 0
source 0 - assert 1788050323.000000003, sequence: 1039 - clear  0.000000000, sequence: 0
source 0 - assert 1788050324.000000004, sequence: 1040 - clear  0.000000000, sequence: 0
source 0 - assert 1788050325.000000006, sequence: 1041 - clear  0.000000000, sequence: 0
source 0 - assert 1788050326.000000007, sequence: 1042 - clear  0.000000000, sequence: 0
source 0 - assert 1788050327.000000027, sequence: 1043 - clear  0.000000000, sequence: 0
source 0 - assert 1788050327.999999991, sequence: 1044 - clear  0.000000000, sequence: 0
source 0 - assert 1788050328.999999993, sequence: 1045 - clear  0.000000000, sequence: 0
source 0 - assert 1788050329.999999994, sequence: 1046 - clear  0.000000000, sequence: 0
source 0 - assert 1788050331.000000014, sequence: 1047 - clear  0.000000000, sequence: 0
source 0 - assert 1788050332.000000015, sequence: 1048 - clear  0.000000000, sequence: 0
source 0 - assert 1788050332.999999998, sequence: 1049 - clear  0.000000000, sequence: 0
source 0 - assert 1788050334.000000000, sequence: 1050 - clear  0.000000000, sequence: 0
source 0 - assert 1788050335.000000001, sequence: 1051 - clear  0.000000000, sequence: 0
source 0 - assert 1788050336.000000002, sequence: 1052 - clear  0.000000000, sequence: 0
source 0 - assert 1788050337.000000041, sequence: 1053 - clear  0.000000000, sequence: 0
source 0 - assert 1788050338.000000005, sequence: 1054 - clear  0.000000000, sequence: 0
source 0 - assert 1788050339.000000007, sequence: 1055 - clear  0.000000000, sequence: 0
source 0 - assert 1788050340.000000008, sequence: 1056 - clear  0.000000000, sequence: 0
source 0 - assert 1788050341.000000028, sequence: 1057 - clear  0.000000000, sequence: 0
source 0 - assert 1788050342.000000011, sequence: 1058 - clear  0.000000000, sequence: 0
source 0 - assert 1788050343.000000012, sequence: 1059 - clear  0.000000000, sequence: 0
source 0 - assert 1788050344.000000013, sequence: 1060 - clear  0.000000000, sequence: 0
source 0 - assert 1788050344.999999996, sequence: 1061 - clear  0.000000000, sequence: 0
source 0 - assert 1788050345.999999997, sequence: 1062 - clear  0.000000000, sequence: 0
source 0 - assert 1788050346.999999998, sequence: 1063 - clear  0.000000000, sequence: 0
source 0 - assert 1788050347.999999999, sequence: 1064 - clear  0.000000000, sequence: 0
source 0 - assert 1788050349.000000000, sequence: 1065 - clear  0.000000000, sequence: 0
source 0 - assert 1788050350.000000001, sequence: 1066 - clear  0.000000000, sequence: 0
source 0 - assert 1788050351.000000003, sequence: 1067 - clear  0.000000000, sequence: 0
source 0 - assert 1788050352.000000004, sequence: 1068 - clear  0.000000000, sequence: 0
source 0 - assert 1788050353.000000006, sequence: 1069 - clear  0.000000000, sequence: 0
source 0 - assert 1788050354.000000025, sequence: 1070 - clear  0.000000000, sequence: 0
source 0 - assert 1788050354.999999990, sequence: 1071 - clear  0.000000000, sequence: 0
source 0 - assert 1788050355.999999991, sequence: 1072 - clear  0.000000000, sequence: 0
source 0 - assert 1788050356.999999992, sequence: 1073 - clear  0.000000000, sequence: 0
source 0 - assert 1788050357.999999994, sequence: 1074 - clear  0.000000000, sequence: 0
source 0 - assert 1788050359.000000014, sequence: 1075 - clear  0.000000000, sequence: 0
source 0 - assert 1788050359.999999997, sequence: 1076 - clear  0.000000000, sequence: 0
source 0 - assert 1788050360.999999998, sequence: 1077 - clear  0.000000000, sequence: 0
source 0 - assert 1788050361.999999999, sequence: 1078 - clear  0.000000000, sequence: 0
source 0 - assert 1788050363.000000001, sequence: 1079 - clear  0.000000000, sequence: 0
source 0 - assert 1788050363.999999983, sequence: 1080 - clear  0.000000000, sequence: 0
source 0 - assert 1788050365.000000003, sequence: 1081 - clear  0.000000000, sequence: 0
source 0 - assert 1788050366.000000005, sequence: 1082 - clear  0.000000000, sequence: 0
source 0 - assert 1788050366.999999988, sequence: 1083 - clear  0.000000000, sequence: 0
source 0 - assert 1788050367.999999989, sequence: 1084 - clear  0.000000000, sequence: 0
source 0 - assert 1788050368.999999990, sequence: 1085 - clear  0.000000000, sequence: 0
source 0 - assert 1788050370.000000029, sequence: 1086 - clear  0.000000000, sequence: 0
source 0 - assert 1788050371.000000012, sequence: 1087 - clear  0.000000000, sequence: 0
source 0 - assert 1788050372.000000031, sequence: 1088 - clear  0.000000000, sequence: 0
source 0 - assert 1788050372.999999996, sequence: 1089 - clear  0.000000000, sequence: 0
source 0 - assert 1788050373.999999997, sequence: 1090 - clear  0.000000000, sequence: 0
source 0 - assert 1788050374.999999979, sequence: 1091 - clear  0.000000000, sequence: 0
source 0 - assert 1788050375.999999999, sequence: 1092 - clear  0.000000000, sequence: 0
source 0 - assert 1788050377.000000000, sequence: 1093 - clear  0.000000000, sequence: 0
source 0 - assert 1788050378.000000002, sequence: 1094 - clear  0.000000000, sequence: 0
source 0 - assert 1788050379.000000003, sequence: 1095 - clear  0.000000000, sequence: 0
source 0 - assert 1788050380.000000005, sequence: 1096 - clear  0.000000000, sequence: 0
source 0 - assert 1788050381.000000006, sequence: 1097 - clear  0.000000000, sequence: 0
source 0 - assert 1788050381.999999989, sequence: 1098 - clear  0.000000000, sequence: 0
source 0 - assert 1788050382.999999990, sequence: 1099 - clear  0.000000000, sequence: 0
source 0 - assert 1788050383.999999991, sequence: 1100 - clear  0.000000000, sequence: 0
source 0 - assert 1788050385.000000011, sequence: 1101 - clear  0.000000000, sequence: 0
source 0 - assert 1788050386.000000013, sequence: 1102 - clear  0.000000000, sequence: 0
source 0 - assert 1788050386.999999996, sequence: 1103 - clear  0.000000000, sequence: 0
source 0 - assert 1788050387.999999997, sequence: 1104 - clear  0.000000000, sequence: 0
source 0 - assert 1788050388.999999998, sequence: 1105 - clear  0.000000000, sequence: 0
source 0 - assert 1788050390.000000000, sequence: 1106 - clear  0.000000000, sequence: 0
source 0 - assert 1788050391.000000001, sequence: 1107 - clear  0.000000000, sequence: 0
source 0 - assert 1788050392.000000002, sequence: 1108 - clear  0.000000000, sequence: 0
source 0 - assert 1788050392.999999985, sequence: 1109 - clear  0.000000000, sequence: 0
source 0 - assert 1788050394.000000005, sequence: 1110 - clear  0.000000000, sequence: 0
source 0 - assert 1788050395.000000006, sequence: 1111 - clear  0.000000000, sequence: 0
source 0 - assert 1788050395.999999989, sequence: 1112 - clear  0.000000000, sequence: 0
source 0 - assert 1788050397.000000009, sequence: 1113 - clear  0.000000000, sequence: 0
source 0 - assert 1788050397.999999992, sequence: 1114 - clear  0.000000000, sequence: 0
source 0 - assert 1788050398.999999993, sequence: 1115 - clear  0.000000000, sequence: 0
source 0 - assert 1788050399.999999995, sequence: 1116 - clear  0.000000000, sequence: 0
source 0 - assert 1788050400.999999996, sequence: 1117 - clear  0.000000000, sequence: 0
source 0 - assert 1788050401.999999997, sequence: 1118 - clear  0.000000000, sequence: 0
source 0 - assert 1788050402.999999999, sequence: 1119 - clear  0.000000000, sequence: 0
source 0 - assert 1788050403.999999982, sequence: 1120 - clear  0.000000000, sequence: 0
source 0 - assert 1788050405.000000001, sequence: 1121 - clear  0.000000000, sequence: 0
source 0 - assert 1788050406.000000003, sequence: 1122 - clear  0.000000000, sequence: 0
source 0 - assert 1788050406.999999986, sequence: 1123 - clear  0.000000000, sequence: 0
source 0 - assert 1788050407.999999987, sequence: 1124 - clear  0.000000000, sequence: 0
source 0 - assert 1788050409.000000007, sequence: 1125 - clear  0.000000000, sequence: 0
source 0 - assert 1788050409.999999990, sequence: 1126 - clear  0.000000000, sequence: 0
source 0 - assert 1788050410.999999991, sequence: 1127 - clear  0.000000000, sequence: 0
source 0 - assert 1788050411.999999992, sequence: 1128 - clear  0.000000000, sequence: 0
source 0 - assert 1788050412.999999994, sequence: 1129 - clear  0.000000000, sequence: 0
source 0 - assert 1788050413.999999996, sequence: 1130 - clear  0.000000000, sequence: 0
source 0 - assert 1788050414.999999997, sequence: 1131 - clear  0.000000000, sequence: 0
source 0 - assert 1788050415.999999999, sequence: 1132 - clear  0.000000000, sequence: 0
source 0 - assert 1788050417.000000019, sequence: 1133 - clear  0.000000000, sequence: 0
source 0 - assert 1788050418.000000002, sequence: 1134 - clear  0.000000000, sequence: 0
source 0 - assert 1788050418.999999985, sequence: 1135 - clear  0.000000000, sequence: 0
source 0 - assert 1788050419.999999986, sequence: 1136 - clear  0.000000000, sequence: 0
source 0 - assert 1788050420.999999987, sequence: 1137 - clear  0.000000000, sequence: 0
source 0 - assert 1788050422.000000007, sequence: 1138 - clear  0.000000000, sequence: 0
source 0 - assert 1788050423.000000009, sequence: 1139 - clear  0.000000000, sequence: 0
source 0 - assert 1788050424.000000010, sequence: 1140 - clear  0.000000000, sequence: 0
source 0 - assert 1788050424.999999993, sequence: 1141 - clear  0.000000000, sequence: 0
source 0 - assert 1788050426.000000013, sequence: 1142 - clear  0.000000000, sequence: 0
source 0 - assert 1788050427.000000033, sequence: 1143 - clear  0.000000000, sequence: 0
source 0 - assert 1788050428.000000015, sequence: 1144 - clear  0.000000000, sequence: 0
source 0 - assert 1788050429.000000017, sequence: 1145 - clear  0.000000000, sequence: 0
source 0 - assert 1788050430.000000018, sequence: 1146 - clear  0.000000000, sequence: 0
source 0 - assert 1788050431.000000038, sequence: 1147 - clear  0.000000000, sequence: 0
source 0 - assert 1788050432.000000021, sequence: 1148 - clear  0.000000000, sequence: 0
source 0 - assert 1788050433.000000022, sequence: 1149 - clear  0.000000000, sequence: 0
source 0 - assert 1788050434.000000023, sequence: 1150 - clear  0.000000000, sequence: 0
source 0 - assert 1788050435.000000043, sequence: 1151 - clear  0.000000000, sequence: 0
source 0 - assert 1788050436.000000044, sequence: 1152 - clear  0.000000000, sequence: 0
source 0 - assert 1788050437.000000026, sequence: 1153 - clear  0.000000000, sequence: 0
source 0 - assert 1788050438.000000026, sequence: 1154 - clear  0.000000000, sequence: 0
source 0 - assert 1788050439.000000026, sequence: 1155 - clear  0.000000000, sequence: 0
source 0 - assert 1788050440.000000026, sequence: 1156 - clear  0.000000000, sequence: 0
source 0 - assert 1788050441.000000021, sequence: 1157 - clear  0.000000000, sequence: 0
source 0 - assert 1788050442.000000017, sequence: 1158 - clear  0.000000000, sequence: 0
source 0 - assert 1788050443.000000019, sequence: 1159 - clear  0.000000000, sequence: 0
source 0 - assert 1788050444.000000020, sequence: 1160 - clear  0.000000000, sequence: 0
source 0 - assert 1788050445.000000016, sequence: 1161 - clear  0.000000000, sequence: 0
source 0 - assert 1788050446.000000011, sequence: 1162 - clear  0.000000000, sequence: 0
source 0 - assert 1788050446.999999993, sequence: 1163 - clear  0.000000000, sequence: 0
source 0 - assert 1788050448.000000012, sequence: 1164 - clear  0.000000000, sequence: 0
source 0 - assert 1788050449.000000008, sequence: 1165 - clear  0.000000000, sequence: 0
source 0 - assert 1788050450.000000002, sequence: 1166 - clear  0.000000000, sequence: 0
source 0 - assert 1788050451.000000001, sequence: 1167 - clear  0.000000000, sequence: 0
source 0 - assert 1788050452.000000001, sequence: 1168 - clear  0.000000000, sequence: 0
source 0 - assert 1788050453.000000000, sequence: 1169 - clear  0.000000000, sequence: 0
source 0 - assert 1788050453.999999999, sequence: 1170 - clear  0.000000000, sequence: 0
source 0 - assert 1788050454.999999998, sequence: 1171 - clear  0.000000000, sequence: 0
source 0 - assert 1788050455.999999998, sequence: 1172 - clear  0.000000000, sequence: 0
source 0 - assert 1788050456.999999997, sequence: 1173 - clear  0.000000000, sequence: 0
source 0 - assert 1788050457.999999996, sequence: 1174 - clear  0.000000000, sequence: 0
source 0 - assert 1788050458.999999996, sequence: 1175 - clear  0.000000000, sequence: 0
source 0 - assert 1788050460.000000013, sequence: 1176 - clear  0.000000000, sequence: 0
source 0 - assert 1788050460.999999994, sequence: 1177 - clear  0.000000000, sequence: 0
source 0 - assert 1788050461.999999994, sequence: 1178 - clear  0.000000000, sequence: 0
source 0 - assert 1788050462.999999993, sequence: 1179 - clear  0.000000000, sequence: 0
source 0 - assert 1788050463.999999992, sequence: 1180 - clear  0.000000000, sequence: 0
source 0 - assert 1788050465.000000010, sequence: 1181 - clear  0.000000000, sequence: 0
source 0 - assert 1788050465.999999991, sequence: 1182 - clear  0.000000000, sequence: 0
source 0 - assert 1788050466.999999991, sequence: 1183 - clear  0.000000000, sequence: 0
source 0 - assert 1788050468.000000009, sequence: 1184 - clear  0.000000000, sequence: 0
source 0 - assert 1788050469.000000008, sequence: 1185 - clear  0.000000000, sequence: 0
source 0 - assert 1788050469.999999989, sequence: 1186 - clear  0.000000000, sequence: 0
source 0 - assert 1788050471.000000007, sequence: 1187 - clear  0.000000000, sequence: 0
source 0 - assert 1788050472.000000007, sequence: 1188 - clear  0.000000000, sequence: 0
source 0 - assert 1788050472.999999987, sequence: 1189 - clear  0.000000000, sequence: 0
source 0 - assert 1788050473.999999986, sequence: 1190 - clear  0.000000000, sequence: 0
source 0 - assert 1788050475.000000004, sequence: 1191 - clear  0.000000000, sequence: 0
source 0 - assert 1788050476.000000003, sequence: 1192 - clear  0.000000000, sequence: 0
source 0 - assert 1788050477.000000002, sequence: 1193 - clear  0.000000000, sequence: 0
source 0 - assert 1788050477.999999983, sequence: 1194 - clear  0.000000000, sequence: 0
source 0 - assert 1788050479.000000001, sequence: 1195 - clear  0.000000000, sequence: 0
source 0 - assert 1788050480.000000000, sequence: 1196 - clear  0.000000000, sequence: 0
source 0 - assert 1788050480.999999981, sequence: 1197 - clear  0.000000000, sequence: 0
source 0 - assert 1788050481.999999999, sequence: 1198 - clear  0.000000000, sequence: 0
source 0 - assert 1788050482.999999980, sequence: 1199 - clear  0.000000000, sequence: 0
source 0 - assert 1788050483.999999998, sequence: 1200 - clear  0.000000000, sequence: 0
source 0 - assert 1788050485.000000016, sequence: 1201 - clear  0.000000000, sequence: 0
source 0 - assert 1788050485.999999979, sequence: 1202 - clear  0.000000000, sequence: 0
source 0 - assert 1788050486.999999997, sequence: 1203 - clear  0.000000000, sequence: 0
source 0 - assert 1788050487.999999979, sequence: 1204 - clear  0.000000000, sequence: 0
source 0 - assert 1788050488.999999979, sequence: 1205 - clear  0.000000000, sequence: 0
source 0 - assert 1788050489.999999979, sequence: 1206 - clear  0.000000000, sequence: 0
source 0 - assert 1788050490.999999979, sequence: 1207 - clear  0.000000000, sequence: 0
source 0 - assert 1788050491.999999979, sequence: 1208 - clear  0.000000000, sequence: 0
source 0 - assert 1788050492.999999991, sequence: 1209 - clear  0.000000000, sequence: 0
source 0 - assert 1788050493.999999978, sequence: 1210 - clear  0.000000000, sequence: 0
source 0 - assert 1788050494.999999978, sequence: 1211 - clear  0.000000000, sequence: 0
source 0 - assert 1788050495.999999996, sequence: 1212 - clear  0.000000000, sequence: 0
source 0 - assert 1788050496.999999980, sequence: 1213 - clear  0.000000000, sequence: 0
source 0 - assert 1788050498.000000001, sequence: 1214 - clear  0.000000000, sequence: 0
source 0 - assert 1788050498.999999986, sequence: 1215 - clear  0.000000000, sequence: 0
source 0 - assert 1788050499.999999986, sequence: 1216 - clear  0.000000000, sequence: 0
source 0 - assert 1788050501.000000017, sequence: 1217 - clear  0.000000000, sequence: 0
source 0 - assert 1788050502.000000002, sequence: 1218 - clear  0.000000000, sequence: 0
source 0 - assert 1788050503.000000004, sequence: 1219 - clear  0.000000000, sequence: 0
source 0 - assert 1788050504.000000023, sequence: 1220 - clear  0.000000000, sequence: 0
source 0 - assert 1788050505.000000006, sequence: 1221 - clear  0.000000000, sequence: 0
source 0 - assert 1788050506.000000006, sequence: 1222 - clear  0.000000000, sequence: 0
source 0 - assert 1788050507.000000006, sequence: 1223 - clear  0.000000000, sequence: 0
source 0 - assert 1788050508.000000007, sequence: 1224 - clear  0.000000000, sequence: 0
source 0 - assert 1788050509.000000008, sequence: 1225 - clear  0.000000000, sequence: 0
source 0 - assert 1788050509.999999990, sequence: 1226 - clear  0.000000000, sequence: 0
source 0 - assert 1788050510.999999991, sequence: 1227 - clear  0.000000000, sequence: 0
source 0 - assert 1788050511.999999992, sequence: 1228 - clear  0.000000000, sequence: 0
source 0 - assert 1788050513.000000013, sequence: 1229 - clear  0.000000000, sequence: 0
source 0 - assert 1788050514.000000015, sequence: 1230 - clear  0.000000000, sequence: 0
source 0 - assert 1788050514.999999998, sequence: 1231 - clear  0.000000000, sequence: 0
source 0 - assert 1788050516.000000018, sequence: 1232 - clear  0.000000000, sequence: 0
source 0 - assert 1788050517.000000001, sequence: 1233 - clear  0.000000000, sequence: 0
source 0 - assert 1788050518.000000001, sequence: 1234 - clear  0.000000000, sequence: 0
source 0 - assert 1788050519.000000020, sequence: 1235 - clear  0.000000000, sequence: 0
source 0 - assert 1788050520.000000002, sequence: 1236 - clear  0.000000000, sequence: 0
source 0 - assert 1788050521.000000003, sequence: 1237 - clear  0.000000000, sequence: 0
source 0 - assert 1788050522.000000023, sequence: 1238 - clear  0.000000000, sequence: 0
source 0 - assert 1788050523.000000006, sequence: 1239 - clear  0.000000000, sequence: 0
source 0 - assert 1788050524.000000007, sequence: 1240 - clear  0.000000000, sequence: 0
source 0 - assert 1788050524.999999990, sequence: 1241 - clear  0.000000000, sequence: 0
source 0 - assert 1788050525.999999991, sequence: 1242 - clear  0.000000000, sequence: 0
source 0 - assert 1788050526.999999991, sequence: 1243 - clear  0.000000000, sequence: 0
source 0 - assert 1788050527.999999992, sequence: 1244 - clear  0.000000000, sequence: 0
source 0 - assert 1788050528.999999994, sequence: 1245 - clear  0.000000000, sequence: 0
source 0 - assert 1788050529.999999977, sequence: 1246 - clear  0.000000000, sequence: 0
source 0 - assert 1788050530.999999997, sequence: 1247 - clear  0.000000000, sequence: 0
source 0 - assert 1788050531.999999980, sequence: 1248 - clear  0.000000000, sequence: 0
source 0 - assert 1788050533.000000000, sequence: 1249 - clear  0.000000000, sequence: 0
source 0 - assert 1788050533.999999984, sequence: 1250 - clear  0.000000000, sequence: 0
source 0 - assert 1788050535.000000005, sequence: 1251 - clear  0.000000000, sequence: 0
source 0 - assert 1788050536.000000007, sequence: 1252 - clear  0.000000000, sequence: 0
source 0 - assert 1788050536.999999990, sequence: 1253 - clear  0.000000000, sequence: 0
source 0 - assert 1788050537.999999992, sequence: 1254 - clear  0.000000000, sequence: 0
source 0 - assert 1788050538.999999993, sequence: 1255 - clear  0.000000000, sequence: 0
source 0 - assert 1788050539.999999994, sequence: 1256 - clear  0.000000000, sequence: 0
source 0 - assert 1788050540.999999996, sequence: 1257 - clear  0.000000000, sequence: 0
source 0 - assert 1788050541.999999979, sequence: 1258 - clear  0.000000000, sequence: 0
source 0 - assert 1788050542.999999980, sequence: 1259 - clear  0.000000000, sequence: 0
source 0 - assert 1788050544.000000001, sequence: 1260 - clear  0.000000000, sequence: 0
source 0 - assert 1788050545.000000003, sequence: 1261 - clear  0.000000000, sequence: 0
source 0 - assert 1788050545.999999986, sequence: 1262 - clear  0.000000000, sequence: 0
source 0 - assert 1788050547.000000007, sequence: 1263 - clear  0.000000000, sequence: 0
source 0 - assert 1788050547.999999990, sequence: 1264 - clear  0.000000000, sequence: 0
source 0 - assert 1788050549.000000010, sequence: 1265 - clear  0.000000000, sequence: 0
source 0 - assert 1788050549.999999994, sequence: 1266 - clear  0.000000000, sequence: 0
source 0 - assert 1788050550.999999995, sequence: 1267 - clear  0.000000000, sequence: 0
source 0 - assert 1788050551.999999978, sequence: 1268 - clear  0.000000000, sequence: 0
source 0 - assert 1788050553.000000001, sequence: 1269 - clear  0.000000000, sequence: 0
source 0 - assert 1788050553.999999988, sequence: 1270 - clear  0.000000000, sequence: 0
source 0 - assert 1788050554.999999992, sequence: 1271 - clear  0.000000000, sequence: 0
source 0 - assert 1788050555.999999993, sequence: 1272 - clear  0.000000000, sequence: 0
source 0 - assert 1788050556.999999977, sequence: 1273 - clear  0.000000000, sequence: 0
source 0 - assert 1788050557.999999980, sequence: 1274 - clear  0.000000000, sequence: 0
source 0 - assert 1788050558.999999982, sequence: 1275 - clear  0.000000000, sequence: 0
source 0 - assert 1788050559.999999985, sequence: 1276 - clear  0.000000000, sequence: 0
source 0 - assert 1788050560.999999970, sequence: 1277 - clear  0.000000000, sequence: 0
source 0 - assert 1788050561.999999974, sequence: 1278 - clear  0.000000000, sequence: 0
source 0 - assert 1788050562.999999978, sequence: 1279 - clear  0.000000000, sequence: 0
source 0 - assert 1788050563.999999981, sequence: 1280 - clear  0.000000000, sequence: 0
source 0 - assert 1788050564.999999989, sequence: 1281 - clear  0.000000000, sequence: 0
