trying PPS source "/dev/pps0"
found PPS source "/dev/pps0"
ok, found 1 source(s), now start fetching data...
source 0 - assert 1788042866.000000321, sequence: 10133 - clear  0.000000000, sequence: 0
source 0 - assert 1788042867.000000340, sequence: 10134 - clear  0.000000000, sequence: 0
source 0 - assert 1788042867.999999711, sequence: 10135 - clear  0.000000000, sequence: 0
source 0 - assert 1788042868.999999766, sequence: 10136 - clear  0.000000000, sequence: 0
source 0 - assert 1788042870.000000039, sequence: 10137 - clear  0.000000000, sequence: 0
source 0 - assert 1788042870.999999800, sequence: 10138 - clear  0.000000000, sequence: 0
source 0 - assert 1788042871.999999745, sequence: 10139 - clear  0.000000000, sequence: 0
source 0 - assert 1788042872.999999727, sequence: 10140 - clear  0.000000000, sequence: 0
source 0 - assert 1788042873.999999712, sequence: 10141 - clear  0.000000000, sequence: 0
source 0 - assert 1788042874.999999944, sequence: 10142 - clear  0.000000000, sequence: 0
source 0 - assert 1788042875.999999640, sequence: 10143 - clear  0.000000000, sequence: 0
source 0 - assert 1788042877.000000149, sequence: 10144 - clear  0.000000000, sequence: 0
source 0 - assert 1788042877.999999697, sequence: 10145 - clear  0.000000000, sequence: 0
source 0 - assert 1788042878.999999838, sequence: 10146 - clear  0.000000000, sequence: 0
source 0 - assert 1788042879.999999794, sequence: 10147 - clear  0.000000000, sequence: 0
source 0 - assert 1788042881.000000491, sequence: 10148 - clear  0.000000000, sequence: 0
source 0 - assert 1788042882.000000064, sequence: 10149 - clear  0.000000000, sequence: 0
source 0 - assert 1788042883.000000334, sequence: 10150 - clear  0.000000000, sequence: 0
source 0 - assert 1788042884.000000679, sequence: 10151 - clear  0.000000000, sequence: 0
source 0 - assert 1788042885.000000402, sequence: 10152 - clear  0.000000000, sequence: 0
source 0 - assert 1788042886.000000385, sequence: 10153 - clear  0.000000000, sequence: 0
source 0 - assert 1788042887.000000329, sequence: 10154 - clear  0.000000000, sequence: 0
source 0 - assert 1788042888.000000125, sequence: 10155 - clear  0.000000000, sequence: 0
source 0 - assert 1788042889.000000144, sequence: 10156 - clear  0.000000000, sequence: 0
source 0 - assert 1788042890.000000082, sequence: 10157 - clear  0.000000000, sequence: 0
source 0 - assert 1788042891.000000617, sequence: 10158 - clear  0.000000000, sequence: 0
source 0 - assert 1788042892.000000096, sequence: 10159 - clear  0.000000000, sequence: 0
source 0 - assert 1788042893.000000131, sequence: 10160 - clear  0.000000000, sequence: 0
source 0 - assert 1788042893.999999953, sequence: 10161 - clear  0.000000000, sequence: 0
source 0 - assert 1788042895.000000284, sequence: 10162 - clear  0.000000000, sequence: 0
source 0 - assert 1788042895.999999819, sequence: 10163 - clear  0.000000000, sequence: 0
source 0 - assert 1788042897.000000021, sequence: 10164 - clear  0.000000000, sequence: 0
source 0 - assert 1788042898.000000227, sequence: 10165 - clear  0.000000000, sequence: 0
source 0 - assert 1788042898.999999929, sequence: 10166 - clear  0.000000000, sequence: 0
source 0 - assert 1788042899.999999871, sequence: 10167 - clear  0.000000000, sequence: 0
source 0 - assert 1788042900.999999888, sequence: 10168 - clear  0.000000000, sequence: 0
source 0 - assert 1788042902.000000498, sequence: 10169 - clear  0.000000000, sequence: 0
source 0 - assert 1788042902.999999796, sequence: 10170 - clear  0.000000000, sequence: 0
source 0 - assert 1788042903.999999853, sequence: 10171 - clear  0.000000000, sequence: 0
source 0 - assert 1788042905.000000522, sequence: 10172 - clear  0.000000000, sequence: 0
source 0 - assert 1788042905.999999984, sequence: 10173 - clear  0.000000000, sequence: 0
source 0 - assert 1788042906.999999866, sequence: 10174 - clear  0.000000000, sequence: 0
source 0 - assert 1788042907.999999859, sequence: 10175 - clear  0.000000000, sequence: 0
source 0 - assert 1788042909.000000222, sequence: 10176 - clear  0.000000000, sequence: 0
source 0 - assert 1788042909.999999864, sequence: 10177 - clear  0.000000000, sequence: 0
source 0 - assert 1788042910.999999806, sequence: 10178 - clear  0.000000000, sequence: 0
source 0 - assert 1788042911.999999860, sequence: 10179 - clear  0.000000000, sequence: 0
source 0 - assert 1788042912.999999617, sequence: 10180 - clear  0.000000000, sequence: 0
source 0 - assert 1788042913.999999932, sequence: 10181 - clear  0.000000000, sequence: 0
source 0 - assert 1788042914.999999808, sequence: 10182 - clear  0.000000000, sequence: 0
source 0 - assert 1788042916.000000148, sequence: 10183 - clear  0.000000000, sequence: 0
source 0 - assert 1788042916.999999561, sequence: 10184 - clear  0.000000000, sequence: 0
source 0 - assert 1788042918.000000364, sequence: 10185 - clear  0.000000000, sequence: 0
source 0 - assert 1788042918.999999758, sequence: 10186 - clear  0.000000000, sequence: 0
source 0 - assert 1788042919.999999634, sequence: 10187 - clear  0.000000000, sequence: 0
source 0 - assert 1788042920.999999659, sequence: 10188 - clear  0.000000000, sequence: 0
source 0 - assert 1788042921.999999891, sequence: 10189 - clear  0.000000000, sequence: 0
source 0 - assert 1788042923.000000097, sequence: 10190 - clear  0.000000000, sequence: 0
source 0 - assert 1788042923.999999619, sequence: 10191 - clear  0.000000000, sequence: 0
source 0 - assert 1788042925.000000029, sequence: 10192 - clear  0.000000000, sequence: 0
source 0 - assert 1788042925.999999915, sequence: 10193 - clear  0.000000000, sequence: 0
source 0 - assert 1788042927.000000398, sequence: 10194 - clear  0.000000000, sequence: 0
source 0 - assert 1788042928.000000103, sequence: 10195 - clear  0.000000000, sequence: 0
source 0 - assert 1788042929.000000123, sequence: 10196 - clear  0.000000000, sequence: 0
source 0 - assert 1788042930.000000309, sequence: 10197 - clear  0.000000000, sequence: 0
source 0 - assert 1788042930.999999883, sequence: 10198 - clear  0.000000000, sequence: 0
source 0 - assert 1788042931.999999753, sequence: 10199 - clear  0.000000000, sequence: 0
source 0 - assert 1788042932.999999901, sequence: 10200 - clear  0.000000000, sequence: 0
source 0 - assert 1788042934.000000253, sequence: 10201 - clear  0.000000000, sequence: 0
source 0 - assert 1788042934.999999865, sequence: 10202 - clear  0.000000000, sequence: 0
source 0 - assert 1788042935.999999867, sequence: 10203 - clear  0.000000000, sequence: 0
source 0 - assert 1788042937.000000350, sequence: 10204 - clear  0.000000000, sequence: 0
source 0 - assert 1788042937.999999795, sequence: 10205 - clear  0.000000000, sequence: 0
source 0 - assert 1788042939.000000056, sequence: 10206 - clear  0.000000000, sequence: 0
source 0 - assert 1788042940.000000408, sequence: 10207 - clear  0.000000000, sequence: 0
source 0 - assert 1788042941.000000261, sequence: 10208 - clear  0.000000000, sequence: 0
source 0 - assert 1788042941.999999761, sequence: 10209 - clear  0.000000000, sequence: 0
source 0 - assert 1788042942.999999777, sequence: 10210 - clear  0.000000000, sequence: 0
source 0 - assert 1788042944.000000162, sequence: 10211 - clear  0.000000000, sequence: 0
source 0 - assert 1788042944.999999937, sequence: 10212 - clear  0.000000000, sequence: 0
source 0 - assert 1788042945.999999916, sequence: 10213 - clear  0.000000000, sequence: 0
source 0 - assert 1788042946.999999899, sequence: 10214 - clear  0.000000000, sequence: 0
source 0 - assert 1788042948.000000900, sequence: 10215 - clear  0.000000000, sequence: 0
source 0 - assert 1788042948.999999661, sequence: 10216 - clear  0.000000000, sequence: 0
source 0 - assert 1788042949.999999885, sequence: 10217 - clear  0.000000000, sequence: 0
source 0 - assert 1788042951.000000110, sequence: 10218 - clear  0.000000000, sequence: 0
source 0 - assert 1788042951.999999909, sequence: 10219 - clear  0.000000000, sequence: 0
source 0 - assert 1788042952.999999801, sequence: 10220 - clear  0.000000000, sequence: 0
source 0 - assert 1788042953.999999619, sequence: 10221 - clear  0.000000000, sequence: 0
source 0 - assert 1788042955.000000161, sequence: 10222 - clear  0.000000000, sequence: 0
source 0 - assert 1788042955.999999776, sequence: 10223 - clear  0.000000000, sequence: 0
source 0 - assert 1788042956.999999985, sequence: 10224 - clear  0.000000000, sequence: 0
source 0 - assert 1788042957.999999971, sequence: 10225 - clear  0.000000000, sequence: 0
source 0 - assert 1788042958.999999902, sequence: 10226 - clear  0.000000000, sequence: 0
source 0 - assert 1788042959.999999723, sequence: 10227 - clear  0.000000000, sequence: 0
source 0 - assert 1788042960.999999784, sequence: 10228 - clear  0.000000000, sequence: 0
source 0 - assert 1788042962.000000345, sequence: 10229 - clear  0.000000000, sequence: 0
source 0 - assert 1788042962.999999852, sequence: 10230 - clear  0.000000000, sequence: 0
source 0 - assert 1788042963.999999785, sequence: 10231 - clear  0.000000000, sequence: 0
source 0 - assert 1788042964.999999792, sequence: 10232 - clear  0.000000000, sequence: 0
source 0 - assert 1788042965.999999744, sequence: 10233 - clear  0.000000000, sequence: 0
source 0 - assert 1788042966.999999641, sequence: 10234 - clear  0.000000000, sequence: 0
source 0 - assert 1788042968.000000168, sequence: 10235 - clear  0.000000000, sequence: 0
source 0 - assert 1788042969.000000510, sequence: 10236 - clear  0.000000000, sequence: 0
source 0 - assert 1788042970.000000165, sequence: 10237 - clear  0.000000000, sequence: 0
source 0 - assert 1788042971.000000336, sequence: 10238 - clear  0.000000000, sequence: 0
source 0 - assert 1788042972.000000043, sequence: 10239 - clear  0.000000000, sequence: 0
source 0 - assert 1788042973.000000583, sequence: 10240 - clear  0.000000000, sequence: 0
source 0 - assert 1788042974.000000197, sequence: 10241 - clear  0.000000000, sequence: 0
source 0 - assert 1788042975.000000253, sequence: 10242 - clear  0.000000000, sequence: 0
source 0 - assert 1788042976.000000457, sequence: 10243 - clear  0.000000000, sequence: 0
source 0 - assert 1788042977.000000031, sequence: 10244 - clear  0.000000000, sequence: 0
source 0 - assert 1788042978.000000104, sequence: 10245 - clear  0.000000000, sequence: 0
source 0 - assert 1788042978.999999951, sequence: 10246 - clear  0.000000000, sequence: 0
source 0 - assert 1788042980.000000113, sequence: 10247 - clear  0.000000000, sequence: 0
source 0 - assert 1788042980.999999997, sequence: 10248 - clear  0.000000000, sequence: 0
source 0 - assert 1788042982.000000142, sequence: 10249 - clear  0.000000000, sequence: 0
source 0 - assert 1788042983.000000385, sequence: 10250 - clear  0.000000000, sequence: 0
source 0 - assert 1788042983.999999962, sequence: 10251 - clear  0.000000000, sequence: 0
source 0 - assert 1788042985.000000168, sequence: 10252 - clear  0.000000000, sequence: 0
source 0 - assert 1788042985.999999927, sequence: 10253 - clear  0.000000000, sequence: 0
source 0 - assert 1788042987.000000324, sequence: 10254 - clear  0.000000000, sequence: 0
source 0 - assert 1788042988.000000220, sequence: 10255 - clear  0.000000000, sequence: 0
source 0 - assert 1788042988.999999821, sequence: 10256 - clear  0.000000000, sequence: 0
source 0 - assert 1788042990.000000257, sequence: 10257 - clear  0.000000000, sequence: 0
source 0 - assert 1788042990.999999978, sequence: 10258 - clear  0.000000000, sequence: 0
source 0 - assert 1788042991.999999903, sequence: 10259 - clear  0.000000000, sequence: 0
source 0 - assert 1788042992.999999717, sequence: 10260 - clear  0.000000000, sequence: 0
source 0 - assert 1788042994.000000439, sequence: 10261 - clear  0.000000000, sequence: 0
source 0 - assert 1788042994.999999958, sequence: 10262 - clear  0.000000000, sequence: 0
source 0 - assert 1788042996.000000051, sequence: 10263 - clear  0.000000000, sequence: 0
source 0 - assert 1788042997.000000089, sequence: 10264 - clear  0.000000000, sequence: 0
source 0 - assert 1788042997.999999885, sequence: 10265 - clear  0.000000000, sequence: 0
source 0 - assert 1788042998.999999811, sequence: 10266 - clear  0.000000000, sequence: 0
source 0 - assert 1788043000.000000088, sequence: 10267 - clear  0.000000000, sequence: 0
source 0 - assert 1788043001.000000273, sequence: 10268 - clear  0.000000000, sequence: 0
source 0 - assert 1788043001.999999792, sequence: 10269 - clear  0.000000000, sequence: 0
source 0 - assert 1788043002.999999811, sequence: 10270 - clear  0.000000000, sequence: 0
source 0 - assert 1788043003.999999848, sequence: 10271 - clear  0.000000000, sequence: 0
source 0 - assert 1788043004.999999793, sequence: 10272 - clear  0.000000000, sequence: 0
source 0 - assert 1788043005.999999608, sequence: 10273 - clear  0.000000000, sequence: 0
source 0 - assert 1788043007.000000073, sequence: 10274 - clear  0.000000000, sequence: 0
source 0 - assert 1788043008.000000001, sequence: 10275 - clear  0.000000000, sequence: 0
source 0 - assert 1788043008.999999504, sequence: 10276 - clear  0.000000000, sequence: 0
source 0 - assert 1788043010.000000211, sequence: 10277 - clear  0.000000000, sequence: 0
source 0 - assert 1788043011.000000054, sequence: 10278 - clear  0.000000000, sequence: 0
source 0 - assert 1788043012.000000989, sequence: 10279 - clear  0.000000000, sequence: 0
source 0 - assert 1788043012.999999942, sequence: 10280 - clear  0.000000000, sequence: 0
source 0 - assert 1788043014.000000098, sequence: 10281 - clear  0.000000000, sequence: 0
source 0 - assert 1788043015.000000246, sequence: 10282 - clear  0.000000000, sequence: 0
source 0 - assert 1788043015.999999895, sequence: 10283 - clear  0.000000000, sequence: 0
source 0 - assert 1788043017.000000155, sequence: 10284 - clear  0.000000000, sequence: 0
source 0 - assert 1788043018.000000080, sequence: 10285 - clear  0.000000000, sequence: 0
source 0 - assert 1788043019.000000264, sequence: 10286 - clear  0.000000000, sequence: 0
source 0 - assert 1788043019.999999948, sequence: 10287 - clear  0.000000000, sequence: 0
source 0 - assert 1788043020.999999966, sequence: 10288 - clear  0.000000000, sequence: 0
source 0 - assert 1788043022.000000537, sequence: 10289 - clear  0.000000000, sequence: 0
source 0 - assert 1788043023.000000124, sequence: 10290 - clear  0.000000000, sequence: 0
source 0 - assert 1788043023.999999933, sequence: 10291 - clear  0.000000000, sequence: 0
source 0 - assert 1788043024.999999983, sequence: 10292 - clear  0.000000000, sequence: 0
source 0 - assert 1788043026.000000256, sequence: 10293 - clear  0.000000000, sequence: 0
source 0 - assert 1788043026.999999976, sequence: 10294 - clear  0.000000000, sequence: 0
source 0 - assert 1788043027.999999862, sequence: 10295 - clear  0.000000000, sequence: 0
source 0 - assert 1788043029.000000248, sequence: 10296 - clear  0.000000000, sequence: 0
source 0 - assert 1788043030.000000042, sequence: 10297 - clear  0.000000000, sequence: 0
source 0 - assert 1788043030.999999872, sequence: 10298 - clear  0.000000000, sequence: 0
source 0 - assert 1788043031.999999979, sequence: 10299 - clear  0.000000000, sequence: 0
source 0 - assert 1788043032.999999883, sequence: 10300 - clear  0.000000000, sequence: 0
source 0 - assert 1788043033.999999955, sequence: 10301 - clear  0.000000000, sequence: 0
source 0 - assert 1788043034.999999696, sequence: 10302 - clear  0.000000000, sequence: 0
source 0 - assert 1788043036.000000493, sequence: 10303 - clear  0.000000000, sequence: 0
source 0 - assert 1788043036.999999716, sequence: 10304 - clear  0.000000000, sequence: 0
source 0 - assert 1788043037.999999866, sequence: 10305 - clear  0.000000000, sequence: 0
source 0 - assert 1788043038.999999576, sequence: 10306 - clear  0.000000000, sequence: 0
source 0 - assert 1788043040.000000045, sequence: 10307 - clear  0.000000000, sequence: 0
source 0 - assert 1788043040.999999848, sequence: 10308 - clear  0.000000000, sequence: 0
source 0 - assert 1788043041.999999855, sequence: 10309 - clear  0.000000000, sequence: 0
source 0 - assert 1788043043.000000047, sequence: 10310 - clear  0.000000000, sequence: 0
source 0 - assert 1788043043.999999887, sequence: 10311 - clear  0.000000000, sequence: 0
source 0 - assert 1788043044.999999783, sequence: 10312 - clear  0.000000000, sequence: 0
source 0 - assert 1788043045.999999715, sequence: 10313 - clear  0.000000000, sequence: 0
source 0 - assert 1788043047.000000129, sequence: 10314 - clear  0.000000000, sequence: 0
source 0 - assert 1788043047.999999691, sequence: 10315 - clear  0.000000000, sequence: 0
source 0 - assert 1788043048.999999715, sequence: 10316 - clear  0.000000000, sequence: 0
source 0 - assert 1788043049.999999822, sequence: 10317 - clear  0.000000000, sequence: 0
source 0 - assert 1788043050.999999990, sequence: 10318 - clear  0.000000000, sequence: 0
source 0 - assert 1788043052.000000066, sequence: 10319 - clear  0.000000000, sequence: 0
source 0 - assert 1788043053.000000198, sequence: 10320 - clear  0.000000000, sequence: 0
source 0 - assert 1788043054.000000962, sequence: 10321 - clear  0.000000000, sequence: 0
source 0 - assert 1788043055.000001622, sequence: 10322 - clear  0.000000000, sequence: 0
source 0 - assert 1788043056.000000299, sequence: 10323 - clear  0.000000000, sequence: 0
source 0 - assert 1788043057.000000181, sequence: 10324 - clear  0.000000000, sequence: 0
source 0 - assert 1788043058.000000582, sequence: 10325 - clear  0.000000000, sequence: 0
source 0 - assert 1788043059.000000226, sequence: 10326 - clear  0.000000000, sequence: 0
source 0 - assert 1788043060.000000296, sequence: 10327 - clear  0.000000000, sequence: 0
source 0 - assert 1788043061.000000810, sequence: 10328 - clear  0.000000000, sequence: 0
source 0 - assert 1788043062.000000246, sequence: 10329 - clear  0.000000000, sequence: 0
source 0 - assert 1788043063.000000198, sequence: 10330 - clear  0.000000000, sequence: 0
source 0 - assert 1788043064.000000057, sequence: 10331 - clear  0.000000000, sequence: 0
source 0 - assert 1788043065.000000384, sequence: 10332 - clear  0.000000000, sequence: 0
source 0 - assert 1788043065.999999916, sequence: 10333 - clear  0.000000000, sequence: 0
source 0 - assert 1788043067.000000222, sequence: 10334 - clear  0.000000000, sequence: 0
source 0 - assert 1788043068.000000305, sequence: 10335 - clear  0.000000000, sequence: 0
source 0 - assert 1788043068.999999963, sequence: 10336 - clear  0.000000000, sequence: 0
source 0 - assert 1788043070.000000001, sequence: 10337 - clear  0.000000000, sequence: 0
source 0 - assert 1788043070.999999714, sequence: 10338 - clear  0.000000000, sequence: 0
source 0 - assert 1788043072.000000185, sequence: 10339 - clear  0.000000000, sequence: 0
source 0 - assert 1788043072.999999990, sequence: 10340 - clear  0.000000000, sequence: 0
source 0 - assert 1788043073.999999962, sequence: 10341 - clear  0.000000000, sequence: 0
source 0 - assert 1788043075.000000658, sequence: 10342 - clear  0.000000000, sequence: 0
source 0 - assert 1788043075.999999817, sequence: 10343 - clear  0.000000000, sequence: 0
source 0 - assert 1788043077.000000069, sequence: 10344 - clear  0.000000000, sequence: 0
source 0 - assert 1788043077.999999821, sequence: 10345 - clear  0.000000000, sequence: 0
source 0 - assert 1788043079.000000054, sequence: 10346 - clear  0.000000000, sequence: 0
source 0 - assert 1788043079.999999806, sequence: 10347 - clear  0.000000000, sequence: 0
source 0 - assert 1788043080.999999890, sequence: 10348 - clear  0.000000000, sequence: 0
source 0 - assert 1788043082.000001922, sequence: 10349 - clear  0.000000000, sequence: 0
source 0 - assert 1788043083.000000904, sequence: 10350 - clear  0.000000000, sequence: 0
source 0 - assert 1788043083.999999590, sequence: 10351 - clear  0.000000000, sequence: 0
source 0 - assert 1788043084.999999720, sequence: 10352 - clear  0.000000000, sequence: 0
source 0 - assert 1788043085.999999868, sequence: 10353 - clear  0.000000000, sequence: 0
source 0 - assert 1788043086.999999660, sequence: 10354 - clear  0.000000000, sequence: 0
source 0 - assert 1788043087.999999601, sequence: 10355 - clear  0.000000000, sequence: 0
source 0 - assert 1788043088.999999967, sequence: 10356 - clear  0.000000000, sequence: 0
source 0 - assert 1788043089.999999470, sequence: 10357 - clear  0.000000000, sequence: 0
source 0 - assert 1788043090.999999475, sequence: 10358 - clear  0.000000000, sequence: 0
source 0 - assert 1788043091.999999500, sequence: 10359 - clear  0.000000000, sequence: 0
source 0 - assert 1788043092.999999765, sequence: 10360 - clear  0.000000000, sequence: 0
source 0 - assert 1788043093.999999885, sequence: 10361 - clear  0.000000000, sequence: 0
source 0 - assert 1788043095.000000034, sequence: 10362 - clear  0.000000000, sequence: 0
source 0 - assert 1788043096.000000368, sequence: 10363 - clear  0.000000000, sequence: 0
source 0 - assert 1788043097.000000887, sequence: 10364 - clear  0.000000000, sequence: 0
source 0 - assert 1788043098.000000404, sequence: 10365 - clear  0.000000000, sequence: 0
source 0 - assert 1788043099.000000356, sequence: 10366 - clear  0.000000000, sequence: 0
source 0 - assert 1788043100.000000715, sequence: 10367 - clear  0.000000000, sequence: 0
source 0 - assert 1788043101.000000223, sequence: 10368 - clear  0.000000000, sequence: 0
source 0 - assert 1788043102.000000318, sequence: 10369 - clear  0.000000000, sequence: 0
source 0 - assert 1788043103.000000989, sequence: 10370 - clear  0.000000000, sequence: 0
source 0 - assert 1788043104.000000401, sequence: 10371 - clear  0.000000000, sequence: 0
source 0 - assert 1788043105.000000054, sequence: 10372 - clear  0.000000000, sequence: 0
source 0 - assert 1788043106.000000030, sequence: 10373 - clear  0.000000000, sequence: 0
source 0 - assert 1788043107.000000678, sequence: 10374 - clear  0.000000000, sequence: 0
source 0 - assert 1788043108.000000122, sequence: 10375 - clear  0.000000000, sequence: 0
source 0 - assert 1788043109.000000140, sequence: 10376 - clear  0.000000000, sequence: 0
source 0 - assert 1788043110.000000291, sequence: 10377 - clear  0.000000000, sequence: 0
source 0 - assert 1788043111.000000490, sequence: 10378 - clear  0.000000000, sequence: 0
source 0 - assert 1788043111.999999985, sequence: 10379 - clear  0.000000000, sequence: 0
source 0 - assert 1788043113.000000184, sequence: 10380 - clear  0.000000000, sequence: 0
source 0 - assert 1788043114.000000583, sequence: 10381 - clear  0.000000000, sequence: 0
source 0 - assert 1788043115.000000100, sequence: 10382 - clear  0.000000000, sequence: 0
source 0 - assert 1788043116.000000061, sequence: 10383 - clear  0.000000000, sequence: 0
source 0 - assert 1788043116.999999836, sequence: 10384 - clear  0.000000000, sequence: 0
source 0 - assert 1788043118.000000208, sequence: 10385 - clear  0.000000000, sequence: 0
source 0 - assert 1788043118.999999738, sequence: 10386 - clear  0.000000000, sequence: 0
source 0 - assert 1788043119.999999861, sequence: 10387 - clear  0.000000000, sequence: 0
source 0 - assert 1788043121.000000021, sequence: 10388 - clear  0.000000000, sequence: 0
source 0 - assert 1788043121.999999827, sequence: 10389 - clear  0.000000000, sequence: 0
source 0 - assert 1788043122.999999678, sequence: 10390 - clear  0.000000000, sequence: 0
source 0 - assert 1788043123.999999696, sequence: 10391 - clear  0.000000000, sequence: 0
source 0 - assert 1788043124.999999954, sequence: 10392 - clear  0.000000000, sequence: 0
source 0 - assert 1788043125.999999806, sequence: 10393 - clear  0.000000000, sequence: 0
source 0 - assert 1788043126.999999862, sequence: 10394 - clear  0.000000000, sequence: 0
source 0 - assert 1788043128.000000010, sequence: 10395 - clear  0.000000000, sequence: 0
source 0 - assert 1788043128.999999870, sequence: 10396 - clear  0.000000000, sequence: 0
source 0 - assert 1788043129.999999928, sequence: 10397 - clear  0.000000000, sequence: 0
source 0 - assert 1788043130.999999935, sequence: 10398 - clear  0.000000000, sequence: 0
source 0 - assert 1788043131.999999886, sequence: 10399 - clear  0.000000000, sequence: 0
source 0 - assert 1788043132.999999912, sequence: 10400 - clear  0.000000000, sequence: 0
source 0 - assert 1788043133.999999682, sequence: 10401 - clear  0.000000000, sequence: 0
source 0 - assert 1788043134.999999804, sequence: 10402 - clear  0.000000000, sequence: 0
source 0 - assert 1788043135.999999870, sequence: 10403 - clear  0.000000000, sequence: 0
source 0 - assert 1788043136.999999732, sequence: 10404 - clear  0.000000000, sequence: 0
source 0 - assert 1788043138.000000072, sequence: 10405 - clear  0.000000000, sequence: 0
source 0 - assert 1788043139.000001050, sequence: 10406 - clear  0.000000000, sequence: 0
source 0 - assert 1788043140.000001509, sequence: 10407 - clear  0.000000000, sequence: 0
source 0 - assert 1788043141.000000468, sequence: 10408 - clear  0.000000000, sequence: 0
source 0 - assert 1788043142.000000313, sequence: 10409 - clear  0.000000000, sequence: 0
source 0 - assert 1788043143.000000954, sequence: 10410 - clear  0.000000000, sequence: 0
source 0 - assert 1788043144.000000224, sequence: 10411 - clear  0.000000000, sequence: 0
source 0 - assert 1788043145.000001198, sequence: 10412 - clear  0.000000000, sequence: 0
source 0 - assert 1788043146.000000949, sequence: 10413 - clear  0.000000000, sequence: 0
source 0 - assert 1788043147.000000179, sequence: 10414 - clear  0.000000000, sequence: 0
source 0 - assert 1788043148.000000372, sequence: 10415 - clear  0.000000000, sequence: 0
source 0 - assert 1788043149.000000398, sequence: 10416 - clear  0.000000000, sequence: 0
source 0 - assert 1788043150.000000741, sequence: 10417 - clear  0.000000000, sequence: 0
source 0 - assert 1788043151.000000223, sequence: 10418 - clear  0.000000000, sequence: 0
source 0 - assert 1788043152.000000002, sequence: 10419 - clear  0.000000000, sequence: 0
source 0 - assert 1788043153.000000403, sequence: 10420 - clear  0.000000000, sequence: 0
source 0 - assert 1788043154.000000218, sequence: 10421 - clear  0.000000000, sequence: 0
source 0 - assert 1788043155.000000009, sequence: 10422 - clear  0.000000000, sequence: 0
source 0 - assert 1788043156.000000059, sequence: 10423 - clear  0.000000000, sequence: 0
source 0 - assert 1788043157.000000331, sequence: 10424 - clear  0.000000000, sequence: 0
source 0 - assert 1788043158.000000028, sequence: 10425 - clear  0.000000000, sequence: 0
source 0 - assert 1788043159.000000333, sequence: 10426 - clear  0.000000000, sequence: 0
source 0 - assert 1788043160.000000452, sequence: 10427 - clear  0.000000000, sequence: 0
source 0 - assert 1788043160.999999905, sequence: 10428 - clear  0.000000000, sequence: 0
source 0 - assert 1788043161.999999881, sequence: 10429 - clear  0.000000000, sequence: 0
source 0 - assert 1788043162.999999725, sequence: 10430 - clear  0.000000000, sequence: 0
source 0 - assert 1788043164.000000031, sequence: 10431 - clear  0.000000000, sequence: 0
source 0 - assert 1788043164.999999893, sequence: 10432 - clear  0.000000000, sequence: 0
source 0 - assert 1788043165.999999757, sequence: 10433 - clear  0.000000000, sequence: 0
source 0 - assert 1788043167.000000089, sequence: 10434 - clear  0.000000000, sequence: 0
source 0 - assert 1788043167.999999865, sequence: 10435 - clear  0.000000000, sequence: 0
source 0 - assert 1788043168.999999808, sequence: 10436 - clear  0.000000000, sequence: 0
source 0 - assert 1788043169.999999899, sequence: 10437 - clear  0.000000000, sequence: 0
source 0 - assert 1788043171.000000345, sequence: 10438 - clear  0.000000000, sequence: 0
source 0 - assert 1788043171.999999927, sequence: 10439 - clear  0.000000000, sequence: 0
source 0 - assert 1788043173.000000170, sequence: 10440 - clear  0.000000000, sequence: 0
source 0 - assert 1788043173.999999913, sequence: 10441 - clear  0.000000000, sequence: 0
source 0 - assert 1788043175.000000026, sequence: 10442 - clear  0.000000000, sequence: 0
source 0 - assert 1788043175.999999862, sequence: 10443 - clear  0.000000000, sequence: 0
source 0 - assert 1788043176.999999919, sequence: 10444 - clear  0.000000000, sequence: 0
source 0 - assert 1788043178.000000220, sequence: 10445 - clear  0.000000000, sequence: 0
source 0 - assert 1788043178.999999695, sequence: 10446 - clear  0.000000000, sequence: 0
source 0 - assert 1788043179.999999744, sequence: 10447 - clear  0.000000000, sequence: 0
source 0 - assert 1788043181.000000201, sequence: 10448 - clear  0.000000000, sequence: 0
source 0 - assert 1788043182.000000472, sequence: 10449 - clear  0.000000000, sequence: 0
source 0 - assert 1788043183.000000075, sequence: 10450 - clear  0.000000000, sequence: 0
source 0 - assert 1788043184.000000048, sequence: 10451 - clear  0.000000000, sequence: 0
source 0 - assert 1788043185.000000595, sequence: 10452 - clear  0.000000000, sequence: 0
source 0 - assert 1788043186.000000285, sequence: 10453 - clear  0.000000000, sequence: 0
source 0 - assert 1788043187.000000305, sequence: 10454 - clear  0.000000000, sequence: 0
source 0 - assert 1788043188.000000046, sequence: 10455 - clear  0.000000000, sequence: 0
source 0 - assert 1788043189.000000881, sequence: 10456 - clear  0.000000000, sequence: 0
source 0 - assert 1788043189.999999924, sequence: 10457 - clear  0.000000000, sequence: 0
source 0 - assert 1788043190.999999911, sequence: 10458 - clear  0.000000000, sequence: 0
source 0 - assert 1788043192.000000361, sequence: 10459 - clear  0.000000000, sequence: 0
source 0 - assert 1788043193.000001181, sequence: 10460 - clear  0.000000000, sequence: 0
source 0 - assert 1788043194.000000706, sequence: 10461 - clear  0.000000000, sequence: 0
source 0 - assert 1788043194.999999926, sequence: 10462 - clear  0.000000000, sequence: 0
source 0 - assert 1788043196.000000256, sequence: 10463 - clear  0.000000000, sequence: 0
source 0 - assert 1788043197.000000272, sequence: 10464 - clear  0.000000000, sequence: 0
source 0 - assert 1788043197.999999802, sequence: 10465 - clear  0.000000000, sequence: 0
source 0 - assert 1788043199.000000239, sequence: 10466 - clear  0.000000000, sequence: 0
source 0 - assert 1788043199.999999768, sequence: 10467 - clear  0.000000000, sequence: 0
source 0 - assert 1788043200.999999872, sequence: 10468 - clear  0.000000000, sequence: 0
source 0 - assert 1788043201.999999987, sequence: 10469 - clear  0.000000000, sequence: 0
source 0 - assert 1788043203.000000126, sequence: 10470 - clear  0.000000000, sequence: 0
source 0 - assert 1788043203.999999987, sequence: 10471 - clear  0.000000000, sequence: 0
source 0 - assert 1788043204.999999922, sequence: 10472 - clear  0.000000000, sequence: 0
source 0 - assert 1788043206.000000041, sequence: 10473 - clear  0.000000000, sequence: 0
source 0 - assert 1788043206.999999838, sequence: 10474 - clear  0.000000000, sequence: 0
source 0 - assert 1788043207.999999970, sequence: 10475 - clear  0.000000000, sequence: 0
source 0 - assert 1788043208.999999878, sequence: 10476 - clear  0.000000000, sequence: 0
source 0 - assert 1788043210.000000158, sequence: 10477 - clear  0.000000000, sequence: 0
source 0 - assert 1788043210.999999717, sequence: 10478 - clear  0.000000000, sequence: 0
source 0 - assert 1788043212.000000776, sequence: 10479 - clear  0.000000000, sequence: 0
source 0 - assert 1788043213.000000057, sequence: 10480 - clear  0.000000000, sequence: 0
source 0 - assert 1788043213.999999504, sequence: 10481 - clear  0.000000000, sequence: 0
source 0 - assert 1788043214.999999709, sequence: 10482 - clear  0.000000000, sequence: 0
source 0 - assert 1788043215.999999820, sequence: 10483 - clear  0.000000000, sequence: 0
source 0 - assert 1788043217.000000024, sequence: 10484 - clear  0.000000000, sequence: 0
source 0 - assert 1788043217.999999451, sequence: 10485 - clear  0.000000000, sequence: 0
source 0 - assert 1788043218.999999847, sequence: 10486 - clear  0.000000000, sequence: 0
source 0 - assert 1788043219.999999798, sequence: 10487 - clear  0.000000000, sequence: 0
source 0 - assert 1788043220.999999805, sequence: 10488 - clear  0.000000000, sequence: 0
source 0 - assert 1788043221.999999535, sequence: 10489 - clear  0.000000000, sequence: 0
source 0 - assert 1788043222.999999695, sequence: 10490 - clear  0.000000000, sequence: 0
source 0 - assert 1788043224.000000447, sequence: 10491 - clear  0.000000000, sequence: 0
source 0 - assert 1788043225.000000014, sequence: 10492 - clear  0.000000000, sequence: 0
source 0 - assert 1788043226.000000043, sequence: 10493 - clear  0.000000000, sequence: 0
source 0 - assert 1788043227.000000162, sequence: 10494 - clear  0.000000000, sequence: 0
source 0 - assert 1788043228.000000466, sequence: 10495 - clear  0.000000000, sequence: 0
source 0 - assert 1788043229.000000010, sequence: 10496 - clear  0.000000000, sequence: 0
source 0 - assert 1788043229.999999962, sequence: 10497 - clear  0.000000000, sequence: 0
source 0 - assert 1788043231.000000297, sequence: 10498 - clear  0.000000000, sequence: 0
source 0 - assert 1788043232.000000133, sequence: 10499 - clear  0.000000000, sequence: 0
source 0 - assert 1788043233.000000061, sequence: 10500 - clear  0.000000000, sequence: 0
source 0 - assert 1788043234.000000174, sequence: 10501 - clear  0.000000000, sequence: 0
source 0 - assert 1788043235.000000378, sequence: 10502 - clear  0.000000000, sequence: 0
source 0 - assert 1788043236.000000212, sequence: 10503 - clear  0.000000000, sequence: 0
source 0 - assert 1788043236.999999953, sequence: 10504 - clear  0.000000000, sequence: 0
source 0 - assert 1788043238.000000379, sequence: 10505 - clear  0.000000000, sequence: 0
source 0 - assert 1788043239.000000077, sequence: 10506 - clear  0.000000000, sequence: 0
source 0 - assert 1788043239.999999980, sequence: 10507 - clear  0.000000000, sequence: 0
source 0 - assert 1788043241.000000252, sequence: 10508 - clear  0.000000000, sequence: 0
source 0 - assert 1788043242.000000322, sequence: 10509 - clear  0.000000000, sequence: 0
source 0 - assert 1788043242.999999892, sequence: 10510 - clear  0.000000000, sequence: 0
source 0 - assert 1788043243.999999943, sequence: 10511 - clear  0.000000000, sequence: 0
source 0 - assert 1788043245.000000291, sequence: 10512 - clear  0.000000000, sequence: 0
source 0 - assert 1788043245.999999861, sequence: 10513 - clear  0.000000000, sequence: 0
source 0 - assert 1788043246.999999988, sequence: 10514 - clear  0.000000000, sequence: 0
source 0 - assert 1788043247.999999485, sequence: 10515 - clear  0.000000000, sequence: 0
source 0 - assert 1788043249.000000223, sequence: 10516 - clear  0.000000000, sequence: 0
source 0 - assert 1788043250.000000091, sequence: 10517 - clear  0.000000000, sequence: 0
source 0 - assert 1788043250.999999777, sequence: 10518 - clear  0.000000000, sequence: 0
source 0 - assert 1788043252.000000075, sequence: 10519 - clear  0.000000000, sequence: 0
source 0 - assert 1788043252.999999724, sequence: 10520 - clear  0.000000000, sequence: 0
source 0 - assert 1788043253.999999817, sequence: 10521 - clear  0.000000000, sequence: 0
source 0 - assert 1788043254.999999652, sequence: 10522 - clear  0.000000000, sequence: 0
source 0 - assert 1788043256.000000283, sequence: 10523 - clear  0.000000000, sequence: 0
source 0 - assert 1788043256.999999859, sequence: 10524 - clear  0.000000000, sequence: 0
source 0 - assert 1788043257.999999787, sequence: 10525 - clear  0.000000000, sequence: 0
source 0 - assert 1788043259.000000125, sequence: 10526 - clear  0.000000000, sequence: 0
source 0 - assert 1788043259.999999926, sequence: 10527 - clear  0.000000000, sequence: 0
source 0 - assert 1788043260.999999801, sequence: 10528 - clear  0.000000000, sequence: 0
source 0 - assert 1788043261.999999713, sequence: 10529 - clear  0.000000000, sequence: 0
source 0 - assert 1788043263.000000200, sequence: 10530 - clear  0.000000000, sequence: 0
source 0 - assert 1788043264.000000447, sequence: 10531 - clear  0.000000000, sequence: 0
source 0 - assert 1788043264.999999749, sequence: 10532 - clear  0.000000000, sequence: 0
source 0 - assert 1788043265.999999939, sequence: 10533 - clear  0.000000000, sequence: 0
source 0 - assert 1788043267.000000313, sequence: 10534 - clear  0.000000000, sequence: 0
source 0 - assert 1788043268.000000112, sequence: 10535 - clear  0.000000000, sequence: 0
source 0 - assert 1788043269.000000096, sequence: 10536 - clear  0.000000000, sequence: 0
source 0 - assert 1788043270.000000395, sequence: 10537 - clear  0.000000000, sequence: 0
source 0 - assert 1788043271.000000064, sequence: 10538 - clear  0.000000000, sequence: 0
source 0 - assert 1788043271.999999991, sequence: 10539 - clear  0.000000000, sequence: 0
source 0 - assert 1788043272.999999919, sequence: 10540 - clear  0.000000000, sequence: 0
source 0 - assert 1788043274.000000031, sequence: 10541 - clear  0.000000000, sequence: 0
source 0 - assert 1788043275.000000107, sequence: 10542 - clear  0.000000000, sequence: 0
source 0 - assert 1788043276.000000145, sequence: 10543 - clear  0.000000000, sequence: 0
source 0 - assert 1788043277.000000425, sequence: 10544 - clear  0.000000000, sequence: 0
source 0 - assert 1788043277.999999926, sequence: 10545 - clear  0.000000000, sequence: 0
source 0 - assert 1788043278.999999944, sequence: 10546 - clear  0.000000000, sequence: 0
source 0 - assert 1788043279.999999944, sequence: 10547 - clear  0.000000000, sequence: 0
source 0 - assert 1788043281.000000407, sequence: 10548 - clear  0.000000000, sequence: 0
source 0 - assert 1788043282.000000203, sequence: 10549 - clear  0.000000000, sequence: 0
source 0 - assert 1788043283.000000020, sequence: 10550 - clear  0.000000000, sequence: 0
source 0 - assert 1788043284.000000299, sequence: 10551 - clear  0.000000000, sequence: 0
source 0 - assert 1788043284.999999782, sequence: 10552 - clear  0.000000000, sequence: 0
source 0 - assert 1788043285.999999727, sequence: 10553 - clear  0.000000000, sequence: 0
source 0 - assert 1788043286.999999783, sequence: 10554 - clear  0.000000000, sequence: 0
source 0 - assert 1788043288.000000394, sequence: 10555 - clear  0.000000000, sequence: 0
source 0 - assert 1788043289.000000265, sequence: 10556 - clear  0.000000000, sequence: 0
source 0 - assert 1788043290.000000025, sequence: 10557 - clear  0.000000000, sequence: 0
source 0 - assert 1788043291.000000470, sequence: 10558 - clear  0.000000000, sequence: 0
source 0 - assert 1788043291.999999989, sequence: 10559 - clear  0.000000000, sequence: 0
source 0 - assert 1788043293.000000064, sequence: 10560 - clear  0.000000000, sequence: 0
source 0 - assert 1788043294.000000120, sequence: 10561 - clear  0.000000000, sequence: 0
source 0 - assert 1788043295.000000195, sequence: 10562 - clear  0.000000000, sequence: 0
source 0 - assert 1788043295.999999732, sequence: 10563 - clear  0.000000000, sequence: 0
source 0 - assert 1788043296.999999844, sequence: 10564 - clear  0.000000000, sequence: 0
source 0 - assert 1788043297.999999974, sequence: 10565 - clear  0.000000000, sequence: 0
source 0 - assert 1788043298.999999660, sequence: 10566 - clear  0.000000000, sequence: 0
source 0 - assert 1788043299.999999791, sequence: 10567 - clear  0.000000000, sequence: 0
source 0 - assert 1788043300.999999718, sequence: 10568 - clear  0.000000000, sequence: 0
source 0 - assert 1788043302.000000090, sequence: 10569 - clear  0.000000000, sequence: 0
source 0 - assert 1788043302.999999723, sequence: 10570 - clear  0.000000000, sequence: 0
source 0 - assert 1788043303.999999689, sequence: 10571 - clear  0.000000000, sequence: 0
source 0 - assert 1788043304.999999860, sequence: 10572 - clear  0.000000000, sequence: 0
source 0 - assert 1788043305.999999642, sequence: 10573 - clear  0.000000000, sequence: 0
source 0 - assert 1788043306.999999648, sequence: 10574 - clear  0.000000000, sequence: 0
source 0 - assert 1788043307.999999785, sequence: 10575 - clear  0.000000000, sequence: 0
source 0 - assert 1788043309.000000476, sequence: 10576 - clear  0.000000000, sequence: 0
source 0 - assert 1788043310.000000113, sequence: 10577 - clear  0.000000000, sequence: 0
source 0 - assert 1788043310.999999992, sequence: 10578 - clear  0.000000000, sequence: 0
source 0 - assert 1788043312.000000149, sequence: 10579 - clear  0.000000000, sequence: 0
source 0 - assert 1788043313.000000307, sequence: 10580 - clear  0.000000000, sequence: 0
source 0 - assert 1788043314.000000129, sequence: 10581 - clear  0.000000000, sequence: 0
source 0 - assert 1788043315.000000279, sequence: 10582 - clear  0.000000000, sequence: 0
source 0 - assert 1788043316.000000763, sequence: 10583 - clear  0.000000000, sequence: 0
source 0 - assert 1788043317.000000005, sequence: 10584 - clear  0.000000000, sequence: 0
source 0 - assert 1788043317.999999914, sequence: 10585 - clear  0.000000000, sequence: 0
source 0 - assert 1788043318.999999988, sequence: 10586 - clear  0.000000000, sequence: 0
source 0 - assert 1788043320.000000488, sequence: 10587 - clear  0.000000000, sequence: 0
source 0 - assert 1788043320.999999932, sequence: 10588 - clear  0.000000000, sequence: 0
source 0 - assert 1788043322.000000228, sequence: 10589 - clear  0.000000000, sequence: 0
source 0 - assert 1788043323.000000452, sequence: 10590 - clear  0.000000000, sequence: 0
source 0 - assert 1788043324.000000175, sequence: 10591 - clear  0.000000000, sequence: 0
source 0 - assert 1788043325.000000010, sequence: 10592 - clear  0.000000000, sequence: 0
source 0 - assert 1788043325.999999956, sequence: 10593 - clear  0.000000000, sequence: 0
source 0 - assert 1788043327.000000381, sequence: 10594 - clear  0.000000000, sequence: 0
source 0 - assert 1788043327.999999935, sequence: 10595 - clear  0.000000000, sequence: 0
source 0 - assert 1788043328.999999990, sequence: 10596 - clear  0.000000000, sequence: 0
source 0 - assert 1788043330.000000471, sequence: 10597 - clear  0.000000000, sequence: 0
source 0 - assert 1788043331.000000972, sequence: 10598 - clear  0.000000000, sequence: 0
source 0 - assert 1788043331.999999973, sequence: 10599 - clear  0.000000000, sequence: 0
source 0 - assert 1788043333.000000289, sequence: 10600 - clear  0.000000000, sequence: 0
source 0 - assert 1788043334.000000400, sequence: 10601 - clear  0.000000000, sequence: 0
source 0 - assert 1788043335.000000080, sequence: 10602 - clear  0.000000000, sequence: 0
source 0 - assert 1788043336.000000019, sequence: 10603 - clear  0.000000000, sequence: 0
source 0 - assert 1788043337.000000180, sequence: 10604 - clear  0.000000000, sequence: 0
source 0 - assert 1788043337.999999935, sequence: 10605 - clear  0.000000000, sequence: 0
source 0 - assert 1788043338.999999768, sequence: 10606 - clear  0.000000000, sequence: 0
source 0 - assert 1788043339.999999897, sequence: 10607 - clear  0.000000000, sequence: 0
source 0 - assert 1788043341.000000415, sequence: 10608 - clear  0.000000000, sequence: 0
source 0 - assert 1788043342.000000451, sequence: 10609 - clear  0.000000000, sequence: 0
source 0 - assert 1788043343.000000304, sequence: 10610 - clear  0.000000000, sequence: 0
source 0 - assert 1788043343.999999954, sequence: 10611 - clear  0.000000000, sequence: 0
source 0 - assert 1788043344.999999825, sequence: 10612 - clear  0.000000000, sequence: 0
source 0 - assert 1788043345.999999623, sequence: 10613 - clear  0.000000000, sequence: 0
source 0 - assert 1788043346.999999790, sequence: 10614 - clear  0.000000000, sequence: 0
source 0 - assert 1788043348.000000253, sequence: 10615 - clear  0.000000000, sequence: 0
source 0 - assert 1788043348.999999957, sequence: 10616 - clear  0.000000000, sequence: 0
source 0 - assert 1788043349.999999772, sequence: 10617 - clear  0.000000000, sequence: 0
source 0 - assert 1788043350.999999774, sequence: 10618 - clear  0.000000000, sequence: 0
source 0 - assert 1788043351.999999942, sequence: 10619 - clear  0.000000000, sequence: 0
source 0 - assert 1788043352.999999943, sequence: 10620 - clear  0.000000000, sequence: 0
source 0 - assert 1788043353.999999982, sequence: 10621 - clear  0.000000000, sequence: 0
source 0 - assert 1788043355.000000558, sequence: 10622 - clear  0.000000000, sequence: 0
source 0 - assert 1788043355.999999986, sequence: 10623 - clear  0.000000000, sequence: 0
source 0 - assert 1788043357.000000006, sequence: 10624 - clear  0.000000000, sequence: 0
source 0 - assert 1788043358.000000046, sequence: 10625 - clear  0.000000000, sequence: 0
source 0 - assert 1788043359.000000307, sequence: 10626 - clear  0.000000000, sequence: 0
source 0 - assert 1788043360.000000031, sequence: 10627 - clear  0.000000000, sequence: 0
source 0 - assert 1788043361.000000051, sequence: 10628 - clear  0.000000000, sequence: 0
source 0 - assert 1788043362.000000219, sequence: 10629 - clear  0.000000000, sequence: 0
source 0 - assert 1788043363.000000147, sequence: 10630 - clear  0.000000000, sequence: 0
source 0 - assert 1788043363.999999870, sequence: 10631 - clear  0.000000000, sequence: 0
source 0 - assert 1788043365.000000131, sequence: 10632 - clear  0.000000000, sequence: 0
source 0 - assert 1788043366.000000503, sequence: 10633 - clear  0.000000000, sequence: 0
source 0 - assert 1788043366.999999893, sequence: 10634 - clear  0.000000000, sequence: 0
source 0 - assert 1788043368.000000079, sequence: 10635 - clear  0.000000000, sequence: 0
source 0 - assert 1788043369.000000488, sequence: 10636 - clear  0.000000000, sequence: 0
source 0 - assert 1788043369.999999859, sequence: 10637 - clear  0.000000000, sequence: 0
source 0 - assert 1788043370.999999875, sequence: 10638 - clear  0.000000000, sequence: 0
source 0 - assert 1788043371.999999854, sequence: 10639 - clear  0.000000000, sequence: 0
source 0 - assert 1788043373.000000334, sequence: 10640 - clear  0.000000000, sequence: 0
source 0 - assert 1788043373.999999906, sequence: 10641 - clear  0.000000000, sequence: 0
source 0 - assert 1788043375.000000037, sequence: 10642 - clear  0.000000000, sequence: 0
source 0 - assert 1788043376.000000131, sequence: 10643 - clear  0.000000000, sequence: 0
source 0 - assert 1788043376.999999577, sequence: 10644 - clear  0.000000000, sequence: 0
source 0 - assert 1788043377.999999763, sequence: 10645 - clear  0.000000000, sequence: 0
source 0 - assert 1788043378.999999968, sequence: 10646 - clear  0.000000000, sequence: 0
source 0 - assert 1788043380.000000266, sequence: 10647 - clear  0.000000000, sequence: 0
source 0 - assert 1788043380.999999860, sequence: 10648 - clear  0.000000000, sequence: 0
source 0 - assert 1788043381.999999935, sequence: 10649 - clear  0.000000000, sequence: 0
source 0 - assert 1788043383.000000048, sequence: 10650 - clear  0.000000000, sequence: 0
source 0 - assert 1788043383.999999771, sequence: 10651 - clear  0.000000000, sequence: 0
source 0 - assert 1788043384.999999810, sequence: 10652 - clear  0.000000000, sequence: 0
source 0 - assert 1788043385.999999719, sequence: 10653 - clear  0.000000000, sequence: 0
source 0 - assert 1788043387.000000147, sequence: 10654 - clear  0.000000000, sequence: 0
source 0 - assert 1788043387.999999890, sequence: 10655 - clear  0.000000000, sequence: 0
source 0 - assert 1788043388.999999781, sequence: 10656 - clear  0.000000000, sequence: 0
source 0 - assert 1788043389.999999839, sequence: 10657 - clear  0.000000000, sequence: 0
source 0 - assert 1788043390.999999695, sequence: 10658 - clear  0.000000000, sequence: 0
source 0 - assert 1788043391.999999698, sequence: 10659 - clear  0.000000000, sequence: 0
source 0 - assert 1788043392.999999646, sequence: 10660 - clear  0.000000000, sequence: 0
source 0 - assert 1788043394.000000446, sequence: 10661 - clear  0.000000000, sequence: 0
source 0 - assert 1788043394.999999953, sequence: 10662 - clear  0.000000000, sequence: 0
source 0 - assert 1788043396.000000107, sequence: 10663 - clear  0.000000000, sequence: 0
source 0 - assert 1788043397.000000891, sequence: 10664 - clear  0.000000000, sequence: 0
source 0 - assert 1788043397.999999804, sequence: 10665 - clear  0.000000000, sequence: 0
source 0 - assert 1788043399.000000157, sequence: 10666 - clear  0.000000000, sequence: 0
source 0 - assert 1788043400.000000121, sequence: 10667 - clear  0.000000000, sequence: 0
source 0 - assert 1788043401.000000400, sequence: 10668 - clear  0.000000000, sequence: 0
source 0 - assert 1788043401.999999920, sequence: 10669 - clear  0.000000000, sequence: 0
source 0 - assert 1788043402.999999846, sequence: 10670 - clear  0.000000000, sequence: 0
source 0 - assert 1788043404.000000624, sequence: 10671 - clear  0.000000000, sequence: 0
source 0 - assert 1788043405.000000273, sequence: 10672 - clear  0.000000000, sequence: 0
source 0 - assert 1788043406.000000218, sequence: 10673 - clear  0.000000000, sequence: 0
source 0 - assert 1788043406.999999922, sequence: 10674 - clear  0.000000000, sequence: 0
source 0 - assert 1788043408.000000330, sequence: 10675 - clear  0.000000000, sequence: 0
source 0 - assert 1788043408.999999905, sequence: 10676 - clear  0.000000000, sequence: 0
source 0 - assert 1788043410.000000072, sequence: 10677 - clear  0.000000000, sequence: 0
source 0 - assert 1788043410.999999980, sequence: 10678 - clear  0.000000000, sequence: 0
source 0 - assert 1788043412.000000259, sequence: 10679 - clear  0.000000000, sequence: 0
source 0 - assert 1788043412.999999944, sequence: 10680 - clear  0.000000000, sequence: 0
source 0 - assert 1788043413.999999890, sequence: 10681 - clear  0.000000000, sequence: 0
source 0 - assert 1788043415.000000261, sequence: 10682 - clear  0.000000000, sequence: 0
source 0 - assert 1788043415.999999911, sequence: 10683 - clear  0.000000000, sequence: 0
source 0 - assert 1788043416.999999986, sequence: 10684 - clear  0.000000000, sequence: 0
source 0 - assert 1788043417.999999895, sequence: 10685 - clear  0.000000000, sequence: 0
source 0 - assert 1788043419.000000359, sequence: 10686 - clear  0.000000000, sequence: 0
source 0 - assert 1788043419.999999916, sequence: 10687 - clear  0.000000000, sequence: 0
source 0 - assert 1788043421.000000010, sequence: 10688 - clear  0.000000000, sequence: 0
source 0 - assert 1788043422.000000123, sequence: 10689 - clear  0.000000000, sequence: 0
source 0 - assert 1788043422.999999902, sequence: 10690 - clear  0.000000000, sequence: 0
source 0 - assert 1788043423.999999811, sequence: 10691 - clear  0.000000000, sequence: 0
source 0 - assert 1788043424.999999961, sequence: 10692 - clear  0.000000000, sequence: 0
source 0 - assert 1788043426.000000277, sequence: 10693 - clear  0.000000000, sequence: 0
source 0 - assert 1788043426.999999853, sequence: 10694 - clear  0.000000000, sequence: 0
source 0 - assert 1788043427.999999947, sequence: 10695 - clear  0.000000000, sequence: 0
source 0 - assert 1788043429.000000097, sequence: 10696 - clear  0.000000000, sequence: 0
source 0 - assert 1788043429.999999876, sequence: 10697 - clear  0.000000000, sequence: 0
source 0 - assert 1788043430.999999989, sequence: 10698 - clear  0.000000000, sequence: 0
source 0 - assert 1788043431.999999879, sequence: 10699 - clear  0.000000000, sequence: 0
source 0 - assert 1788043432.999999973, sequence: 10700 - clear  0.000000000, sequence: 0
source 0 - assert 1788043433.999999642, sequence: 10701 - clear  0.000000000, sequence: 0
source 0 - assert 1788043434.999999754, sequence: 10702 - clear  0.000000000, sequence: 0
source 0 - assert 1788043436.000000478, sequence: 10703 - clear  0.000000000, sequence: 0
source 0 - assert 1788043436.999999943, sequence: 10704 - clear  0.000000000, sequence: 0
source 0 - assert 1788043437.999999926, sequence: 10705 - clear  0.000000000, sequence: 0
source 0 - assert 1788043438.999999669, sequence: 10706 - clear  0.000000000, sequence: 0
source 0 - assert 1788043440.000000431, sequence: 10707 - clear  0.000000000, sequence: 0
source 0 - assert 1788043441.000000156, sequence: 10708 - clear  0.000000000, sequence: 0
source 0 - assert 1788043442.000000158, sequence: 10709 - clear  0.000000000, sequence: 0
source 0 - assert 1788043443.000000308, sequence: 10710 - clear  0.000000000, sequence: 0
